ok  	github.com/alexandre/wagering/cmd/wagering	1.496s	coverage: 0.1% of statements in ./internal/domain/..., ./internal/app/usecase, ./internal/infra/auth
?   	github.com/alexandre/wagering/internal/app/apperr	[no test files]
?   	github.com/alexandre/wagering/internal/app/port	[no test files]
ok  	github.com/alexandre/wagering/internal/app/usecase	8.598s	coverage: 85.8% of statements in ./internal/domain/..., ./internal/app/usecase, ./internal/infra/auth
ok  	github.com/alexandre/wagering/internal/domain/event	2.156s	coverage: 9.7% of statements in ./internal/domain/..., ./internal/app/usecase, ./internal/infra/auth
ok  	github.com/alexandre/wagering/internal/domain/money	3.545s	coverage: 4.5% of statements in ./internal/domain/..., ./internal/app/usecase, ./internal/infra/auth
ok  	github.com/alexandre/wagering/internal/domain/settlement	2.412s	coverage: 9.7% of statements in ./internal/domain/..., ./internal/app/usecase, ./internal/infra/auth
ok  	github.com/alexandre/wagering/internal/domain/wager	2.687s	coverage: 30.7% of statements in ./internal/domain/..., ./internal/app/usecase, ./internal/infra/auth
ok  	github.com/alexandre/wagering/internal/domain/wallet	3.794s	coverage: 6.2% of statements in ./internal/domain/..., ./internal/app/usecase, ./internal/infra/auth
ok  	github.com/alexandre/wagering/internal/infra/auth	3.748s	coverage: 10.3% of statements in ./internal/domain/..., ./internal/app/usecase, ./internal/infra/auth
ok  	github.com/alexandre/wagering/internal/infra/config	1.893s	coverage: 0.0% of statements in ./internal/domain/..., ./internal/app/usecase, ./internal/infra/auth
?   	github.com/alexandre/wagering/internal/infra/outbox	[no test files]
ok  	github.com/alexandre/wagering/internal/infra/postgres	2.995s	coverage: 13.9% of statements in ./internal/domain/..., ./internal/app/usecase, ./internal/infra/auth
?   	github.com/alexandre/wagering/internal/infra/reference	[no test files]
ok  	github.com/alexandre/wagering/internal/infra/sqs	3.126s	coverage: 3.2% of statements in ./internal/domain/..., ./internal/app/usecase, ./internal/infra/auth
ok  	github.com/alexandre/wagering/internal/platform/failpoint	2.765s	coverage: 0.0% of statements in ./internal/domain/..., ./internal/app/usecase, ./internal/infra/auth
ok  	github.com/alexandre/wagering/internal/platform/logging	2.755s	coverage: 0.0% of statements in ./internal/domain/..., ./internal/app/usecase, ./internal/infra/auth
ok  	github.com/alexandre/wagering/internal/platform/metrics	2.848s	coverage: 0.1% of statements in ./internal/domain/..., ./internal/app/usecase, ./internal/infra/auth
ok  	github.com/alexandre/wagering/internal/platform/sys	2.831s	coverage: 0.1% of statements in ./internal/domain/..., ./internal/app/usecase, ./internal/infra/auth
ok  	github.com/alexandre/wagering/internal/platform/worker	2.824s	coverage: 0.0% of statements in ./internal/domain/..., ./internal/app/usecase, ./internal/infra/auth
ok  	github.com/alexandre/wagering/internal/testsupport/settlementfacts	2.531s	coverage: 0.0% of statements in ./internal/domain/..., ./internal/app/usecase, ./internal/infra/auth
ok  	github.com/alexandre/wagering/internal/transport/httpapi	2.673s	coverage: 6.0% of statements in ./internal/domain/..., ./internal/app/usecase, ./internal/infra/auth
ok  	github.com/alexandre/wagering/scripts	2.875s	coverage: 0.0% of statements in ./internal/domain/..., ./internal/app/usecase, ./internal/infra/auth
# Cobertura unitária das áreas exigidas

Execução com `-race`, sem tags de integração. A contagem consolida chamadas entre pacotes e inclui todos os blocos do perfil, sem excluir arquivos ou funções.

| Pacote | Statements cobertos/total | Cobertura |
|---|---:|---:|
| internal/domain/money | 54/54 | 100.0% |
| internal/domain/wallet | 47/47 | 100.0% |
| internal/domain/event | 89/89 | 100.0% |
| internal/domain/wager | 292/292 | 100.0% |
| internal/domain/settlement | 60/60 | 100.0% |
| internal/app/usecase | 498/498 | 100.0% |
| internal/infra/auth | 120/120 | 100.0% |

Domínio agregado: **542/542 statements**.

Meta de 100% por pacote: **APROVADA**.

100% de statements não significa 100% de branches ou de combinações de entradas. Integração é validada separadamente.

Reproduzir: `./scripts/test-unit-coverage.sh`. Arquivos: `unit.out`, `functions.txt`, `unit.html` e `test.log`.
