ok  	github.com/alexandre/wagering/cmd/wagering	2.056s
?   	github.com/alexandre/wagering/internal/app/apperr	[no test files]
?   	github.com/alexandre/wagering/internal/app/port	[no test files]
ok  	github.com/alexandre/wagering/internal/app/usecase	9.585s
ok  	github.com/alexandre/wagering/internal/domain/event	3.096s
ok  	github.com/alexandre/wagering/internal/domain/money	3.751s
ok  	github.com/alexandre/wagering/internal/domain/settlement	1.325s
ok  	github.com/alexandre/wagering/internal/domain/wager	2.598s
ok  	github.com/alexandre/wagering/internal/domain/wallet	4.004s
ok  	github.com/alexandre/wagering/internal/infra/auth	3.099s
ok  	github.com/alexandre/wagering/internal/infra/config	2.847s
?   	github.com/alexandre/wagering/internal/infra/outbox	[no test files]
ok  	github.com/alexandre/wagering/internal/infra/postgres	1.658s
?   	github.com/alexandre/wagering/internal/infra/reference	[no test files]
ok  	github.com/alexandre/wagering/internal/infra/sqs	3.421s
ok  	github.com/alexandre/wagering/internal/platform/failpoint	3.316s
ok  	github.com/alexandre/wagering/internal/platform/logging	3.160s
ok  	github.com/alexandre/wagering/internal/platform/metrics	2.918s
ok  	github.com/alexandre/wagering/internal/platform/sys	2.924s
ok  	github.com/alexandre/wagering/internal/platform/worker	2.967s
ok  	github.com/alexandre/wagering/internal/testsupport/settlementfacts	3.213s
ok  	github.com/alexandre/wagering/internal/transport/httpapi	2.895s
ok  	github.com/alexandre/wagering/scripts	2.886s
