Starting...
Gathering coverage... done in 490.044ms
   TIMED OUT CONDITIONALS_NEGATION at client.go:16:9
   TIMED OUT CONDITIONALS_NEGATION at client.go:20:25
   TIMED OUT INVERT_BITWISE at client.go:32:9
   TIMED OUT ARITHMETIC_BASE at client.go:36:43
   TIMED OUT INVERT_BITWISE at client.go:38:45
   TIMED OUT INVERT_BITWISE at client.go:38:87
   TIMED OUT INVERT_BITWISE at consumer.go:37:9
   TIMED OUT ARITHMETIC_BASE at consumer.go:37:117
   TIMED OUT CONDITIONALS_NEGATION at consumer.go:42:16
   TIMED OUT ARITHMETIC_BASE at consumer.go:45:110
   TIMED OUT ARITHMETIC_BASE at consumer.go:45:107
   TIMED OUT INVERT_BITWISE at consumer.go:46:51
   TIMED OUT INVERT_BITWISE at consumer.go:47:33
   TIMED OUT CONDITIONALS_NEGATION at consumer.go:53:10
   TIMED OUT CONDITIONALS_NEGATION at consumer.go:54:17
   TIMED OUT ARITHMETIC_BASE at consumer.go:59:29
   TIMED OUT INVERT_LOOPCTRL at consumer.go:65:4
   TIMED OUT INVERT_BITWISE at consumer.go:83:51
   TIMED OUT INVERT_BITWISE at consumer.go:86:6
   TIMED OUT CONDITIONALS_NEGATION at consumer.go:91:15
   TIMED OUT CONDITIONALS_NEGATION at consumer.go:96:9
   TIMED OUT INVERT_LOGICAL at consumer.go:101:144
   TIMED OUT INVERT_LOGICAL at consumer.go:101:95
   TIMED OUT INVERT_LOGICAL at consumer.go:101:53
   TIMED OUT CONDITIONALS_BOUNDARY at consumer.go:104:8
   TIMED OUT CONDITIONALS_NEGATION at consumer.go:104:8
   TIMED OUT CONDITIONALS_NEGATION at consumer.go:110:16
   TIMED OUT INVERT_BITWISE at consumer.go:118:41
   TIMED OUT ARITHMETIC_BASE at consumer.go:123:66
   TIMED OUT INVERT_BITWISE at consumer.go:125:43
   TIMED OUT INVERT_BITWISE at consumer.go:125:80
   TIMED OUT CONDITIONALS_NEGATION at consumer.go:125:131
   TIMED OUT ARITHMETIC_BASE at consumer.go:131:66
   TIMED OUT INVERT_BITWISE at consumer.go:133:50
   TIMED OUT INVERT_BITWISE at consumer.go:134:13
   TIMED OUT CONDITIONALS_NEGATION at consumer.go:135:9
   TIMED OUT INVERT_BITWISE at module.go:31:44
   TIMED OUT INVERT_BITWISE at module.go:31:86
   TIMED OUT CONDITIONALS_NEGATION at module.go:31:98
   TIMED OUT CONDITIONALS_NEGATION at module.go:40:21
   TIMED OUT ARITHMETIC_BASE at module.go:41:60
   TIMED OUT INVERT_BITWISE at module.go:50:42
   TIMED OUT INVERT_BITWISE at module.go:50:84
   TIMED OUT CONDITIONALS_NEGATION at module.go:51:9
   TIMED OUT CONDITIONALS_NEGATION at module.go:55:9
   TIMED OUT CONDITIONALS_NEGATION at module.go:59:9
   TIMED OUT INVERT_NEGATIVES at module.go:68:82
   TIMED OUT ARITHMETIC_BASE at module.go:68:82
   TIMED OUT ARITHMETIC_BASE at module.go:68:69
   TIMED OUT ARITHMETIC_BASE at module.go:69:31
   TIMED OUT INVERT_NEGATIVES at module.go:69:64
   TIMED OUT ARITHMETIC_BASE at module.go:69:64
   TIMED OUT ARITHMETIC_BASE at module.go:69:66
   TIMED OUT INVERT_BITWISE at publisher.go:23:9
   TIMED OUT INVERT_BITWISE at publisher.go:27:38
   TIMED OUT INVERT_BITWISE at publisher.go:28:27

Mutation testing completed in 1 minute 23 seconds
Killed: 0, Lived: 0, Not covered: 0
Timed out: 56, Not viable: 0, Skipped: 0
Test efficacy: 0.00%
Mutator coverage: 0.00%
