7 versions; paired up/down files; SHA-256 verified
=== RUN   TestBetWindowPersistsAndRejectsExpiredOperations
=== RUN   TestBetWindowPersistsAndRejectsExpiredOperations/4m59.999999s
2026/09/30 13:11:36 INFO transaction handled correlationId="" messageId="" transactionId=44afa67b-c51d-4ea5-8e3f-a4d44e9b7266 walletId=1e46cf40-39e0-4942-834c-ccfc7352dcf5 providerId=model status=PROCESSED
2026/09/30 13:11:36 INFO transaction handled correlationId="" messageId="" transactionId=e56b33b0-2971-488e-98b8-bbde8b81f815 walletId=1e46cf40-39e0-4942-834c-ccfc7352dcf5 providerId=model status=PROCESSED
2026/09/30 13:11:36 INFO transaction handled correlationId="" messageId="" transactionId=44afa67b-c51d-4ea5-8e3f-a4d44e9b7266 walletId=1e46cf40-39e0-4942-834c-ccfc7352dcf5 providerId=model status=PROCESSED
=== RUN   TestBetWindowPersistsAndRejectsExpiredOperations/5m0s
2026/09/30 13:11:36 INFO transaction handled correlationId="" messageId="" transactionId=2975efff-9cb7-4194-91d0-9b2df777dd61 walletId=da8337f0-26d8-41f0-865d-d1eea92acb59 providerId=model status=PROCESSED
2026/09/30 13:11:36 INFO transaction handled correlationId="" messageId="" transactionId=81f16206-f0ab-4874-9ba3-ed40046ad787 walletId=da8337f0-26d8-41f0-865d-d1eea92acb59 providerId=model status=REJECTED
2026/09/30 13:11:36 INFO transaction handled correlationId="" messageId="" transactionId=1b9decdc-fa45-4637-9510-ab2930decbc0 walletId=da8337f0-26d8-41f0-865d-d1eea92acb59 providerId=model status=REJECTED
2026/09/30 13:11:36 INFO transaction handled correlationId="" messageId="" transactionId=2975efff-9cb7-4194-91d0-9b2df777dd61 walletId=da8337f0-26d8-41f0-865d-d1eea92acb59 providerId=model status=PROCESSED
=== RUN   TestBetWindowPersistsAndRejectsExpiredOperations/5m1s
2026/09/30 13:11:36 INFO transaction handled correlationId="" messageId="" transactionId=7cba49f9-e61e-48de-a2d0-3a4c5f77b92b walletId=cadfea55-7138-4549-8e61-19e9b9d2266e providerId=model status=PROCESSED
2026/09/30 13:11:36 INFO transaction handled correlationId="" messageId="" transactionId=bbf5cea0-ed6e-4d4f-ba14-c09d5969ff12 walletId=cadfea55-7138-4549-8e61-19e9b9d2266e providerId=model status=REJECTED
2026/09/30 13:11:36 INFO transaction handled correlationId="" messageId="" transactionId=d6dc9688-82e5-4dfa-8a3d-6576c86ed694 walletId=cadfea55-7138-4549-8e61-19e9b9d2266e providerId=model status=REJECTED
2026/09/30 13:11:36 INFO transaction handled correlationId="" messageId="" transactionId=7cba49f9-e61e-48de-a2d0-3a4c5f77b92b walletId=cadfea55-7138-4549-8e61-19e9b9d2266e providerId=model status=PROCESSED
--- PASS: TestBetWindowPersistsAndRejectsExpiredOperations (0.12s)
    --- PASS: TestBetWindowPersistsAndRejectsExpiredOperations/4m59.999999s (0.06s)
    --- PASS: TestBetWindowPersistsAndRejectsExpiredOperations/5m0s (0.02s)
    --- PASS: TestBetWindowPersistsAndRejectsExpiredOperations/5m1s (0.02s)
=== RUN   TestRefundWaitingOnBetLockUsesTimeAfterLock
2026/09/30 13:11:36 INFO transaction handled correlationId="" messageId="" transactionId=cc0d60fe-a580-4cf4-b2af-629ab2924d3a walletId=642c1427-7d4b-4abc-8990-6c6a97e68099 providerId=model status=PROCESSED
2026/09/30 13:11:36 INFO transaction handled correlationId="" messageId="" transactionId=87b3afc3-d6d8-4a39-8e23-762527d7d436 walletId=642c1427-7d4b-4abc-8990-6c6a97e68099 providerId=model status=REJECTED
--- PASS: TestRefundWaitingOnBetLockUsesTimeAfterLock (0.14s)
PASS
ok  	github.com/alexandre/wagering/internal/infra/postgres	1.734s
