7 versions; paired up/down files; SHA-256 verified
......
----------------------------------------------------------------------
Ran 6 tests in 0.005s

OK
000001_init.down.sql: OK
000001_init.up.sql: OK
000002_integrity.down.sql: OK
000002_integrity.up.sql: OK
000003_accounting_model.down.sql: OK
000003_accounting_model.up.sql: OK
000004_accounting_commands.down.sql: OK
000004_accounting_commands.up.sql: OK
000005_settlement_outbox.down.sql: OK
000005_settlement_outbox.up.sql: OK
000006_ledger_cursor_order.down.sql: OK
000006_ledger_cursor_order.up.sql: OK
000007_betting_window.down.sql: OK
000007_betting_window.up.sql: OK
1/u init (6.912708ms)
2/u integrity (10.340709ms)
3/u accounting_model (38.1765ms)
4/u accounting_commands (39.96125ms)
5/u settlement_outbox (41.185542ms)
6/u ledger_cursor_order (41.8605ms)
7/u betting_window (43.120667ms)
000001_init.down.sql: OK
000001_init.up.sql: OK
000002_integrity.down.sql: OK
000002_integrity.up.sql: OK
000003_accounting_model.down.sql: OK
000003_accounting_model.up.sql: OK
000004_accounting_commands.down.sql: OK
000004_accounting_commands.up.sql: OK
000005_settlement_outbox.down.sql: OK
000005_settlement_outbox.up.sql: OK
000006_ledger_cursor_order.down.sql: OK
000006_ledger_cursor_order.up.sql: OK
000007_betting_window.down.sql: OK
000007_betting_window.up.sql: OK
7
000001_init.down.sql: OK
000001_init.up.sql: OK
000002_integrity.down.sql: OK
000002_integrity.up.sql: OK
000003_accounting_model.down.sql: OK
000003_accounting_model.up.sql: OK
000004_accounting_commands.down.sql: OK
000004_accounting_commands.up.sql: OK
000005_settlement_outbox.down.sql: OK
000005_settlement_outbox.up.sql: OK
000006_ledger_cursor_order.down.sql: OK
000006_ledger_cursor_order.up.sql: OK
000007_betting_window.down.sql: OK
000007_betting_window.up.sql: OK
7/d betting_window (1.921333ms)
6/d ledger_cursor_order (3.364792ms)
5/d settlement_outbox (4.907292ms)
4/d accounting_commands (5.878667ms)
3/d accounting_model (38.319375ms)
2/d integrity (41.133292ms)
1/d init (45.85225ms)
000001_init.down.sql: OK
000001_init.up.sql: OK
000002_integrity.down.sql: OK
000002_integrity.up.sql: OK
000003_accounting_model.down.sql: OK
000003_accounting_model.up.sql: OK
000004_accounting_commands.down.sql: OK
000004_accounting_commands.up.sql: OK
000005_settlement_outbox.down.sql: OK
000005_settlement_outbox.up.sql: OK
000006_ledger_cursor_order.down.sql: OK
000006_ledger_cursor_order.up.sql: OK
000007_betting_window.down.sql: OK
000007_betting_window.up.sql: OK
1/u init (9.939208ms)
2/u integrity (14.742625ms)
3/u accounting_model (51.047458ms)
4/u accounting_commands (54.275375ms)
5/u settlement_outbox (55.83725ms)
6/u ledger_cursor_order (56.694ms)
7/u betting_window (57.720917ms)
000001_init.down.sql: OK
000001_init.up.sql: OK
000002_integrity.down.sql: OK
000002_integrity.up.sql: OK
000003_accounting_model.down.sql: OK
000003_accounting_model.up.sql: OK
000004_accounting_commands.down.sql: OK
000004_accounting_commands.up.sql: OK
000005_settlement_outbox.down.sql: OK
000005_settlement_outbox.up.sql: OK
000006_ledger_cursor_order.down.sql: OK
000006_ledger_cursor_order.up.sql: OK
000007_betting_window.down.sql: OK
000007_betting_window.up.sql: OK
no change
000001_init.down.sql: OK
000001_init.up.sql: OK
000002_integrity.down.sql: OK
000002_integrity.up.sql: OK
000003_accounting_model.down.sql: OK
000003_accounting_model.up.sql: OK
000004_accounting_commands.down.sql: OK
000004_accounting_commands.up.sql: OK
000005_settlement_outbox.down.sql: OK
000005_settlement_outbox.up.sql: OK
000006_ledger_cursor_order.down.sql: OK
000006_ledger_cursor_order.up.sql: OK
000007_betting_window.down.sql: OK
000007_betting_window.up.sql: OK
7/d betting_window (9.177333ms)
6/d ledger_cursor_order (14.005167ms)
000001_init.down.sql: OK
000001_init.up.sql: OK
000002_integrity.down.sql: OK
000002_integrity.up.sql: OK
000003_accounting_model.down.sql: OK
000003_accounting_model.up.sql: OK
000004_accounting_commands.down.sql: OK
000004_accounting_commands.up.sql: OK
000005_settlement_outbox.down.sql: OK
000005_settlement_outbox.up.sql: OK
000006_ledger_cursor_order.down.sql: OK
000006_ledger_cursor_order.up.sql: OK
000007_betting_window.down.sql: OK
000007_betting_window.up.sql: OK
6/u ledger_cursor_order (16.153625ms)
7/u betting_window (26.462584ms)
Migration roundtrip and schema equivalence verified.
7 versions; paired up/down files; SHA-256 verified
=== RUN   TestAccountingModelOpeningBETWINAndReplay
=== RUN   TestAccountingModelOpeningBETWINAndReplay/false
2026/09/30 13:10:45 INFO transaction handled correlationId="" messageId="" transactionId=c6651811-efd7-4124-8f81-14cdd797d61d walletId=fca31639-cf2b-416c-b2eb-1de8e2575b75 providerId=model status=PROCESSED
2026/09/30 13:10:45 INFO transaction handled correlationId="" messageId="" transactionId=1e9b9b62-183a-4f40-a7f1-fb51b5808160 walletId=fca31639-cf2b-416c-b2eb-1de8e2575b75 providerId=model status=PROCESSED
2026/09/30 13:10:45 INFO transaction handled correlationId="" messageId="" transactionId=c6651811-efd7-4124-8f81-14cdd797d61d walletId=fca31639-cf2b-416c-b2eb-1de8e2575b75 providerId=model status=PROCESSED
2026/09/30 13:10:45 INFO transaction handled correlationId="" messageId="" transactionId=4ca4d620-cc07-48b0-b90a-c170a2329f03 walletId=fca31639-cf2b-416c-b2eb-1de8e2575b75 providerId=model status=REJECTED
=== RUN   TestAccountingModelOpeningBETWINAndReplay/true
2026/09/30 13:10:45 INFO transaction handled correlationId="" messageId="" transactionId=36183942-884e-4b32-b21b-1b28b4cef25b walletId=3fe63ad6-8d47-4958-b66f-bcc6808adac4 providerId=model status=PROCESSED
2026/09/30 13:10:45 INFO transaction handled correlationId="" messageId="" transactionId=e4e364f0-8068-4781-a05d-1d6fd89ceef1 walletId=3fe63ad6-8d47-4958-b66f-bcc6808adac4 providerId=model status=PROCESSED
2026/09/30 13:10:45 INFO transaction handled correlationId="" messageId="" transactionId=36183942-884e-4b32-b21b-1b28b4cef25b walletId=3fe63ad6-8d47-4958-b66f-bcc6808adac4 providerId=model status=PROCESSED
2026/09/30 13:10:45 INFO transaction handled correlationId="" messageId="" transactionId=71ddd881-f857-4f91-9de2-3720d033cec0 walletId=3fe63ad6-8d47-4958-b66f-bcc6808adac4 providerId=model status=REJECTED
--- PASS: TestAccountingModelOpeningBETWINAndReplay (0.12s)
    --- PASS: TestAccountingModelOpeningBETWINAndReplay/false (0.07s)
    --- PASS: TestAccountingModelOpeningBETWINAndReplay/true (0.03s)
=== RUN   TestAccountingModelRejectsWINWithoutBETAndForeignFunds
2026/09/30 13:10:45 INFO transaction handled correlationId="" messageId="" transactionId=4a3d5b73-b903-45ab-87cf-40dc639a1b6c walletId=610b2bd2-1a3a-47b1-a432-6b1398a42f4e providerId=model status=PROCESSED
2026/09/30 13:10:45 INFO transaction handled correlationId="" messageId="" transactionId=26bb90c4-4131-43e3-b555-c05803343ac7 walletId=610b2bd2-1a3a-47b1-a432-6b1398a42f4e providerId=model status=REJECTED
2026/09/30 13:10:45 INFO transaction handled correlationId="" messageId="" transactionId=3013784e-2534-4ac4-a4f1-e2570bc438cc walletId=610b2bd2-1a3a-47b1-a432-6b1398a42f4e providerId=model status=REJECTED
--- PASS: TestAccountingModelRejectsWINWithoutBETAndForeignFunds (0.07s)
=== RUN   TestAccountingModelRefundRollbackAndInbox
2026/09/30 13:10:45 INFO transaction handled correlationId="" messageId="" transactionId=b9613b37-bff5-4ad0-966e-68eefe19f211 walletId=ce589393-ed15-41a1-a381-16e5b7f5aaf1 providerId=model status=PROCESSED
2026/09/30 13:10:45 INFO transaction handled correlationId="" messageId=4711b5a4-89f8-43b0-a498-280069630ca5 transactionId=29c30042-8590-4977-9eae-eef53a738ab9 walletId=ce589393-ed15-41a1-a381-16e5b7f5aaf1 providerId=model status=PROCESSED
2026/09/30 13:10:45 INFO transaction handled correlationId="" messageId=5144a606-4bac-47f7-9245-621b5ea4ace0 transactionId=29c30042-8590-4977-9eae-eef53a738ab9 walletId=ce589393-ed15-41a1-a381-16e5b7f5aaf1 providerId=model status=PROCESSED
2026/09/30 13:10:45 INFO transaction handled correlationId="" messageId="" transactionId=d5c56eae-028e-443f-8134-7524e87a46fa walletId=ce589393-ed15-41a1-a381-16e5b7f5aaf1 providerId=model status=PROCESSED
--- PASS: TestAccountingModelRefundRollbackAndInbox (0.10s)
=== RUN   TestAccountingModelConcurrentBETConservesFunds
2026/09/30 13:10:45 INFO transaction handled correlationId="" messageId="" transactionId=15845c5a-a585-4cc1-a35c-926b541282a7 walletId=36c530dc-30a0-4c53-9de0-06efc088b060 providerId=model status=PROCESSED
2026/09/30 13:10:45 INFO transaction handled correlationId="" messageId="" transactionId=66f12d7c-8836-4c34-a567-6ca57b03b514 walletId=36c530dc-30a0-4c53-9de0-06efc088b060 providerId=model status=REJECTED
--- PASS: TestAccountingModelConcurrentBETConservesFunds (0.07s)
=== RUN   TestAccountingModelSQLGuards
2026/09/30 13:10:45 INFO transaction handled correlationId="" messageId="" transactionId=8c23aac3-f417-46cb-997f-0cead7f83a07 walletId=4b541876-165c-4dfc-9403-70af4fa41de6 providerId=model status=PROCESSED
=== RUN   TestAccountingModelSQLGuards/wallet_without_pair
    accounting_model_integration_test.go:219: guard SQLSTATE=P0001
=== RUN   TestAccountingModelSQLGuards/rewrite_history
    accounting_model_integration_test.go:219: guard SQLSTATE=42501
=== RUN   TestAccountingModelSQLGuards/wrong_account_owner
    accounting_model_integration_test.go:219: guard SQLSTATE=P0001
=== RUN   TestAccountingModelSQLGuards/consumption_without_effect
    accounting_model_integration_test.go:219: guard SQLSTATE=P0001
=== RUN   TestAccountingModelSQLGuards/explicit_identity_rejected
    accounting_model_integration_test.go:219: guard SQLSTATE=428C9
=== RUN   TestAccountingModelSQLGuards/event_amount
    accounting_model_integration_test.go:219: guard SQLSTATE=P0001
=== RUN   TestAccountingModelSQLGuards/terminal_rewrite
    accounting_model_integration_test.go:219: guard SQLSTATE=P0001
=== RUN   TestAccountingModelSQLGuards/account_without_posting
    accounting_model_integration_test.go:219: guard SQLSTATE=P0001
--- PASS: TestAccountingModelSQLGuards (0.05s)
    --- PASS: TestAccountingModelSQLGuards/wallet_without_pair (0.00s)
    --- PASS: TestAccountingModelSQLGuards/rewrite_history (0.00s)
    --- PASS: TestAccountingModelSQLGuards/wrong_account_owner (0.00s)
    --- PASS: TestAccountingModelSQLGuards/consumption_without_effect (0.00s)
    --- PASS: TestAccountingModelSQLGuards/explicit_identity_rejected (0.00s)
    --- PASS: TestAccountingModelSQLGuards/event_amount (0.00s)
    --- PASS: TestAccountingModelSQLGuards/terminal_rewrite (0.00s)
    --- PASS: TestAccountingModelSQLGuards/account_without_posting (0.00s)
=== RUN   TestAccountingModelFundedSettlementByID
--- PASS: TestAccountingModelFundedSettlementByID (0.08s)
=== RUN   TestAccountingModelJournalGuardsHaveValidControl
=== RUN   TestAccountingModelJournalGuardsHaveValidControl/balanced_control
=== RUN   TestAccountingModelJournalGuardsHaveValidControl/single_leg
=== RUN   TestAccountingModelJournalGuardsHaveValidControl/different_currency
=== RUN   TestAccountingModelJournalGuardsHaveValidControl/same_account
=== RUN   TestAccountingModelJournalGuardsHaveValidControl/late_posting
=== RUN   TestAccountingModelJournalGuardsHaveValidControl/WIN_missing_BET
=== RUN   TestAccountingModelJournalGuardsHaveValidControl/negative_replay
--- PASS: TestAccountingModelJournalGuardsHaveValidControl (0.09s)
    --- PASS: TestAccountingModelJournalGuardsHaveValidControl/balanced_control (0.01s)
    --- PASS: TestAccountingModelJournalGuardsHaveValidControl/single_leg (0.01s)
    --- PASS: TestAccountingModelJournalGuardsHaveValidControl/different_currency (0.01s)
    --- PASS: TestAccountingModelJournalGuardsHaveValidControl/same_account (0.01s)
    --- PASS: TestAccountingModelJournalGuardsHaveValidControl/late_posting (0.01s)
    --- PASS: TestAccountingModelJournalGuardsHaveValidControl/WIN_missing_BET (0.01s)
    --- PASS: TestAccountingModelJournalGuardsHaveValidControl/negative_replay (0.01s)
=== RUN   TestAccountingModelPendingReferenceSurvivesRetry
2026/09/30 13:10:46 INFO transaction handled correlationId="" messageId="" transactionId=05496217-8b6f-4910-a260-aaa30c78ad28 walletId=e992b02a-33bc-436b-85b7-8badab9258e1 providerId=model status=PENDING_REFERENCE
2026/09/30 13:10:46 INFO transaction handled correlationId="" messageId="" transactionId=9d2c9d96-da1c-4f6b-8747-7f0334fc6e0c walletId=e992b02a-33bc-436b-85b7-8badab9258e1 providerId=model status=PROCESSED
--- PASS: TestAccountingModelPendingReferenceSurvivesRetry (0.06s)
=== RUN   TestAccountingModelMigrationRefusesToInventLegacyFunding
--- PASS: TestAccountingModelMigrationRefusesToInventLegacyFunding (0.05s)
=== RUN   TestAccountingModelRejectsOlderPositiveCursor
--- PASS: TestAccountingModelRejectsOlderPositiveCursor (0.03s)
=== RUN   TestAccountingModelDomainRejectsCorruptRetrySnapshot
--- PASS: TestAccountingModelDomainRejectsCorruptRetrySnapshot (0.03s)
=== RUN   TestAccountingReviewReverseTwoPaymentsToSameWallet
--- PASS: TestAccountingReviewReverseTwoPaymentsToSameWallet (0.09s)
=== RUN   TestAccountingModelSettlementPaymentCurrency
=== RUN   TestAccountingModelSettlementPaymentCurrency/BRL
=== RUN   TestAccountingModelSettlementPaymentCurrency/USD
--- PASS: TestAccountingModelSettlementPaymentCurrency (0.12s)
    --- PASS: TestAccountingModelSettlementPaymentCurrency/BRL (0.07s)
    --- PASS: TestAccountingModelSettlementPaymentCurrency/USD (0.05s)
=== RUN   TestAccountingModelRejectedCurrencyStillAuditable
2026/09/30 13:10:46 INFO transaction handled correlationId="" messageId="" transactionId=c6b38f0b-b5ba-4b99-ab8a-077ace9259e2 walletId=0d8d79f7-d62f-4b4c-92db-937b5282109d providerId=model status=REJECTED
--- PASS: TestAccountingModelRejectedCurrencyStillAuditable (0.04s)
=== RUN   TestSettlementApplicationConfirmsExecutesAndReplays
2026/09/30 13:10:46 INFO transaction handled correlationId="" messageId="" transactionId=cc282a97-d1d0-40ab-b842-5904b5841c43 walletId=370f4275-34e1-484c-9b05-f4d67467725f providerId=model status=PROCESSED
2026/09/30 13:10:46 INFO transaction handled correlationId="" messageId="" transactionId=2752e7bd-a405-4f80-ab5c-28a0fe585037 walletId=28b7ee88-5baf-4f44-b626-e0f324e8b125 providerId=model status=PROCESSED
--- PASS: TestSettlementApplicationConfirmsExecutesAndReplays (0.10s)
=== RUN   TestSettlementApplicationHTTPAuthorizationAndExplicitBet
2026/09/30 13:10:46 INFO transaction handled correlationId=3f8430e0-25ca-480f-9999-2eefe7a3fea8 messageId="" transactionId=38a3aad3-362d-41eb-89ef-1881044b9b9d walletId=fb83a851-b34f-4945-816d-d7cb11919519 providerId=p status=PROCESSED
2026/09/30 13:10:46 INFO transaction handled correlationId=5ac3ad96-3827-428b-9ae3-b724bc865943 messageId="" transactionId=f37e4186-b76b-4eed-8518-d3cb731051fc walletId=1ba8b934-5f44-48e3-b6a2-30081833bbf7 providerId=p status=PROCESSED
2026/09/30 13:10:46 INFO transaction handled correlationId="" messageId="" transactionId=01689603-d8ec-4b7e-a852-5a02d335f9dc walletId=fb83a851-b34f-4945-816d-d7cb11919519 providerId=model status=PROCESSED
2026/09/30 13:10:46 INFO transaction handled correlationId="" messageId="" transactionId=bec41ef9-ad9b-4801-9dda-1a53115dc8e2 walletId=fb83a851-b34f-4945-816d-d7cb11919519 providerId=model status=PROCESSED
--- PASS: TestSettlementApplicationHTTPAuthorizationAndExplicitBet (0.24s)
=== RUN   TestSettlementApplicationReversesMultiplePaymentsAndReplaysConcurrently
--- PASS: TestSettlementApplicationReversesMultiplePaymentsAndReplaysConcurrently (0.11s)
PASS
ok  	github.com/alexandre/wagering/internal/infra/postgres	4.333s
