ok  	github.com/alexandre/wagering/cmd/wagering	1.510s	coverage: 0.1% of statements in ./internal/domain/..., ./internal/app/usecase, ./internal/infra/auth
?   	github.com/alexandre/wagering/internal/app/apperr	[no test files]
?   	github.com/alexandre/wagering/internal/app/port	[no test files]
ok  	github.com/alexandre/wagering/internal/app/usecase	9.117s	coverage: 85.8% of statements in ./internal/domain/..., ./internal/app/usecase, ./internal/infra/auth
ok  	github.com/alexandre/wagering/internal/domain/event	2.076s	coverage: 9.6% of statements in ./internal/domain/..., ./internal/app/usecase, ./internal/infra/auth
ok  	github.com/alexandre/wagering/internal/domain/money	1.304s	coverage: 4.4% of statements in ./internal/domain/..., ./internal/app/usecase, ./internal/infra/auth
ok  	github.com/alexandre/wagering/internal/domain/settlement	1.810s	coverage: 9.7% of statements in ./internal/domain/..., ./internal/app/usecase, ./internal/infra/auth
ok  	github.com/alexandre/wagering/internal/domain/wager	3.588s	coverage: 30.6% of statements in ./internal/domain/..., ./internal/app/usecase, ./internal/infra/auth
ok  	github.com/alexandre/wagering/internal/domain/wallet	3.326s	coverage: 6.2% of statements in ./internal/domain/..., ./internal/app/usecase, ./internal/infra/auth
ok  	github.com/alexandre/wagering/internal/infra/auth	3.546s	coverage: 10.3% of statements in ./internal/domain/..., ./internal/app/usecase, ./internal/infra/auth
ok  	github.com/alexandre/wagering/internal/infra/config	1.555s	coverage: 0.0% of statements in ./internal/domain/..., ./internal/app/usecase, ./internal/infra/auth
?   	github.com/alexandre/wagering/internal/infra/outbox	[no test files]
ok  	github.com/alexandre/wagering/internal/infra/postgres	2.809s	coverage: 13.8% of statements in ./internal/domain/..., ./internal/app/usecase, ./internal/infra/auth
?   	github.com/alexandre/wagering/internal/infra/reference	[no test files]
ok  	github.com/alexandre/wagering/internal/infra/sqs	3.215s	coverage: 3.2% of statements in ./internal/domain/..., ./internal/app/usecase, ./internal/infra/auth
ok  	github.com/alexandre/wagering/internal/platform/failpoint	3.141s	coverage: 0.0% of statements in ./internal/domain/..., ./internal/app/usecase, ./internal/infra/auth
ok  	github.com/alexandre/wagering/internal/platform/logging	3.143s	coverage: 0.0% of statements in ./internal/domain/..., ./internal/app/usecase, ./internal/infra/auth
ok  	github.com/alexandre/wagering/internal/platform/metrics	3.219s	coverage: 0.1% of statements in ./internal/domain/..., ./internal/app/usecase, ./internal/infra/auth
ok  	github.com/alexandre/wagering/internal/platform/sys	3.220s	coverage: 0.1% of statements in ./internal/domain/..., ./internal/app/usecase, ./internal/infra/auth
ok  	github.com/alexandre/wagering/internal/platform/worker	2.781s	coverage: 0.0% of statements in ./internal/domain/..., ./internal/app/usecase, ./internal/infra/auth
ok  	github.com/alexandre/wagering/internal/testsupport/settlementfacts	2.525s	coverage: 0.0% of statements in ./internal/domain/..., ./internal/app/usecase, ./internal/infra/auth
ok  	github.com/alexandre/wagering/internal/transport/httpapi	2.665s	coverage: 6.2% of statements in ./internal/domain/..., ./internal/app/usecase, ./internal/infra/auth
ok  	github.com/alexandre/wagering/scripts	2.865s	coverage: 0.0% of statements in ./internal/domain/..., ./internal/app/usecase, ./internal/infra/auth
# Cobertura unitária das áreas exigidas

Execução com `-race`, sem tags de integração. A contagem consolida chamadas entre pacotes e inclui todos os blocos do perfil, sem excluir arquivos ou funções.

| Pacote | Statements cobertos/total | Cobertura |
|---|---:|---:|
| internal/domain/money | 54/54 | 100.0% |
| internal/domain/wallet | 47/47 | 100.0% |
| internal/domain/event | 89/89 | 100.0% |
| internal/domain/wager | 294/294 | 100.0% |
| internal/domain/settlement | 60/60 | 100.0% |
| internal/app/usecase | 506/506 | 100.0% |
| internal/infra/auth | 120/120 | 100.0% |

Domínio agregado: **544/544 statements**.

Meta de 100% por pacote: **APROVADA**.

100% de statements não significa 100% de branches ou de combinações de entradas. Integração é validada separadamente.

Reproduzir: `./scripts/test-unit-coverage.sh`. Arquivos: `unit.out`, `functions.txt`, `unit.html` e `test.log`.
