10 versions; paired up/down files; SHA-256 verified
=== RUN   TestRollbackBETAtEverySettlementStageAndOnlyOnce
=== RUN   TestRollbackBETAtEverySettlementStageAndOnlyOnce/OPEN
2026/09/30 14:17:54 INFO transaction handled correlationId=352f8fea-a64d-459c-973b-08d4b6c82baf messageId="" transactionId=cc4ef013-242b-418f-8acd-1baf7fa4e65d walletId=41b3ee34-014a-4114-adb9-075a6b6c1c89 providerId=p status=PROCESSED
2026/09/30 14:17:54 INFO transaction handled correlationId=8ed8ff19-45ac-4548-8227-2e8caf5a587c messageId="" transactionId=7acb5135-6b61-4890-8dc6-6127dfa7018d walletId=c930d3ee-6209-4fd3-b7cf-65af366d1457 providerId=p status=PROCESSED
2026/09/30 14:17:54 INFO transaction handled correlationId=8218b7cb-1d6c-475a-a549-65dad303cdb8 messageId="" transactionId=1e4c76c2-75f3-41c4-8533-7e6db9dc0163 walletId=41b3ee34-014a-4114-adb9-075a6b6c1c89 providerId=p status=PROCESSED
2026/09/30 14:17:54 INFO transaction handled correlationId=c11bf3a6-c300-4ccf-9a22-711c0b0e7302 messageId="" transactionId=1e4c76c2-75f3-41c4-8533-7e6db9dc0163 walletId=41b3ee34-014a-4114-adb9-075a6b6c1c89 providerId=p status=PROCESSED
2026/09/30 14:17:54 INFO transaction handled correlationId=81babe78-2595-440e-a612-b6acee739358 messageId="" transactionId=e85974ff-8dc8-4417-8d58-73fc80e123e4 walletId=41b3ee34-014a-4114-adb9-075a6b6c1c89 providerId=p status=REJECTED
=== RUN   TestRollbackBETAtEverySettlementStageAndOnlyOnce/WINDOW_ENDED
2026/09/30 14:17:54 INFO transaction handled correlationId=11bc3c1d-4796-4ef0-9528-fcbdb8fddaab messageId="" transactionId=b3cf0c64-7d03-4373-aea8-d32fa662fc3e walletId=d44e4b01-4c81-43e6-ac20-cf994b3830e8 providerId=p status=PROCESSED
2026/09/30 14:17:54 INFO transaction handled correlationId=b115b698-b502-415e-8d3a-1438de00685f messageId="" transactionId=91cdd11a-8e0b-4c05-92dd-040cd4c208f9 walletId=9b4bffae-2324-4014-ac97-0d04f777344b providerId=p status=PROCESSED
2026/09/30 14:17:54 INFO transaction handled correlationId=7eb7d47d-8542-4035-907d-2a93c719377e messageId="" transactionId=91549131-c987-4bb5-ac09-d7f6e8fed7e7 walletId=d44e4b01-4c81-43e6-ac20-cf994b3830e8 providerId=p status=PROCESSED
2026/09/30 14:17:54 INFO transaction handled correlationId=d985c79f-7d47-4646-b01c-b97f2ae7203a messageId="" transactionId=91549131-c987-4bb5-ac09-d7f6e8fed7e7 walletId=d44e4b01-4c81-43e6-ac20-cf994b3830e8 providerId=p status=PROCESSED
2026/09/30 14:17:54 INFO transaction handled correlationId=6b74b530-0f9e-4d3a-9246-f69b287eb6ed messageId="" transactionId=cb8f68d3-8ffe-4e55-b8b7-04801d58ea96 walletId=d44e4b01-4c81-43e6-ac20-cf994b3830e8 providerId=p status=REJECTED
=== RUN   TestRollbackBETAtEverySettlementStageAndOnlyOnce/CONFIRMED
2026/09/30 14:17:55 INFO transaction handled correlationId=4980d120-279b-4afb-9b15-8f1017e22ae4 messageId="" transactionId=2be5f31d-e2fe-4782-9b5c-065dfce3a03a walletId=c2609be3-2ba2-4a86-a91c-4e73ff2344db providerId=p status=PROCESSED
2026/09/30 14:17:55 INFO transaction handled correlationId=51ce4845-52d4-4bd2-af0b-23570129a934 messageId="" transactionId=1c52c24b-12c7-446e-a908-deabe9d3c1cb walletId=ebd85096-fb99-4510-a8d7-7985d34aaebb providerId=p status=PROCESSED
2026/09/30 14:17:55 INFO transaction handled correlationId=64977ffc-5cd8-4ae9-8fb0-45baf2367450 messageId="" transactionId=9562a29b-3677-4ee0-a6c4-53791e824144 walletId=c2609be3-2ba2-4a86-a91c-4e73ff2344db providerId=p status=PROCESSED
2026/09/30 14:17:55 INFO transaction handled correlationId=90ce82fe-85ec-4b73-a8bb-07e472fe53ec messageId="" transactionId=9562a29b-3677-4ee0-a6c4-53791e824144 walletId=c2609be3-2ba2-4a86-a91c-4e73ff2344db providerId=p status=PROCESSED
2026/09/30 14:17:55 INFO transaction handled correlationId=3197dd19-8bfd-442e-906c-ab57df810d25 messageId="" transactionId=6d14959c-e4f7-43a0-8029-13241404befd walletId=c2609be3-2ba2-4a86-a91c-4e73ff2344db providerId=p status=REJECTED
=== RUN   TestRollbackBETAtEverySettlementStageAndOnlyOnce/PROCESSED
2026/09/30 14:17:55 INFO transaction handled correlationId=9e04149b-85ca-4b78-9f4e-28be2a49466f messageId="" transactionId=b0de56fd-2264-4b84-9388-b83c5427d3b0 walletId=e5d3e81f-4584-449f-a9b3-f5b57584f88b providerId=p status=PROCESSED
2026/09/30 14:17:55 INFO transaction handled correlationId=d4515605-cc12-44f3-9c7f-97d337df4861 messageId="" transactionId=548b677b-75eb-4a90-a371-c1d4ce4a88a1 walletId=7926df72-887d-4e44-ac8f-dbc639b9da37 providerId=p status=PROCESSED
2026/09/30 14:17:55 INFO transaction handled correlationId=ddb8d9c5-9c5c-4bee-98fa-eac93a722898 messageId="" transactionId=38347b88-cafa-456f-9349-b5b0f8318096 walletId=e5d3e81f-4584-449f-a9b3-f5b57584f88b providerId=p status=PROCESSED
2026/09/30 14:17:55 INFO transaction handled correlationId=38ad2df1-0aa2-4c99-8658-46daaa7163ae messageId="" transactionId=38347b88-cafa-456f-9349-b5b0f8318096 walletId=e5d3e81f-4584-449f-a9b3-f5b57584f88b providerId=p status=PROCESSED
2026/09/30 14:17:55 INFO transaction handled correlationId=811647ea-89f7-40d3-9ee0-6ea85c7b1720 messageId=811647ea-89f7-40d3-9ee0-6ea85c7b1720 transactionId=38347b88-cafa-456f-9349-b5b0f8318096 walletId=e5d3e81f-4584-449f-a9b3-f5b57584f88b providerId=p status=PROCESSED
2026/09/30 14:17:55 INFO transaction handled correlationId=811647ea-89f7-40d3-9ee0-6ea85c7b1720 messageId=811647ea-89f7-40d3-9ee0-6ea85c7b1720 transactionId=38347b88-cafa-456f-9349-b5b0f8318096 walletId=e5d3e81f-4584-449f-a9b3-f5b57584f88b providerId=p status=PROCESSED
2026/09/30 14:17:55 INFO transaction handled correlationId=6d7545b0-6e85-474d-8c2b-8cc399ff8c29 messageId="" transactionId=dcb08789-3f61-4e44-926f-9dd0c862e78c walletId=e5d3e81f-4584-449f-a9b3-f5b57584f88b providerId=p status=REJECTED
=== RUN   TestRollbackBETAtEverySettlementStageAndOnlyOnce/REVERSED
2026/09/30 14:17:55 INFO transaction handled correlationId=65027a79-97a5-4ac2-b86e-f0c4c6148213 messageId="" transactionId=dc8d45e6-6f11-47c2-ab2e-a3a82ba0b524 walletId=f3b43871-f2c6-444e-8a88-ca2c470a6748 providerId=p status=PROCESSED
2026/09/30 14:17:55 INFO transaction handled correlationId=e44ebac3-b4fd-4f14-8e6a-ec6a8e98e341 messageId="" transactionId=0423f0f2-1558-4344-a388-9d03d6a12f88 walletId=9c824707-60e6-4e2f-aa91-b427ea159d3a providerId=p status=PROCESSED
2026/09/30 14:17:55 INFO transaction handled correlationId=bc306f34-3a7c-479c-8697-500cb9a76599 messageId="" transactionId=20485ff9-3429-431b-9ec6-47a05626dcc5 walletId=f3b43871-f2c6-444e-8a88-ca2c470a6748 providerId=p status=PROCESSED
2026/09/30 14:17:55 INFO transaction handled correlationId=aba9fe44-d388-4266-8d04-65bf2c43dc43 messageId="" transactionId=20485ff9-3429-431b-9ec6-47a05626dcc5 walletId=f3b43871-f2c6-444e-8a88-ca2c470a6748 providerId=p status=PROCESSED
2026/09/30 14:17:55 INFO transaction handled correlationId=485ef170-9ffe-42f5-9f31-c1f6e8f904df messageId="" transactionId=42007ab0-0995-40ed-b1b2-ccf77871c839 walletId=f3b43871-f2c6-444e-8a88-ca2c470a6748 providerId=p status=REJECTED
--- PASS: TestRollbackBETAtEverySettlementStageAndOnlyOnce (0.94s)
    --- PASS: TestRollbackBETAtEverySettlementStageAndOnlyOnce/OPEN (0.20s)
    --- PASS: TestRollbackBETAtEverySettlementStageAndOnlyOnce/WINDOW_ENDED (0.13s)
    --- PASS: TestRollbackBETAtEverySettlementStageAndOnlyOnce/CONFIRMED (0.22s)
    --- PASS: TestRollbackBETAtEverySettlementStageAndOnlyOnce/PROCESSED (0.18s)
    --- PASS: TestRollbackBETAtEverySettlementStageAndOnlyOnce/REVERSED (0.21s)
=== RUN   TestRollbackBETCompensatesIndividualWINsBeforeReturningStake
2026/09/30 14:17:55 INFO transaction handled correlationId="" messageId="" transactionId=e67265fc-d57c-40f7-bb5f-2ff1c02b78cf walletId=ee66c467-d190-4eda-b9ea-6298fd0f52a7 providerId=model status=PROCESSED
2026/09/30 14:17:55 INFO transaction handled correlationId="" messageId="" transactionId=77bf968e-8ab7-44b4-8d14-9b24077d31e4 walletId=ee66c467-d190-4eda-b9ea-6298fd0f52a7 providerId=model status=PROCESSED
2026/09/30 14:17:55 INFO transaction handled correlationId="" messageId="" transactionId=834b1357-70dc-4722-9342-ae0b775af712 walletId=ee66c467-d190-4eda-b9ea-6298fd0f52a7 providerId=model status=PROCESSED
2026/09/30 14:17:55 INFO transaction handled correlationId="" messageId="" transactionId=141654f2-1573-4a11-8dbc-452879a6116a walletId=ee66c467-d190-4eda-b9ea-6298fd0f52a7 providerId=model status=PROCESSED
--- PASS: TestRollbackBETCompensatesIndividualWINsBeforeReturningStake (0.10s)
=== RUN   TestRollbackBETInsufficientDependencyLeavesEverythingUnchanged
2026/09/30 14:17:55 INFO transaction handled correlationId=977d93df-da14-4470-b69e-10191459a659 messageId="" transactionId=a7faf0c5-4519-4987-984c-0d2150db7805 walletId=444e118e-324c-4e39-9d0e-8d24fd8a3201 providerId=p status=PROCESSED
2026/09/30 14:17:55 INFO transaction handled correlationId=02d4b9f3-8aa5-4880-8a79-9fbfd3834e38 messageId="" transactionId=653e8645-7034-432b-b025-160547e301cb walletId=eec56336-47c8-46b9-8a33-6f3f7813329b providerId=p status=PROCESSED
2026/09/30 14:17:55 INFO transaction handled correlationId=99a97975-007e-4c4f-a846-c21dc5463ff1 messageId="" transactionId=dcf17855-d856-45ec-8217-c7b49215c56b walletId=444e118e-324c-4e39-9d0e-8d24fd8a3201 providerId=p status=PROCESSED
2026/09/30 14:17:55 INFO transaction handled correlationId=f524c1af-3e2e-409b-bfe2-d3a2405bbe84 messageId="" transactionId=2f9b70a0-64fa-4083-a209-97142be5f821 walletId=444e118e-324c-4e39-9d0e-8d24fd8a3201 providerId=p status=REJECTED
--- PASS: TestRollbackBETInsufficientDependencyLeavesEverythingUnchanged (0.20s)
=== RUN   TestRollbackIndividualCreditOnClosedBet
=== RUN   TestRollbackIndividualCreditOnClosedBet/WIN
2026/09/30 14:17:55 INFO transaction handled correlationId=6b41fc99-9231-4abc-a447-d33758a358f0 messageId="" transactionId=f2d340bd-5afa-48c0-b87b-f5cf99e2471b walletId=ab467ca9-915c-4ba2-affb-2f3b2674ac32 providerId=p status=PROCESSED
2026/09/30 14:17:55 INFO transaction handled correlationId=5f53e191-ba45-4817-838a-019a895917dc messageId="" transactionId=17f9572f-a08e-46f4-963d-cf8fa6b1464b walletId=581ed54a-fd29-4f93-9661-8bd1303125bf providerId=p status=PROCESSED
2026/09/30 14:17:55 INFO transaction handled correlationId=6e2ffbbc-f232-46f0-9283-d5ff996b55d3 messageId="" transactionId=e33e67d0-b595-40ee-ba9f-fe35c2a9861c walletId=ab467ca9-915c-4ba2-affb-2f3b2674ac32 providerId=p status=PROCESSED
2026/09/30 14:17:55 INFO transaction handled correlationId=74e34fe5-9438-45c4-8d70-fb959a6227c5 messageId="" transactionId=a07de6cc-d64d-4880-a369-7912e22d4502 walletId=ab467ca9-915c-4ba2-affb-2f3b2674ac32 providerId=p status=PROCESSED
=== RUN   TestRollbackIndividualCreditOnClosedBet/REFUND
2026/09/30 14:17:56 INFO transaction handled correlationId=e19ca753-0d08-4525-a5e8-e3a17a9c7acd messageId="" transactionId=117f0868-edac-4c00-a338-5b3bd28de352 walletId=66309403-01ab-46b0-8afa-7ddb8b5da8ab providerId=p status=PROCESSED
2026/09/30 14:17:56 INFO transaction handled correlationId=f12f8af4-dd3f-4657-9ede-ee8f1be4d1e9 messageId="" transactionId=0987ad4e-9b9b-4f4e-9f6e-8c434387d73c walletId=d12e2999-94a2-4327-af65-5820429df632 providerId=p status=PROCESSED
2026/09/30 14:17:56 INFO transaction handled correlationId=19f2bd93-82da-40ca-83ab-7e7f58259076 messageId="" transactionId=b3d1b436-8b04-4ef0-b8d2-0af0d7cc2a64 walletId=66309403-01ab-46b0-8afa-7ddb8b5da8ab providerId=p status=PROCESSED
2026/09/30 14:17:56 INFO transaction handled correlationId=052f44e7-3c6a-4433-b54d-cd1ed4138e05 messageId="" transactionId=e80727ef-412a-4ee3-8ba9-e29930090c98 walletId=66309403-01ab-46b0-8afa-7ddb8b5da8ab providerId=p status=PROCESSED
--- PASS: TestRollbackIndividualCreditOnClosedBet (0.43s)
    --- PASS: TestRollbackIndividualCreditOnClosedBet/WIN (0.13s)
    --- PASS: TestRollbackIndividualCreditOnClosedBet/REFUND (0.30s)
=== RUN   TestRollbackBETConcurrentWithSettlementAndDuplicate
2026/09/30 14:17:56 INFO transaction handled correlationId=306dff18-c7e5-4908-8c26-87da1e4d63a6 messageId="" transactionId=936b2c02-89a0-4545-9822-5ac22e9c5fdd walletId=44b749b1-6e5a-4757-8cfb-ce2455efd533 providerId=p status=PROCESSED
2026/09/30 14:17:56 INFO transaction handled correlationId=38bd59da-ef9f-4d64-8964-98e34f8930da messageId="" transactionId=0d4d5a25-78fd-4b2d-a09c-95302dd662aa walletId=39a3fa53-932d-4ec0-9140-f112d5c298ea providerId=p status=PROCESSED
2026/09/30 14:17:56 INFO transaction handled correlationId="" messageId="" transactionId=0b844dec-f98b-42fe-b91e-0a58cb6bd9e4 walletId=44b749b1-6e5a-4757-8cfb-ce2455efd533 providerId=p status=PROCESSED
2026/09/30 14:17:56 INFO transaction handled correlationId="" messageId="" transactionId=54581424-4e74-4126-9f6f-4b38ccb1f1f0 walletId=44b749b1-6e5a-4757-8cfb-ce2455efd533 providerId=p status=REJECTED
--- PASS: TestRollbackBETConcurrentWithSettlementAndDuplicate (0.18s)
=== RUN   TestRollbackBETSecondDependencyFailureUndoesFirstAndCanRetryWithNewIdentity
2026/09/30 14:17:56 INFO transaction handled correlationId="" messageId="" transactionId=614ac3fc-a367-4ac0-afc6-b236e72f77fa walletId=3add28fb-5ed5-4348-9e85-483188887f88 providerId=model status=PROCESSED
2026/09/30 14:17:56 INFO transaction handled correlationId="" messageId="" transactionId=be1b24d8-78bc-4e9c-8fa9-51fc12c1f3c2 walletId=3add28fb-5ed5-4348-9e85-483188887f88 providerId=model status=PROCESSED
2026/09/30 14:17:56 INFO transaction handled correlationId="" messageId="" transactionId=61dba266-9e76-481e-b12f-5ac8ad21c474 walletId=3add28fb-5ed5-4348-9e85-483188887f88 providerId=model status=PROCESSED
2026/09/30 14:17:56 INFO transaction handled correlationId="" messageId="" transactionId=e6b4e857-ee2b-4db5-af99-6495de91620c walletId=3add28fb-5ed5-4348-9e85-483188887f88 providerId=model status=PROCESSED
2026/09/30 14:17:56 INFO transaction handled correlationId="" messageId="" transactionId=fc85eabb-1917-451b-84d0-8be8d9c67367 walletId=3add28fb-5ed5-4348-9e85-483188887f88 providerId=model status=REJECTED
2026/09/30 14:17:56 INFO transaction handled correlationId="" messageId="" transactionId=d1e74483-c970-41fa-b183-7654e1575fb3 walletId=3add28fb-5ed5-4348-9e85-483188887f88 providerId=model status=PROCESSED
2026/09/30 14:17:56 INFO transaction handled correlationId="" messageId="" transactionId=fc85eabb-1917-451b-84d0-8be8d9c67367 walletId=3add28fb-5ed5-4348-9e85-483188887f88 providerId=model status=REJECTED
2026/09/30 14:17:56 INFO transaction handled correlationId="" messageId="" transactionId=8f1206e2-f17b-4cfc-8f8b-d0be8a43d736 walletId=3add28fb-5ed5-4348-9e85-483188887f88 providerId=model status=PROCESSED
--- PASS: TestRollbackBETSecondDependencyFailureUndoesFirstAndCanRetryWithNewIdentity (0.14s)
PASS
ok  	github.com/alexandre/wagering/internal/infra/postgres	3.460s
