10 versions; paired up/down files; SHA-256 verified
......
----------------------------------------------------------------------
Ran 6 tests in 0.005s

OK
000001_init.down.sql: OK
000001_init.up.sql: OK
000002_integrity.down.sql: OK
000002_integrity.up.sql: OK
000003_accounting_model.down.sql: OK
000003_accounting_model.up.sql: OK
000004_accounting_commands.down.sql: OK
000004_accounting_commands.up.sql: OK
000005_settlement_outbox.down.sql: OK
000005_settlement_outbox.up.sql: OK
000006_ledger_cursor_order.down.sql: OK
000006_ledger_cursor_order.up.sql: OK
000007_betting_window.down.sql: OK
000007_betting_window.up.sql: OK
000008_early_win.down.sql: OK
000008_early_win.up.sql: OK
000009_settled_payment_rollback.down.sql: OK
000009_settled_payment_rollback.up.sql: OK
000010_rollback_any_stage.down.sql: OK
000010_rollback_any_stage.up.sql: OK
1/u init (6.695917ms)
2/u integrity (9.949834ms)
3/u accounting_model (36.655417ms)
4/u accounting_commands (38.463542ms)
5/u settlement_outbox (39.697334ms)
6/u ledger_cursor_order (40.522708ms)
7/u betting_window (41.579417ms)
8/u early_win (42.424667ms)
9/u settled_payment_rollback (43.816292ms)
10/u rollback_any_stage (45.150375ms)
000001_init.down.sql: OK
000001_init.up.sql: OK
000002_integrity.down.sql: OK
000002_integrity.up.sql: OK
000003_accounting_model.down.sql: OK
000003_accounting_model.up.sql: OK
000004_accounting_commands.down.sql: OK
000004_accounting_commands.up.sql: OK
000005_settlement_outbox.down.sql: OK
000005_settlement_outbox.up.sql: OK
000006_ledger_cursor_order.down.sql: OK
000006_ledger_cursor_order.up.sql: OK
000007_betting_window.down.sql: OK
000007_betting_window.up.sql: OK
000008_early_win.down.sql: OK
000008_early_win.up.sql: OK
000009_settled_payment_rollback.down.sql: OK
000009_settled_payment_rollback.up.sql: OK
000010_rollback_any_stage.down.sql: OK
000010_rollback_any_stage.up.sql: OK
10
000001_init.down.sql: OK
000001_init.up.sql: OK
000002_integrity.down.sql: OK
000002_integrity.up.sql: OK
000003_accounting_model.down.sql: OK
000003_accounting_model.up.sql: OK
000004_accounting_commands.down.sql: OK
000004_accounting_commands.up.sql: OK
000005_settlement_outbox.down.sql: OK
000005_settlement_outbox.up.sql: OK
000006_ledger_cursor_order.down.sql: OK
000006_ledger_cursor_order.up.sql: OK
000007_betting_window.down.sql: OK
000007_betting_window.up.sql: OK
000008_early_win.down.sql: OK
000008_early_win.up.sql: OK
000009_settled_payment_rollback.down.sql: OK
000009_settled_payment_rollback.up.sql: OK
000010_rollback_any_stage.down.sql: OK
000010_rollback_any_stage.up.sql: OK
10/d rollback_any_stage (2.088125ms)
9/d settled_payment_rollback (3.638083ms)
8/d early_win (4.5105ms)
7/d betting_window (5.567375ms)
6/d ledger_cursor_order (6.479667ms)
5/d settlement_outbox (7.864792ms)
4/d accounting_commands (8.729ms)
3/d accounting_model (42.168708ms)
2/d integrity (45.076833ms)
1/d init (49.682792ms)
000001_init.down.sql: OK
000001_init.up.sql: OK
000002_integrity.down.sql: OK
000002_integrity.up.sql: OK
000003_accounting_model.down.sql: OK
000003_accounting_model.up.sql: OK
000004_accounting_commands.down.sql: OK
000004_accounting_commands.up.sql: OK
000005_settlement_outbox.down.sql: OK
000005_settlement_outbox.up.sql: OK
000006_ledger_cursor_order.down.sql: OK
000006_ledger_cursor_order.up.sql: OK
000007_betting_window.down.sql: OK
000007_betting_window.up.sql: OK
000008_early_win.down.sql: OK
000008_early_win.up.sql: OK
000009_settled_payment_rollback.down.sql: OK
000009_settled_payment_rollback.up.sql: OK
000010_rollback_any_stage.down.sql: OK
000010_rollback_any_stage.up.sql: OK
1/u init (7.101542ms)
2/u integrity (10.469709ms)
3/u accounting_model (47.177875ms)
4/u accounting_commands (51.214667ms)
5/u settlement_outbox (54.808875ms)
6/u ledger_cursor_order (56.1105ms)
7/u betting_window (57.707792ms)
8/u early_win (59.137042ms)
9/u settled_payment_rollback (62.038209ms)
10/u rollback_any_stage (63.662876ms)
000001_init.down.sql: OK
000001_init.up.sql: OK
000002_integrity.down.sql: OK
000002_integrity.up.sql: OK
000003_accounting_model.down.sql: OK
000003_accounting_model.up.sql: OK
000004_accounting_commands.down.sql: OK
000004_accounting_commands.up.sql: OK
000005_settlement_outbox.down.sql: OK
000005_settlement_outbox.up.sql: OK
000006_ledger_cursor_order.down.sql: OK
000006_ledger_cursor_order.up.sql: OK
000007_betting_window.down.sql: OK
000007_betting_window.up.sql: OK
000008_early_win.down.sql: OK
000008_early_win.up.sql: OK
000009_settled_payment_rollback.down.sql: OK
000009_settled_payment_rollback.up.sql: OK
000010_rollback_any_stage.down.sql: OK
000010_rollback_any_stage.up.sql: OK
no change
000001_init.down.sql: OK
000001_init.up.sql: OK
000002_integrity.down.sql: OK
000002_integrity.up.sql: OK
000003_accounting_model.down.sql: OK
000003_accounting_model.up.sql: OK
000004_accounting_commands.down.sql: OK
000004_accounting_commands.up.sql: OK
000005_settlement_outbox.down.sql: OK
000005_settlement_outbox.up.sql: OK
000006_ledger_cursor_order.down.sql: OK
000006_ledger_cursor_order.up.sql: OK
000007_betting_window.down.sql: OK
000007_betting_window.up.sql: OK
000008_early_win.down.sql: OK
000008_early_win.up.sql: OK
000009_settled_payment_rollback.down.sql: OK
000009_settled_payment_rollback.up.sql: OK
000010_rollback_any_stage.down.sql: OK
000010_rollback_any_stage.up.sql: OK
10/d rollback_any_stage (1.966125ms)
9/d settled_payment_rollback (3.650792ms)
000001_init.down.sql: OK
000001_init.up.sql: OK
000002_integrity.down.sql: OK
000002_integrity.up.sql: OK
000003_accounting_model.down.sql: OK
000003_accounting_model.up.sql: OK
000004_accounting_commands.down.sql: OK
000004_accounting_commands.up.sql: OK
000005_settlement_outbox.down.sql: OK
000005_settlement_outbox.up.sql: OK
000006_ledger_cursor_order.down.sql: OK
000006_ledger_cursor_order.up.sql: OK
000007_betting_window.down.sql: OK
000007_betting_window.up.sql: OK
000008_early_win.down.sql: OK
000008_early_win.up.sql: OK
000009_settled_payment_rollback.down.sql: OK
000009_settled_payment_rollback.up.sql: OK
000010_rollback_any_stage.down.sql: OK
000010_rollback_any_stage.up.sql: OK
9/u settled_payment_rollback (2.961333ms)
10/u rollback_any_stage (4.403ms)
Migration roundtrip and schema equivalence verified.
10 versions; paired up/down files; SHA-256 verified
=== RUN   TestAccountingModelOpeningBETWINAndReplay
=== RUN   TestAccountingModelOpeningBETWINAndReplay/false
2026/09/30 14:15:24 INFO transaction handled correlationId="" messageId="" transactionId=4134fb3a-0d31-4959-8b1e-95504d59d992 walletId=18e6762e-31cf-45be-b90b-e6142835c1d4 providerId=model status=PROCESSED
2026/09/30 14:15:24 INFO transaction handled correlationId="" messageId="" transactionId=001ecbc2-0cf5-45e9-a172-c75aa9385e79 walletId=18e6762e-31cf-45be-b90b-e6142835c1d4 providerId=model status=PROCESSED
2026/09/30 14:15:24 INFO transaction handled correlationId="" messageId="" transactionId=4134fb3a-0d31-4959-8b1e-95504d59d992 walletId=18e6762e-31cf-45be-b90b-e6142835c1d4 providerId=model status=PROCESSED
2026/09/30 14:15:24 INFO transaction handled correlationId="" messageId="" transactionId=63336523-acd3-4d32-8290-5142089156a5 walletId=18e6762e-31cf-45be-b90b-e6142835c1d4 providerId=model status=REJECTED
=== RUN   TestAccountingModelOpeningBETWINAndReplay/true
2026/09/30 14:15:24 INFO transaction handled correlationId="" messageId="" transactionId=3e143989-7f06-4df8-8431-1594636feb86 walletId=f01c1ef0-6409-4644-8535-8cb1a39b7d13 providerId=model status=PROCESSED
2026/09/30 14:15:24 INFO transaction handled correlationId="" messageId="" transactionId=0cefdc44-40ec-4738-9c4f-2d0fd10e3385 walletId=f01c1ef0-6409-4644-8535-8cb1a39b7d13 providerId=model status=PROCESSED
2026/09/30 14:15:24 INFO transaction handled correlationId="" messageId="" transactionId=3e143989-7f06-4df8-8431-1594636feb86 walletId=f01c1ef0-6409-4644-8535-8cb1a39b7d13 providerId=model status=PROCESSED
2026/09/30 14:15:24 INFO transaction handled correlationId="" messageId="" transactionId=8f4fc0e1-c0e0-4998-9e4b-48c39f01544c walletId=f01c1ef0-6409-4644-8535-8cb1a39b7d13 providerId=model status=REJECTED
--- PASS: TestAccountingModelOpeningBETWINAndReplay (0.11s)
    --- PASS: TestAccountingModelOpeningBETWINAndReplay/false (0.06s)
    --- PASS: TestAccountingModelOpeningBETWINAndReplay/true (0.03s)
=== RUN   TestAccountingModelRejectsWINWithoutBETAndForeignFunds
2026/09/30 14:15:25 INFO transaction handled correlationId="" messageId="" transactionId=5f35051a-89a1-4cbe-bbde-3e553dbd5207 walletId=36799d37-af13-4f77-bfca-b3e8d9e258e8 providerId=model status=PROCESSED
2026/09/30 14:15:25 INFO transaction handled correlationId="" messageId="" transactionId=c828c4f4-25d5-4707-9be7-2df8da86a70f walletId=36799d37-af13-4f77-bfca-b3e8d9e258e8 providerId=model status=REJECTED
2026/09/30 14:15:25 INFO transaction handled correlationId="" messageId="" transactionId=8b96e87f-1ac0-496a-b593-1c3884897676 walletId=36799d37-af13-4f77-bfca-b3e8d9e258e8 providerId=model status=REJECTED
--- PASS: TestAccountingModelRejectsWINWithoutBETAndForeignFunds (0.07s)
=== RUN   TestAccountingModelRefundRollbackAndInbox
2026/09/30 14:15:25 INFO transaction handled correlationId="" messageId="" transactionId=51dd729a-6f7f-4937-9962-561838b2609b walletId=9295d653-dae1-457b-b833-a23cde040e5e providerId=model status=PROCESSED
2026/09/30 14:15:25 INFO transaction handled correlationId="" messageId=8d633923-5ec8-44c8-b782-afcfd26eff88 transactionId=370dfa2d-2216-422f-914c-0a3233fc77f1 walletId=9295d653-dae1-457b-b833-a23cde040e5e providerId=model status=PROCESSED
2026/09/30 14:15:25 INFO transaction handled correlationId="" messageId=0644d651-a655-4202-b093-032c47460d45 transactionId=370dfa2d-2216-422f-914c-0a3233fc77f1 walletId=9295d653-dae1-457b-b833-a23cde040e5e providerId=model status=PROCESSED
2026/09/30 14:15:25 INFO transaction handled correlationId="" messageId="" transactionId=2f899e83-db7f-46d9-9265-685422327335 walletId=9295d653-dae1-457b-b833-a23cde040e5e providerId=model status=PROCESSED
--- PASS: TestAccountingModelRefundRollbackAndInbox (0.08s)
=== RUN   TestAccountingModelConcurrentBETConservesFunds
2026/09/30 14:15:25 INFO transaction handled correlationId="" messageId="" transactionId=c9b5b2cb-20d5-4363-8270-7c8fbe905d47 walletId=8c5f27f2-b8df-4ed7-90b4-2a185668bf15 providerId=model status=PROCESSED
2026/09/30 14:15:25 INFO transaction handled correlationId="" messageId="" transactionId=88c542fe-4b0b-4a50-bfb5-ccfbb19bd5ad walletId=8c5f27f2-b8df-4ed7-90b4-2a185668bf15 providerId=model status=REJECTED
--- PASS: TestAccountingModelConcurrentBETConservesFunds (0.06s)
=== RUN   TestAccountingModelSQLGuards
2026/09/30 14:15:25 INFO transaction handled correlationId="" messageId="" transactionId=5a81e457-166f-4338-8742-08c3d765e074 walletId=5e20a80f-f0d5-4ca1-b084-33295689a0bc providerId=model status=PROCESSED
=== RUN   TestAccountingModelSQLGuards/wallet_without_pair
    accounting_model_integration_test.go:219: guard SQLSTATE=P0001
=== RUN   TestAccountingModelSQLGuards/rewrite_history
    accounting_model_integration_test.go:219: guard SQLSTATE=42501
=== RUN   TestAccountingModelSQLGuards/wrong_account_owner
    accounting_model_integration_test.go:219: guard SQLSTATE=P0001
=== RUN   TestAccountingModelSQLGuards/consumption_without_effect
    accounting_model_integration_test.go:219: guard SQLSTATE=P0001
=== RUN   TestAccountingModelSQLGuards/explicit_identity_rejected
    accounting_model_integration_test.go:219: guard SQLSTATE=428C9
=== RUN   TestAccountingModelSQLGuards/event_amount
    accounting_model_integration_test.go:219: guard SQLSTATE=P0001
=== RUN   TestAccountingModelSQLGuards/terminal_rewrite
    accounting_model_integration_test.go:219: guard SQLSTATE=P0001
=== RUN   TestAccountingModelSQLGuards/account_without_posting
    accounting_model_integration_test.go:219: guard SQLSTATE=P0001
--- PASS: TestAccountingModelSQLGuards (0.06s)
    --- PASS: TestAccountingModelSQLGuards/wallet_without_pair (0.00s)
    --- PASS: TestAccountingModelSQLGuards/rewrite_history (0.00s)
    --- PASS: TestAccountingModelSQLGuards/wrong_account_owner (0.00s)
    --- PASS: TestAccountingModelSQLGuards/consumption_without_effect (0.00s)
    --- PASS: TestAccountingModelSQLGuards/explicit_identity_rejected (0.00s)
    --- PASS: TestAccountingModelSQLGuards/event_amount (0.00s)
    --- PASS: TestAccountingModelSQLGuards/terminal_rewrite (0.00s)
    --- PASS: TestAccountingModelSQLGuards/account_without_posting (0.00s)
=== RUN   TestAccountingModelFundedSettlementByID
--- PASS: TestAccountingModelFundedSettlementByID (0.08s)
=== RUN   TestAccountingModelJournalGuardsHaveValidControl
=== RUN   TestAccountingModelJournalGuardsHaveValidControl/balanced_control
=== RUN   TestAccountingModelJournalGuardsHaveValidControl/single_leg
=== RUN   TestAccountingModelJournalGuardsHaveValidControl/different_currency
=== RUN   TestAccountingModelJournalGuardsHaveValidControl/same_account
=== RUN   TestAccountingModelJournalGuardsHaveValidControl/late_posting
=== RUN   TestAccountingModelJournalGuardsHaveValidControl/WIN_missing_BET
=== RUN   TestAccountingModelJournalGuardsHaveValidControl/negative_replay
--- PASS: TestAccountingModelJournalGuardsHaveValidControl (0.10s)
    --- PASS: TestAccountingModelJournalGuardsHaveValidControl/balanced_control (0.01s)
    --- PASS: TestAccountingModelJournalGuardsHaveValidControl/single_leg (0.02s)
    --- PASS: TestAccountingModelJournalGuardsHaveValidControl/different_currency (0.01s)
    --- PASS: TestAccountingModelJournalGuardsHaveValidControl/same_account (0.01s)
    --- PASS: TestAccountingModelJournalGuardsHaveValidControl/late_posting (0.01s)
    --- PASS: TestAccountingModelJournalGuardsHaveValidControl/WIN_missing_BET (0.01s)
    --- PASS: TestAccountingModelJournalGuardsHaveValidControl/negative_replay (0.01s)
=== RUN   TestAccountingModelPendingReferenceSurvivesRetry
2026/09/30 14:15:25 INFO transaction handled correlationId="" messageId="" transactionId=e00815d2-6911-4638-a7af-e6ecf8fe3ddf walletId=46d80d05-feaa-4bcc-9ae0-ebe0ff0d164b providerId=model status=PENDING_REFERENCE
2026/09/30 14:15:25 INFO transaction handled correlationId="" messageId="" transactionId=1a2508e9-acaa-4522-95af-b3522e88bd99 walletId=46d80d05-feaa-4bcc-9ae0-ebe0ff0d164b providerId=model status=PROCESSED
--- PASS: TestAccountingModelPendingReferenceSurvivesRetry (0.07s)
=== RUN   TestAccountingModelMigrationRefusesToInventLegacyFunding
--- PASS: TestAccountingModelMigrationRefusesToInventLegacyFunding (0.07s)
=== RUN   TestAccountingModelRejectsOlderPositiveCursor
--- PASS: TestAccountingModelRejectsOlderPositiveCursor (0.04s)
=== RUN   TestAccountingModelDomainRejectsCorruptRetrySnapshot
--- PASS: TestAccountingModelDomainRejectsCorruptRetrySnapshot (0.03s)
=== RUN   TestAccountingReviewReverseTwoPaymentsToSameWallet
--- PASS: TestAccountingReviewReverseTwoPaymentsToSameWallet (0.09s)
=== RUN   TestAccountingModelSettlementPaymentCurrency
=== RUN   TestAccountingModelSettlementPaymentCurrency/BRL
=== RUN   TestAccountingModelSettlementPaymentCurrency/USD
--- PASS: TestAccountingModelSettlementPaymentCurrency (0.14s)
    --- PASS: TestAccountingModelSettlementPaymentCurrency/BRL (0.08s)
    --- PASS: TestAccountingModelSettlementPaymentCurrency/USD (0.06s)
=== RUN   TestAccountingModelRejectedCurrencyStillAuditable
2026/09/30 14:15:25 INFO transaction handled correlationId="" messageId="" transactionId=80ef5944-a192-4de2-9263-5f0fb52ae91d walletId=ad13f0ab-e70f-47d1-b5ed-ab92a35e95df providerId=model status=REJECTED
--- PASS: TestAccountingModelRejectedCurrencyStillAuditable (0.04s)
=== RUN   TestSettlementApplicationConfirmsExecutesAndReplays
2026/09/30 14:15:25 INFO transaction handled correlationId="" messageId="" transactionId=42ed5bbd-46d6-4600-8af6-15ec691ef11c walletId=a3b3ad50-e78a-4b8b-bd18-4407f754cab4 providerId=model status=PROCESSED
2026/09/30 14:15:25 INFO transaction handled correlationId="" messageId="" transactionId=40a9dbc7-a5a7-490e-8cf4-785bb1a2dda4 walletId=2135086c-b813-4e3e-bff7-2e9d102ac833 providerId=model status=PROCESSED
--- PASS: TestSettlementApplicationConfirmsExecutesAndReplays (0.10s)
=== RUN   TestSettlementApplicationHTTPAuthorizationAndExplicitBet
2026/09/30 14:15:26 INFO transaction handled correlationId=bbb4bee2-6b58-408b-a104-54ec55dc88e5 messageId="" transactionId=66702bc6-6664-4c1e-b5c4-66e1a2fbb4f5 walletId=7f55e362-207e-42e9-8b48-cb5c6fd84d52 providerId=p status=PROCESSED
2026/09/30 14:15:26 INFO transaction handled correlationId=0f975d93-a081-4624-9964-311a66fea6d5 messageId="" transactionId=8b462e16-03f4-45a2-add2-5d5f4ca7b7a0 walletId=7331d1f9-0090-47fd-88f4-843ccc0a45fd providerId=p status=PROCESSED
2026/09/30 14:15:26 INFO transaction handled correlationId="" messageId="" transactionId=6a4bc2df-a796-4ca0-b091-22b5eedaebba walletId=7f55e362-207e-42e9-8b48-cb5c6fd84d52 providerId=model status=PROCESSED
2026/09/30 14:15:26 INFO transaction handled correlationId="" messageId="" transactionId=2af0759c-8ca4-45be-8774-53bca6103af5 walletId=7f55e362-207e-42e9-8b48-cb5c6fd84d52 providerId=model status=PROCESSED
--- PASS: TestSettlementApplicationHTTPAuthorizationAndExplicitBet (0.25s)
=== RUN   TestSettlementApplicationReversesMultiplePaymentsAndReplaysConcurrently
--- PASS: TestSettlementApplicationReversesMultiplePaymentsAndReplaysConcurrently (0.12s)
PASS
ok  	github.com/alexandre/wagering/internal/infra/postgres	2.790s
