12 versions; paired up/down files; SHA-256 verified
 Network wagering-test-19334-20371_default  Creating
 Network wagering-test-19334-20371_default  Created
 Volume "wagering-test-19334-20371_testcredentials"  Creating
 Volume "wagering-test-19334-20371_testcredentials"  Created
 Container wagering-test-19334-20371-keycloak-1  Creating
 Container wagering-test-19334-20371-localstack-1  Creating
 Container wagering-test-19334-20371-postgres-1  Creating
 Container wagering-test-19334-20371-keycloak-1  Created
 Container wagering-test-19334-20371-postgres-1  Created
 Container wagering-test-19334-20371-localstack-1  Created
 Container wagering-test-19334-20371-keycloak-1  Starting
 Container wagering-test-19334-20371-postgres-1  Starting
 Container wagering-test-19334-20371-localstack-1  Starting
 Container wagering-test-19334-20371-postgres-1  Started
 Container wagering-test-19334-20371-localstack-1  Started
 Container wagering-test-19334-20371-keycloak-1  Started
 Container wagering-test-19334-20371-keycloak-1  Waiting
 Container wagering-test-19334-20371-postgres-1  Waiting
 Container wagering-test-19334-20371-localstack-1  Waiting
 Container wagering-test-19334-20371-postgres-1  Healthy
 Container wagering-test-19334-20371-localstack-1  Healthy
 Container wagering-test-19334-20371-keycloak-1  Healthy
ok  	github.com/alexandre/wagering/test/integration	287.002s
ok  	github.com/alexandre/wagering/cmd/wagering	1.518s [no tests to run]
 Container wagering-test-19334-20371-keycloak-1  Stopping
 Container wagering-test-19334-20371-postgres-1  Stopping
 Container wagering-test-19334-20371-localstack-1  Stopping
 Container wagering-test-19334-20371-postgres-1  Stopped
 Container wagering-test-19334-20371-postgres-1  Removing
 Container wagering-test-19334-20371-postgres-1  Removed
 Container wagering-test-19334-20371-localstack-1  Stopped
 Container wagering-test-19334-20371-localstack-1  Removing
 Container wagering-test-19334-20371-localstack-1  Removed
 Container wagering-test-19334-20371-keycloak-1  Stopped
 Container wagering-test-19334-20371-keycloak-1  Removing
 Container wagering-test-19334-20371-keycloak-1  Removed
 Volume wagering-test-19334-20371_testcredentials  Removing
 Network wagering-test-19334-20371_default  Removing
 Volume wagering-test-19334-20371_testcredentials  Removed
 Network wagering-test-19334-20371_default  Removed
