python3 scripts/schema.py up
 Container wagering-postgres-1  Running
000001_init.down.sql: OK
000001_init.up.sql: OK
000002_integrity.down.sql: OK
000002_integrity.up.sql: OK
000003_accounting_model.down.sql: OK
000003_accounting_model.up.sql: OK
000004_accounting_commands.down.sql: OK
000004_accounting_commands.up.sql: OK
000005_settlement_outbox.down.sql: OK
000005_settlement_outbox.up.sql: OK
000006_ledger_cursor_order.down.sql: OK
000006_ledger_cursor_order.up.sql: OK
000007_betting_window.down.sql: OK
000007_betting_window.up.sql: OK
000008_early_win.down.sql: OK
000008_early_win.up.sql: OK
000009_settled_payment_rollback.down.sql: OK
000009_settled_payment_rollback.up.sql: OK
000010_rollback_any_stage.down.sql: OK
000010_rollback_any_stage.up.sql: OK
000011_rollback_liquidity.down.sql: OK
000011_rollback_liquidity.up.sql: OK
000012_settlement_window.down.sql: OK
000012_settlement_window.up.sql: OK
12/u settlement_window (8.706959ms)
