12 versions; paired up/down files; SHA-256 verified
......
----------------------------------------------------------------------
Ran 6 tests in 0.007s

OK
000001_init.down.sql: OK
000001_init.up.sql: OK
000002_integrity.down.sql: OK
000002_integrity.up.sql: OK
000003_accounting_model.down.sql: OK
000003_accounting_model.up.sql: OK
000004_accounting_commands.down.sql: OK
000004_accounting_commands.up.sql: OK
000005_settlement_outbox.down.sql: OK
000005_settlement_outbox.up.sql: OK
000006_ledger_cursor_order.down.sql: OK
000006_ledger_cursor_order.up.sql: OK
000007_betting_window.down.sql: OK
000007_betting_window.up.sql: OK
000008_early_win.down.sql: OK
000008_early_win.up.sql: OK
000009_settled_payment_rollback.down.sql: OK
000009_settled_payment_rollback.up.sql: OK
000010_rollback_any_stage.down.sql: OK
000010_rollback_any_stage.up.sql: OK
000011_rollback_liquidity.down.sql: OK
000011_rollback_liquidity.up.sql: OK
000012_settlement_window.down.sql: OK
000012_settlement_window.up.sql: OK
1/u init (7.760875ms)
2/u integrity (11.155834ms)
3/u accounting_model (42.585875ms)
4/u accounting_commands (44.604542ms)
5/u settlement_outbox (45.961667ms)
6/u ledger_cursor_order (46.903958ms)
7/u betting_window (47.811583ms)
8/u early_win (48.842292ms)
9/u settled_payment_rollback (50.346125ms)
10/u rollback_any_stage (51.378041ms)
11/u rollback_liquidity (53.861ms)
12/u settlement_window (48.330042ms)
000001_init.down.sql: OK
000001_init.up.sql: OK
000002_integrity.down.sql: OK
000002_integrity.up.sql: OK
000003_accounting_model.down.sql: OK
000003_accounting_model.up.sql: OK
000004_accounting_commands.down.sql: OK
000004_accounting_commands.up.sql: OK
000005_settlement_outbox.down.sql: OK
000005_settlement_outbox.up.sql: OK
000006_ledger_cursor_order.down.sql: OK
000006_ledger_cursor_order.up.sql: OK
000007_betting_window.down.sql: OK
000007_betting_window.up.sql: OK
000008_early_win.down.sql: OK
000008_early_win.up.sql: OK
000009_settled_payment_rollback.down.sql: OK
000009_settled_payment_rollback.up.sql: OK
000010_rollback_any_stage.down.sql: OK
000010_rollback_any_stage.up.sql: OK
000011_rollback_liquidity.down.sql: OK
000011_rollback_liquidity.up.sql: OK
000012_settlement_window.down.sql: OK
000012_settlement_window.up.sql: OK
12
000001_init.down.sql: OK
000001_init.up.sql: OK
000002_integrity.down.sql: OK
000002_integrity.up.sql: OK
000003_accounting_model.down.sql: OK
000003_accounting_model.up.sql: OK
000004_accounting_commands.down.sql: OK
000004_accounting_commands.up.sql: OK
000005_settlement_outbox.down.sql: OK
000005_settlement_outbox.up.sql: OK
000006_ledger_cursor_order.down.sql: OK
000006_ledger_cursor_order.up.sql: OK
000007_betting_window.down.sql: OK
000007_betting_window.up.sql: OK
000008_early_win.down.sql: OK
000008_early_win.up.sql: OK
000009_settled_payment_rollback.down.sql: OK
000009_settled_payment_rollback.up.sql: OK
000010_rollback_any_stage.down.sql: OK
000010_rollback_any_stage.up.sql: OK
000011_rollback_liquidity.down.sql: OK
000011_rollback_liquidity.up.sql: OK
000012_settlement_window.down.sql: OK
000012_settlement_window.up.sql: OK
12/d settlement_window (2.208791ms)
11/d rollback_liquidity (6.486875ms)
10/d rollback_any_stage (7.889792ms)
9/d settled_payment_rollback (9.425667ms)
8/d early_win (10.390167ms)
7/d betting_window (11.498709ms)
6/d ledger_cursor_order (12.186292ms)
5/d settlement_outbox (13.858333ms)
4/d accounting_commands (15.332875ms)
3/d accounting_model (54.102375ms)
2/d integrity (57.706208ms)
1/d init (62.634125ms)
000001_init.down.sql: OK
000001_init.up.sql: OK
000002_integrity.down.sql: OK
000002_integrity.up.sql: OK
000003_accounting_model.down.sql: OK
000003_accounting_model.up.sql: OK
000004_accounting_commands.down.sql: OK
000004_accounting_commands.up.sql: OK
000005_settlement_outbox.down.sql: OK
000005_settlement_outbox.up.sql: OK
000006_ledger_cursor_order.down.sql: OK
000006_ledger_cursor_order.up.sql: OK
000007_betting_window.down.sql: OK
000007_betting_window.up.sql: OK
000008_early_win.down.sql: OK
000008_early_win.up.sql: OK
000009_settled_payment_rollback.down.sql: OK
000009_settled_payment_rollback.up.sql: OK
000010_rollback_any_stage.down.sql: OK
000010_rollback_any_stage.up.sql: OK
000011_rollback_liquidity.down.sql: OK
000011_rollback_liquidity.up.sql: OK
000012_settlement_window.down.sql: OK
000012_settlement_window.up.sql: OK
1/u init (8.615334ms)
2/u integrity (12.976833ms)
3/u accounting_model (46.735917ms)
4/u accounting_commands (49.575375ms)
5/u settlement_outbox (51.093459ms)
6/u ledger_cursor_order (51.865042ms)
7/u betting_window (52.65875ms)
8/u early_win (53.5125ms)
9/u settled_payment_rollback (55.352791ms)
10/u rollback_any_stage (56.737958ms)
11/u rollback_liquidity (59.257875ms)
12/u settlement_window (52.3ms)
000001_init.down.sql: OK
000001_init.up.sql: OK
000002_integrity.down.sql: OK
000002_integrity.up.sql: OK
000003_accounting_model.down.sql: OK
000003_accounting_model.up.sql: OK
000004_accounting_commands.down.sql: OK
000004_accounting_commands.up.sql: OK
000005_settlement_outbox.down.sql: OK
000005_settlement_outbox.up.sql: OK
000006_ledger_cursor_order.down.sql: OK
000006_ledger_cursor_order.up.sql: OK
000007_betting_window.down.sql: OK
000007_betting_window.up.sql: OK
000008_early_win.down.sql: OK
000008_early_win.up.sql: OK
000009_settled_payment_rollback.down.sql: OK
000009_settled_payment_rollback.up.sql: OK
000010_rollback_any_stage.down.sql: OK
000010_rollback_any_stage.up.sql: OK
000011_rollback_liquidity.down.sql: OK
000011_rollback_liquidity.up.sql: OK
000012_settlement_window.down.sql: OK
000012_settlement_window.up.sql: OK
no change
000001_init.down.sql: OK
000001_init.up.sql: OK
000002_integrity.down.sql: OK
000002_integrity.up.sql: OK
000003_accounting_model.down.sql: OK
000003_accounting_model.up.sql: OK
000004_accounting_commands.down.sql: OK
000004_accounting_commands.up.sql: OK
000005_settlement_outbox.down.sql: OK
000005_settlement_outbox.up.sql: OK
000006_ledger_cursor_order.down.sql: OK
000006_ledger_cursor_order.up.sql: OK
000007_betting_window.down.sql: OK
000007_betting_window.up.sql: OK
000008_early_win.down.sql: OK
000008_early_win.up.sql: OK
000009_settled_payment_rollback.down.sql: OK
000009_settled_payment_rollback.up.sql: OK
000010_rollback_any_stage.down.sql: OK
000010_rollback_any_stage.up.sql: OK
000011_rollback_liquidity.down.sql: OK
000011_rollback_liquidity.up.sql: OK
000012_settlement_window.down.sql: OK
000012_settlement_window.up.sql: OK
12/d settlement_window (1.787875ms)
11/d rollback_liquidity (6.772292ms)
000001_init.down.sql: OK
000001_init.up.sql: OK
000002_integrity.down.sql: OK
000002_integrity.up.sql: OK
000003_accounting_model.down.sql: OK
000003_accounting_model.up.sql: OK
000004_accounting_commands.down.sql: OK
000004_accounting_commands.up.sql: OK
000005_settlement_outbox.down.sql: OK
000005_settlement_outbox.up.sql: OK
000006_ledger_cursor_order.down.sql: OK
000006_ledger_cursor_order.up.sql: OK
000007_betting_window.down.sql: OK
000007_betting_window.up.sql: OK
000008_early_win.down.sql: OK
000008_early_win.up.sql: OK
000009_settled_payment_rollback.down.sql: OK
000009_settled_payment_rollback.up.sql: OK
000010_rollback_any_stage.down.sql: OK
000010_rollback_any_stage.up.sql: OK
000011_rollback_liquidity.down.sql: OK
000011_rollback_liquidity.up.sql: OK
000012_settlement_window.down.sql: OK
000012_settlement_window.up.sql: OK
11/u rollback_liquidity (4.440042ms)
12/u settlement_window (5.518625ms)
Migration roundtrip and schema equivalence verified.
12 versions; paired up/down files; SHA-256 verified
=== RUN   TestAccountingModelOpeningBETWINAndReplay
=== RUN   TestAccountingModelOpeningBETWINAndReplay/false
2026/09/30 15:23:44 INFO transaction handled correlationId="" messageId="" transactionId=dc3a633b-bfb8-43f0-9649-4cb0060a23c3 walletId=7384d687-8167-4df2-ad39-521a02409df6 providerId=model status=PROCESSED
2026/09/30 15:23:44 INFO transaction handled correlationId="" messageId="" transactionId=e9f97ead-ade4-4a75-93e2-f0b361f34453 walletId=7384d687-8167-4df2-ad39-521a02409df6 providerId=model status=PROCESSED
2026/09/30 15:23:44 INFO transaction handled correlationId="" messageId="" transactionId=dc3a633b-bfb8-43f0-9649-4cb0060a23c3 walletId=7384d687-8167-4df2-ad39-521a02409df6 providerId=model status=PROCESSED
2026/09/30 15:23:44 INFO transaction handled correlationId="" messageId="" transactionId=8869869a-00b5-4151-9daf-c9eaadfbdfaf walletId=7384d687-8167-4df2-ad39-521a02409df6 providerId=model status=REJECTED
=== RUN   TestAccountingModelOpeningBETWINAndReplay/true
2026/09/30 15:23:44 INFO transaction handled correlationId="" messageId="" transactionId=aeebb7b6-4055-41cd-a905-8d083dcd4fdf walletId=dcddeb2a-8aba-45fa-b118-9b396b143709 providerId=model status=PROCESSED
2026/09/30 15:23:44 INFO transaction handled correlationId="" messageId="" transactionId=b3d948f4-90e8-44a6-8b8c-66f481a48001 walletId=dcddeb2a-8aba-45fa-b118-9b396b143709 providerId=model status=PROCESSED
2026/09/30 15:23:44 INFO transaction handled correlationId="" messageId="" transactionId=aeebb7b6-4055-41cd-a905-8d083dcd4fdf walletId=dcddeb2a-8aba-45fa-b118-9b396b143709 providerId=model status=PROCESSED
2026/09/30 15:23:44 INFO transaction handled correlationId="" messageId="" transactionId=02bbaa64-7566-4122-8578-f4e0e3f4d837 walletId=dcddeb2a-8aba-45fa-b118-9b396b143709 providerId=model status=REJECTED
--- PASS: TestAccountingModelOpeningBETWINAndReplay (0.12s)
    --- PASS: TestAccountingModelOpeningBETWINAndReplay/false (0.07s)
    --- PASS: TestAccountingModelOpeningBETWINAndReplay/true (0.04s)
=== RUN   TestAccountingModelRejectsWINWithoutBETAndForeignFunds
2026/09/30 15:23:44 INFO transaction handled correlationId="" messageId="" transactionId=15a5e9bb-3f98-4d5d-b0db-b69154f63770 walletId=9a475969-01e0-421c-9f0b-72732eadca25 providerId=model status=PROCESSED
2026/09/30 15:23:44 INFO transaction handled correlationId="" messageId="" transactionId=ba60004e-6ba7-4231-9b33-72f47c9851ff walletId=9a475969-01e0-421c-9f0b-72732eadca25 providerId=model status=REJECTED
2026/09/30 15:23:44 INFO transaction handled correlationId="" messageId="" transactionId=45ca57b6-aebb-4e79-8109-3c8b37168230 walletId=9a475969-01e0-421c-9f0b-72732eadca25 providerId=model status=REJECTED
--- PASS: TestAccountingModelRejectsWINWithoutBETAndForeignFunds (0.07s)
=== RUN   TestAccountingModelRefundRollbackAndInbox
2026/09/30 15:23:44 INFO transaction handled correlationId="" messageId="" transactionId=c7ba686e-3147-4131-8a09-986f2c4db92d walletId=1c70d375-e9b6-483c-8013-a1cd8645acd3 providerId=model status=PROCESSED
2026/09/30 15:23:44 INFO transaction handled correlationId="" messageId=5cfc6a00-0d0f-4727-a108-2895a44e517b transactionId=9bdc5377-cc74-4221-85e9-ea027487089a walletId=1c70d375-e9b6-483c-8013-a1cd8645acd3 providerId=model status=PROCESSED
2026/09/30 15:23:44 INFO transaction handled correlationId="" messageId=e4681901-fe01-40a8-8eb0-63ad01763994 transactionId=9bdc5377-cc74-4221-85e9-ea027487089a walletId=1c70d375-e9b6-483c-8013-a1cd8645acd3 providerId=model status=PROCESSED
2026/09/30 15:23:44 INFO transaction handled correlationId="" messageId="" transactionId=455a49e7-c107-4788-ba04-2ad97f3e8cd5 walletId=1c70d375-e9b6-483c-8013-a1cd8645acd3 providerId=model status=PROCESSED
--- PASS: TestAccountingModelRefundRollbackAndInbox (0.10s)
=== RUN   TestAccountingModelConcurrentBETConservesFunds
2026/09/30 15:23:44 INFO transaction handled correlationId="" messageId="" transactionId=dc70ca51-62fa-4c61-acf3-e625216249c4 walletId=e7826f31-7b45-45c8-b30e-c0db9ff688ee providerId=model status=PROCESSED
2026/09/30 15:23:44 INFO transaction handled correlationId="" messageId="" transactionId=ac2801db-c7a0-40fd-a630-220971d85143 walletId=e7826f31-7b45-45c8-b30e-c0db9ff688ee providerId=model status=REJECTED
--- PASS: TestAccountingModelConcurrentBETConservesFunds (0.07s)
=== RUN   TestAccountingModelSQLGuards
2026/09/30 15:23:44 INFO transaction handled correlationId="" messageId="" transactionId=d0314961-82e4-494c-8090-941f7d98af64 walletId=acfed9ef-b78a-411f-be09-2204ad3818b2 providerId=model status=PROCESSED
=== RUN   TestAccountingModelSQLGuards/rewrite_history
    accounting_model_integration_test.go:219: guard SQLSTATE=42501
=== RUN   TestAccountingModelSQLGuards/wrong_account_owner
    accounting_model_integration_test.go:219: guard SQLSTATE=P0001
=== RUN   TestAccountingModelSQLGuards/consumption_without_effect
    accounting_model_integration_test.go:219: guard SQLSTATE=P0001
=== RUN   TestAccountingModelSQLGuards/explicit_identity_rejected
    accounting_model_integration_test.go:219: guard SQLSTATE=428C9
=== RUN   TestAccountingModelSQLGuards/event_amount
    accounting_model_integration_test.go:219: guard SQLSTATE=P0001
=== RUN   TestAccountingModelSQLGuards/terminal_rewrite
    accounting_model_integration_test.go:219: guard SQLSTATE=P0001
=== RUN   TestAccountingModelSQLGuards/account_without_posting
    accounting_model_integration_test.go:219: guard SQLSTATE=P0001
=== RUN   TestAccountingModelSQLGuards/wallet_without_pair
    accounting_model_integration_test.go:219: guard SQLSTATE=P0001
--- PASS: TestAccountingModelSQLGuards (0.07s)
    --- PASS: TestAccountingModelSQLGuards/rewrite_history (0.00s)
    --- PASS: TestAccountingModelSQLGuards/wrong_account_owner (0.00s)
    --- PASS: TestAccountingModelSQLGuards/consumption_without_effect (0.00s)
    --- PASS: TestAccountingModelSQLGuards/explicit_identity_rejected (0.00s)
    --- PASS: TestAccountingModelSQLGuards/event_amount (0.00s)
    --- PASS: TestAccountingModelSQLGuards/terminal_rewrite (0.00s)
    --- PASS: TestAccountingModelSQLGuards/account_without_posting (0.00s)
    --- PASS: TestAccountingModelSQLGuards/wallet_without_pair (0.00s)
=== RUN   TestAccountingModelFundedSettlementByID
--- PASS: TestAccountingModelFundedSettlementByID (0.10s)
=== RUN   TestAccountingModelJournalGuardsHaveValidControl
=== RUN   TestAccountingModelJournalGuardsHaveValidControl/balanced_control
=== RUN   TestAccountingModelJournalGuardsHaveValidControl/single_leg
=== RUN   TestAccountingModelJournalGuardsHaveValidControl/different_currency
=== RUN   TestAccountingModelJournalGuardsHaveValidControl/same_account
=== RUN   TestAccountingModelJournalGuardsHaveValidControl/late_posting
=== RUN   TestAccountingModelJournalGuardsHaveValidControl/WIN_missing_BET
=== RUN   TestAccountingModelJournalGuardsHaveValidControl/negative_replay
--- PASS: TestAccountingModelJournalGuardsHaveValidControl (0.13s)
    --- PASS: TestAccountingModelJournalGuardsHaveValidControl/balanced_control (0.02s)
    --- PASS: TestAccountingModelJournalGuardsHaveValidControl/single_leg (0.02s)
    --- PASS: TestAccountingModelJournalGuardsHaveValidControl/different_currency (0.01s)
    --- PASS: TestAccountingModelJournalGuardsHaveValidControl/same_account (0.01s)
    --- PASS: TestAccountingModelJournalGuardsHaveValidControl/late_posting (0.01s)
    --- PASS: TestAccountingModelJournalGuardsHaveValidControl/WIN_missing_BET (0.01s)
    --- PASS: TestAccountingModelJournalGuardsHaveValidControl/negative_replay (0.01s)
=== RUN   TestAccountingModelPendingReferenceSurvivesRetry
2026/09/30 15:23:44 INFO transaction handled correlationId="" messageId="" transactionId=40fd8cd6-6b61-42c3-bc4b-b31eda2f5e14 walletId=b8b623fa-9bc1-49d3-92e4-c236b63a70d6 providerId=model status=PENDING_REFERENCE
2026/09/30 15:23:44 INFO transaction handled correlationId="" messageId="" transactionId=7cf5b08e-c514-41fa-8cb3-b21c2c2ff1e8 walletId=b8b623fa-9bc1-49d3-92e4-c236b63a70d6 providerId=model status=PROCESSED
--- PASS: TestAccountingModelPendingReferenceSurvivesRetry (0.08s)
=== RUN   TestAccountingModelMigrationRefusesToInventLegacyFunding
--- PASS: TestAccountingModelMigrationRefusesToInventLegacyFunding (0.15s)
=== RUN   TestAccountingModelRejectsOlderPositiveCursor
--- PASS: TestAccountingModelRejectsOlderPositiveCursor (0.04s)
=== RUN   TestAccountingModelDomainRejectsCorruptRetrySnapshot
--- PASS: TestAccountingModelDomainRejectsCorruptRetrySnapshot (0.03s)
=== RUN   TestAccountingReviewReverseTwoPaymentsToSameWallet
--- PASS: TestAccountingReviewReverseTwoPaymentsToSameWallet (0.09s)
=== RUN   TestAccountingModelSettlementPaymentCurrency
=== RUN   TestAccountingModelSettlementPaymentCurrency/BRL
=== RUN   TestAccountingModelSettlementPaymentCurrency/USD
--- PASS: TestAccountingModelSettlementPaymentCurrency (0.16s)
    --- PASS: TestAccountingModelSettlementPaymentCurrency/BRL (0.10s)
    --- PASS: TestAccountingModelSettlementPaymentCurrency/USD (0.06s)
=== RUN   TestAccountingModelRejectedCurrencyStillAuditable
2026/09/30 15:23:45 INFO transaction handled correlationId="" messageId="" transactionId=669321ee-73de-485a-bc36-adae138868b8 walletId=a255eadb-ec70-4c50-b81d-753da52725e2 providerId=model status=REJECTED
--- PASS: TestAccountingModelRejectedCurrencyStillAuditable (0.04s)
=== RUN   TestSettlementApplicationConfirmsExecutesAndReplays
2026/09/30 15:23:45 INFO transaction handled correlationId="" messageId="" transactionId=2f93cdc5-05ec-4993-b46d-50fa6beb9444 walletId=7e2d39bb-d887-451c-9b0c-a24344048799 providerId=model status=PROCESSED
2026/09/30 15:23:45 INFO transaction handled correlationId="" messageId="" transactionId=fd454607-9d51-4084-8c35-a771148a3130 walletId=a266da6a-1dfc-4624-bc62-8c65b2d8711a providerId=model status=PROCESSED
--- PASS: TestSettlementApplicationConfirmsExecutesAndReplays (0.11s)
=== RUN   TestSettlementApplicationHTTPAuthorizationAndExplicitBet
2026/09/30 15:23:45 INFO transaction handled correlationId=a2831f02-490d-4cae-a79d-73d55ef652c5 messageId="" transactionId=16fce503-df3e-4961-8f09-c40c7cbf4b2f walletId=c447e9d9-9314-4a9b-8e15-6bd995a960b6 providerId=p status=PROCESSED
2026/09/30 15:23:45 INFO transaction handled correlationId=8a49321b-1944-4d16-8181-d6f4563f2e46 messageId="" transactionId=4a141948-a324-423d-b987-ecd015c93e71 walletId=c4d48e25-39cc-4f33-badc-f2ab18099c51 providerId=p status=PROCESSED
2026/09/30 15:23:45 INFO transaction handled correlationId="" messageId="" transactionId=f9bffe21-f527-4639-9ade-68744b7eedc2 walletId=c447e9d9-9314-4a9b-8e15-6bd995a960b6 providerId=model status=PROCESSED
2026/09/30 15:23:45 INFO transaction handled correlationId="" messageId="" transactionId=524faefa-de19-40fd-b475-f1848e6965ee walletId=c447e9d9-9314-4a9b-8e15-6bd995a960b6 providerId=model status=PROCESSED
--- PASS: TestSettlementApplicationHTTPAuthorizationAndExplicitBet (0.25s)
=== RUN   TestSettlementApplicationReversesMultiplePaymentsAndReplaysConcurrently
--- PASS: TestSettlementApplicationReversesMultiplePaymentsAndReplaysConcurrently (0.12s)
PASS
ok  	github.com/alexandre/wagering/internal/infra/postgres	5.491s
