Starting...
Gathering coverage... done in 825.457041ms
      KILLED INVERT_BITWISE at accounting_repo.go:18:153
      KILLED INVERT_BITWISE at accounting_repo.go:18:143
      KILLED INVERT_LOGICAL at accounting_repo.go:23:26
      KILLED CONDITIONALS_NEGATION at accounting_repo.go:19:9
      KILLED CONDITIONALS_NEGATION at accounting_repo.go:23:36
      KILLED ARITHMETIC_BASE at accounting_repo.go:33:45
      KILLED CONDITIONALS_NEGATION at accounting_repo.go:23:20
      KILLED ARITHMETIC_BASE at accounting_repo.go:33:38
      KILLED CONDITIONALS_NEGATION at accounting_repo.go:27:27
      KILLED CONDITIONALS_NEGATION at accounting_repo.go:32:19
      KILLED CONDITIONALS_NEGATION at accounting_repo.go:34:8
      KILLED CONDITIONALS_NEGATION at accounting_repo.go:39:11
      KILLED INVERT_LOOPCTRL at accounting_repo.go:40:5
      KILLED INCREMENT_DECREMENT at accounting_repo.go:42:25
      KILLED INVERT_BITWISE at accounting_repo.go:54:17
      KILLED CONDITIONALS_NEGATION at accounting_repo.go:44:10
      KILLED INVERT_BITWISE at accounting_repo.go:55:143
      KILLED INVERT_BITWISE at accounting_repo.go:55:153
      KILLED CONDITIONALS_NEGATION at accounting_repo.go:49:9
      KILLED INVERT_BITWISE at accounting_repo.go:61:94
      KILLED CONDITIONALS_NEGATION at accounting_repo.go:52:15
      KILLED CONDITIONALS_NEGATION at accounting_repo.go:56:10
      KILLED CONDITIONALS_NEGATION at accounting_repo.go:60:13
      KILLED CONDITIONALS_NEGATION at accounting_repo.go:61:113
      KILLED CONDITIONALS_NEGATION at accounting_repo.go:64:116
      KILLED CONDITIONALS_NEGATION at accounting_repo.go:68:128
      KILLED CONDITIONALS_NEGATION at accounting_repo.go:73:8
      KILLED INVERT_BITWISE at accounting_repo.go:90:121
      KILLED CONDITIONALS_NEGATION at accounting_repo.go:76:11
      KILLED INVERT_BITWISE at accounting_repo.go:90:138
      KILLED CONDITIONALS_NEGATION at accounting_repo.go:82:15
      KILLED CONDITIONALS_NEGATION at accounting_repo.go:87:9
      KILLED INVERT_BITWISE at accounting_repo.go:97:102
      KILLED INVERT_LOGICAL at accounting_repo.go:91:16
      KILLED CONDITIONALS_NEGATION at accounting_repo.go:91:9
      KILLED CONDITIONALS_NEGATION at accounting_repo.go:96:29
      KILLED INVERT_BITWISE at accounting_repo.go:108:21
      KILLED INVERT_LOGICAL at accounting_repo.go:98:17
      KILLED INVERT_BITWISE at accounting_repo.go:108:40
      KILLED INVERT_BITWISE at accounting_repo.go:108:63
      KILLED CONDITIONALS_NEGATION at accounting_repo.go:98:10
      KILLED CONDITIONALS_NEGATION at accounting_repo.go:102:8
      KILLED CONDITIONALS_NEGATION at accounting_repo.go:108:83
      KILLED INVERT_BITWISE at accounting_repo.go:124:209
      KILLED CONDITIONALS_NEGATION at accounting_repo.go:113:28
      KILLED INVERT_LOGICAL at accounting_repo.go:123:21
      KILLED CONDITIONALS_NEGATION at accounting_repo.go:123:28
      KILLED CONDITIONALS_NEGATION at accounting_repo.go:124:220
      KILLED CONDITIONALS_NEGATION at accounting_repo.go:128:117
      KILLED INVERT_BITWISE at accounting_repo.go:142:132
      KILLED CONDITIONALS_NEGATION at accounting_repo.go:131:50
      KILLED CONDITIONALS_NEGATION at accounting_repo.go:134:26
      KILLED CONDITIONALS_NEGATION at accounting_repo.go:138:26
      KILLED CONDITIONALS_NEGATION at accounting_repo.go:142:149
      KILLED CONDITIONALS_NEGATION at accounting_repo.go:146:261
      KILLED CONDITIONALS_NEGATION at accounting_repo.go:150:27
      KILLED CONDITIONALS_NEGATION at accounting_repo.go:151:134
      KILLED CONDITIONALS_NEGATION at accounting_repo.go:155:24
      KILLED CONDITIONALS_NEGATION at accounting_repo.go:156:130
      KILLED INVERT_BITWISE at inbox_outbox_repo.go:19:146
      KILLED CONDITIONALS_NEGATION at accounting_repo.go:161:230
      KILLED INVERT_BITWISE at inbox_outbox_repo.go:19:153
      KILLED CONDITIONALS_NEGATION at accounting_repo.go:164:175
      KILLED CONDITIONALS_NEGATION at inbox_outbox_repo.go:14:9
      KILLED CONDITIONALS_NEGATION at inbox_outbox_repo.go:23:7
      KILLED INVERT_BITWISE at inbox_outbox_repo.go:54:22
      KILLED CONDITIONALS_NEGATION at inbox_outbox_repo.go:20:9
      KILLED INVERT_BITWISE at inbox_outbox_repo.go:54:27
      KILLED INVERT_BITWISE at inbox_outbox_repo.go:54:45
      KILLED INVERT_BITWISE at inbox_outbox_repo.go:54:39
      KILLED CONDITIONALS_NEGATION at inbox_outbox_repo.go:26:15
      KILLED INVERT_BITWISE at inbox_outbox_repo.go:54:66
      KILLED INVERT_BITWISE at inbox_outbox_repo.go:54:55
      KILLED CONDITIONALS_NEGATION at inbox_outbox_repo.go:44:9
      KILLED INVERT_BITWISE at inbox_outbox_repo.go:76:105
      KILLED CONDITIONALS_NEGATION at inbox_outbox_repo.go:54:82
      KILLED CONDITIONALS_NEGATION at inbox_outbox_repo.go:58:10
      KILLED INVERT_LOGICAL at ledger_repo.go:24:15
      KILLED CONDITIONALS_BOUNDARY at ledger_repo.go:24:11
      KILLED CONDITIONALS_NEGATION at ledger_repo.go:24:11
      KILLED CONDITIONALS_BOUNDARY at ledger_repo.go:24:24
      KILLED CONDITIONALS_NEGATION at ledger_repo.go:24:24
      KILLED CONDITIONALS_NEGATION at ledger_repo.go:27:12
      KILLED CONDITIONALS_NEGATION at ledger_repo.go:29:8
      KILLED INVERT_LOGICAL at ledger_repo.go:33:22
      KILLED CONDITIONALS_NEGATION at ledger_repo.go:33:17
      KILLED CONDITIONALS_NEGATION at ledger_repo.go:33:34
      KILLED INVERT_LOGICAL at ledger_repo.go:37:15
      KILLED CONDITIONALS_NEGATION at ledger_repo.go:37:8
      KILLED CONDITIONALS_BOUNDARY at ledger_repo.go:37:22
      KILLED INVERT_BITWISE at ledger_repo.go:52:22
      KILLED CONDITIONALS_NEGATION at ledger_repo.go:37:22
      KILLED INVERT_BITWISE at ledger_repo.go:52:27
      KILLED INVERT_BITWISE at ledger_repo.go:52:32
      KILLED INVERT_BITWISE at ledger_repo.go:52:38
      KILLED ARITHMETIC_BASE at ledger_repo.go:41:250
      KILLED INVERT_BITWISE at ledger_repo.go:52:53
      KILLED INVERT_BITWISE at ledger_repo.go:52:47
      KILLED INVERT_BITWISE at ledger_repo.go:52:62
      KILLED CONDITIONALS_NEGATION at ledger_repo.go:42:9
      KILLED INVERT_BITWISE at ledger_repo.go:52:75
      KILLED INVERT_BITWISE at ledger_repo.go:52:70
      KILLED ARITHMETIC_BASE at ledger_repo.go:56:73
      KILLED ARITHMETIC_BASE at ledger_repo.go:56:67
      KILLED CONDITIONALS_NEGATION at ledger_repo.go:55:23
      KILLED CONDITIONALS_NEGATION at ledger_repo.go:52:84
      KILLED CONDITIONALS_NEGATION at ledger_repo.go:62:8
      KILLED INVERT_BITWISE at ledger_repo.go:86:282
      KILLED CONDITIONALS_NEGATION at ledger_repo.go:66:8
      KILLED INVERT_BITWISE at ledger_repo.go:86:288
      KILLED INVERT_BITWISE at ledger_repo.go:86:296
      KILLED CONDITIONALS_NEGATION at ledger_repo.go:70:8
      KILLED CONDITIONALS_NEGATION at ledger_repo.go:74:8
      KILLED CONDITIONALS_NEGATION at ledger_repo.go:87:9
      KILLED CONDITIONALS_NEGATION at ledger_repo.go:91:9
      KILLED INVERT_BITWISE at module.go:51:59
      KILLED CONDITIONALS_NEGATION at module.go:25:9
      KILLED INVERT_ASSIGNMENTS at settlement_audit_repo.go:19:9
      KILLED CONDITIONALS_NEGATION at module.go:31:9
      KILLED INVERT_BITWISE at settlement_audit_repo.go:22:43
      KILLED CONDITIONALS_NEGATION at module.go:37:11
      KILLED INVERT_BITWISE at settlement_audit_repo.go:22:50
      KILLED INVERT_BITWISE at settlement_audit_repo.go:22:60
      KILLED INVERT_BITWISE at settlement_audit_repo.go:22:73
      KILLED ARITHMETIC_BASE at module.go:54:43
      KILLED INVERT_BITWISE at settlement_audit_repo.go:22:82
      KILLED REMOVE_SELF_ASSIGNMENTS at settlement_audit_repo.go:19:9
      KILLED INVERT_BITWISE at settlement_audit_repo.go:43:22
      KILLED INVERT_BITWISE at settlement_audit_repo.go:43:29
      KILLED INVERT_BITWISE at settlement_audit_repo.go:43:42
      KILLED INVERT_BITWISE at settlement_audit_repo.go:43:58
      KILLED INVERT_BITWISE at settlement_audit_repo.go:43:69
      KILLED INVERT_BITWISE at settlement_audit_repo.go:43:73
      KILLED CONDITIONALS_NEGATION at settlement_audit_repo.go:31:9
      KILLED CONDITIONALS_NEGATION at settlement_audit_repo.go:36:9
      KILLED CONDITIONALS_NEGATION at settlement_audit_repo.go:43:84
      KILLED INVERT_LOOPCTRL at settlement_audit_repo.go:44:4
      KILLED CONDITIONALS_NEGATION at settlement_audit_repo.go:47:10
      KILLED INVERT_LOOPCTRL at settlement_audit_repo.go:48:4
      KILLED INVERT_BITWISE at settlement_audit_repo.go:69:22
      KILLED CONDITIONALS_NEGATION at settlement_audit_repo.go:52:9
      KILLED INVERT_BITWISE at settlement_audit_repo.go:69:29
      KILLED INVERT_BITWISE at settlement_audit_repo.go:69:43
      KILLED INVERT_BITWISE at settlement_audit_repo.go:69:61
      KILLED CONDITIONALS_NEGATION at settlement_audit_repo.go:56:9
      KILLED INVERT_BITWISE at settlement_audit_repo.go:69:75
      KILLED INVERT_BITWISE at settlement_audit_repo.go:69:88
      KILLED CONDITIONALS_NEGATION at settlement_audit_repo.go:61:9
      KILLED INVERT_BITWISE at settlement_audit_repo.go:69:97
      KILLED INVERT_BITWISE at settlement_audit_repo.go:69:111
      KILLED INVERT_BITWISE at settlement_audit_repo.go:69:115
      KILLED INVERT_BITWISE at settlement_audit_repo.go:69:130
      KILLED INVERT_BITWISE at settlement_audit_repo.go:69:138
      KILLED INVERT_BITWISE at settlement_audit_repo.go:69:150
      KILLED INVERT_BITWISE at settlement_audit_repo.go:69:121
      KILLED INVERT_BITWISE at settlement_audit_repo.go:69:163
      KILLED INVERT_BITWISE at settlement_audit_repo.go:69:176
      KILLED CONDITIONALS_NEGATION at settlement_audit_repo.go:69:195
      KILLED CONDITIONALS_NEGATION at settlement_audit_repo.go:73:10
      KILLED CONDITIONALS_NEGATION at settlement_audit_repo.go:77:10
      KILLED CONDITIONALS_NEGATION at settlement_audit_repo.go:81:10
      KILLED CONDITIONALS_NEGATION at settlement_audit_repo.go:91:9
      KILLED CONDITIONALS_NEGATION at settlement_audit_repo.go:95:14
      KILLED CONDITIONALS_NEGATION at settlement_audit_repo.go:98:43
      KILLED CONDITIONALS_NEGATION at settlement_audit_repo.go:101:115
      KILLED CONDITIONALS_NEGATION at settlement_audit_repo.go:104:189
      KILLED CONDITIONALS_NEGATION at settlement_audit_repo.go:108:9
      KILLED CONDITIONALS_NEGATION at settlement_audit_repo.go:113:8
      KILLED ARITHMETIC_BASE at settlement_audit_repo.go:126:45
      KILLED INVERT_LOOPCTRL at settlement_audit_repo.go:115:4
      KILLED ARITHMETIC_BASE at settlement_audit_repo.go:126:38
      KILLED CONDITIONALS_NEGATION at settlement_audit_repo.go:119:9
      KILLED CONDITIONALS_NEGATION at settlement_audit_repo.go:123:9
      KILLED CONDITIONALS_NEGATION at settlement_audit_repo.go:132:8
      KILLED CONDITIONALS_NEGATION at settlement_audit_repo.go:127:9
      KILLED INVERT_LOOPCTRL at settlement_audit_repo.go:134:4
      KILLED INVERT_BITWISE at settlement_audit_repo.go:154:22
      KILLED CONDITIONALS_NEGATION at settlement_audit_repo.go:138:9
      KILLED INVERT_BITWISE at settlement_audit_repo.go:154:41
      KILLED INVERT_BITWISE at settlement_audit_repo.go:154:61
      KILLED INVERT_BITWISE at settlement_audit_repo.go:154:65
      KILLED CONDITIONALS_NEGATION at settlement_audit_repo.go:142:9
      KILLED CONDITIONALS_NEGATION at settlement_audit_repo.go:146:9
      KILLED CONDITIONALS_NEGATION at settlement_audit_repo.go:154:76
      KILLED CONDITIONALS_NEGATION at settlement_audit_repo.go:158:10
      KILLED CONDITIONALS_NEGATION at settlement_repo.go:21:9
      KILLED CONDITIONALS_NEGATION at settlement_repo.go:25:9
      KILLED INVERT_LOGICAL at settlement_repo.go:28:90
      KILLED INVERT_LOGICAL at settlement_repo.go:28:64
      KILLED INVERT_LOGICAL at settlement_repo.go:28:36
      KILLED CONDITIONALS_NEGATION at settlement_repo.go:28:20
      KILLED INVERT_BITWISE at settlement_repo.go:35:144
      KILLED CONDITIONALS_NEGATION at settlement_repo.go:28:51
      KILLED INVERT_BITWISE at settlement_repo.go:35:151
      KILLED INVERT_BITWISE at settlement_repo.go:35:178
      KILLED INVERT_BITWISE at settlement_repo.go:35:166
      KILLED CONDITIONALS_NEGATION at settlement_repo.go:28:78
      KILLED INVERT_BITWISE at settlement_repo.go:35:202
      KILLED INVERT_BITWISE at settlement_repo.go:35:189
      KILLED INVERT_BITWISE at settlement_repo.go:35:213
      KILLED CONDITIONALS_NEGATION at settlement_repo.go:28:106
      KILLED INVERT_BITWISE at settlement_repo.go:52:23
      KILLED INVERT_BITWISE at settlement_repo.go:52:30
      KILLED INVERT_BITWISE at settlement_repo.go:52:48
      KILLED INVERT_BITWISE at settlement_repo.go:52:63
      KILLED INVERT_BITWISE at settlement_repo.go:52:76
      KILLED INVERT_BITWISE at settlement_repo.go:52:89
      KILLED INVERT_BITWISE at settlement_repo.go:52:100
      KILLED INVERT_BITWISE at settlement_repo.go:52:109
      KILLED CONDITIONALS_NEGATION at settlement_repo.go:43:9
      KILLED INVERT_BITWISE at settlement_repo.go:65:138
      KILLED INVERT_BITWISE at settlement_repo.go:65:145
      KILLED INVERT_BITWISE at settlement_repo.go:65:155
      KILLED INVERT_BITWISE at settlement_repo.go:65:168
      KILLED INVERT_BITWISE at settlement_repo.go:65:177
      KILLED CONDITIONALS_NEGATION at settlement_repo.go:56:10
      KILLED CONDITIONALS_NEGATION at settlement_repo.go:52:125
      KILLED INVERT_LOGICAL at settlement_repo.go:73:16
      KILLED CONDITIONALS_NEGATION at settlement_repo.go:73:9
      KILLED CONDITIONALS_NEGATION at settlement_repo.go:73:38
      KILLED ARITHMETIC_BASE at settlement_repo.go:98:42
      KILLED CONDITIONALS_NEGATION at settlement_repo.go:80:9
      KILLED ARITHMETIC_BASE at settlement_repo.go:98:36
      KILLED ARITHMETIC_BASE at settlement_repo.go:98:29
      KILLED CONDITIONALS_NEGATION at settlement_repo.go:90:10
      KILLED INCREMENT_DECREMENT at settlement_repo.go:93:10
      KILLED CONDITIONALS_NEGATION at settlement_repo.go:101:8
      KILLED CONDITIONALS_NEGATION at settlement_repo.go:104:55
      KILLED CONDITIONALS_NEGATION at settlement_repo.go:107:57
      KILLED CONDITIONALS_NEGATION at settlement_repo.go:110:119
      KILLED CONDITIONALS_NEGATION at settlement_repo.go:113:264
      KILLED INCREMENT_DECREMENT at settlement_repo.go:116:10
      KILLED CONDITIONALS_NEGATION at settlement_repo.go:126:9
      KILLED CONDITIONALS_NEGATION at settlement_repo.go:129:11
      KILLED INVERT_BITWISE at transaction_repo.go:22:21
      KILLED CONDITIONALS_NEGATION at settlement_repo.go:132:11
      KILLED INVERT_BITWISE at transaction_repo.go:22:28
      KILLED INVERT_BITWISE at transaction_repo.go:22:39
      KILLED INVERT_BITWISE at transaction_repo.go:22:54
      KILLED CONDITIONALS_NEGATION at settlement_repo.go:135:89
      KILLED INVERT_BITWISE at transaction_repo.go:22:69
      KILLED INVERT_BITWISE at transaction_repo.go:22:88
      KILLED INVERT_BITWISE at transaction_repo.go:22:104
      KILLED CONDITIONALS_NEGATION at settlement_repo.go:138:145
      KILLED INVERT_BITWISE at transaction_repo.go:22:130
      KILLED INVERT_BITWISE at transaction_repo.go:22:117
      KILLED INVERT_BITWISE at transaction_repo.go:22:142
      KILLED INVERT_BITWISE at transaction_repo.go:22:153
      KILLED INVERT_BITWISE at transaction_repo.go:22:162
      KILLED INVERT_BITWISE at transaction_repo.go:22:171
      KILLED INVERT_BITWISE at transaction_repo.go:22:182
      KILLED INVERT_BITWISE at transaction_repo.go:22:206
      KILLED INVERT_BITWISE at transaction_repo.go:22:222
      KILLED INVERT_BITWISE at transaction_repo.go:22:233
      KILLED INVERT_BITWISE at transaction_repo.go:22:249
      KILLED INVERT_BITWISE at transaction_repo.go:22:259
      KILLED INVERT_BITWISE at transaction_repo.go:22:272
      KILLED INVERT_BITWISE at transaction_repo.go:22:290
      KILLED INVERT_BITWISE at transaction_repo.go:22:318
      KILLED INVERT_BITWISE at transaction_repo.go:22:304
      KILLED INVERT_BITWISE at transaction_repo.go:22:350
      KILLED INVERT_BITWISE at transaction_repo.go:22:332
      KILLED CONDITIONALS_NEGATION at transaction_repo.go:22:371
      KILLED INVERT_BITWISE at transaction_repo.go:38:20
      KILLED CONDITIONALS_NEGATION at transaction_repo.go:30:9
      KILLED INVERT_BITWISE at transaction_repo.go:47:13
      KILLED CONDITIONALS_NEGATION at transaction_repo.go:33:13
      KILLED INVERT_ASSIGNMENTS at transaction_repo.go:51:7
      KILLED CONDITIONALS_NEGATION at transaction_repo.go:35:8
      KILLED ARITHMETIC_BASE at transaction_repo.go:64:50
      KILLED CONDITIONALS_NEGATION at transaction_repo.go:45:20
      KILLED ARITHMETIC_BASE at transaction_repo.go:64:43
      KILLED ARITHMETIC_BASE at transaction_repo.go:67:50
      KILLED ARITHMETIC_BASE at transaction_repo.go:67:43
      KILLED REMOVE_SELF_ASSIGNMENTS at transaction_repo.go:51:7
      KILLED ARITHMETIC_BASE at transaction_repo.go:70:50
      KILLED ARITHMETIC_BASE at transaction_repo.go:70:43
      KILLED CONDITIONALS_NEGATION at transaction_repo.go:54:28
      KILLED INVERT_BITWISE at transaction_repo.go:77:7
      KILLED CONDITIONALS_NEGATION at transaction_repo.go:75:20
      KILLED ARITHMETIC_BASE at transaction_repo.go:86:46
      KILLED INVERT_LOGICAL at transaction_repo.go:80:16
      KILLED ARITHMETIC_BASE at transaction_repo.go:86:39
      KILLED CONDITIONALS_NEGATION at transaction_repo.go:80:9
      KILLED INVERT_BITWISE at transaction_repo.go:103:178
      KILLED CONDITIONALS_NEGATION at transaction_repo.go:80:38
      KILLED INVERT_BITWISE at uow.go:31:61
      KILLED CONDITIONALS_NEGATION at transaction_repo.go:94:8
      KILLED CONDITIONALS_NEGATION at transaction_repo.go:87:9
      KILLED ARITHMETIC_BASE at uow.go:47:59
      KILLED CONDITIONALS_NEGATION at uow.go:43:9
      KILLED CONDITIONALS_NEGATION at uow.go:51:39
      KILLED CONDITIONALS_NEGATION at uow.go:54:31
      KILLED INVERT_LOGICAL at uow.go:63:134
      KILLED INVERT_BITWISE at uow.go:63:85
      KILLED INVERT_LOGICAL at uow.go:63:90
      KILLED INVERT_BITWISE at uow.go:67:16
      KILLED INVERT_LOGICAL at uow.go:63:67
      KILLED INVERT_LOGICAL at uow.go:63:28
      KILLED INVERT_LOGICAL at uow.go:68:25
      KILLED INVERT_LOGICAL at uow.go:68:47
      KILLED INVERT_LOGICAL at uow.go:68:69
      KILLED CONDITIONALS_NEGATION at uow.go:68:14
      KILLED CONDITIONALS_NEGATION at uow.go:68:36
      KILLED CONDITIONALS_NEGATION at uow.go:68:58
      KILLED CONDITIONALS_NEGATION at uow.go:68:80
      KILLED INVERT_LOGICAL at uow.go:74:25
      KILLED CONDITIONALS_NEGATION at uow.go:71:14
      KILLED INVERT_LOGICAL at uow.go:74:47
      KILLED CONDITIONALS_NEGATION at uow.go:74:14
      KILLED CONDITIONALS_NEGATION at uow.go:74:36
      KILLED CONDITIONALS_NEGATION at uow.go:74:58
      KILLED INVERT_LOGICAL at uow.go:77:25
      KILLED INVERT_LOGICAL at uow.go:77:69
      KILLED INVERT_LOGICAL at uow.go:77:47
      KILLED CONDITIONALS_NEGATION at uow.go:77:14
      KILLED CONDITIONALS_NEGATION at uow.go:77:36
      KILLED CONDITIONALS_NEGATION at uow.go:77:58
      KILLED INVERT_LOGICAL at uow.go:77:91
      KILLED CONDITIONALS_BOUNDARY at uow.go:77:86
      KILLED INVERT_BITWISE at wallet_repo.go:32:20
      KILLED CONDITIONALS_NEGATION at uow.go:77:86
      KILLED ARITHMETIC_BASE at wallet_repo.go:39:58
      KILLED ARITHMETIC_BASE at wallet_repo.go:39:47
      KILLED ARITHMETIC_BASE at wallet_repo.go:44:58
      KILLED CONDITIONALS_NEGATION at uow.go:77:106
      KILLED ARITHMETIC_BASE at wallet_repo.go:44:47
      KILLED INVERT_LOGICAL at wallet_repo.go:32:25
      KILLED INVERT_BITWISE at wallet_repo.go:67:21
      KILLED CONDITIONALS_NEGATION at wallet_repo.go:32:36
      KILLED INVERT_BITWISE at wallet_repo.go:67:26
      KILLED INVERT_BITWISE at wallet_repo.go:67:35
      KILLED INVERT_BITWISE at wallet_repo.go:67:41
      KILLED INVERT_BITWISE at wallet_repo.go:67:49
      KILLED CONDITIONALS_NEGATION at wallet_repo.go:52:9
      KILLED INVERT_BITWISE at wallet_repo.go:67:65
      KILLED INVERT_BITWISE at wallet_repo.go:67:55
      KILLED CONDITIONALS_NEGATION at wallet_repo.go:55:24
      KILLED CONDITIONALS_NEGATION at wallet_repo.go:74:9
      KILLED CONDITIONALS_NEGATION at wallet_repo.go:67:76

Mutation testing completed in 1 minute 9 seconds
Killed: 340, Lived: 0, Not covered: 0
Timed out: 0, Not viable: 0, Skipped: 0
Test efficacy: 100.00%
Mutator coverage: 100.00%
