 Container wagering-app-1  Stopping
 Container wagering-app-1  Stopped
 Container wagering-localstack-1  Running
 Container wagering-postgres-1  Running
 Container wagering-keycloak-1  Running
 Container wagering-postgres-1  Waiting
 Container wagering-localstack-1  Waiting
 Container wagering-keycloak-1  Waiting
 Container wagering-postgres-1  Healthy
 Container wagering-keycloak-1  Healthy
 Container wagering-localstack-1  Healthy
 Container wagering-postgres-1  Running
no change
=== RUN   TestSimultaneousChannelsAndSQSTerminalRejection
--- PASS: TestSimultaneousChannelsAndSQSTerminalRejection (21.85s)
=== RUN   TestConcurrentReversalsAndFullRestart
--- PASS: TestConcurrentReversalsAndFullRestart (5.70s)
=== RUN   TestDependencyOutagesRecoverDurableWork
--- PASS: TestDependencyOutagesRecoverDurableWork (55.50s)
=== RUN   TestSIGTERMDrainsInFlightSQS
--- PASS: TestSIGTERMDrainsInFlightSQS (1.58s)
=== RUN   TestInternalAuthorizationAndExternalOpening
--- PASS: TestInternalAuthorizationAndExternalOpening (0.02s)
=== RUN   TestOutputContractsAndDurableDownstreamDedup
--- PASS: TestOutputContractsAndDurableDownstreamDedup (7.17s)
=== RUN   TestExternalOpeningSQSReachesDLQ
--- PASS: TestExternalOpeningSQSReachesDLQ (29.48s)
=== RUN   TestReferenceAttemptsExhaustionAndPendingDependency
--- PASS: TestReferenceAttemptsExhaustionAndPendingDependency (2.29s)
=== RUN   TestTransientExhaustionReachesDLQWithoutFinancialEffect
--- PASS: TestTransientExhaustionReachesDLQWithoutFinancialEffect (45.75s)
=== RUN   TestOutboxOldLeaseCannotConfirmNewOwner
--- PASS: TestOutboxOldLeaseCannotConfirmNewOwner (0.02s)
=== RUN   TestLockTimeoutIsRetryableAndReconciliationSnapshotIsStable
--- PASS: TestLockTimeoutIsRetryableAndReconciliationSnapshotIsStable (8.09s)
=== RUN   TestThreeProcessesConcurrentMoney
=== RUN   TestThreeProcessesConcurrentMoney/50-replays
=== RUN   TestThreeProcessesConcurrentMoney/two-80-on-100
=== RUN   TestThreeProcessesConcurrentMoney/wallet-lock-isolation
--- PASS: TestThreeProcessesConcurrentMoney (0.15s)
    --- PASS: TestThreeProcessesConcurrentMoney/50-replays (0.11s)
    --- PASS: TestThreeProcessesConcurrentMoney/two-80-on-100 (0.02s)
    --- PASS: TestThreeProcessesConcurrentMoney/wallet-lock-isolation (0.02s)
=== RUN   TestAuthorization
--- PASS: TestAuthorization (0.02s)
=== RUN   TestReversalsAndLoss
--- PASS: TestReversalsAndLoss (0.04s)
=== RUN   TestDatabaseGuardsAndAtomicRollback
--- PASS: TestDatabaseGuardsAndAtomicRollback (0.01s)
=== RUN   TestBrokerPermissions
--- PASS: TestBrokerPermissions (0.01s)
=== RUN   TestHTTPAndSQSReplayAndCrash
--- PASS: TestHTTPAndSQSReplayAndCrash (89.79s)
=== RUN   TestPendingReferenceRestart
--- PASS: TestPendingReferenceRestart (8.30s)
=== RUN   TestOutboxRecoveryTwoPublishers
--- PASS: TestOutboxRecoveryTwoPublishers (39.28s)
=== RUN   TestLedgerCursorAndOpeningZero
--- PASS: TestLedgerCursorAndOpeningZero (0.06s)
=== RUN   TestExpiredIdPToken
--- PASS: TestExpiredIdPToken (2.21s)
=== RUN   TestMigrationRoundTrip
--- PASS: TestMigrationRoundTrip (0.09s)
PASS
ok  	github.com/alexandre/wagering/test/integration	324.579s
=== RUN   TestFxGraph
--- PASS: TestFxGraph (0.01s)
=== RUN   TestRealFxStartStop
{"time":"2026-09-28T22:54:07.270497-03:00","level":"INFO","msg":"provided","constructor":"go.uber.org/fx.New.func1()","stacktrace":{"0":"go.uber.org/fx.New (/Users/alexandre/go/pkg/mod/go.uber.org/fx@v1.23.0/app.go:486)","1":"github.com/alexandre/wagering/cmd/wagering.TestRealFxStartStop (/Users/alexandre/wagering/cmd/wagering/lifecycle_integration_test.go:22)","2":"testing.tRunner (/opt/homebrew/Cellar/go/1.27.1/libexec/src/testing/testing.go:2193)"},"moduletrace":{"0":"go.uber.org/fx.New (/Users/alexandre/go/pkg/mod/go.uber.org/fx@v1.23.0/app.go:486)","1":"github.com/alexandre/wagering/cmd/wagering.TestRealFxStartStop (/Users/alexandre/wagering/cmd/wagering/lifecycle_integration_test.go:22)"},"type":"fx.Lifecycle"}
{"time":"2026-09-28T22:54:07.270696-03:00","level":"INFO","msg":"provided","constructor":"go.uber.org/fx.(*App).shutdowner-fm()","stacktrace":{"0":"go.uber.org/fx.New (/Users/alexandre/go/pkg/mod/go.uber.org/fx@v1.23.0/app.go:486)","1":"github.com/alexandre/wagering/cmd/wagering.TestRealFxStartStop (/Users/alexandre/wagering/cmd/wagering/lifecycle_integration_test.go:22)","2":"testing.tRunner (/opt/homebrew/Cellar/go/1.27.1/libexec/src/testing/testing.go:2193)"},"moduletrace":{"0":"go.uber.org/fx.New (/Users/alexandre/go/pkg/mod/go.uber.org/fx@v1.23.0/app.go:486)","1":"github.com/alexandre/wagering/cmd/wagering.TestRealFxStartStop (/Users/alexandre/wagering/cmd/wagering/lifecycle_integration_test.go:22)"},"type":"fx.Shutdowner"}
{"time":"2026-09-28T22:54:07.270766-03:00","level":"INFO","msg":"provided","constructor":"go.uber.org/fx.(*App).dotGraph-fm()","stacktrace":{"0":"go.uber.org/fx.New (/Users/alexandre/go/pkg/mod/go.uber.org/fx@v1.23.0/app.go:486)","1":"github.com/alexandre/wagering/cmd/wagering.TestRealFxStartStop (/Users/alexandre/wagering/cmd/wagering/lifecycle_integration_test.go:22)","2":"testing.tRunner (/opt/homebrew/Cellar/go/1.27.1/libexec/src/testing/testing.go:2193)"},"moduletrace":{"0":"go.uber.org/fx.New (/Users/alexandre/go/pkg/mod/go.uber.org/fx@v1.23.0/app.go:486)","1":"github.com/alexandre/wagering/cmd/wagering.TestRealFxStartStop (/Users/alexandre/wagering/cmd/wagering/lifecycle_integration_test.go:22)"},"type":"fx.DotGraph"}
{"time":"2026-09-28T22:54:07.270803-03:00","level":"INFO","msg":"provided","constructor":"github.com/alexandre/wagering/internal/infra/config.Load()","stacktrace":{"0":"github.com/alexandre/wagering/cmd/wagering.Options (/Users/alexandre/wagering/cmd/wagering/app.go:29)","1":"github.com/alexandre/wagering/cmd/wagering.TestRealFxStartStop (/Users/alexandre/wagering/cmd/wagering/lifecycle_integration_test.go:21)","2":"testing.tRunner (/opt/homebrew/Cellar/go/1.27.1/libexec/src/testing/testing.go:2193)"},"moduletrace":{"0":"github.com/alexandre/wagering/cmd/wagering.Options (/Users/alexandre/wagering/cmd/wagering/app.go:29)","1":"github.com/alexandre/wagering/cmd/wagering.TestRealFxStartStop (/Users/alexandre/wagering/cmd/wagering/lifecycle_integration_test.go:22)"},"type":"config.Config"}
{"time":"2026-09-28T22:54:07.270838-03:00","level":"INFO","msg":"provided","constructor":"github.com/alexandre/wagering/internal/platform/logging.New()","stacktrace":{"0":"github.com/alexandre/wagering/cmd/wagering.Options (/Users/alexandre/wagering/cmd/wagering/app.go:29)","1":"github.com/alexandre/wagering/cmd/wagering.TestRealFxStartStop (/Users/alexandre/wagering/cmd/wagering/lifecycle_integration_test.go:21)","2":"testing.tRunner (/opt/homebrew/Cellar/go/1.27.1/libexec/src/testing/testing.go:2193)"},"moduletrace":{"0":"github.com/alexandre/wagering/cmd/wagering.Options (/Users/alexandre/wagering/cmd/wagering/app.go:29)","1":"github.com/alexandre/wagering/cmd/wagering.TestRealFxStartStop (/Users/alexandre/wagering/cmd/wagering/lifecycle_integration_test.go:22)"},"type":"*slog.Logger"}
{"time":"2026-09-28T22:54:07.270872-03:00","level":"INFO","msg":"provided","constructor":"github.com/alexandre/wagering/internal/platform/worker.NewGroup()","stacktrace":{"0":"github.com/alexandre/wagering/cmd/wagering.Options (/Users/alexandre/wagering/cmd/wagering/app.go:29)","1":"github.com/alexandre/wagering/cmd/wagering.TestRealFxStartStop (/Users/alexandre/wagering/cmd/wagering/lifecycle_integration_test.go:21)","2":"testing.tRunner (/opt/homebrew/Cellar/go/1.27.1/libexec/src/testing/testing.go:2193)"},"moduletrace":{"0":"github.com/alexandre/wagering/cmd/wagering.Options (/Users/alexandre/wagering/cmd/wagering/app.go:29)","1":"github.com/alexandre/wagering/cmd/wagering.TestRealFxStartStop (/Users/alexandre/wagering/cmd/wagering/lifecycle_integration_test.go:22)"},"type":"*worker.Group"}
{"time":"2026-09-28T22:54:07.270949-03:00","level":"INFO","msg":"provided","constructor":"fx.Annotate(github.com/alexandre/wagering/internal/platform/sys.init.func1(), fx.As([[port.Clock]])","stacktrace":{"0":"github.com/alexandre/wagering/internal/platform/sys.init (/Users/alexandre/wagering/internal/platform/sys/sys.go:26)","1":"runtime.doInit1 (/opt/homebrew/Cellar/go/1.27.1/libexec/src/runtime/proc.go:8154)","2":"runtime.doInit (/opt/homebrew/Cellar/go/1.27.1/libexec/src/runtime/proc.go:8121)","3":"runtime.main (/opt/homebrew/Cellar/go/1.27.1/libexec/src/runtime/proc.go:269)"},"moduletrace":{"0":"github.com/alexandre/wagering/internal/platform/sys.init (/Users/alexandre/wagering/internal/platform/sys/sys.go:26)","1":"github.com/alexandre/wagering/internal/platform/sys.init (/Users/alexandre/wagering/internal/platform/sys/sys.go:26) (sys)","2":"github.com/alexandre/wagering/cmd/wagering.TestRealFxStartStop (/Users/alexandre/wagering/cmd/wagering/lifecycle_integration_test.go:22)"},"module":"sys","type":"port.Clock"}
{"time":"2026-09-28T22:54:07.271012-03:00","level":"INFO","msg":"provided","constructor":"fx.Annotate(github.com/alexandre/wagering/internal/platform/sys.init.func2(), fx.As([[port.IDGenerator]])","stacktrace":{"0":"github.com/alexandre/wagering/internal/platform/sys.init (/Users/alexandre/wagering/internal/platform/sys/sys.go:26)","1":"runtime.doInit1 (/opt/homebrew/Cellar/go/1.27.1/libexec/src/runtime/proc.go:8154)","2":"runtime.doInit (/opt/homebrew/Cellar/go/1.27.1/libexec/src/runtime/proc.go:8121)","3":"runtime.main (/opt/homebrew/Cellar/go/1.27.1/libexec/src/runtime/proc.go:269)"},"moduletrace":{"0":"github.com/alexandre/wagering/internal/platform/sys.init (/Users/alexandre/wagering/internal/platform/sys/sys.go:26)","1":"github.com/alexandre/wagering/internal/platform/sys.init (/Users/alexandre/wagering/internal/platform/sys/sys.go:26) (sys)","2":"github.com/alexandre/wagering/cmd/wagering.TestRealFxStartStop (/Users/alexandre/wagering/cmd/wagering/lifecycle_integration_test.go:22)"},"module":"sys","type":"port.IDGenerator"}
{"time":"2026-09-28T22:54:07.271055-03:00","level":"INFO","msg":"provided","constructor":"github.com/alexandre/wagering/internal/platform/metrics.New()","stacktrace":{"0":"github.com/alexandre/wagering/internal/platform/metrics.init (/Users/alexandre/wagering/internal/platform/metrics/metrics.go:51)","1":"runtime.doInit1 (/opt/homebrew/Cellar/go/1.27.1/libexec/src/runtime/proc.go:8154)","2":"runtime.doInit (/opt/homebrew/Cellar/go/1.27.1/libexec/src/runtime/proc.go:8121)","3":"runtime.main (/opt/homebrew/Cellar/go/1.27.1/libexec/src/runtime/proc.go:269)"},"moduletrace":{"0":"github.com/alexandre/wagering/internal/platform/metrics.init (/Users/alexandre/wagering/internal/platform/metrics/metrics.go:51)","1":"github.com/alexandre/wagering/internal/platform/metrics.init (/Users/alexandre/wagering/internal/platform/metrics/metrics.go:51) (metrics)","2":"github.com/alexandre/wagering/cmd/wagering.TestRealFxStartStop (/Users/alexandre/wagering/cmd/wagering/lifecycle_integration_test.go:22)"},"module":"metrics","type":"*metrics.Recorder"}
{"time":"2026-09-28T22:54:07.271096-03:00","level":"INFO","msg":"provided","constructor":"github.com/alexandre/wagering/internal/platform/metrics.init.func1()","stacktrace":{"0":"github.com/alexandre/wagering/internal/platform/metrics.init (/Users/alexandre/wagering/internal/platform/metrics/metrics.go:51)","1":"runtime.doInit1 (/opt/homebrew/Cellar/go/1.27.1/libexec/src/runtime/proc.go:8154)","2":"runtime.doInit (/opt/homebrew/Cellar/go/1.27.1/libexec/src/runtime/proc.go:8121)","3":"runtime.main (/opt/homebrew/Cellar/go/1.27.1/libexec/src/runtime/proc.go:269)"},"moduletrace":{"0":"github.com/alexandre/wagering/internal/platform/metrics.init (/Users/alexandre/wagering/internal/platform/metrics/metrics.go:51)","1":"github.com/alexandre/wagering/internal/platform/metrics.init (/Users/alexandre/wagering/internal/platform/metrics/metrics.go:51) (metrics)","2":"github.com/alexandre/wagering/cmd/wagering.TestRealFxStartStop (/Users/alexandre/wagering/cmd/wagering/lifecycle_integration_test.go:22)"},"module":"metrics","type":"port.Metrics"}
{"time":"2026-09-28T22:54:07.271136-03:00","level":"INFO","msg":"provided","constructor":"github.com/alexandre/wagering/internal/infra/postgres.NewPool()","stacktrace":{"0":"github.com/alexandre/wagering/internal/infra/postgres.init (/Users/alexandre/wagering/internal/infra/postgres/module.go:16)","1":"runtime.doInit1 (/opt/homebrew/Cellar/go/1.27.1/libexec/src/runtime/proc.go:8154)","2":"runtime.doInit (/opt/homebrew/Cellar/go/1.27.1/libexec/src/runtime/proc.go:8121)","3":"runtime.main (/opt/homebrew/Cellar/go/1.27.1/libexec/src/runtime/proc.go:269)"},"moduletrace":{"0":"github.com/alexandre/wagering/internal/infra/postgres.init (/Users/alexandre/wagering/internal/infra/postgres/module.go:16)","1":"github.com/alexandre/wagering/internal/infra/postgres.init (/Users/alexandre/wagering/internal/infra/postgres/module.go:15) (postgres)","2":"github.com/alexandre/wagering/cmd/wagering.TestRealFxStartStop (/Users/alexandre/wagering/cmd/wagering/lifecycle_integration_test.go:22)"},"module":"postgres","type":"*pgxpool.Pool"}
{"time":"2026-09-28T22:54:07.271176-03:00","level":"INFO","msg":"provided","constructor":"fx.Annotate(github.com/alexandre/wagering/internal/infra/postgres.NewUnitOfWork(), fx.As([[port.UnitOfWork]])","stacktrace":{"0":"github.com/alexandre/wagering/internal/infra/postgres.init (/Users/alexandre/wagering/internal/infra/postgres/module.go:16)","1":"runtime.doInit1 (/opt/homebrew/Cellar/go/1.27.1/libexec/src/runtime/proc.go:8154)","2":"runtime.doInit (/opt/homebrew/Cellar/go/1.27.1/libexec/src/runtime/proc.go:8121)","3":"runtime.main (/opt/homebrew/Cellar/go/1.27.1/libexec/src/runtime/proc.go:269)"},"moduletrace":{"0":"github.com/alexandre/wagering/internal/infra/postgres.init (/Users/alexandre/wagering/internal/infra/postgres/module.go:16)","1":"github.com/alexandre/wagering/internal/infra/postgres.init (/Users/alexandre/wagering/internal/infra/postgres/module.go:15) (postgres)","2":"github.com/alexandre/wagering/cmd/wagering.TestRealFxStartStop (/Users/alexandre/wagering/cmd/wagering/lifecycle_integration_test.go:22)"},"module":"postgres","type":"port.UnitOfWork"}
{"time":"2026-09-28T22:54:07.271216-03:00","level":"INFO","msg":"provided","constructor":"fx.Annotate(github.com/alexandre/wagering/internal/infra/postgres.NewReadiness(), fx.ResultTags([\"group:\\\"readiness\\\"\"]), fx.As([[port.ReadinessChecker]])","stacktrace":{"0":"github.com/alexandre/wagering/internal/infra/postgres.init (/Users/alexandre/wagering/internal/infra/postgres/module.go:16)","1":"runtime.doInit1 (/opt/homebrew/Cellar/go/1.27.1/libexec/src/runtime/proc.go:8154)","2":"runtime.doInit (/opt/homebrew/Cellar/go/1.27.1/libexec/src/runtime/proc.go:8121)","3":"runtime.main (/opt/homebrew/Cellar/go/1.27.1/libexec/src/runtime/proc.go:269)"},"moduletrace":{"0":"github.com/alexandre/wagering/internal/infra/postgres.init (/Users/alexandre/wagering/internal/infra/postgres/module.go:16)","1":"github.com/alexandre/wagering/internal/infra/postgres.init (/Users/alexandre/wagering/internal/infra/postgres/module.go:15) (postgres)","2":"github.com/alexandre/wagering/cmd/wagering.TestRealFxStartStop (/Users/alexandre/wagering/cmd/wagering/lifecycle_integration_test.go:22)"},"module":"postgres","type":"port.ReadinessChecker[group = \"readiness\"]"}
{"time":"2026-09-28T22:54:07.271259-03:00","level":"INFO","msg":"provided","constructor":"github.com/alexandre/wagering/internal/infra/auth.NewVerifier()","stacktrace":{"0":"github.com/alexandre/wagering/internal/infra/auth.init (/Users/alexandre/wagering/internal/infra/auth/verifier.go:162)","1":"runtime.doInit1 (/opt/homebrew/Cellar/go/1.27.1/libexec/src/runtime/proc.go:8154)","2":"runtime.doInit (/opt/homebrew/Cellar/go/1.27.1/libexec/src/runtime/proc.go:8121)","3":"runtime.main (/opt/homebrew/Cellar/go/1.27.1/libexec/src/runtime/proc.go:269)"},"moduletrace":{"0":"github.com/alexandre/wagering/internal/infra/auth.init (/Users/alexandre/wagering/internal/infra/auth/verifier.go:162)","1":"github.com/alexandre/wagering/internal/infra/auth.init (/Users/alexandre/wagering/internal/infra/auth/verifier.go:162) (auth)","2":"github.com/alexandre/wagering/cmd/wagering.TestRealFxStartStop (/Users/alexandre/wagering/cmd/wagering/lifecycle_integration_test.go:22)"},"module":"auth","type":"*auth.Verifier"}
{"time":"2026-09-28T22:54:07.271297-03:00","level":"INFO","msg":"provided","constructor":"github.com/alexandre/wagering/internal/app/usecase.NewOpenWallet()","stacktrace":{"0":"github.com/alexandre/wagering/internal/app/usecase.init (/Users/alexandre/wagering/internal/app/usecase/module.go:10)","1":"runtime.doInit1 (/opt/homebrew/Cellar/go/1.27.1/libexec/src/runtime/proc.go:8154)","2":"runtime.doInit (/opt/homebrew/Cellar/go/1.27.1/libexec/src/runtime/proc.go:8121)","3":"runtime.main (/opt/homebrew/Cellar/go/1.27.1/libexec/src/runtime/proc.go:269)"},"moduletrace":{"0":"github.com/alexandre/wagering/internal/app/usecase.init (/Users/alexandre/wagering/internal/app/usecase/module.go:10)","1":"github.com/alexandre/wagering/internal/app/usecase.init (/Users/alexandre/wagering/internal/app/usecase/module.go:9) (usecase)","2":"github.com/alexandre/wagering/cmd/wagering.TestRealFxStartStop (/Users/alexandre/wagering/cmd/wagering/lifecycle_integration_test.go:22)"},"module":"usecase","type":"*usecase.OpenWallet"}
{"time":"2026-09-28T22:54:07.271335-03:00","level":"INFO","msg":"provided","constructor":"github.com/alexandre/wagering/internal/app/usecase.NewGetWallet()","stacktrace":{"0":"github.com/alexandre/wagering/internal/app/usecase.init (/Users/alexandre/wagering/internal/app/usecase/module.go:10)","1":"runtime.doInit1 (/opt/homebrew/Cellar/go/1.27.1/libexec/src/runtime/proc.go:8154)","2":"runtime.doInit (/opt/homebrew/Cellar/go/1.27.1/libexec/src/runtime/proc.go:8121)","3":"runtime.main (/opt/homebrew/Cellar/go/1.27.1/libexec/src/runtime/proc.go:269)"},"moduletrace":{"0":"github.com/alexandre/wagering/internal/app/usecase.init (/Users/alexandre/wagering/internal/app/usecase/module.go:10)","1":"github.com/alexandre/wagering/internal/app/usecase.init (/Users/alexandre/wagering/internal/app/usecase/module.go:9) (usecase)","2":"github.com/alexandre/wagering/cmd/wagering.TestRealFxStartStop (/Users/alexandre/wagering/cmd/wagering/lifecycle_integration_test.go:22)"},"module":"usecase","type":"*usecase.GetWallet"}
{"time":"2026-09-28T22:54:07.271372-03:00","level":"INFO","msg":"provided","constructor":"github.com/alexandre/wagering/internal/app/usecase.NewListLedger()","stacktrace":{"0":"github.com/alexandre/wagering/internal/app/usecase.init (/Users/alexandre/wagering/internal/app/usecase/module.go:10)","1":"runtime.doInit1 (/opt/homebrew/Cellar/go/1.27.1/libexec/src/runtime/proc.go:8154)","2":"runtime.doInit (/opt/homebrew/Cellar/go/1.27.1/libexec/src/runtime/proc.go:8121)","3":"runtime.main (/opt/homebrew/Cellar/go/1.27.1/libexec/src/runtime/proc.go:269)"},"moduletrace":{"0":"github.com/alexandre/wagering/internal/app/usecase.init (/Users/alexandre/wagering/internal/app/usecase/module.go:10)","1":"github.com/alexandre/wagering/internal/app/usecase.init (/Users/alexandre/wagering/internal/app/usecase/module.go:9) (usecase)","2":"github.com/alexandre/wagering/cmd/wagering.TestRealFxStartStop (/Users/alexandre/wagering/cmd/wagering/lifecycle_integration_test.go:22)"},"module":"usecase","type":"*usecase.ListLedger"}
{"time":"2026-09-28T22:54:07.271414-03:00","level":"INFO","msg":"provided","constructor":"github.com/alexandre/wagering/internal/app/usecase.NewReconcileWallet()","stacktrace":{"0":"github.com/alexandre/wagering/internal/app/usecase.init (/Users/alexandre/wagering/internal/app/usecase/module.go:10)","1":"runtime.doInit1 (/opt/homebrew/Cellar/go/1.27.1/libexec/src/runtime/proc.go:8154)","2":"runtime.doInit (/opt/homebrew/Cellar/go/1.27.1/libexec/src/runtime/proc.go:8121)","3":"runtime.main (/opt/homebrew/Cellar/go/1.27.1/libexec/src/runtime/proc.go:269)"},"moduletrace":{"0":"github.com/alexandre/wagering/internal/app/usecase.init (/Users/alexandre/wagering/internal/app/usecase/module.go:10)","1":"github.com/alexandre/wagering/internal/app/usecase.init (/Users/alexandre/wagering/internal/app/usecase/module.go:9) (usecase)","2":"github.com/alexandre/wagering/cmd/wagering.TestRealFxStartStop (/Users/alexandre/wagering/cmd/wagering/lifecycle_integration_test.go:22)"},"module":"usecase","type":"*usecase.ReconcileWallet"}
{"time":"2026-09-28T22:54:07.271453-03:00","level":"INFO","msg":"provided","constructor":"github.com/alexandre/wagering/internal/app/usecase.NewSubmitTransaction()","stacktrace":{"0":"github.com/alexandre/wagering/internal/app/usecase.init (/Users/alexandre/wagering/internal/app/usecase/module.go:10)","1":"runtime.doInit1 (/opt/homebrew/Cellar/go/1.27.1/libexec/src/runtime/proc.go:8154)","2":"runtime.doInit (/opt/homebrew/Cellar/go/1.27.1/libexec/src/runtime/proc.go:8121)","3":"runtime.main (/opt/homebrew/Cellar/go/1.27.1/libexec/src/runtime/proc.go:269)"},"moduletrace":{"0":"github.com/alexandre/wagering/internal/app/usecase.init (/Users/alexandre/wagering/internal/app/usecase/module.go:10)","1":"github.com/alexandre/wagering/internal/app/usecase.init (/Users/alexandre/wagering/internal/app/usecase/module.go:9) (usecase)","2":"github.com/alexandre/wagering/cmd/wagering.TestRealFxStartStop (/Users/alexandre/wagering/cmd/wagering/lifecycle_integration_test.go:22)"},"module":"usecase","type":"*usecase.SubmitTransaction"}
{"time":"2026-09-28T22:54:07.27149-03:00","level":"INFO","msg":"provided","constructor":"github.com/alexandre/wagering/internal/app/usecase.NewGetTransaction()","stacktrace":{"0":"github.com/alexandre/wagering/internal/app/usecase.init (/Users/alexandre/wagering/internal/app/usecase/module.go:10)","1":"runtime.doInit1 (/opt/homebrew/Cellar/go/1.27.1/libexec/src/runtime/proc.go:8154)","2":"runtime.doInit (/opt/homebrew/Cellar/go/1.27.1/libexec/src/runtime/proc.go:8121)","3":"runtime.main (/opt/homebrew/Cellar/go/1.27.1/libexec/src/runtime/proc.go:269)"},"moduletrace":{"0":"github.com/alexandre/wagering/internal/app/usecase.init (/Users/alexandre/wagering/internal/app/usecase/module.go:10)","1":"github.com/alexandre/wagering/internal/app/usecase.init (/Users/alexandre/wagering/internal/app/usecase/module.go:9) (usecase)","2":"github.com/alexandre/wagering/cmd/wagering.TestRealFxStartStop (/Users/alexandre/wagering/cmd/wagering/lifecycle_integration_test.go:22)"},"module":"usecase","type":"*usecase.GetTransaction"}
{"time":"2026-09-28T22:54:07.271527-03:00","level":"INFO","msg":"provided","constructor":"github.com/alexandre/wagering/internal/app/usecase.NewProcessPendingReferences()","stacktrace":{"0":"github.com/alexandre/wagering/internal/app/usecase.init (/Users/alexandre/wagering/internal/app/usecase/module.go:10)","1":"runtime.doInit1 (/opt/homebrew/Cellar/go/1.27.1/libexec/src/runtime/proc.go:8154)","2":"runtime.doInit (/opt/homebrew/Cellar/go/1.27.1/libexec/src/runtime/proc.go:8121)","3":"runtime.main (/opt/homebrew/Cellar/go/1.27.1/libexec/src/runtime/proc.go:269)"},"moduletrace":{"0":"github.com/alexandre/wagering/internal/app/usecase.init (/Users/alexandre/wagering/internal/app/usecase/module.go:10)","1":"github.com/alexandre/wagering/internal/app/usecase.init (/Users/alexandre/wagering/internal/app/usecase/module.go:9) (usecase)","2":"github.com/alexandre/wagering/cmd/wagering.TestRealFxStartStop (/Users/alexandre/wagering/cmd/wagering/lifecycle_integration_test.go:22)"},"module":"usecase","type":"*usecase.ProcessPendingReferences"}
{"time":"2026-09-28T22:54:07.271566-03:00","level":"INFO","msg":"provided","constructor":"github.com/alexandre/wagering/internal/app/usecase.NewPublishOutbox()","stacktrace":{"0":"github.com/alexandre/wagering/internal/app/usecase.init (/Users/alexandre/wagering/internal/app/usecase/module.go:10)","1":"runtime.doInit1 (/opt/homebrew/Cellar/go/1.27.1/libexec/src/runtime/proc.go:8154)","2":"runtime.doInit (/opt/homebrew/Cellar/go/1.27.1/libexec/src/runtime/proc.go:8121)","3":"runtime.main (/opt/homebrew/Cellar/go/1.27.1/libexec/src/runtime/proc.go:269)"},"moduletrace":{"0":"github.com/alexandre/wagering/internal/app/usecase.init (/Users/alexandre/wagering/internal/app/usecase/module.go:10)","1":"github.com/alexandre/wagering/internal/app/usecase.init (/Users/alexandre/wagering/internal/app/usecase/module.go:9) (usecase)","2":"github.com/alexandre/wagering/cmd/wagering.TestRealFxStartStop (/Users/alexandre/wagering/cmd/wagering/lifecycle_integration_test.go:22)"},"module":"usecase","type":"*usecase.PublishOutbox"}
{"time":"2026-09-28T22:54:07.271604-03:00","level":"INFO","msg":"provided","constructor":"fx.Annotate(github.com/alexandre/wagering/internal/app/usecase.NewConsumeWagerMessage(), fx.As([[port.MessageHandler]])","stacktrace":{"0":"github.com/alexandre/wagering/internal/app/usecase.init (/Users/alexandre/wagering/internal/app/usecase/module.go:10)","1":"runtime.doInit1 (/opt/homebrew/Cellar/go/1.27.1/libexec/src/runtime/proc.go:8154)","2":"runtime.doInit (/opt/homebrew/Cellar/go/1.27.1/libexec/src/runtime/proc.go:8121)","3":"runtime.main (/opt/homebrew/Cellar/go/1.27.1/libexec/src/runtime/proc.go:269)"},"moduletrace":{"0":"github.com/alexandre/wagering/internal/app/usecase.init (/Users/alexandre/wagering/internal/app/usecase/module.go:10)","1":"github.com/alexandre/wagering/internal/app/usecase.init (/Users/alexandre/wagering/internal/app/usecase/module.go:9) (usecase)","2":"github.com/alexandre/wagering/cmd/wagering.TestRealFxStartStop (/Users/alexandre/wagering/cmd/wagering/lifecycle_integration_test.go:22)"},"module":"usecase","type":"port.MessageHandler"}
{"time":"2026-09-28T22:54:07.271651-03:00","level":"INFO","msg":"provided","constructor":"github.com/alexandre/wagering/internal/infra/sqs.NewClient()","stacktrace":{"0":"github.com/alexandre/wagering/internal/infra/sqs.init (/Users/alexandre/wagering/internal/infra/sqs/module.go:20)","1":"runtime.doInit1 (/opt/homebrew/Cellar/go/1.27.1/libexec/src/runtime/proc.go:8154)","2":"runtime.doInit (/opt/homebrew/Cellar/go/1.27.1/libexec/src/runtime/proc.go:8121)","3":"runtime.main (/opt/homebrew/Cellar/go/1.27.1/libexec/src/runtime/proc.go:269)"},"moduletrace":{"0":"github.com/alexandre/wagering/internal/infra/sqs.init (/Users/alexandre/wagering/internal/infra/sqs/module.go:20)","1":"github.com/alexandre/wagering/internal/infra/sqs.init (/Users/alexandre/wagering/internal/infra/sqs/module.go:19) (sqs)","2":"github.com/alexandre/wagering/cmd/wagering.TestRealFxStartStop (/Users/alexandre/wagering/cmd/wagering/lifecycle_integration_test.go:22)"},"module":"sqs","type":"*sqs.Client"}
{"time":"2026-09-28T22:54:07.271687-03:00","level":"INFO","msg":"provided","constructor":"fx.Annotate(github.com/alexandre/wagering/internal/infra/sqs.NewPublisher(), fx.As([[port.EventPublisher]])","stacktrace":{"0":"github.com/alexandre/wagering/internal/infra/sqs.init (/Users/alexandre/wagering/internal/infra/sqs/module.go:20)","1":"runtime.doInit1 (/opt/homebrew/Cellar/go/1.27.1/libexec/src/runtime/proc.go:8154)","2":"runtime.doInit (/opt/homebrew/Cellar/go/1.27.1/libexec/src/runtime/proc.go:8121)","3":"runtime.main (/opt/homebrew/Cellar/go/1.27.1/libexec/src/runtime/proc.go:269)"},"moduletrace":{"0":"github.com/alexandre/wagering/internal/infra/sqs.init (/Users/alexandre/wagering/internal/infra/sqs/module.go:20)","1":"github.com/alexandre/wagering/internal/infra/sqs.init (/Users/alexandre/wagering/internal/infra/sqs/module.go:19) (sqs)","2":"github.com/alexandre/wagering/cmd/wagering.TestRealFxStartStop (/Users/alexandre/wagering/cmd/wagering/lifecycle_integration_test.go:22)"},"module":"sqs","type":"port.EventPublisher"}
{"time":"2026-09-28T22:54:07.271726-03:00","level":"INFO","msg":"provided","constructor":"fx.Annotate(github.com/alexandre/wagering/internal/infra/sqs.NewReadiness(), fx.ResultTags([\"group:\\\"readiness\\\"\"]), fx.As([[port.ReadinessChecker]])","stacktrace":{"0":"github.com/alexandre/wagering/internal/infra/sqs.init (/Users/alexandre/wagering/internal/infra/sqs/module.go:20)","1":"runtime.doInit1 (/opt/homebrew/Cellar/go/1.27.1/libexec/src/runtime/proc.go:8154)","2":"runtime.doInit (/opt/homebrew/Cellar/go/1.27.1/libexec/src/runtime/proc.go:8121)","3":"runtime.main (/opt/homebrew/Cellar/go/1.27.1/libexec/src/runtime/proc.go:269)"},"moduletrace":{"0":"github.com/alexandre/wagering/internal/infra/sqs.init (/Users/alexandre/wagering/internal/infra/sqs/module.go:20)","1":"github.com/alexandre/wagering/internal/infra/sqs.init (/Users/alexandre/wagering/internal/infra/sqs/module.go:19) (sqs)","2":"github.com/alexandre/wagering/cmd/wagering.TestRealFxStartStop (/Users/alexandre/wagering/cmd/wagering/lifecycle_integration_test.go:22)"},"module":"sqs","type":"port.ReadinessChecker[group = \"readiness\"]"}
{"time":"2026-09-28T22:54:07.271769-03:00","level":"INFO","msg":"provided","constructor":"github.com/alexandre/wagering/internal/transport/httpapi.NewServer()","stacktrace":{"0":"github.com/alexandre/wagering/internal/transport/httpapi.init (/Users/alexandre/wagering/internal/transport/httpapi/module.go:21)","1":"runtime.doInit1 (/opt/homebrew/Cellar/go/1.27.1/libexec/src/runtime/proc.go:8154)","2":"runtime.doInit (/opt/homebrew/Cellar/go/1.27.1/libexec/src/runtime/proc.go:8121)","3":"runtime.main (/opt/homebrew/Cellar/go/1.27.1/libexec/src/runtime/proc.go:269)"},"moduletrace":{"0":"github.com/alexandre/wagering/internal/transport/httpapi.init (/Users/alexandre/wagering/internal/transport/httpapi/module.go:21)","1":"github.com/alexandre/wagering/internal/transport/httpapi.init (/Users/alexandre/wagering/internal/transport/httpapi/module.go:21) (httpapi)","2":"github.com/alexandre/wagering/cmd/wagering.TestRealFxStartStop (/Users/alexandre/wagering/cmd/wagering/lifecycle_integration_test.go:22)"},"module":"httpapi","type":"*http.Server"}
{"time":"2026-09-28T22:54:07.271884-03:00","level":"INFO","msg":"run","name":"github.com/alexandre/wagering/internal/infra/config.Load()","kind":"provide","runtime":"48.334µs"}
{"time":"2026-09-28T22:54:07.271903-03:00","level":"INFO","msg":"run","name":"github.com/alexandre/wagering/internal/platform/logging.New()","kind":"provide","runtime":"21µs"}
{"time":"2026-09-28T22:54:07.271918-03:00","level":"INFO","msg":"initialized custom fxevent.Logger","function":"github.com/alexandre/wagering/cmd/wagering.Options.func1()"}
{"time":"2026-09-28T22:54:07.271963-03:00","level":"INFO","msg":"invoking","function":"github.com/alexandre/wagering/internal/infra/sqs.init.func1()","module":"sqs"}
{"time":"2026-09-28T22:54:07.272181-03:00","level":"INFO","msg":"run","name":"go.uber.org/fx.New.func1()","kind":"provide","runtime":"35.833µs"}
{"time":"2026-09-28T22:54:07.272229-03:00","level":"INFO","msg":"run","name":"go.uber.org/fx.(*App).shutdowner-fm()","kind":"provide","runtime":"11.25µs"}
{"time":"2026-09-28T22:54:07.27229-03:00","level":"INFO","msg":"run","name":"github.com/alexandre/wagering/internal/platform/worker.NewGroup()","kind":"provide","runtime":"37.417µs"}
{"time":"2026-09-28T22:54:07.272916-03:00","level":"INFO","msg":"run","name":"github.com/alexandre/wagering/internal/infra/sqs.NewClient()","kind":"provide","runtime":"591.625µs","module":"sqs"}
{"time":"2026-09-28T22:54:07.274913-03:00","level":"INFO","msg":"run","name":"github.com/alexandre/wagering/internal/infra/postgres.NewPool()","kind":"provide","runtime":"1.940708ms","module":"postgres"}
{"time":"2026-09-28T22:54:07.274993-03:00","level":"INFO","msg":"run","name":"fx.Annotate(github.com/alexandre/wagering/internal/infra/postgres.NewUnitOfWork(), fx.As([[port.UnitOfWork]])","kind":"provide","runtime":"52.584µs","module":"postgres"}
{"time":"2026-09-28T22:54:07.27504-03:00","level":"INFO","msg":"run","name":"fx.Annotate(github.com/alexandre/wagering/internal/platform/sys.init.func1(), fx.As([[port.Clock]])","kind":"provide","runtime":"20.5µs","module":"sys"}
{"time":"2026-09-28T22:54:07.27508-03:00","level":"INFO","msg":"run","name":"fx.Annotate(github.com/alexandre/wagering/internal/platform/sys.init.func2(), fx.As([[port.IDGenerator]])","kind":"provide","runtime":"16.791µs","module":"sys"}
{"time":"2026-09-28T22:54:07.275242-03:00","level":"INFO","msg":"run","name":"github.com/alexandre/wagering/internal/platform/metrics.New()","kind":"provide","runtime":"133.541µs","module":"metrics"}
{"time":"2026-09-28T22:54:07.275275-03:00","level":"INFO","msg":"run","name":"github.com/alexandre/wagering/internal/platform/metrics.init.func1()","kind":"provide","runtime":"11.042µs","module":"metrics"}
{"time":"2026-09-28T22:54:07.27531-03:00","level":"INFO","msg":"run","name":"github.com/alexandre/wagering/internal/app/usecase.NewSubmitTransaction()","kind":"provide","runtime":"15.667µs","module":"usecase"}
{"time":"2026-09-28T22:54:07.275369-03:00","level":"INFO","msg":"run","name":"fx.Annotate(github.com/alexandre/wagering/internal/app/usecase.NewConsumeWagerMessage(), fx.As([[port.MessageHandler]])","kind":"provide","runtime":"40µs","module":"usecase"}
{"time":"2026-09-28T22:54:07.275579-03:00","level":"INFO","msg":"invoking","function":"github.com/alexandre/wagering/internal/infra/outbox.init.func1()","module":"outbox"}
{"time":"2026-09-28T22:54:07.275775-03:00","level":"INFO","msg":"run","name":"fx.Annotate(github.com/alexandre/wagering/internal/infra/sqs.NewPublisher(), fx.As([[port.EventPublisher]])","kind":"provide","runtime":"35.208µs","module":"sqs"}
{"time":"2026-09-28T22:54:07.275815-03:00","level":"INFO","msg":"run","name":"github.com/alexandre/wagering/internal/app/usecase.NewPublishOutbox()","kind":"provide","runtime":"14.167µs","module":"usecase"}
{"time":"2026-09-28T22:54:07.275899-03:00","level":"INFO","msg":"invoking","function":"github.com/alexandre/wagering/internal/infra/reference.init.func1()","module":"reference"}
{"time":"2026-09-28T22:54:07.276067-03:00","level":"INFO","msg":"run","name":"github.com/alexandre/wagering/internal/app/usecase.NewProcessPendingReferences()","kind":"provide","runtime":"15.667µs","module":"usecase"}
{"time":"2026-09-28T22:54:07.276155-03:00","level":"INFO","msg":"invoking","function":"github.com/alexandre/wagering/internal/transport/httpapi.init.func1()","module":"httpapi"}
{"time":"2026-09-28T22:54:07.276324-03:00","level":"INFO","msg":"run","name":"github.com/alexandre/wagering/internal/app/usecase.NewOpenWallet()","kind":"provide","runtime":"12.708µs","module":"usecase"}
{"time":"2026-09-28T22:54:07.276367-03:00","level":"INFO","msg":"run","name":"github.com/alexandre/wagering/internal/app/usecase.NewGetWallet()","kind":"provide","runtime":"14.958µs","module":"usecase"}
{"time":"2026-09-28T22:54:07.276403-03:00","level":"INFO","msg":"run","name":"github.com/alexandre/wagering/internal/app/usecase.NewListLedger()","kind":"provide","runtime":"8.75µs","module":"usecase"}
{"time":"2026-09-28T22:54:07.276442-03:00","level":"INFO","msg":"run","name":"github.com/alexandre/wagering/internal/app/usecase.NewReconcileWallet()","kind":"provide","runtime":"11.709µs","module":"usecase"}
{"time":"2026-09-28T22:54:07.27648-03:00","level":"INFO","msg":"run","name":"github.com/alexandre/wagering/internal/app/usecase.NewGetTransaction()","kind":"provide","runtime":"8.792µs","module":"usecase"}
{"time":"2026-09-28T22:54:07.276673-03:00","level":"INFO","msg":"run","name":"github.com/alexandre/wagering/internal/infra/auth.NewVerifier()","kind":"provide","runtime":"165.958µs","module":"auth"}
{"time":"2026-09-28T22:54:07.276752-03:00","level":"INFO","msg":"run","name":"fx.Annotate(github.com/alexandre/wagering/internal/infra/postgres.NewReadiness(), fx.ResultTags([\"group:\\\"readiness\\\"\"]), fx.As([[port.ReadinessChecker]])","kind":"provide","runtime":"47.292µs","module":"postgres"}
{"time":"2026-09-28T22:54:07.276828-03:00","level":"INFO","msg":"run","name":"fx.Annotate(github.com/alexandre/wagering/internal/infra/sqs.NewReadiness(), fx.ResultTags([\"group:\\\"readiness\\\"\"]), fx.As([[port.ReadinessChecker]])","kind":"provide","runtime":"43.667µs","module":"sqs"}
{"time":"2026-09-28T22:54:07.277144-03:00","level":"INFO","msg":"run","name":"github.com/alexandre/wagering/internal/transport/httpapi.NewServer()","kind":"provide","runtime":"287.167µs","module":"httpapi"}
{"time":"2026-09-28T22:54:07.277218-03:00","level":"INFO","msg":"invoking","function":"github.com/alexandre/wagering/internal/platform/worker.(*Group).Install()"}
{"time":"2026-09-28T22:54:07.277408-03:00","level":"INFO","msg":"invoking","function":"reflect.makeFuncStub()"}
{"time":"2026-09-28T22:54:07.277578-03:00","level":"INFO","msg":"OnStart hook executing","callee":"github.com/alexandre/wagering/internal/infra/postgres.NewPool.func1()","caller":"github.com/alexandre/wagering/internal/infra/postgres.NewPool"}
{"time":"2026-09-28T22:54:07.29524-03:00","level":"INFO","msg":"OnStart hook executed","callee":"github.com/alexandre/wagering/internal/infra/postgres.NewPool.func1()","caller":"github.com/alexandre/wagering/internal/infra/postgres.NewPool","runtime":"17.5865ms"}
{"time":"2026-09-28T22:54:07.295317-03:00","level":"INFO","msg":"OnStart hook executing","callee":"github.com/alexandre/wagering/internal/infra/sqs.init.func1.1()","caller":"github.com/alexandre/wagering/internal/infra/sqs.init.func1"}
{"time":"2026-09-28T22:54:07.303376-03:00","level":"INFO","msg":"OnStart hook executed","callee":"github.com/alexandre/wagering/internal/infra/sqs.init.func1.1()","caller":"github.com/alexandre/wagering/internal/infra/sqs.init.func1","runtime":"8.0385ms"}
{"time":"2026-09-28T22:54:07.303433-03:00","level":"INFO","msg":"OnStart hook executing","callee":"github.com/alexandre/wagering/internal/infra/auth.NewVerifier.func1()","caller":"github.com/alexandre/wagering/internal/infra/auth.NewVerifier"}
{"time":"2026-09-28T22:54:07.309331-03:00","level":"INFO","msg":"OnStart hook executed","callee":"github.com/alexandre/wagering/internal/infra/auth.NewVerifier.func1()","caller":"github.com/alexandre/wagering/internal/infra/auth.NewVerifier","runtime":"5.876916ms"}
{"time":"2026-09-28T22:54:07.3094-03:00","level":"INFO","msg":"OnStart hook executing","callee":"github.com/alexandre/wagering/internal/transport/httpapi.NewServer.func7()","caller":"github.com/alexandre/wagering/internal/transport/httpapi.NewServer"}
{"time":"2026-09-28T22:54:07.30948-03:00","level":"INFO","msg":"OnStart hook executed","callee":"github.com/alexandre/wagering/internal/transport/httpapi.NewServer.func7()","caller":"github.com/alexandre/wagering/internal/transport/httpapi.NewServer","runtime":"59.583µs"}
{"time":"2026-09-28T22:54:07.309526-03:00","level":"INFO","msg":"OnStart hook executing","callee":"github.com/alexandre/wagering/internal/platform/worker.(*Group).Install.func1()","caller":"github.com/alexandre/wagering/internal/platform/worker.(*Group).Install"}
{"time":"2026-09-28T22:54:07.309554-03:00","level":"INFO","msg":"worker started","worker":"dlq-monitor"}
{"time":"2026-09-28T22:54:07.309564-03:00","level":"INFO","msg":"worker started","worker":"sqs-consumer"}
{"time":"2026-09-28T22:54:07.309579-03:00","level":"INFO","msg":"worker started","worker":"reference-worker"}
{"time":"2026-09-28T22:54:07.309557-03:00","level":"INFO","msg":"worker started","worker":"outbox-publisher"}
{"time":"2026-09-28T22:54:07.309561-03:00","level":"INFO","msg":"OnStart hook executed","callee":"github.com/alexandre/wagering/internal/platform/worker.(*Group).Install.func1()","caller":"github.com/alexandre/wagering/internal/platform/worker.(*Group).Install","runtime":"17.333µs"}
{"time":"2026-09-28T22:54:07.309579-03:00","level":"INFO","msg":"worker started","worker":"http"}
{"time":"2026-09-28T22:54:07.309612-03:00","level":"INFO","msg":"started"}
{"time":"2026-09-28T22:54:07.309692-03:00","level":"INFO","msg":"OnStop hook executing","callee":"github.com/alexandre/wagering/internal/platform/worker.(*Group).Install.func2()","caller":"github.com/alexandre/wagering/internal/platform/worker.(*Group).Install"}
{"time":"2026-09-28T22:54:07.309726-03:00","level":"INFO","msg":"worker stopped","worker":"outbox-publisher"}
{"time":"2026-09-28T22:54:07.309735-03:00","level":"INFO","msg":"worker stopped","worker":"dlq-monitor"}
{"time":"2026-09-28T22:54:07.309741-03:00","level":"INFO","msg":"worker stopped","worker":"reference-worker"}
{"time":"2026-09-28T22:54:07.309771-03:00","level":"INFO","msg":"worker stopped","worker":"http"}
{"time":"2026-09-28T22:54:27.318624-03:00","level":"INFO","msg":"worker stopped","worker":"sqs-consumer"}
{"time":"2026-09-28T22:54:27.318762-03:00","level":"INFO","msg":"OnStop hook executed","callee":"github.com/alexandre/wagering/internal/platform/worker.(*Group).Install.func2()","caller":"github.com/alexandre/wagering/internal/platform/worker.(*Group).Install","runtime":"20.008817125s"}
{"time":"2026-09-28T22:54:27.318904-03:00","level":"INFO","msg":"OnStop hook executing","callee":"github.com/alexandre/wagering/internal/transport/httpapi.NewServer.func8()","caller":"github.com/alexandre/wagering/internal/transport/httpapi.NewServer"}
{"time":"2026-09-28T22:54:27.318977-03:00","level":"INFO","msg":"OnStop hook executed","callee":"github.com/alexandre/wagering/internal/transport/httpapi.NewServer.func8()","caller":"github.com/alexandre/wagering/internal/transport/httpapi.NewServer","runtime":"25.875µs"}
{"time":"2026-09-28T22:54:27.319133-03:00","level":"INFO","msg":"OnStop hook executing","callee":"github.com/alexandre/wagering/internal/infra/auth.NewVerifier.func2()","caller":"github.com/alexandre/wagering/internal/infra/auth.NewVerifier"}
{"time":"2026-09-28T22:54:27.319473-03:00","level":"INFO","msg":"OnStop hook executed","callee":"github.com/alexandre/wagering/internal/infra/auth.NewVerifier.func2()","caller":"github.com/alexandre/wagering/internal/infra/auth.NewVerifier","runtime":"237.541µs"}
{"time":"2026-09-28T22:54:27.319637-03:00","level":"INFO","msg":"OnStop hook executing","callee":"github.com/alexandre/wagering/internal/infra/postgres.NewPool.func2()","caller":"github.com/alexandre/wagering/internal/infra/postgres.NewPool"}
{"time":"2026-09-28T22:54:27.31981-03:00","level":"INFO","msg":"OnStop hook executed","callee":"github.com/alexandre/wagering/internal/infra/postgres.NewPool.func2()","caller":"github.com/alexandre/wagering/internal/infra/postgres.NewPool","runtime":"122.584µs"}
--- PASS: TestRealFxStartStop (20.05s)
=== RUN   TestJWKSStartupFailureClosesDatabase
{"time":"2026-09-28T22:54:27.325602-03:00","level":"INFO","msg":"provided","constructor":"go.uber.org/fx.New.func1()","stacktrace":{"0":"go.uber.org/fx.New (/Users/alexandre/go/pkg/mod/go.uber.org/fx@v1.23.0/app.go:486)","1":"github.com/alexandre/wagering/cmd/wagering.TestJWKSStartupFailureClosesDatabase (/Users/alexandre/wagering/cmd/wagering/lifecycle_integration_test.go:43)","2":"testing.tRunner (/opt/homebrew/Cellar/go/1.27.1/libexec/src/testing/testing.go:2193)"},"moduletrace":{"0":"go.uber.org/fx.New (/Users/alexandre/go/pkg/mod/go.uber.org/fx@v1.23.0/app.go:486)","1":"github.com/alexandre/wagering/cmd/wagering.TestJWKSStartupFailureClosesDatabase (/Users/alexandre/wagering/cmd/wagering/lifecycle_integration_test.go:43)"},"type":"fx.Lifecycle"}
{"time":"2026-09-28T22:54:27.325677-03:00","level":"INFO","msg":"provided","constructor":"go.uber.org/fx.(*App).shutdowner-fm()","stacktrace":{"0":"go.uber.org/fx.New (/Users/alexandre/go/pkg/mod/go.uber.org/fx@v1.23.0/app.go:486)","1":"github.com/alexandre/wagering/cmd/wagering.TestJWKSStartupFailureClosesDatabase (/Users/alexandre/wagering/cmd/wagering/lifecycle_integration_test.go:43)","2":"testing.tRunner (/opt/homebrew/Cellar/go/1.27.1/libexec/src/testing/testing.go:2193)"},"moduletrace":{"0":"go.uber.org/fx.New (/Users/alexandre/go/pkg/mod/go.uber.org/fx@v1.23.0/app.go:486)","1":"github.com/alexandre/wagering/cmd/wagering.TestJWKSStartupFailureClosesDatabase (/Users/alexandre/wagering/cmd/wagering/lifecycle_integration_test.go:43)"},"type":"fx.Shutdowner"}
{"time":"2026-09-28T22:54:27.325723-03:00","level":"INFO","msg":"provided","constructor":"go.uber.org/fx.(*App).dotGraph-fm()","stacktrace":{"0":"go.uber.org/fx.New (/Users/alexandre/go/pkg/mod/go.uber.org/fx@v1.23.0/app.go:486)","1":"github.com/alexandre/wagering/cmd/wagering.TestJWKSStartupFailureClosesDatabase (/Users/alexandre/wagering/cmd/wagering/lifecycle_integration_test.go:43)","2":"testing.tRunner (/opt/homebrew/Cellar/go/1.27.1/libexec/src/testing/testing.go:2193)"},"moduletrace":{"0":"go.uber.org/fx.New (/Users/alexandre/go/pkg/mod/go.uber.org/fx@v1.23.0/app.go:486)","1":"github.com/alexandre/wagering/cmd/wagering.TestJWKSStartupFailureClosesDatabase (/Users/alexandre/wagering/cmd/wagering/lifecycle_integration_test.go:43)"},"type":"fx.DotGraph"}
{"time":"2026-09-28T22:54:27.325762-03:00","level":"INFO","msg":"provided","constructor":"github.com/alexandre/wagering/internal/infra/config.Load()","stacktrace":{"0":"github.com/alexandre/wagering/cmd/wagering.Options (/Users/alexandre/wagering/cmd/wagering/app.go:29)","1":"github.com/alexandre/wagering/cmd/wagering.TestJWKSStartupFailureClosesDatabase (/Users/alexandre/wagering/cmd/wagering/lifecycle_integration_test.go:43)","2":"testing.tRunner (/opt/homebrew/Cellar/go/1.27.1/libexec/src/testing/testing.go:2193)"},"moduletrace":{"0":"github.com/alexandre/wagering/cmd/wagering.Options (/Users/alexandre/wagering/cmd/wagering/app.go:29)","1":"github.com/alexandre/wagering/cmd/wagering.TestJWKSStartupFailureClosesDatabase (/Users/alexandre/wagering/cmd/wagering/lifecycle_integration_test.go:43)"},"type":"config.Config"}
{"time":"2026-09-28T22:54:27.325803-03:00","level":"INFO","msg":"provided","constructor":"github.com/alexandre/wagering/internal/platform/logging.New()","stacktrace":{"0":"github.com/alexandre/wagering/cmd/wagering.Options (/Users/alexandre/wagering/cmd/wagering/app.go:29)","1":"github.com/alexandre/wagering/cmd/wagering.TestJWKSStartupFailureClosesDatabase (/Users/alexandre/wagering/cmd/wagering/lifecycle_integration_test.go:43)","2":"testing.tRunner (/opt/homebrew/Cellar/go/1.27.1/libexec/src/testing/testing.go:2193)"},"moduletrace":{"0":"github.com/alexandre/wagering/cmd/wagering.Options (/Users/alexandre/wagering/cmd/wagering/app.go:29)","1":"github.com/alexandre/wagering/cmd/wagering.TestJWKSStartupFailureClosesDatabase (/Users/alexandre/wagering/cmd/wagering/lifecycle_integration_test.go:43)"},"type":"*slog.Logger"}
{"time":"2026-09-28T22:54:27.325842-03:00","level":"INFO","msg":"provided","constructor":"github.com/alexandre/wagering/internal/platform/worker.NewGroup()","stacktrace":{"0":"github.com/alexandre/wagering/cmd/wagering.Options (/Users/alexandre/wagering/cmd/wagering/app.go:29)","1":"github.com/alexandre/wagering/cmd/wagering.TestJWKSStartupFailureClosesDatabase (/Users/alexandre/wagering/cmd/wagering/lifecycle_integration_test.go:43)","2":"testing.tRunner (/opt/homebrew/Cellar/go/1.27.1/libexec/src/testing/testing.go:2193)"},"moduletrace":{"0":"github.com/alexandre/wagering/cmd/wagering.Options (/Users/alexandre/wagering/cmd/wagering/app.go:29)","1":"github.com/alexandre/wagering/cmd/wagering.TestJWKSStartupFailureClosesDatabase (/Users/alexandre/wagering/cmd/wagering/lifecycle_integration_test.go:43)"},"type":"*worker.Group"}
{"time":"2026-09-28T22:54:27.325882-03:00","level":"INFO","msg":"provided","constructor":"fx.Annotate(github.com/alexandre/wagering/internal/platform/sys.init.func1(), fx.As([[port.Clock]])","stacktrace":{"0":"github.com/alexandre/wagering/internal/platform/sys.init (/Users/alexandre/wagering/internal/platform/sys/sys.go:26)","1":"runtime.doInit1 (/opt/homebrew/Cellar/go/1.27.1/libexec/src/runtime/proc.go:8154)","2":"runtime.doInit (/opt/homebrew/Cellar/go/1.27.1/libexec/src/runtime/proc.go:8121)","3":"runtime.main (/opt/homebrew/Cellar/go/1.27.1/libexec/src/runtime/proc.go:269)"},"moduletrace":{"0":"github.com/alexandre/wagering/internal/platform/sys.init (/Users/alexandre/wagering/internal/platform/sys/sys.go:26)","1":"github.com/alexandre/wagering/internal/platform/sys.init (/Users/alexandre/wagering/internal/platform/sys/sys.go:26) (sys)","2":"github.com/alexandre/wagering/cmd/wagering.TestJWKSStartupFailureClosesDatabase (/Users/alexandre/wagering/cmd/wagering/lifecycle_integration_test.go:43)"},"module":"sys","type":"port.Clock"}
{"time":"2026-09-28T22:54:27.325941-03:00","level":"INFO","msg":"provided","constructor":"fx.Annotate(github.com/alexandre/wagering/internal/platform/sys.init.func2(), fx.As([[port.IDGenerator]])","stacktrace":{"0":"github.com/alexandre/wagering/internal/platform/sys.init (/Users/alexandre/wagering/internal/platform/sys/sys.go:26)","1":"runtime.doInit1 (/opt/homebrew/Cellar/go/1.27.1/libexec/src/runtime/proc.go:8154)","2":"runtime.doInit (/opt/homebrew/Cellar/go/1.27.1/libexec/src/runtime/proc.go:8121)","3":"runtime.main (/opt/homebrew/Cellar/go/1.27.1/libexec/src/runtime/proc.go:269)"},"moduletrace":{"0":"github.com/alexandre/wagering/internal/platform/sys.init (/Users/alexandre/wagering/internal/platform/sys/sys.go:26)","1":"github.com/alexandre/wagering/internal/platform/sys.init (/Users/alexandre/wagering/internal/platform/sys/sys.go:26) (sys)","2":"github.com/alexandre/wagering/cmd/wagering.TestJWKSStartupFailureClosesDatabase (/Users/alexandre/wagering/cmd/wagering/lifecycle_integration_test.go:43)"},"module":"sys","type":"port.IDGenerator"}
{"time":"2026-09-28T22:54:27.325992-03:00","level":"INFO","msg":"provided","constructor":"github.com/alexandre/wagering/internal/platform/metrics.New()","stacktrace":{"0":"github.com/alexandre/wagering/internal/platform/metrics.init (/Users/alexandre/wagering/internal/platform/metrics/metrics.go:51)","1":"runtime.doInit1 (/opt/homebrew/Cellar/go/1.27.1/libexec/src/runtime/proc.go:8154)","2":"runtime.doInit (/opt/homebrew/Cellar/go/1.27.1/libexec/src/runtime/proc.go:8121)","3":"runtime.main (/opt/homebrew/Cellar/go/1.27.1/libexec/src/runtime/proc.go:269)"},"moduletrace":{"0":"github.com/alexandre/wagering/internal/platform/metrics.init (/Users/alexandre/wagering/internal/platform/metrics/metrics.go:51)","1":"github.com/alexandre/wagering/internal/platform/metrics.init (/Users/alexandre/wagering/internal/platform/metrics/metrics.go:51) (metrics)","2":"github.com/alexandre/wagering/cmd/wagering.TestJWKSStartupFailureClosesDatabase (/Users/alexandre/wagering/cmd/wagering/lifecycle_integration_test.go:43)"},"module":"metrics","type":"*metrics.Recorder"}
{"time":"2026-09-28T22:54:27.326043-03:00","level":"INFO","msg":"provided","constructor":"github.com/alexandre/wagering/internal/platform/metrics.init.func1()","stacktrace":{"0":"github.com/alexandre/wagering/internal/platform/metrics.init (/Users/alexandre/wagering/internal/platform/metrics/metrics.go:51)","1":"runtime.doInit1 (/opt/homebrew/Cellar/go/1.27.1/libexec/src/runtime/proc.go:8154)","2":"runtime.doInit (/opt/homebrew/Cellar/go/1.27.1/libexec/src/runtime/proc.go:8121)","3":"runtime.main (/opt/homebrew/Cellar/go/1.27.1/libexec/src/runtime/proc.go:269)"},"moduletrace":{"0":"github.com/alexandre/wagering/internal/platform/metrics.init (/Users/alexandre/wagering/internal/platform/metrics/metrics.go:51)","1":"github.com/alexandre/wagering/internal/platform/metrics.init (/Users/alexandre/wagering/internal/platform/metrics/metrics.go:51) (metrics)","2":"github.com/alexandre/wagering/cmd/wagering.TestJWKSStartupFailureClosesDatabase (/Users/alexandre/wagering/cmd/wagering/lifecycle_integration_test.go:43)"},"module":"metrics","type":"port.Metrics"}
{"time":"2026-09-28T22:54:27.326092-03:00","level":"INFO","msg":"provided","constructor":"github.com/alexandre/wagering/internal/infra/postgres.NewPool()","stacktrace":{"0":"github.com/alexandre/wagering/internal/infra/postgres.init (/Users/alexandre/wagering/internal/infra/postgres/module.go:16)","1":"runtime.doInit1 (/opt/homebrew/Cellar/go/1.27.1/libexec/src/runtime/proc.go:8154)","2":"runtime.doInit (/opt/homebrew/Cellar/go/1.27.1/libexec/src/runtime/proc.go:8121)","3":"runtime.main (/opt/homebrew/Cellar/go/1.27.1/libexec/src/runtime/proc.go:269)"},"moduletrace":{"0":"github.com/alexandre/wagering/internal/infra/postgres.init (/Users/alexandre/wagering/internal/infra/postgres/module.go:16)","1":"github.com/alexandre/wagering/internal/infra/postgres.init (/Users/alexandre/wagering/internal/infra/postgres/module.go:15) (postgres)","2":"github.com/alexandre/wagering/cmd/wagering.TestJWKSStartupFailureClosesDatabase (/Users/alexandre/wagering/cmd/wagering/lifecycle_integration_test.go:43)"},"module":"postgres","type":"*pgxpool.Pool"}
{"time":"2026-09-28T22:54:27.326153-03:00","level":"INFO","msg":"provided","constructor":"fx.Annotate(github.com/alexandre/wagering/internal/infra/postgres.NewUnitOfWork(), fx.As([[port.UnitOfWork]])","stacktrace":{"0":"github.com/alexandre/wagering/internal/infra/postgres.init (/Users/alexandre/wagering/internal/infra/postgres/module.go:16)","1":"runtime.doInit1 (/opt/homebrew/Cellar/go/1.27.1/libexec/src/runtime/proc.go:8154)","2":"runtime.doInit (/opt/homebrew/Cellar/go/1.27.1/libexec/src/runtime/proc.go:8121)","3":"runtime.main (/opt/homebrew/Cellar/go/1.27.1/libexec/src/runtime/proc.go:269)"},"moduletrace":{"0":"github.com/alexandre/wagering/internal/infra/postgres.init (/Users/alexandre/wagering/internal/infra/postgres/module.go:16)","1":"github.com/alexandre/wagering/internal/infra/postgres.init (/Users/alexandre/wagering/internal/infra/postgres/module.go:15) (postgres)","2":"github.com/alexandre/wagering/cmd/wagering.TestJWKSStartupFailureClosesDatabase (/Users/alexandre/wagering/cmd/wagering/lifecycle_integration_test.go:43)"},"module":"postgres","type":"port.UnitOfWork"}
{"time":"2026-09-28T22:54:27.326202-03:00","level":"INFO","msg":"provided","constructor":"fx.Annotate(github.com/alexandre/wagering/internal/infra/postgres.NewReadiness(), fx.ResultTags([\"group:\\\"readiness\\\"\"]), fx.As([[port.ReadinessChecker]])","stacktrace":{"0":"github.com/alexandre/wagering/internal/infra/postgres.init (/Users/alexandre/wagering/internal/infra/postgres/module.go:16)","1":"runtime.doInit1 (/opt/homebrew/Cellar/go/1.27.1/libexec/src/runtime/proc.go:8154)","2":"runtime.doInit (/opt/homebrew/Cellar/go/1.27.1/libexec/src/runtime/proc.go:8121)","3":"runtime.main (/opt/homebrew/Cellar/go/1.27.1/libexec/src/runtime/proc.go:269)"},"moduletrace":{"0":"github.com/alexandre/wagering/internal/infra/postgres.init (/Users/alexandre/wagering/internal/infra/postgres/module.go:16)","1":"github.com/alexandre/wagering/internal/infra/postgres.init (/Users/alexandre/wagering/internal/infra/postgres/module.go:15) (postgres)","2":"github.com/alexandre/wagering/cmd/wagering.TestJWKSStartupFailureClosesDatabase (/Users/alexandre/wagering/cmd/wagering/lifecycle_integration_test.go:43)"},"module":"postgres","type":"port.ReadinessChecker[group = \"readiness\"]"}
{"time":"2026-09-28T22:54:27.326255-03:00","level":"INFO","msg":"provided","constructor":"github.com/alexandre/wagering/internal/infra/auth.NewVerifier()","stacktrace":{"0":"github.com/alexandre/wagering/internal/infra/auth.init (/Users/alexandre/wagering/internal/infra/auth/verifier.go:162)","1":"runtime.doInit1 (/opt/homebrew/Cellar/go/1.27.1/libexec/src/runtime/proc.go:8154)","2":"runtime.doInit (/opt/homebrew/Cellar/go/1.27.1/libexec/src/runtime/proc.go:8121)","3":"runtime.main (/opt/homebrew/Cellar/go/1.27.1/libexec/src/runtime/proc.go:269)"},"moduletrace":{"0":"github.com/alexandre/wagering/internal/infra/auth.init (/Users/alexandre/wagering/internal/infra/auth/verifier.go:162)","1":"github.com/alexandre/wagering/internal/infra/auth.init (/Users/alexandre/wagering/internal/infra/auth/verifier.go:162) (auth)","2":"github.com/alexandre/wagering/cmd/wagering.TestJWKSStartupFailureClosesDatabase (/Users/alexandre/wagering/cmd/wagering/lifecycle_integration_test.go:43)"},"module":"auth","type":"*auth.Verifier"}
{"time":"2026-09-28T22:54:27.326306-03:00","level":"INFO","msg":"provided","constructor":"github.com/alexandre/wagering/internal/app/usecase.NewOpenWallet()","stacktrace":{"0":"github.com/alexandre/wagering/internal/app/usecase.init (/Users/alexandre/wagering/internal/app/usecase/module.go:10)","1":"runtime.doInit1 (/opt/homebrew/Cellar/go/1.27.1/libexec/src/runtime/proc.go:8154)","2":"runtime.doInit (/opt/homebrew/Cellar/go/1.27.1/libexec/src/runtime/proc.go:8121)","3":"runtime.main (/opt/homebrew/Cellar/go/1.27.1/libexec/src/runtime/proc.go:269)"},"moduletrace":{"0":"github.com/alexandre/wagering/internal/app/usecase.init (/Users/alexandre/wagering/internal/app/usecase/module.go:10)","1":"github.com/alexandre/wagering/internal/app/usecase.init (/Users/alexandre/wagering/internal/app/usecase/module.go:9) (usecase)","2":"github.com/alexandre/wagering/cmd/wagering.TestJWKSStartupFailureClosesDatabase (/Users/alexandre/wagering/cmd/wagering/lifecycle_integration_test.go:43)"},"module":"usecase","type":"*usecase.OpenWallet"}
{"time":"2026-09-28T22:54:27.326351-03:00","level":"INFO","msg":"provided","constructor":"github.com/alexandre/wagering/internal/app/usecase.NewGetWallet()","stacktrace":{"0":"github.com/alexandre/wagering/internal/app/usecase.init (/Users/alexandre/wagering/internal/app/usecase/module.go:10)","1":"runtime.doInit1 (/opt/homebrew/Cellar/go/1.27.1/libexec/src/runtime/proc.go:8154)","2":"runtime.doInit (/opt/homebrew/Cellar/go/1.27.1/libexec/src/runtime/proc.go:8121)","3":"runtime.main (/opt/homebrew/Cellar/go/1.27.1/libexec/src/runtime/proc.go:269)"},"moduletrace":{"0":"github.com/alexandre/wagering/internal/app/usecase.init (/Users/alexandre/wagering/internal/app/usecase/module.go:10)","1":"github.com/alexandre/wagering/internal/app/usecase.init (/Users/alexandre/wagering/internal/app/usecase/module.go:9) (usecase)","2":"github.com/alexandre/wagering/cmd/wagering.TestJWKSStartupFailureClosesDatabase (/Users/alexandre/wagering/cmd/wagering/lifecycle_integration_test.go:43)"},"module":"usecase","type":"*usecase.GetWallet"}
{"time":"2026-09-28T22:54:27.326397-03:00","level":"INFO","msg":"provided","constructor":"github.com/alexandre/wagering/internal/app/usecase.NewListLedger()","stacktrace":{"0":"github.com/alexandre/wagering/internal/app/usecase.init (/Users/alexandre/wagering/internal/app/usecase/module.go:10)","1":"runtime.doInit1 (/opt/homebrew/Cellar/go/1.27.1/libexec/src/runtime/proc.go:8154)","2":"runtime.doInit (/opt/homebrew/Cellar/go/1.27.1/libexec/src/runtime/proc.go:8121)","3":"runtime.main (/opt/homebrew/Cellar/go/1.27.1/libexec/src/runtime/proc.go:269)"},"moduletrace":{"0":"github.com/alexandre/wagering/internal/app/usecase.init (/Users/alexandre/wagering/internal/app/usecase/module.go:10)","1":"github.com/alexandre/wagering/internal/app/usecase.init (/Users/alexandre/wagering/internal/app/usecase/module.go:9) (usecase)","2":"github.com/alexandre/wagering/cmd/wagering.TestJWKSStartupFailureClosesDatabase (/Users/alexandre/wagering/cmd/wagering/lifecycle_integration_test.go:43)"},"module":"usecase","type":"*usecase.ListLedger"}
{"time":"2026-09-28T22:54:27.326443-03:00","level":"INFO","msg":"provided","constructor":"github.com/alexandre/wagering/internal/app/usecase.NewReconcileWallet()","stacktrace":{"0":"github.com/alexandre/wagering/internal/app/usecase.init (/Users/alexandre/wagering/internal/app/usecase/module.go:10)","1":"runtime.doInit1 (/opt/homebrew/Cellar/go/1.27.1/libexec/src/runtime/proc.go:8154)","2":"runtime.doInit (/opt/homebrew/Cellar/go/1.27.1/libexec/src/runtime/proc.go:8121)","3":"runtime.main (/opt/homebrew/Cellar/go/1.27.1/libexec/src/runtime/proc.go:269)"},"moduletrace":{"0":"github.com/alexandre/wagering/internal/app/usecase.init (/Users/alexandre/wagering/internal/app/usecase/module.go:10)","1":"github.com/alexandre/wagering/internal/app/usecase.init (/Users/alexandre/wagering/internal/app/usecase/module.go:9) (usecase)","2":"github.com/alexandre/wagering/cmd/wagering.TestJWKSStartupFailureClosesDatabase (/Users/alexandre/wagering/cmd/wagering/lifecycle_integration_test.go:43)"},"module":"usecase","type":"*usecase.ReconcileWallet"}
{"time":"2026-09-28T22:54:27.326493-03:00","level":"INFO","msg":"provided","constructor":"github.com/alexandre/wagering/internal/app/usecase.NewSubmitTransaction()","stacktrace":{"0":"github.com/alexandre/wagering/internal/app/usecase.init (/Users/alexandre/wagering/internal/app/usecase/module.go:10)","1":"runtime.doInit1 (/opt/homebrew/Cellar/go/1.27.1/libexec/src/runtime/proc.go:8154)","2":"runtime.doInit (/opt/homebrew/Cellar/go/1.27.1/libexec/src/runtime/proc.go:8121)","3":"runtime.main (/opt/homebrew/Cellar/go/1.27.1/libexec/src/runtime/proc.go:269)"},"moduletrace":{"0":"github.com/alexandre/wagering/internal/app/usecase.init (/Users/alexandre/wagering/internal/app/usecase/module.go:10)","1":"github.com/alexandre/wagering/internal/app/usecase.init (/Users/alexandre/wagering/internal/app/usecase/module.go:9) (usecase)","2":"github.com/alexandre/wagering/cmd/wagering.TestJWKSStartupFailureClosesDatabase (/Users/alexandre/wagering/cmd/wagering/lifecycle_integration_test.go:43)"},"module":"usecase","type":"*usecase.SubmitTransaction"}
{"time":"2026-09-28T22:54:27.326553-03:00","level":"INFO","msg":"provided","constructor":"github.com/alexandre/wagering/internal/app/usecase.NewGetTransaction()","stacktrace":{"0":"github.com/alexandre/wagering/internal/app/usecase.init (/Users/alexandre/wagering/internal/app/usecase/module.go:10)","1":"runtime.doInit1 (/opt/homebrew/Cellar/go/1.27.1/libexec/src/runtime/proc.go:8154)","2":"runtime.doInit (/opt/homebrew/Cellar/go/1.27.1/libexec/src/runtime/proc.go:8121)","3":"runtime.main (/opt/homebrew/Cellar/go/1.27.1/libexec/src/runtime/proc.go:269)"},"moduletrace":{"0":"github.com/alexandre/wagering/internal/app/usecase.init (/Users/alexandre/wagering/internal/app/usecase/module.go:10)","1":"github.com/alexandre/wagering/internal/app/usecase.init (/Users/alexandre/wagering/internal/app/usecase/module.go:9) (usecase)","2":"github.com/alexandre/wagering/cmd/wagering.TestJWKSStartupFailureClosesDatabase (/Users/alexandre/wagering/cmd/wagering/lifecycle_integration_test.go:43)"},"module":"usecase","type":"*usecase.GetTransaction"}
{"time":"2026-09-28T22:54:27.326599-03:00","level":"INFO","msg":"provided","constructor":"github.com/alexandre/wagering/internal/app/usecase.NewProcessPendingReferences()","stacktrace":{"0":"github.com/alexandre/wagering/internal/app/usecase.init (/Users/alexandre/wagering/internal/app/usecase/module.go:10)","1":"runtime.doInit1 (/opt/homebrew/Cellar/go/1.27.1/libexec/src/runtime/proc.go:8154)","2":"runtime.doInit (/opt/homebrew/Cellar/go/1.27.1/libexec/src/runtime/proc.go:8121)","3":"runtime.main (/opt/homebrew/Cellar/go/1.27.1/libexec/src/runtime/proc.go:269)"},"moduletrace":{"0":"github.com/alexandre/wagering/internal/app/usecase.init (/Users/alexandre/wagering/internal/app/usecase/module.go:10)","1":"github.com/alexandre/wagering/internal/app/usecase.init (/Users/alexandre/wagering/internal/app/usecase/module.go:9) (usecase)","2":"github.com/alexandre/wagering/cmd/wagering.TestJWKSStartupFailureClosesDatabase (/Users/alexandre/wagering/cmd/wagering/lifecycle_integration_test.go:43)"},"module":"usecase","type":"*usecase.ProcessPendingReferences"}
{"time":"2026-09-28T22:54:27.326653-03:00","level":"INFO","msg":"provided","constructor":"github.com/alexandre/wagering/internal/app/usecase.NewPublishOutbox()","stacktrace":{"0":"github.com/alexandre/wagering/internal/app/usecase.init (/Users/alexandre/wagering/internal/app/usecase/module.go:10)","1":"runtime.doInit1 (/opt/homebrew/Cellar/go/1.27.1/libexec/src/runtime/proc.go:8154)","2":"runtime.doInit (/opt/homebrew/Cellar/go/1.27.1/libexec/src/runtime/proc.go:8121)","3":"runtime.main (/opt/homebrew/Cellar/go/1.27.1/libexec/src/runtime/proc.go:269)"},"moduletrace":{"0":"github.com/alexandre/wagering/internal/app/usecase.init (/Users/alexandre/wagering/internal/app/usecase/module.go:10)","1":"github.com/alexandre/wagering/internal/app/usecase.init (/Users/alexandre/wagering/internal/app/usecase/module.go:9) (usecase)","2":"github.com/alexandre/wagering/cmd/wagering.TestJWKSStartupFailureClosesDatabase (/Users/alexandre/wagering/cmd/wagering/lifecycle_integration_test.go:43)"},"module":"usecase","type":"*usecase.PublishOutbox"}
{"time":"2026-09-28T22:54:27.326708-03:00","level":"INFO","msg":"provided","constructor":"fx.Annotate(github.com/alexandre/wagering/internal/app/usecase.NewConsumeWagerMessage(), fx.As([[port.MessageHandler]])","stacktrace":{"0":"github.com/alexandre/wagering/internal/app/usecase.init (/Users/alexandre/wagering/internal/app/usecase/module.go:10)","1":"runtime.doInit1 (/opt/homebrew/Cellar/go/1.27.1/libexec/src/runtime/proc.go:8154)","2":"runtime.doInit (/opt/homebrew/Cellar/go/1.27.1/libexec/src/runtime/proc.go:8121)","3":"runtime.main (/opt/homebrew/Cellar/go/1.27.1/libexec/src/runtime/proc.go:269)"},"moduletrace":{"0":"github.com/alexandre/wagering/internal/app/usecase.init (/Users/alexandre/wagering/internal/app/usecase/module.go:10)","1":"github.com/alexandre/wagering/internal/app/usecase.init (/Users/alexandre/wagering/internal/app/usecase/module.go:9) (usecase)","2":"github.com/alexandre/wagering/cmd/wagering.TestJWKSStartupFailureClosesDatabase (/Users/alexandre/wagering/cmd/wagering/lifecycle_integration_test.go:43)"},"module":"usecase","type":"port.MessageHandler"}
{"time":"2026-09-28T22:54:27.326762-03:00","level":"INFO","msg":"provided","constructor":"github.com/alexandre/wagering/internal/infra/sqs.NewClient()","stacktrace":{"0":"github.com/alexandre/wagering/internal/infra/sqs.init (/Users/alexandre/wagering/internal/infra/sqs/module.go:20)","1":"runtime.doInit1 (/opt/homebrew/Cellar/go/1.27.1/libexec/src/runtime/proc.go:8154)","2":"runtime.doInit (/opt/homebrew/Cellar/go/1.27.1/libexec/src/runtime/proc.go:8121)","3":"runtime.main (/opt/homebrew/Cellar/go/1.27.1/libexec/src/runtime/proc.go:269)"},"moduletrace":{"0":"github.com/alexandre/wagering/internal/infra/sqs.init (/Users/alexandre/wagering/internal/infra/sqs/module.go:20)","1":"github.com/alexandre/wagering/internal/infra/sqs.init (/Users/alexandre/wagering/internal/infra/sqs/module.go:19) (sqs)","2":"github.com/alexandre/wagering/cmd/wagering.TestJWKSStartupFailureClosesDatabase (/Users/alexandre/wagering/cmd/wagering/lifecycle_integration_test.go:43)"},"module":"sqs","type":"*sqs.Client"}
{"time":"2026-09-28T22:54:27.326819-03:00","level":"INFO","msg":"provided","constructor":"fx.Annotate(github.com/alexandre/wagering/internal/infra/sqs.NewPublisher(), fx.As([[port.EventPublisher]])","stacktrace":{"0":"github.com/alexandre/wagering/internal/infra/sqs.init (/Users/alexandre/wagering/internal/infra/sqs/module.go:20)","1":"runtime.doInit1 (/opt/homebrew/Cellar/go/1.27.1/libexec/src/runtime/proc.go:8154)","2":"runtime.doInit (/opt/homebrew/Cellar/go/1.27.1/libexec/src/runtime/proc.go:8121)","3":"runtime.main (/opt/homebrew/Cellar/go/1.27.1/libexec/src/runtime/proc.go:269)"},"moduletrace":{"0":"github.com/alexandre/wagering/internal/infra/sqs.init (/Users/alexandre/wagering/internal/infra/sqs/module.go:20)","1":"github.com/alexandre/wagering/internal/infra/sqs.init (/Users/alexandre/wagering/internal/infra/sqs/module.go:19) (sqs)","2":"github.com/alexandre/wagering/cmd/wagering.TestJWKSStartupFailureClosesDatabase (/Users/alexandre/wagering/cmd/wagering/lifecycle_integration_test.go:43)"},"module":"sqs","type":"port.EventPublisher"}
{"time":"2026-09-28T22:54:27.326867-03:00","level":"INFO","msg":"provided","constructor":"fx.Annotate(github.com/alexandre/wagering/internal/infra/sqs.NewReadiness(), fx.ResultTags([\"group:\\\"readiness\\\"\"]), fx.As([[port.ReadinessChecker]])","stacktrace":{"0":"github.com/alexandre/wagering/internal/infra/sqs.init (/Users/alexandre/wagering/internal/infra/sqs/module.go:20)","1":"runtime.doInit1 (/opt/homebrew/Cellar/go/1.27.1/libexec/src/runtime/proc.go:8154)","2":"runtime.doInit (/opt/homebrew/Cellar/go/1.27.1/libexec/src/runtime/proc.go:8121)","3":"runtime.main (/opt/homebrew/Cellar/go/1.27.1/libexec/src/runtime/proc.go:269)"},"moduletrace":{"0":"github.com/alexandre/wagering/internal/infra/sqs.init (/Users/alexandre/wagering/internal/infra/sqs/module.go:20)","1":"github.com/alexandre/wagering/internal/infra/sqs.init (/Users/alexandre/wagering/internal/infra/sqs/module.go:19) (sqs)","2":"github.com/alexandre/wagering/cmd/wagering.TestJWKSStartupFailureClosesDatabase (/Users/alexandre/wagering/cmd/wagering/lifecycle_integration_test.go:43)"},"module":"sqs","type":"port.ReadinessChecker[group = \"readiness\"]"}
{"time":"2026-09-28T22:54:27.326925-03:00","level":"INFO","msg":"provided","constructor":"github.com/alexandre/wagering/internal/transport/httpapi.NewServer()","stacktrace":{"0":"github.com/alexandre/wagering/internal/transport/httpapi.init (/Users/alexandre/wagering/internal/transport/httpapi/module.go:21)","1":"runtime.doInit1 (/opt/homebrew/Cellar/go/1.27.1/libexec/src/runtime/proc.go:8154)","2":"runtime.doInit (/opt/homebrew/Cellar/go/1.27.1/libexec/src/runtime/proc.go:8121)","3":"runtime.main (/opt/homebrew/Cellar/go/1.27.1/libexec/src/runtime/proc.go:269)"},"moduletrace":{"0":"github.com/alexandre/wagering/internal/transport/httpapi.init (/Users/alexandre/wagering/internal/transport/httpapi/module.go:21)","1":"github.com/alexandre/wagering/internal/transport/httpapi.init (/Users/alexandre/wagering/internal/transport/httpapi/module.go:21) (httpapi)","2":"github.com/alexandre/wagering/cmd/wagering.TestJWKSStartupFailureClosesDatabase (/Users/alexandre/wagering/cmd/wagering/lifecycle_integration_test.go:43)"},"module":"httpapi","type":"*http.Server"}
{"time":"2026-09-28T22:54:27.326977-03:00","level":"INFO","msg":"run","name":"github.com/alexandre/wagering/internal/infra/config.Load()","kind":"provide","runtime":"46.709µs"}
{"time":"2026-09-28T22:54:27.326998-03:00","level":"INFO","msg":"run","name":"github.com/alexandre/wagering/internal/platform/logging.New()","kind":"provide","runtime":"23.833µs"}
{"time":"2026-09-28T22:54:27.327016-03:00","level":"INFO","msg":"initialized custom fxevent.Logger","function":"github.com/alexandre/wagering/cmd/wagering.Options.func1()"}
{"time":"2026-09-28T22:54:27.3271-03:00","level":"INFO","msg":"invoking","function":"github.com/alexandre/wagering/internal/infra/sqs.init.func1()","module":"sqs"}
{"time":"2026-09-28T22:54:27.327363-03:00","level":"INFO","msg":"run","name":"go.uber.org/fx.New.func1()","kind":"provide","runtime":"20.833µs"}
{"time":"2026-09-28T22:54:27.327422-03:00","level":"INFO","msg":"run","name":"go.uber.org/fx.(*App).shutdowner-fm()","kind":"provide","runtime":"11.333µs"}
{"time":"2026-09-28T22:54:27.327464-03:00","level":"INFO","msg":"run","name":"github.com/alexandre/wagering/internal/platform/worker.NewGroup()","kind":"provide","runtime":"14.167µs"}
{"time":"2026-09-28T22:54:27.327986-03:00","level":"INFO","msg":"run","name":"github.com/alexandre/wagering/internal/infra/sqs.NewClient()","kind":"provide","runtime":"483.875µs","module":"sqs"}
{"time":"2026-09-28T22:54:27.329425-03:00","level":"INFO","msg":"run","name":"github.com/alexandre/wagering/internal/infra/postgres.NewPool()","kind":"provide","runtime":"1.339875ms","module":"postgres"}
{"time":"2026-09-28T22:54:27.329772-03:00","level":"INFO","msg":"run","name":"fx.Annotate(github.com/alexandre/wagering/internal/infra/postgres.NewUnitOfWork(), fx.As([[port.UnitOfWork]])","kind":"provide","runtime":"212.916µs","module":"postgres"}
{"time":"2026-09-28T22:54:27.329917-03:00","level":"INFO","msg":"run","name":"fx.Annotate(github.com/alexandre/wagering/internal/platform/sys.init.func1(), fx.As([[port.Clock]])","kind":"provide","runtime":"49.333µs","module":"sys"}
{"time":"2026-09-28T22:54:27.330021-03:00","level":"INFO","msg":"run","name":"fx.Annotate(github.com/alexandre/wagering/internal/platform/sys.init.func2(), fx.As([[port.IDGenerator]])","kind":"provide","runtime":"40.959µs","module":"sys"}
{"time":"2026-09-28T22:54:27.330384-03:00","level":"INFO","msg":"run","name":"github.com/alexandre/wagering/internal/platform/metrics.New()","kind":"provide","runtime":"301.875µs","module":"metrics"}
{"time":"2026-09-28T22:54:27.330445-03:00","level":"INFO","msg":"run","name":"github.com/alexandre/wagering/internal/platform/metrics.init.func1()","kind":"provide","runtime":"17.25µs","module":"metrics"}
{"time":"2026-09-28T22:54:27.330499-03:00","level":"INFO","msg":"run","name":"github.com/alexandre/wagering/internal/app/usecase.NewSubmitTransaction()","kind":"provide","runtime":"18.459µs","module":"usecase"}
{"time":"2026-09-28T22:54:27.330591-03:00","level":"INFO","msg":"run","name":"fx.Annotate(github.com/alexandre/wagering/internal/app/usecase.NewConsumeWagerMessage(), fx.As([[port.MessageHandler]])","kind":"provide","runtime":"56.042µs","module":"usecase"}
{"time":"2026-09-28T22:54:27.330945-03:00","level":"INFO","msg":"invoking","function":"github.com/alexandre/wagering/internal/infra/outbox.init.func1()","module":"outbox"}
{"time":"2026-09-28T22:54:27.331302-03:00","level":"INFO","msg":"run","name":"fx.Annotate(github.com/alexandre/wagering/internal/infra/sqs.NewPublisher(), fx.As([[port.EventPublisher]])","kind":"provide","runtime":"44.792µs","module":"sqs"}
{"time":"2026-09-28T22:54:27.331358-03:00","level":"INFO","msg":"run","name":"github.com/alexandre/wagering/internal/app/usecase.NewPublishOutbox()","kind":"provide","runtime":"14.208µs","module":"usecase"}
{"time":"2026-09-28T22:54:27.331489-03:00","level":"INFO","msg":"invoking","function":"github.com/alexandre/wagering/internal/infra/reference.init.func1()","module":"reference"}
{"time":"2026-09-28T22:54:27.331763-03:00","level":"INFO","msg":"run","name":"github.com/alexandre/wagering/internal/app/usecase.NewProcessPendingReferences()","kind":"provide","runtime":"23.166µs","module":"usecase"}
{"time":"2026-09-28T22:54:27.33187-03:00","level":"INFO","msg":"invoking","function":"github.com/alexandre/wagering/internal/transport/httpapi.init.func1()","module":"httpapi"}
{"time":"2026-09-28T22:54:27.332111-03:00","level":"INFO","msg":"run","name":"github.com/alexandre/wagering/internal/app/usecase.NewOpenWallet()","kind":"provide","runtime":"12.625µs","module":"usecase"}
{"time":"2026-09-28T22:54:27.332158-03:00","level":"INFO","msg":"run","name":"github.com/alexandre/wagering/internal/app/usecase.NewGetWallet()","kind":"provide","runtime":"9.334µs","module":"usecase"}
{"time":"2026-09-28T22:54:27.332207-03:00","level":"INFO","msg":"run","name":"github.com/alexandre/wagering/internal/app/usecase.NewListLedger()","kind":"provide","runtime":"9.75µs","module":"usecase"}
{"time":"2026-09-28T22:54:27.332257-03:00","level":"INFO","msg":"run","name":"github.com/alexandre/wagering/internal/app/usecase.NewReconcileWallet()","kind":"provide","runtime":"9.75µs","module":"usecase"}
{"time":"2026-09-28T22:54:27.332304-03:00","level":"INFO","msg":"run","name":"github.com/alexandre/wagering/internal/app/usecase.NewGetTransaction()","kind":"provide","runtime":"8.958µs","module":"usecase"}
{"time":"2026-09-28T22:54:27.33256-03:00","level":"INFO","msg":"run","name":"github.com/alexandre/wagering/internal/infra/auth.NewVerifier()","kind":"provide","runtime":"214.666µs","module":"auth"}
{"time":"2026-09-28T22:54:27.332669-03:00","level":"INFO","msg":"run","name":"fx.Annotate(github.com/alexandre/wagering/internal/infra/postgres.NewReadiness(), fx.ResultTags([\"group:\\\"readiness\\\"\"]), fx.As([[port.ReadinessChecker]])","kind":"provide","runtime":"59.833µs","module":"postgres"}
{"time":"2026-09-28T22:54:27.332768-03:00","level":"INFO","msg":"run","name":"fx.Annotate(github.com/alexandre/wagering/internal/infra/sqs.NewReadiness(), fx.ResultTags([\"group:\\\"readiness\\\"\"]), fx.As([[port.ReadinessChecker]])","kind":"provide","runtime":"53.917µs","module":"sqs"}
{"time":"2026-09-28T22:54:27.33318-03:00","level":"INFO","msg":"run","name":"github.com/alexandre/wagering/internal/transport/httpapi.NewServer()","kind":"provide","runtime":"371.875µs","module":"httpapi"}
{"time":"2026-09-28T22:54:27.333287-03:00","level":"INFO","msg":"invoking","function":"github.com/alexandre/wagering/internal/platform/worker.(*Group).Install()"}
{"time":"2026-09-28T22:54:27.333526-03:00","level":"INFO","msg":"invoking","function":"reflect.makeFuncStub()"}
{"time":"2026-09-28T22:54:27.333705-03:00","level":"INFO","msg":"OnStart hook executing","callee":"github.com/alexandre/wagering/internal/infra/postgres.NewPool.func1()","caller":"github.com/alexandre/wagering/internal/infra/postgres.NewPool"}
{"time":"2026-09-28T22:54:27.356615-03:00","level":"INFO","msg":"OnStart hook executed","callee":"github.com/alexandre/wagering/internal/infra/postgres.NewPool.func1()","caller":"github.com/alexandre/wagering/internal/infra/postgres.NewPool","runtime":"22.846625ms"}
{"time":"2026-09-28T22:54:27.356735-03:00","level":"INFO","msg":"OnStart hook executing","callee":"github.com/alexandre/wagering/internal/infra/sqs.init.func1.1()","caller":"github.com/alexandre/wagering/internal/infra/sqs.init.func1"}
{"time":"2026-09-28T22:54:27.36348-03:00","level":"INFO","msg":"OnStart hook executed","callee":"github.com/alexandre/wagering/internal/infra/sqs.init.func1.1()","caller":"github.com/alexandre/wagering/internal/infra/sqs.init.func1","runtime":"6.711375ms"}
{"time":"2026-09-28T22:54:27.363636-03:00","level":"INFO","msg":"OnStart hook executing","callee":"github.com/alexandre/wagering/internal/infra/auth.NewVerifier.func1()","caller":"github.com/alexandre/wagering/internal/infra/auth.NewVerifier"}
{"time":"2026-09-28T22:54:27.364307-03:00","level":"ERROR","msg":"OnStart hook failed","callee":"github.com/alexandre/wagering/internal/infra/auth.NewVerifier.func1()","caller":"github.com/alexandre/wagering/internal/infra/auth.NewVerifier","error":"auth: jwks unavailable: JWKS HTTP status 503"}
{"time":"2026-09-28T22:54:27.364346-03:00","level":"ERROR","msg":"start failed, rolling back","error":"auth: jwks unavailable: JWKS HTTP status 503"}
{"time":"2026-09-28T22:54:27.364415-03:00","level":"INFO","msg":"OnStop hook executing","callee":"github.com/alexandre/wagering/internal/infra/postgres.NewPool.func2()","caller":"github.com/alexandre/wagering/internal/infra/postgres.NewPool"}
{"time":"2026-09-28T22:54:27.364522-03:00","level":"INFO","msg":"OnStop hook executed","callee":"github.com/alexandre/wagering/internal/infra/postgres.NewPool.func2()","caller":"github.com/alexandre/wagering/internal/infra/postgres.NewPool","runtime":"76.167µs"}
{"time":"2026-09-28T22:54:27.364559-03:00","level":"ERROR","msg":"start failed","error":"auth: jwks unavailable: JWKS HTTP status 503"}
--- PASS: TestJWKSStartupFailureClosesDatabase (0.04s)
PASS
ok  	github.com/alexandre/wagering/cmd/wagering	21.600s
