 Container wagering-clean-20261001-gateway-1  Stopping
 Container wagering-clean-20261001-gateway-1  Stopped
 Container wagering-clean-20261001-gateway-1  Removing
 Container wagering-clean-20261001-gateway-1  Removed
 Container wagering-clean-20261001-app-3  Stopping
 Container wagering-clean-20261001-app-1  Stopping
 Container wagering-clean-20261001-app-2  Stopping
 Container wagering-clean-20261001-app-1  Stopped
 Container wagering-clean-20261001-app-1  Removing
 Container wagering-clean-20261001-app-1  Removed
 Container wagering-clean-20261001-app-3  Stopped
 Container wagering-clean-20261001-app-3  Removing
 Container wagering-clean-20261001-app-3  Removed
 Container wagering-clean-20261001-app-2  Stopped
 Container wagering-clean-20261001-app-2  Removing
 Container wagering-clean-20261001-app-2  Removed
 Container wagering-clean-20261001-migrate-1  Stopping
 Container wagering-clean-20261001-keycloak-1  Stopping
 Container wagering-clean-20261001-localstack-1  Stopping
 Container wagering-clean-20261001-migrate-1  Stopped
 Container wagering-clean-20261001-migrate-1  Removing
 Container wagering-clean-20261001-migrate-1  Removed
 Container wagering-clean-20261001-postgres-1  Stopping
 Container wagering-clean-20261001-postgres-1  Stopped
 Container wagering-clean-20261001-postgres-1  Removing
 Container wagering-clean-20261001-postgres-1  Removed
 Container wagering-clean-20261001-localstack-1  Stopped
 Container wagering-clean-20261001-localstack-1  Removing
 Container wagering-clean-20261001-localstack-1  Removed
 Container wagering-clean-20261001-keycloak-1  Stopped
 Container wagering-clean-20261001-keycloak-1  Removing
 Container wagering-clean-20261001-keycloak-1  Removed
 Volume wagering-clean-20261001_pgdata  Removing
 Volume wagering-clean-20261001_ministackdata  Removing
 Volume wagering-clean-20261001_awscredentials  Removing
 Network wagering-clean-20261001_default  Removing
 Volume wagering-clean-20261001_pgdata  Removed
 Volume wagering-clean-20261001_ministackdata  Removed
 Volume wagering-clean-20261001_awscredentials  Removed
 Network wagering-clean-20261001_default  Removed
