Demonstration directory: /private/var/folders/mj/s6zwcdt90s1g4wqpntcc733r0000gn/T/wagering-clean-2j1z65nb/.local/demo.Olyafh
PASS readiness-and-OIDC
PASS gateway-distributes-to-independent-replicas
PASS events-outbox-and-metrics
PASS opening-zero-positive-duplicate-ledger-pagination
PASS authentication-provider-isolation
PASS expired-token
PASS money-invalid-input-and-external-opening
PASS replay-original-balance-and-conflicts
PASS LOSS-does-not-change-balance-version-ledger
PASS WIN-after-BET-10.00
PASS WIN-after-BET-50.00
PASS WIN-optional-reference
PASS REFUND-and-ROLLBACK-of-REFUND
PASS ROLLBACK-of-BET
PASS ROLLBACK-recovers-open-BET
PASS REFUND-before-reference
PASS ROLLBACK-before-reference
PASS 50-concurrent-replays-one-debit
PASS two-concurrent-BETs-80-over-100
PASS HTTP-SQS-dedup-and-SQS-first
PASS broker-denied-identity
PASS invalid-SQS-message-reaches-DLQ
PASS timed-contracts-setup
Waiting for persisted betting window: 5m1s remaining
Waiting for persisted betting window: 4m31s remaining
Waiting for persisted betting window: 4m1s remaining
Waiting for persisted betting window: 3m31s remaining
Waiting for persisted betting window: 3m1s remaining
Waiting for persisted betting window: 2m31s remaining
Waiting for persisted betting window: 2m1s remaining
Waiting for persisted betting window: 1m31s remaining
Waiting for persisted betting window: 1m1s remaining
Waiting for persisted betting window: 31s remaining
Waiting for persisted betting window: 1s remaining
PASS timed-contracts-reauthenticate
PASS REFUND-after-window
PASS WIN-over-stake-after-window
PASS WIN-and-ROLLBACK-after-window
PASS WIN-implicit-reference-after-window
Demonstration completed as documented. Comparison notes do not certify conformity with the challenge.
