#1 [internal] load local bake definitions
#1 reading from stdin 493B done
#1 DONE 0.0s

#2 [internal] load build definition from Dockerfile
#2 transferring dockerfile: 350B done
#2 DONE 0.0s

#3 [internal] load metadata for gcr.io/distroless/static-debian12:nonroot
#3 ...

#4 [internal] load metadata for docker.io/library/golang:1.27.1-alpine
#4 DONE 0.6s

#3 [internal] load metadata for gcr.io/distroless/static-debian12:nonroot
#3 DONE 1.3s

#5 [internal] load .dockerignore
#5 transferring context: 122B done
#5 DONE 0.0s

#6 [build 1/6] FROM docker.io/library/golang:1.27.1-alpine@sha256:8a5910f31396cd4d89662f56c68b3ae31d374308270a1c3bd96672ee5ed43414
#6 resolve docker.io/library/golang:1.27.1-alpine@sha256:8a5910f31396cd4d89662f56c68b3ae31d374308270a1c3bd96672ee5ed43414 0.0s done
#6 DONE 0.0s

#7 [stage-1 1/3] FROM gcr.io/distroless/static-debian12:nonroot@sha256:afa5c872c891853ca7fcf1f12c3edb23f7eeef36189728842dd51042ff57f7ab
#7 resolve gcr.io/distroless/static-debian12:nonroot@sha256:afa5c872c891853ca7fcf1f12c3edb23f7eeef36189728842dd51042ff57f7ab 0.0s done
#7 DONE 0.0s

#8 [internal] load build context
#8 transferring context: 1.25MB 0.3s done
#8 DONE 0.3s

#9 [build 2/6] WORKDIR /src
#9 CACHED

#10 [build 3/6] COPY go.mod go.sum ./
#10 CACHED

#11 [build 4/6] RUN go mod download
#11 CACHED

#12 [build 5/6] COPY . .
#12 DONE 0.4s

#13 [build 6/6] RUN CGO_ENABLED=0 go build -trimpath -o /out/wagering ./cmd/wagering
#13 DONE 6.2s

#7 [stage-1 1/3] FROM gcr.io/distroless/static-debian12:nonroot@sha256:afa5c872c891853ca7fcf1f12c3edb23f7eeef36189728842dd51042ff57f7ab
#7 CACHED

#14 [stage-1 2/3] COPY --from=build /out/wagering /wagering
#14 DONE 0.0s

#15 [stage-1 3/3] COPY migrations /migrations
#15 DONE 0.0s

#16 exporting to image
#16 exporting layers
#16 exporting layers 0.5s done
#16 exporting manifest sha256:4a46c892247499837453889abc7a88bcaaa6eed9328357a21a03149f01e419f9 done
#16 exporting config sha256:34a92462b9582bd3fa7714bbc5f0e91320bdc2af528c0786e583a31bad8f5d83 done
#16 exporting attestation manifest sha256:c338acad232384317ffc0c7827090c9c49965c45513eee3e24cd1fdc1962f57c done
#16 exporting manifest list sha256:3a74d335f60d394474c3906299cc5f0cc859b852ff7e2cd26ab704e1cd80b8cc done
#16 naming to docker.io/library/wagering-app:latest done
#16 unpacking to docker.io/library/wagering-app:latest 0.1s done
#16 DONE 0.6s

#17 resolving provenance for metadata file
#17 DONE 0.0s
 wagering-app  Built
