6 versions; paired up/down files; SHA-256 verified
 Network wagering-test-29412-24272_default  Creating
 Network wagering-test-29412-24272_default  Created
 Volume "wagering-test-29412-24272_testcredentials"  Creating
 Volume "wagering-test-29412-24272_testcredentials"  Created
 Container wagering-test-29412-24272-localstack-1  Creating
 Container wagering-test-29412-24272-keycloak-1  Creating
 Container wagering-test-29412-24272-postgres-1  Creating
 Container wagering-test-29412-24272-keycloak-1  Created
 Container wagering-test-29412-24272-localstack-1  Created
 Container wagering-test-29412-24272-postgres-1  Created
 Container wagering-test-29412-24272-postgres-1  Starting
 Container wagering-test-29412-24272-keycloak-1  Starting
 Container wagering-test-29412-24272-localstack-1  Starting
 Container wagering-test-29412-24272-postgres-1  Started
 Container wagering-test-29412-24272-localstack-1  Started
 Container wagering-test-29412-24272-keycloak-1  Started
 Container wagering-test-29412-24272-keycloak-1  Waiting
 Container wagering-test-29412-24272-postgres-1  Waiting
 Container wagering-test-29412-24272-localstack-1  Waiting
 Container wagering-test-29412-24272-postgres-1  Healthy
 Container wagering-test-29412-24272-localstack-1  Healthy
 Container wagering-test-29412-24272-keycloak-1  Healthy
=== RUN   TestAccountingAutomaticSettlementAcrossProcesses
--- PASS: TestAccountingAutomaticSettlementAcrossProcesses (41.17s)
=== RUN   TestSettlementBrokerRejectsForgedAuthority
--- PASS: TestSettlementBrokerRejectsForgedAuthority (0.03s)
PASS
ok  	github.com/alexandre/wagering/test/integration	48.848s
testing: warning: no tests to run
PASS
ok  	github.com/alexandre/wagering/cmd/wagering	1.494s [no tests to run]
 Container wagering-test-29412-24272-keycloak-1  Stopping
 Container wagering-test-29412-24272-localstack-1  Stopping
 Container wagering-test-29412-24272-postgres-1  Stopping
 Container wagering-test-29412-24272-postgres-1  Stopped
 Container wagering-test-29412-24272-postgres-1  Removing
 Container wagering-test-29412-24272-postgres-1  Removed
 Container wagering-test-29412-24272-localstack-1  Stopped
 Container wagering-test-29412-24272-localstack-1  Removing
 Container wagering-test-29412-24272-localstack-1  Removed
 Container wagering-test-29412-24272-keycloak-1  Stopped
 Container wagering-test-29412-24272-keycloak-1  Removing
 Container wagering-test-29412-24272-keycloak-1  Removed
 Network wagering-test-29412-24272_default  Removing
 Volume wagering-test-29412-24272_testcredentials  Removing
 Volume wagering-test-29412-24272_testcredentials  Removed
 Network wagering-test-29412-24272_default  Removed
