6 versions; paired up/down files; SHA-256 verified
......
----------------------------------------------------------------------
Ran 6 tests in 0.009s

OK
000001_init.down.sql: OK
000001_init.up.sql: OK
000002_integrity.down.sql: OK
000002_integrity.up.sql: OK
000003_accounting_model.down.sql: OK
000003_accounting_model.up.sql: OK
000004_accounting_commands.down.sql: OK
000004_accounting_commands.up.sql: OK
000005_settlement_outbox.down.sql: OK
000005_settlement_outbox.up.sql: OK
000006_ledger_cursor_order.down.sql: OK
000006_ledger_cursor_order.up.sql: OK
1/u init (10.296083ms)
2/u integrity (22.720458ms)
3/u accounting_model (88.354792ms)
4/u accounting_commands (102.43775ms)
5/u settlement_outbox (113.49625ms)
6/u ledger_cursor_order (119.444375ms)
000001_init.down.sql: OK
000001_init.up.sql: OK
000002_integrity.down.sql: OK
000002_integrity.up.sql: OK
000003_accounting_model.down.sql: OK
000003_accounting_model.up.sql: OK
000004_accounting_commands.down.sql: OK
000004_accounting_commands.up.sql: OK
000005_settlement_outbox.down.sql: OK
000005_settlement_outbox.up.sql: OK
000006_ledger_cursor_order.down.sql: OK
000006_ledger_cursor_order.up.sql: OK
6
000001_init.down.sql: OK
000001_init.up.sql: OK
000002_integrity.down.sql: OK
000002_integrity.up.sql: OK
000003_accounting_model.down.sql: OK
000003_accounting_model.up.sql: OK
000004_accounting_commands.down.sql: OK
000004_accounting_commands.up.sql: OK
000005_settlement_outbox.down.sql: OK
000005_settlement_outbox.up.sql: OK
000006_ledger_cursor_order.down.sql: OK
000006_ledger_cursor_order.up.sql: OK
6/d ledger_cursor_order (3.889166ms)
5/d settlement_outbox (9.388666ms)
4/d accounting_commands (12.00475ms)
3/d accounting_model (73.155708ms)
2/d integrity (82.399958ms)
1/d init (91.018708ms)
000001_init.down.sql: OK
000001_init.up.sql: OK
000002_integrity.down.sql: OK
000002_integrity.up.sql: OK
000003_accounting_model.down.sql: OK
000003_accounting_model.up.sql: OK
000004_accounting_commands.down.sql: OK
000004_accounting_commands.up.sql: OK
000005_settlement_outbox.down.sql: OK
000005_settlement_outbox.up.sql: OK
000006_ledger_cursor_order.down.sql: OK
000006_ledger_cursor_order.up.sql: OK
1/u init (12.949708ms)
2/u integrity (19.929125ms)
3/u accounting_model (60.786041ms)
4/u accounting_commands (62.6175ms)
5/u settlement_outbox (64.122333ms)
6/u ledger_cursor_order (65.93375ms)
000001_init.down.sql: OK
000001_init.up.sql: OK
000002_integrity.down.sql: OK
000002_integrity.up.sql: OK
000003_accounting_model.down.sql: OK
000003_accounting_model.up.sql: OK
000004_accounting_commands.down.sql: OK
000004_accounting_commands.up.sql: OK
000005_settlement_outbox.down.sql: OK
000005_settlement_outbox.up.sql: OK
000006_ledger_cursor_order.down.sql: OK
000006_ledger_cursor_order.up.sql: OK
no change
000001_init.down.sql: OK
000001_init.up.sql: OK
000002_integrity.down.sql: OK
000002_integrity.up.sql: OK
000003_accounting_model.down.sql: OK
000003_accounting_model.up.sql: OK
000004_accounting_commands.down.sql: OK
000004_accounting_commands.up.sql: OK
000005_settlement_outbox.down.sql: OK
000005_settlement_outbox.up.sql: OK
000006_ledger_cursor_order.down.sql: OK
000006_ledger_cursor_order.up.sql: OK
6/d ledger_cursor_order (3.03025ms)
5/d settlement_outbox (5.839375ms)
000001_init.down.sql: OK
000001_init.up.sql: OK
000002_integrity.down.sql: OK
000002_integrity.up.sql: OK
000003_accounting_model.down.sql: OK
000003_accounting_model.up.sql: OK
000004_accounting_commands.down.sql: OK
000004_accounting_commands.up.sql: OK
000005_settlement_outbox.down.sql: OK
000005_settlement_outbox.up.sql: OK
000006_ledger_cursor_order.down.sql: OK
000006_ledger_cursor_order.up.sql: OK
5/u settlement_outbox (4.407833ms)
6/u ledger_cursor_order (6.567541ms)
Migration roundtrip and schema equivalence verified.
6 versions; paired up/down files; SHA-256 verified
=== RUN   TestAccountingModelOpeningBETWINAndReplay
=== RUN   TestAccountingModelOpeningBETWINAndReplay/false
2026/09/29 20:37:55 INFO transaction handled correlationId="" messageId="" transactionId=fba28726-1ed5-4d5b-8602-366ea14cf2e5 walletId=3e5c9709-b195-4503-91af-5e33206ef94e providerId=model status=PROCESSED
2026/09/29 20:37:55 INFO transaction handled correlationId="" messageId="" transactionId=ce350818-9ccf-466b-a925-a3de16d7c5f4 walletId=3e5c9709-b195-4503-91af-5e33206ef94e providerId=model status=PROCESSED
2026/09/29 20:37:55 INFO transaction handled correlationId="" messageId="" transactionId=fba28726-1ed5-4d5b-8602-366ea14cf2e5 walletId=3e5c9709-b195-4503-91af-5e33206ef94e providerId=model status=PROCESSED
2026/09/29 20:37:55 INFO transaction handled correlationId="" messageId="" transactionId=1afb1c72-60ff-46fd-a4aa-811821b0151c walletId=3e5c9709-b195-4503-91af-5e33206ef94e providerId=model status=REJECTED
=== RUN   TestAccountingModelOpeningBETWINAndReplay/true
2026/09/29 20:37:55 INFO transaction handled correlationId="" messageId="" transactionId=186d70e8-d93f-43d7-a852-e330cbd4fd07 walletId=07e4d391-8068-4bf9-98fd-31998166395f providerId=model status=PROCESSED
2026/09/29 20:37:55 INFO transaction handled correlationId="" messageId="" transactionId=dd5f3e44-724b-4550-9fb5-9f84fa26c007 walletId=07e4d391-8068-4bf9-98fd-31998166395f providerId=model status=PROCESSED
2026/09/29 20:37:55 INFO transaction handled correlationId="" messageId="" transactionId=186d70e8-d93f-43d7-a852-e330cbd4fd07 walletId=07e4d391-8068-4bf9-98fd-31998166395f providerId=model status=PROCESSED
2026/09/29 20:37:55 INFO transaction handled correlationId="" messageId="" transactionId=c961b4bb-d806-4431-8b39-f3fcf798994c walletId=07e4d391-8068-4bf9-98fd-31998166395f providerId=model status=REJECTED
--- PASS: TestAccountingModelOpeningBETWINAndReplay (0.23s)
    --- PASS: TestAccountingModelOpeningBETWINAndReplay/false (0.13s)
    --- PASS: TestAccountingModelOpeningBETWINAndReplay/true (0.08s)
=== RUN   TestAccountingModelRejectsWINWithoutBETAndForeignFunds
2026/09/29 20:37:56 INFO transaction handled correlationId="" messageId="" transactionId=f0d7effd-359a-4d1e-b241-4bbe166ecd02 walletId=80705eec-1958-4408-b0f8-89cbe843beef providerId=model status=PROCESSED
2026/09/29 20:37:56 INFO transaction handled correlationId="" messageId="" transactionId=f91e8bee-5f37-4aa4-8dbc-3af7ec2b23ca walletId=80705eec-1958-4408-b0f8-89cbe843beef providerId=model status=REJECTED
2026/09/29 20:37:56 INFO transaction handled correlationId="" messageId="" transactionId=a0a022ae-141e-4f50-99bf-34a060d029ff walletId=80705eec-1958-4408-b0f8-89cbe843beef providerId=model status=REJECTED
--- PASS: TestAccountingModelRejectsWINWithoutBETAndForeignFunds (0.13s)
=== RUN   TestAccountingModelRefundRollbackAndInbox
2026/09/29 20:37:56 INFO transaction handled correlationId="" messageId="" transactionId=a6c6f7f3-c538-4981-a8cc-b22796ac643c walletId=bb9eb142-7462-46c9-bbbd-9cbd671d4cea providerId=model status=PROCESSED
2026/09/29 20:37:56 INFO transaction handled correlationId="" messageId=29844ee1-c8f0-417c-a4ab-5cccb161aaeb transactionId=776cd2bc-ec8f-453d-acfd-6e31efabd8a8 walletId=bb9eb142-7462-46c9-bbbd-9cbd671d4cea providerId=model status=PROCESSED
2026/09/29 20:37:56 INFO transaction handled correlationId="" messageId=2be5e472-4c00-4950-a067-925828c9aa46 transactionId=776cd2bc-ec8f-453d-acfd-6e31efabd8a8 walletId=bb9eb142-7462-46c9-bbbd-9cbd671d4cea providerId=model status=PROCESSED
2026/09/29 20:37:56 INFO transaction handled correlationId="" messageId="" transactionId=9d21d6d8-d52d-47a9-90cd-8ec8dcee881d walletId=bb9eb142-7462-46c9-bbbd-9cbd671d4cea providerId=model status=PROCESSED
--- PASS: TestAccountingModelRefundRollbackAndInbox (0.11s)
=== RUN   TestAccountingModelConcurrentBETConservesFunds
2026/09/29 20:37:56 INFO transaction handled correlationId="" messageId="" transactionId=32cc87ff-e4f7-47f2-9593-3e66f383a445 walletId=1d4438b0-d7d8-4a00-98f1-85f5f6c29ad2 providerId=model status=PROCESSED
2026/09/29 20:37:56 INFO transaction handled correlationId="" messageId="" transactionId=d21c3e4e-9b67-474b-9aea-3a891d219a72 walletId=1d4438b0-d7d8-4a00-98f1-85f5f6c29ad2 providerId=model status=REJECTED
--- PASS: TestAccountingModelConcurrentBETConservesFunds (0.08s)
=== RUN   TestAccountingModelSQLGuards
2026/09/29 20:37:56 INFO transaction handled correlationId="" messageId="" transactionId=ae96ab70-3dfa-4ff8-a2d0-d1426deef94c walletId=dd318bab-26ef-4406-84a6-29bfc351f0a9 providerId=model status=PROCESSED
=== RUN   TestAccountingModelSQLGuards/wrong_account_owner
    accounting_model_integration_test.go:219: guard SQLSTATE=P0001
=== RUN   TestAccountingModelSQLGuards/consumption_without_effect
    accounting_model_integration_test.go:219: guard SQLSTATE=P0001
=== RUN   TestAccountingModelSQLGuards/explicit_identity_rejected
    accounting_model_integration_test.go:219: guard SQLSTATE=428C9
=== RUN   TestAccountingModelSQLGuards/event_amount
    accounting_model_integration_test.go:219: guard SQLSTATE=P0001
=== RUN   TestAccountingModelSQLGuards/terminal_rewrite
    accounting_model_integration_test.go:219: guard SQLSTATE=P0001
=== RUN   TestAccountingModelSQLGuards/account_without_posting
    accounting_model_integration_test.go:219: guard SQLSTATE=P0001
=== RUN   TestAccountingModelSQLGuards/wallet_without_pair
    accounting_model_integration_test.go:219: guard SQLSTATE=P0001
=== RUN   TestAccountingModelSQLGuards/rewrite_history
    accounting_model_integration_test.go:219: guard SQLSTATE=42501
--- PASS: TestAccountingModelSQLGuards (0.07s)
    --- PASS: TestAccountingModelSQLGuards/wrong_account_owner (0.00s)
    --- PASS: TestAccountingModelSQLGuards/consumption_without_effect (0.00s)
    --- PASS: TestAccountingModelSQLGuards/explicit_identity_rejected (0.00s)
    --- PASS: TestAccountingModelSQLGuards/event_amount (0.00s)
    --- PASS: TestAccountingModelSQLGuards/terminal_rewrite (0.00s)
    --- PASS: TestAccountingModelSQLGuards/account_without_posting (0.00s)
    --- PASS: TestAccountingModelSQLGuards/wallet_without_pair (0.01s)
    --- PASS: TestAccountingModelSQLGuards/rewrite_history (0.00s)
=== RUN   TestAccountingModelFundedSettlementByID
--- PASS: TestAccountingModelFundedSettlementByID (0.13s)
=== RUN   TestAccountingModelJournalGuardsHaveValidControl
=== RUN   TestAccountingModelJournalGuardsHaveValidControl/balanced_control
=== RUN   TestAccountingModelJournalGuardsHaveValidControl/single_leg
=== RUN   TestAccountingModelJournalGuardsHaveValidControl/different_currency
=== RUN   TestAccountingModelJournalGuardsHaveValidControl/same_account
=== RUN   TestAccountingModelJournalGuardsHaveValidControl/late_posting
=== RUN   TestAccountingModelJournalGuardsHaveValidControl/WIN_missing_BET
=== RUN   TestAccountingModelJournalGuardsHaveValidControl/negative_replay
--- PASS: TestAccountingModelJournalGuardsHaveValidControl (0.19s)
    --- PASS: TestAccountingModelJournalGuardsHaveValidControl/balanced_control (0.04s)
    --- PASS: TestAccountingModelJournalGuardsHaveValidControl/single_leg (0.02s)
    --- PASS: TestAccountingModelJournalGuardsHaveValidControl/different_currency (0.02s)
    --- PASS: TestAccountingModelJournalGuardsHaveValidControl/same_account (0.02s)
    --- PASS: TestAccountingModelJournalGuardsHaveValidControl/late_posting (0.02s)
    --- PASS: TestAccountingModelJournalGuardsHaveValidControl/WIN_missing_BET (0.01s)
    --- PASS: TestAccountingModelJournalGuardsHaveValidControl/negative_replay (0.01s)
=== RUN   TestAccountingModelPendingReferenceSurvivesRetry
2026/09/29 20:37:56 INFO transaction handled correlationId="" messageId="" transactionId=cab34d1c-5056-4c48-80f7-7a487b8954c9 walletId=42e66b55-aaf9-44e0-aa39-73c00a43273a providerId=model status=PENDING_REFERENCE
2026/09/29 20:37:56 INFO transaction handled correlationId="" messageId="" transactionId=4c275fa5-6d7d-4d82-a658-df74091a11e3 walletId=42e66b55-aaf9-44e0-aa39-73c00a43273a providerId=model status=PROCESSED
--- PASS: TestAccountingModelPendingReferenceSurvivesRetry (0.14s)
=== RUN   TestAccountingModelMigrationRefusesToInventLegacyFunding
--- PASS: TestAccountingModelMigrationRefusesToInventLegacyFunding (0.07s)
=== RUN   TestAccountingModelRejectsOlderPositiveCursor
--- PASS: TestAccountingModelRejectsOlderPositiveCursor (0.05s)
=== RUN   TestAccountingModelDomainRejectsCorruptRetrySnapshot
--- PASS: TestAccountingModelDomainRejectsCorruptRetrySnapshot (0.04s)
=== RUN   TestAccountingReviewReverseTwoPaymentsToSameWallet
--- PASS: TestAccountingReviewReverseTwoPaymentsToSameWallet (0.11s)
=== RUN   TestAccountingModelSettlementPaymentCurrency
=== RUN   TestAccountingModelSettlementPaymentCurrency/BRL
=== RUN   TestAccountingModelSettlementPaymentCurrency/USD
--- PASS: TestAccountingModelSettlementPaymentCurrency (0.17s)
    --- PASS: TestAccountingModelSettlementPaymentCurrency/BRL (0.08s)
    --- PASS: TestAccountingModelSettlementPaymentCurrency/USD (0.10s)
=== RUN   TestAccountingModelRejectedCurrencyStillAuditable
2026/09/29 20:37:57 INFO transaction handled correlationId="" messageId="" transactionId=4c7dee3d-b36e-4a5f-a03f-2ece5ccb2c76 walletId=c80e1a67-3c6d-4792-a96f-f7b74346c932 providerId=model status=REJECTED
--- PASS: TestAccountingModelRejectedCurrencyStillAuditable (0.06s)
=== RUN   TestSettlementApplicationConfirmsExecutesAndReplays
2026/09/29 20:37:57 INFO transaction handled correlationId="" messageId="" transactionId=460a6795-5eed-4f19-a867-39bc9b92632d walletId=35b82b9b-5677-403a-b822-f412eac6cd3b providerId=model status=PROCESSED
2026/09/29 20:37:57 INFO transaction handled correlationId="" messageId="" transactionId=8bc2ca47-b975-4b07-8a27-b7ab4cb86907 walletId=f4d83310-ba29-42c9-a18f-d21db8f39e14 providerId=model status=PROCESSED
--- PASS: TestSettlementApplicationConfirmsExecutesAndReplays (0.14s)
=== RUN   TestSettlementApplicationHTTPAuthorizationAndExplicitBet
2026/09/29 20:37:57 INFO transaction handled correlationId=65d4a2b6-5632-4e35-a716-f074b5ee92a4 messageId="" transactionId=585c7e8b-72e0-4c0b-88c5-6c54c51f8241 walletId=f8e43fbe-cd8f-4c2a-b94b-57b88ce9eaa9 providerId=p status=PROCESSED
2026/09/29 20:37:57 INFO transaction handled correlationId=8f0c9806-156b-4810-84e6-fd98dd1c540c messageId="" transactionId=13440353-6c33-44df-9313-4e489687ad27 walletId=d1cfa62a-78be-4671-980c-622a5fb81849 providerId=p status=PROCESSED
2026/09/29 20:37:57 INFO transaction handled correlationId="" messageId="" transactionId=0444bc1e-460b-48ea-b0d2-b8f43e786392 walletId=f8e43fbe-cd8f-4c2a-b94b-57b88ce9eaa9 providerId=model status=PROCESSED
2026/09/29 20:37:57 INFO transaction handled correlationId="" messageId="" transactionId=7b3e028c-0430-4ae2-87bd-634f68ad3427 walletId=f8e43fbe-cd8f-4c2a-b94b-57b88ce9eaa9 providerId=model status=PROCESSED
--- PASS: TestSettlementApplicationHTTPAuthorizationAndExplicitBet (0.28s)
PASS
ok  	github.com/alexandre/wagering/internal/infra/postgres	3.343s
