8 versions; paired up/down files; SHA-256 verified
=== RUN   TestEarlyWINBoundaryReasonAndTerminalReplay
=== RUN   TestEarlyWINBoundaryReasonAndTerminalReplay/4m59.999999s
2026/09/30 13:34:19 INFO transaction handled correlationId="" messageId="" transactionId=974147e6-dd0e-4f25-b7b8-f65554e867b4 walletId=5d0305c9-e86d-4116-9dc7-f07e20bc34a3 providerId=model status=PROCESSED
2026/09/30 13:34:19 INFO transaction handled correlationId="" messageId="" transactionId=0609c7e4-bc33-4b90-bad8-395553294f30 walletId=5d0305c9-e86d-4116-9dc7-f07e20bc34a3 providerId=model status=REJECTED
2026/09/30 13:34:19 INFO transaction handled correlationId="" messageId="" transactionId=0609c7e4-bc33-4b90-bad8-395553294f30 walletId=5d0305c9-e86d-4116-9dc7-f07e20bc34a3 providerId=model status=REJECTED
=== RUN   TestEarlyWINBoundaryReasonAndTerminalReplay/5m0s
2026/09/30 13:34:19 INFO transaction handled correlationId="" messageId="" transactionId=3eb7fc9b-50da-4f2a-aaf6-ccb22355678d walletId=af7d1562-d3ea-4571-958c-3b93f3db77cb providerId=model status=PROCESSED
2026/09/30 13:34:19 INFO transaction handled correlationId="" messageId="" transactionId=11a8592f-5b3f-40bb-8a6e-96211a5eca64 walletId=af7d1562-d3ea-4571-958c-3b93f3db77cb providerId=model status=PROCESSED
=== RUN   TestEarlyWINBoundaryReasonAndTerminalReplay/5m0.000001s
2026/09/30 13:34:19 INFO transaction handled correlationId="" messageId="" transactionId=088fbcab-05a5-475e-a310-c0830e2746ba walletId=0f685d9d-d61e-41ed-8a98-3abbabb4bb66 providerId=model status=PROCESSED
2026/09/30 13:34:19 INFO transaction handled correlationId="" messageId="" transactionId=2c99038a-35f3-4164-af21-adc7d403211f walletId=0f685d9d-d61e-41ed-8a98-3abbabb4bb66 providerId=model status=PROCESSED
=== RUN   TestEarlyWINBoundaryReasonAndTerminalReplay/4m59.999999s/explicit
2026/09/30 13:34:19 INFO transaction handled correlationId="" messageId="" transactionId=55827f93-5b68-4074-b026-fb74a6fae992 walletId=c760e1e9-bfce-46b3-93af-64da7db6d6fb providerId=model status=PROCESSED
2026/09/30 13:34:19 INFO transaction handled correlationId="" messageId="" transactionId=fac10971-1bf1-4385-ac27-e6a11959dc55 walletId=c760e1e9-bfce-46b3-93af-64da7db6d6fb providerId=model status=REJECTED
2026/09/30 13:34:19 INFO transaction handled correlationId="" messageId="" transactionId=fac10971-1bf1-4385-ac27-e6a11959dc55 walletId=c760e1e9-bfce-46b3-93af-64da7db6d6fb providerId=model status=REJECTED
=== RUN   TestEarlyWINBoundaryReasonAndTerminalReplay/5m0s/explicit
2026/09/30 13:34:19 INFO transaction handled correlationId="" messageId="" transactionId=7b8cc4fc-02b1-4914-9d27-d22d77bee352 walletId=be327ea3-74e2-4f66-a545-3177d06241eb providerId=model status=PROCESSED
2026/09/30 13:34:19 INFO transaction handled correlationId="" messageId="" transactionId=a8dcf9dd-15d5-4083-ac6e-a1a605fc2ccb walletId=be327ea3-74e2-4f66-a545-3177d06241eb providerId=model status=PROCESSED
=== RUN   TestEarlyWINBoundaryReasonAndTerminalReplay/5m0.000001s/explicit
2026/09/30 13:34:19 INFO transaction handled correlationId="" messageId="" transactionId=36db6f20-bd74-425f-b792-0aa53f6a5984 walletId=308be76b-e371-4074-94e7-52665f79b5ee providerId=model status=PROCESSED
2026/09/30 13:34:19 INFO transaction handled correlationId="" messageId="" transactionId=d8df98ba-1cae-47b3-b195-b8ddd0dcb5f2 walletId=308be76b-e371-4074-94e7-52665f79b5ee providerId=model status=PROCESSED
--- PASS: TestEarlyWINBoundaryReasonAndTerminalReplay (0.20s)
    --- PASS: TestEarlyWINBoundaryReasonAndTerminalReplay/4m59.999999s (0.08s)
    --- PASS: TestEarlyWINBoundaryReasonAndTerminalReplay/5m0s (0.03s)
    --- PASS: TestEarlyWINBoundaryReasonAndTerminalReplay/5m0.000001s (0.02s)
    --- PASS: TestEarlyWINBoundaryReasonAndTerminalReplay/4m59.999999s/explicit (0.02s)
    --- PASS: TestEarlyWINBoundaryReasonAndTerminalReplay/5m0s/explicit (0.02s)
    --- PASS: TestEarlyWINBoundaryReasonAndTerminalReplay/5m0.000001s/explicit (0.02s)
=== RUN   TestDatabaseRejectsEarlyWINDespiteBypassedDomain
2026/09/30 13:34:19 INFO transaction handled correlationId="" messageId="" transactionId=b180b382-172b-416d-a02c-b38dda555d49 walletId=f18bc44c-38e8-4983-9043-18e859cb279f providerId=model status=PROCESSED
--- PASS: TestDatabaseRejectsEarlyWINDespiteBypassedDomain (0.04s)
=== RUN   TestEarlyWINRemainsRejectedAfterWaitingForBetLock
2026/09/30 13:34:19 INFO transaction handled correlationId="" messageId="" transactionId=c5080fee-5889-473c-9b75-c9056cab5a97 walletId=91e943d1-5342-4e42-9345-e5766e3b23da providerId=model status=PROCESSED
2026/09/30 13:34:19 INFO transaction handled correlationId="" messageId="" transactionId=974b130e-a4b8-4ffc-ab66-fa22dcdc7893 walletId=91e943d1-5342-4e42-9345-e5766e3b23da providerId=model status=REJECTED
--- PASS: TestEarlyWINRemainsRejectedAfterWaitingForBetLock (0.08s)
PASS
ok  	github.com/alexandre/wagering/internal/infra/postgres	1.792s
