8 versions; paired up/down files; SHA-256 verified
......
----------------------------------------------------------------------
Ran 6 tests in 0.005s

OK
000001_init.down.sql: OK
000001_init.up.sql: OK
000002_integrity.down.sql: OK
000002_integrity.up.sql: OK
000003_accounting_model.down.sql: OK
000003_accounting_model.up.sql: OK
000004_accounting_commands.down.sql: OK
000004_accounting_commands.up.sql: OK
000005_settlement_outbox.down.sql: OK
000005_settlement_outbox.up.sql: OK
000006_ledger_cursor_order.down.sql: OK
000006_ledger_cursor_order.up.sql: OK
000007_betting_window.down.sql: OK
000007_betting_window.up.sql: OK
000008_early_win.down.sql: OK
000008_early_win.up.sql: OK
1/u init (6.898833ms)
2/u integrity (10.30725ms)
3/u accounting_model (38.873875ms)
4/u accounting_commands (40.751292ms)
5/u settlement_outbox (42.023916ms)
6/u ledger_cursor_order (42.851042ms)
7/u betting_window (43.902708ms)
8/u early_win (44.8615ms)
000001_init.down.sql: OK
000001_init.up.sql: OK
000002_integrity.down.sql: OK
000002_integrity.up.sql: OK
000003_accounting_model.down.sql: OK
000003_accounting_model.up.sql: OK
000004_accounting_commands.down.sql: OK
000004_accounting_commands.up.sql: OK
000005_settlement_outbox.down.sql: OK
000005_settlement_outbox.up.sql: OK
000006_ledger_cursor_order.down.sql: OK
000006_ledger_cursor_order.up.sql: OK
000007_betting_window.down.sql: OK
000007_betting_window.up.sql: OK
000008_early_win.down.sql: OK
000008_early_win.up.sql: OK
8
000001_init.down.sql: OK
000001_init.up.sql: OK
000002_integrity.down.sql: OK
000002_integrity.up.sql: OK
000003_accounting_model.down.sql: OK
000003_accounting_model.up.sql: OK
000004_accounting_commands.down.sql: OK
000004_accounting_commands.up.sql: OK
000005_settlement_outbox.down.sql: OK
000005_settlement_outbox.up.sql: OK
000006_ledger_cursor_order.down.sql: OK
000006_ledger_cursor_order.up.sql: OK
000007_betting_window.down.sql: OK
000007_betting_window.up.sql: OK
000008_early_win.down.sql: OK
000008_early_win.up.sql: OK
8/d early_win (1.732667ms)
7/d betting_window (3.085958ms)
6/d ledger_cursor_order (4.067458ms)
5/d settlement_outbox (5.785166ms)
4/d accounting_commands (6.824417ms)
3/d accounting_model (40.032959ms)
2/d integrity (42.907ms)
1/d init (47.749ms)
000001_init.down.sql: OK
000001_init.up.sql: OK
000002_integrity.down.sql: OK
000002_integrity.up.sql: OK
000003_accounting_model.down.sql: OK
000003_accounting_model.up.sql: OK
000004_accounting_commands.down.sql: OK
000004_accounting_commands.up.sql: OK
000005_settlement_outbox.down.sql: OK
000005_settlement_outbox.up.sql: OK
000006_ledger_cursor_order.down.sql: OK
000006_ledger_cursor_order.up.sql: OK
000007_betting_window.down.sql: OK
000007_betting_window.up.sql: OK
000008_early_win.down.sql: OK
000008_early_win.up.sql: OK
1/u init (7.394708ms)
2/u integrity (10.925459ms)
3/u accounting_model (40.352833ms)
4/u accounting_commands (42.280208ms)
5/u settlement_outbox (43.733708ms)
6/u ledger_cursor_order (44.67725ms)
7/u betting_window (45.793042ms)
8/u early_win (46.941875ms)
000001_init.down.sql: OK
000001_init.up.sql: OK
000002_integrity.down.sql: OK
000002_integrity.up.sql: OK
000003_accounting_model.down.sql: OK
000003_accounting_model.up.sql: OK
000004_accounting_commands.down.sql: OK
000004_accounting_commands.up.sql: OK
000005_settlement_outbox.down.sql: OK
000005_settlement_outbox.up.sql: OK
000006_ledger_cursor_order.down.sql: OK
000006_ledger_cursor_order.up.sql: OK
000007_betting_window.down.sql: OK
000007_betting_window.up.sql: OK
000008_early_win.down.sql: OK
000008_early_win.up.sql: OK
no change
000001_init.down.sql: OK
000001_init.up.sql: OK
000002_integrity.down.sql: OK
000002_integrity.up.sql: OK
000003_accounting_model.down.sql: OK
000003_accounting_model.up.sql: OK
000004_accounting_commands.down.sql: OK
000004_accounting_commands.up.sql: OK
000005_settlement_outbox.down.sql: OK
000005_settlement_outbox.up.sql: OK
000006_ledger_cursor_order.down.sql: OK
000006_ledger_cursor_order.up.sql: OK
000007_betting_window.down.sql: OK
000007_betting_window.up.sql: OK
000008_early_win.down.sql: OK
000008_early_win.up.sql: OK
8/d early_win (1.486584ms)
7/d betting_window (2.977375ms)
000001_init.down.sql: OK
000001_init.up.sql: OK
000002_integrity.down.sql: OK
000002_integrity.up.sql: OK
000003_accounting_model.down.sql: OK
000003_accounting_model.up.sql: OK
000004_accounting_commands.down.sql: OK
000004_accounting_commands.up.sql: OK
000005_settlement_outbox.down.sql: OK
000005_settlement_outbox.up.sql: OK
000006_ledger_cursor_order.down.sql: OK
000006_ledger_cursor_order.up.sql: OK
000007_betting_window.down.sql: OK
000007_betting_window.up.sql: OK
000008_early_win.down.sql: OK
000008_early_win.up.sql: OK
7/u betting_window (2.192333ms)
8/u early_win (3.2965ms)
Migration roundtrip and schema equivalence verified.
8 versions; paired up/down files; SHA-256 verified
=== RUN   TestAccountingModelOpeningBETWINAndReplay
=== RUN   TestAccountingModelOpeningBETWINAndReplay/false
2026/09/30 13:33:51 INFO transaction handled correlationId="" messageId="" transactionId=f0d8e1f9-b967-41b6-9575-c7dacb6dc075 walletId=7dff164d-480d-4a6a-9380-0f24c2dba504 providerId=model status=PROCESSED
2026/09/30 13:33:51 INFO transaction handled correlationId="" messageId="" transactionId=7d79d31e-f5fc-4c0b-92e2-d9752f5963bd walletId=7dff164d-480d-4a6a-9380-0f24c2dba504 providerId=model status=PROCESSED
2026/09/30 13:33:51 INFO transaction handled correlationId="" messageId="" transactionId=f0d8e1f9-b967-41b6-9575-c7dacb6dc075 walletId=7dff164d-480d-4a6a-9380-0f24c2dba504 providerId=model status=PROCESSED
2026/09/30 13:33:51 INFO transaction handled correlationId="" messageId="" transactionId=ef553c88-a6ec-4c7b-a330-ee48cd3c14d9 walletId=7dff164d-480d-4a6a-9380-0f24c2dba504 providerId=model status=REJECTED
=== RUN   TestAccountingModelOpeningBETWINAndReplay/true
2026/09/30 13:33:51 INFO transaction handled correlationId="" messageId="" transactionId=a4cdba37-87c1-4d2f-bb6d-30f6b9f5354e walletId=171f7ce8-9f45-4ec2-bd56-b1c0b38c328a providerId=model status=PROCESSED
2026/09/30 13:33:51 INFO transaction handled correlationId="" messageId="" transactionId=8c2276c0-e1f2-4866-b3f1-56dd77ce8c73 walletId=171f7ce8-9f45-4ec2-bd56-b1c0b38c328a providerId=model status=PROCESSED
2026/09/30 13:33:51 INFO transaction handled correlationId="" messageId="" transactionId=a4cdba37-87c1-4d2f-bb6d-30f6b9f5354e walletId=171f7ce8-9f45-4ec2-bd56-b1c0b38c328a providerId=model status=PROCESSED
2026/09/30 13:33:51 INFO transaction handled correlationId="" messageId="" transactionId=2aa5a19f-3bc2-4d91-8de0-a920d66d1a1a walletId=171f7ce8-9f45-4ec2-bd56-b1c0b38c328a providerId=model status=REJECTED
--- PASS: TestAccountingModelOpeningBETWINAndReplay (0.16s)
    --- PASS: TestAccountingModelOpeningBETWINAndReplay/false (0.10s)
    --- PASS: TestAccountingModelOpeningBETWINAndReplay/true (0.03s)
=== RUN   TestAccountingModelRejectsWINWithoutBETAndForeignFunds
2026/09/30 13:33:51 INFO transaction handled correlationId="" messageId="" transactionId=b24e06d9-7779-4fea-9e67-981a8f0db15e walletId=d398c64c-70d7-44b1-81dd-7e399bb2a250 providerId=model status=PROCESSED
2026/09/30 13:33:51 INFO transaction handled correlationId="" messageId="" transactionId=fc41a2d5-3fcc-40e8-a65b-16531d580c53 walletId=d398c64c-70d7-44b1-81dd-7e399bb2a250 providerId=model status=REJECTED
2026/09/30 13:33:51 INFO transaction handled correlationId="" messageId="" transactionId=5f1181e3-3a25-4ad5-8c67-53d217e21db8 walletId=d398c64c-70d7-44b1-81dd-7e399bb2a250 providerId=model status=REJECTED
--- PASS: TestAccountingModelRejectsWINWithoutBETAndForeignFunds (0.06s)
=== RUN   TestAccountingModelRefundRollbackAndInbox
2026/09/30 13:33:51 INFO transaction handled correlationId="" messageId="" transactionId=eb5c32f6-4ded-428a-b51d-71e34d1f4899 walletId=be70fb15-2384-44c2-a3fc-09bf4b3de5a3 providerId=model status=PROCESSED
2026/09/30 13:33:51 INFO transaction handled correlationId="" messageId=1f258959-6367-49d4-93f7-2a3bc9614868 transactionId=3ad65b89-75c7-4f63-b073-755d6b2ead78 walletId=be70fb15-2384-44c2-a3fc-09bf4b3de5a3 providerId=model status=PROCESSED
2026/09/30 13:33:51 INFO transaction handled correlationId="" messageId=016d0f96-a267-4c6d-8f3a-8f9fddc2d02b transactionId=3ad65b89-75c7-4f63-b073-755d6b2ead78 walletId=be70fb15-2384-44c2-a3fc-09bf4b3de5a3 providerId=model status=PROCESSED
2026/09/30 13:33:51 INFO transaction handled correlationId="" messageId="" transactionId=d41e5c8f-25c7-4d6c-b9d5-c0fabec6f9e5 walletId=be70fb15-2384-44c2-a3fc-09bf4b3de5a3 providerId=model status=PROCESSED
--- PASS: TestAccountingModelRefundRollbackAndInbox (0.07s)
=== RUN   TestAccountingModelConcurrentBETConservesFunds
2026/09/30 13:33:51 INFO transaction handled correlationId="" messageId="" transactionId=c4bfc398-e09f-4050-9d3b-799abe66410b walletId=5ceb3453-6ebf-4ad8-9a09-10e335864b25 providerId=model status=PROCESSED
2026/09/30 13:33:51 INFO transaction handled correlationId="" messageId="" transactionId=9245bad8-a846-4d55-b5ce-1a17e70f150a walletId=5ceb3453-6ebf-4ad8-9a09-10e335864b25 providerId=model status=REJECTED
--- PASS: TestAccountingModelConcurrentBETConservesFunds (0.05s)
=== RUN   TestAccountingModelSQLGuards
2026/09/30 13:33:51 INFO transaction handled correlationId="" messageId="" transactionId=a3a8d794-f90e-4a38-b984-f9e6d02c288b walletId=77511e08-3807-4990-8794-c45f24004bda providerId=model status=PROCESSED
=== RUN   TestAccountingModelSQLGuards/wallet_without_pair
    accounting_model_integration_test.go:219: guard SQLSTATE=P0001
=== RUN   TestAccountingModelSQLGuards/rewrite_history
    accounting_model_integration_test.go:219: guard SQLSTATE=42501
=== RUN   TestAccountingModelSQLGuards/wrong_account_owner
    accounting_model_integration_test.go:219: guard SQLSTATE=P0001
=== RUN   TestAccountingModelSQLGuards/consumption_without_effect
    accounting_model_integration_test.go:219: guard SQLSTATE=P0001
=== RUN   TestAccountingModelSQLGuards/explicit_identity_rejected
    accounting_model_integration_test.go:219: guard SQLSTATE=428C9
=== RUN   TestAccountingModelSQLGuards/event_amount
    accounting_model_integration_test.go:219: guard SQLSTATE=P0001
=== RUN   TestAccountingModelSQLGuards/terminal_rewrite
    accounting_model_integration_test.go:219: guard SQLSTATE=P0001
=== RUN   TestAccountingModelSQLGuards/account_without_posting
    accounting_model_integration_test.go:219: guard SQLSTATE=P0001
--- PASS: TestAccountingModelSQLGuards (0.05s)
    --- PASS: TestAccountingModelSQLGuards/wallet_without_pair (0.00s)
    --- PASS: TestAccountingModelSQLGuards/rewrite_history (0.00s)
    --- PASS: TestAccountingModelSQLGuards/wrong_account_owner (0.00s)
    --- PASS: TestAccountingModelSQLGuards/consumption_without_effect (0.00s)
    --- PASS: TestAccountingModelSQLGuards/explicit_identity_rejected (0.00s)
    --- PASS: TestAccountingModelSQLGuards/event_amount (0.00s)
    --- PASS: TestAccountingModelSQLGuards/terminal_rewrite (0.00s)
    --- PASS: TestAccountingModelSQLGuards/account_without_posting (0.00s)
=== RUN   TestAccountingModelFundedSettlementByID
--- PASS: TestAccountingModelFundedSettlementByID (0.08s)
=== RUN   TestAccountingModelJournalGuardsHaveValidControl
=== RUN   TestAccountingModelJournalGuardsHaveValidControl/balanced_control
=== RUN   TestAccountingModelJournalGuardsHaveValidControl/single_leg
=== RUN   TestAccountingModelJournalGuardsHaveValidControl/different_currency
=== RUN   TestAccountingModelJournalGuardsHaveValidControl/same_account
=== RUN   TestAccountingModelJournalGuardsHaveValidControl/late_posting
=== RUN   TestAccountingModelJournalGuardsHaveValidControl/WIN_missing_BET
=== RUN   TestAccountingModelJournalGuardsHaveValidControl/negative_replay
--- PASS: TestAccountingModelJournalGuardsHaveValidControl (0.09s)
    --- PASS: TestAccountingModelJournalGuardsHaveValidControl/balanced_control (0.01s)
    --- PASS: TestAccountingModelJournalGuardsHaveValidControl/single_leg (0.01s)
    --- PASS: TestAccountingModelJournalGuardsHaveValidControl/different_currency (0.01s)
    --- PASS: TestAccountingModelJournalGuardsHaveValidControl/same_account (0.01s)
    --- PASS: TestAccountingModelJournalGuardsHaveValidControl/late_posting (0.01s)
    --- PASS: TestAccountingModelJournalGuardsHaveValidControl/WIN_missing_BET (0.01s)
    --- PASS: TestAccountingModelJournalGuardsHaveValidControl/negative_replay (0.01s)
=== RUN   TestAccountingModelPendingReferenceSurvivesRetry
2026/09/30 13:33:51 INFO transaction handled correlationId="" messageId="" transactionId=cb1bbfdf-d934-4691-8216-06fd0bd06d05 walletId=2e16fdb8-c214-4fc0-abab-c90bb2380241 providerId=model status=PENDING_REFERENCE
2026/09/30 13:33:51 INFO transaction handled correlationId="" messageId="" transactionId=0c11cb25-4ad7-4dc3-aa5a-97a273348ca9 walletId=2e16fdb8-c214-4fc0-abab-c90bb2380241 providerId=model status=PROCESSED
--- PASS: TestAccountingModelPendingReferenceSurvivesRetry (0.06s)
=== RUN   TestAccountingModelMigrationRefusesToInventLegacyFunding
--- PASS: TestAccountingModelMigrationRefusesToInventLegacyFunding (0.05s)
=== RUN   TestAccountingModelRejectsOlderPositiveCursor
--- PASS: TestAccountingModelRejectsOlderPositiveCursor (0.03s)
=== RUN   TestAccountingModelDomainRejectsCorruptRetrySnapshot
--- PASS: TestAccountingModelDomainRejectsCorruptRetrySnapshot (0.03s)
=== RUN   TestAccountingReviewReverseTwoPaymentsToSameWallet
--- PASS: TestAccountingReviewReverseTwoPaymentsToSameWallet (0.07s)
=== RUN   TestAccountingModelSettlementPaymentCurrency
=== RUN   TestAccountingModelSettlementPaymentCurrency/BRL
=== RUN   TestAccountingModelSettlementPaymentCurrency/USD
--- PASS: TestAccountingModelSettlementPaymentCurrency (0.12s)
    --- PASS: TestAccountingModelSettlementPaymentCurrency/BRL (0.06s)
    --- PASS: TestAccountingModelSettlementPaymentCurrency/USD (0.05s)
=== RUN   TestAccountingModelRejectedCurrencyStillAuditable
2026/09/30 13:33:52 INFO transaction handled correlationId="" messageId="" transactionId=0cb0f6aa-a9c1-4cc7-a1c7-45c745b62309 walletId=4ff1dda0-c884-414b-84da-b20defbac69a providerId=model status=REJECTED
--- PASS: TestAccountingModelRejectedCurrencyStillAuditable (0.04s)
=== RUN   TestSettlementApplicationConfirmsExecutesAndReplays
2026/09/30 13:33:52 INFO transaction handled correlationId="" messageId="" transactionId=b68bf8f6-7e8e-4752-ba36-4e308b5b2616 walletId=5c9de014-3211-48a7-b8c2-cdc5affe7649 providerId=model status=PROCESSED
2026/09/30 13:33:52 INFO transaction handled correlationId="" messageId="" transactionId=94dc0923-9847-4c03-a962-5d48c2f92050 walletId=4068db4e-510e-4b9b-bdea-233b0d7c786f providerId=model status=PROCESSED
--- PASS: TestSettlementApplicationConfirmsExecutesAndReplays (0.09s)
=== RUN   TestSettlementApplicationHTTPAuthorizationAndExplicitBet
2026/09/30 13:33:52 INFO transaction handled correlationId=c22c7438-6dad-4cad-9883-45701eed46b4 messageId="" transactionId=017b50e0-bd40-4606-a638-ea4cdb6cefc2 walletId=3366744d-f62e-40a9-8294-f863b27aa8bb providerId=p status=PROCESSED
2026/09/30 13:33:52 INFO transaction handled correlationId=00b66bda-b75b-4967-abad-688a53d2d705 messageId="" transactionId=ab28ecf4-1358-4674-80ed-e55d8900eedc walletId=f7668d42-1043-4329-b87c-79790e84a51e providerId=p status=PROCESSED
2026/09/30 13:33:52 INFO transaction handled correlationId="" messageId="" transactionId=f7396e7f-1493-4aac-b32b-29fbde6d189f walletId=3366744d-f62e-40a9-8294-f863b27aa8bb providerId=model status=PROCESSED
2026/09/30 13:33:52 INFO transaction handled correlationId="" messageId="" transactionId=396d8b08-af47-45d6-ae8f-b36775fcdd38 walletId=3366744d-f62e-40a9-8294-f863b27aa8bb providerId=model status=PROCESSED
--- PASS: TestSettlementApplicationHTTPAuthorizationAndExplicitBet (0.17s)
=== RUN   TestSettlementApplicationReversesMultiplePaymentsAndReplaysConcurrently
--- PASS: TestSettlementApplicationReversesMultiplePaymentsAndReplaysConcurrently (0.10s)
PASS
ok  	github.com/alexandre/wagering/internal/infra/postgres	2.651s
