#1 [internal] load local bake definitions
#1 reading from stdin 493B done
#1 DONE 0.0s

#2 [internal] load build definition from Dockerfile
#2 transferring dockerfile: 351B done
#2 DONE 0.0s

#3 [internal] load metadata for docker.io/library/golang:1.23.12-alpine
#3 DONE 1.0s

#4 [internal] load metadata for gcr.io/distroless/static-debian12:nonroot
#4 DONE 1.2s

#5 [internal] load .dockerignore
#5 transferring context: 115B done
#5 DONE 0.0s

#6 [build 1/6] FROM docker.io/library/golang:1.23.12-alpine@sha256:383395b794dffa5b53012a212365d40c8e37109a626ca30d6151c8348d380b5f
#6 resolve docker.io/library/golang:1.23.12-alpine@sha256:383395b794dffa5b53012a212365d40c8e37109a626ca30d6151c8348d380b5f 0.0s done
#6 DONE 0.0s

#7 [stage-1 1/3] FROM gcr.io/distroless/static-debian12:nonroot@sha256:afa5c872c891853ca7fcf1f12c3edb23f7eeef36189728842dd51042ff57f7ab
#7 resolve gcr.io/distroless/static-debian12:nonroot@sha256:afa5c872c891853ca7fcf1f12c3edb23f7eeef36189728842dd51042ff57f7ab 0.0s done
#7 DONE 0.0s

#8 [internal] load build context
#8 transferring context: 530.85kB 0.0s done
#8 DONE 0.0s

#9 [build 2/6] WORKDIR /src
#9 CACHED

#10 [build 3/6] COPY go.mod go.sum ./
#10 DONE 0.0s

#11 [build 4/6] RUN go mod download
#11 DONE 4.3s

#12 [build 5/6] COPY . .
#12 DONE 0.0s

#13 [build 6/6] RUN CGO_ENABLED=0 go build -trimpath -o /out/wagering ./cmd/wagering
#13 DONE 5.4s

#7 [stage-1 1/3] FROM gcr.io/distroless/static-debian12:nonroot@sha256:afa5c872c891853ca7fcf1f12c3edb23f7eeef36189728842dd51042ff57f7ab
#7 CACHED

#14 [stage-1 2/3] COPY --from=build /out/wagering /wagering
#14 DONE 0.0s

#15 [stage-1 3/3] COPY migrations /migrations
#15 DONE 0.0s

#16 exporting to image
#16 exporting layers
#16 exporting layers 0.5s done
#16 exporting manifest sha256:7a45ef740958921053c4ee785caa17dc8f68818c5c3ddafd67788d0f1d451ea2 done
#16 exporting config sha256:f54ae7194210fa6d2d01c4cecad19a8a519f9f84baa5c0c55df1a69fe85c18e7 done
#16 exporting attestation manifest sha256:c3e6b37239c3d5a5d2cde2307fdb67b130f3f2122ce411ef27d6f0d215e6e6d0 done
#16 exporting manifest list sha256:e5e92803fe23d9bb85fcd3dcfae9b47979d707a7bc9073958ea466d34c174ba4 done
#16 naming to docker.io/library/wagering-app:latest done
#16 unpacking to docker.io/library/wagering-app:latest 0.1s done
#16 DONE 0.6s

#17 resolving provenance for metadata file
#17 DONE 0.0s
 wagering-app  Built
