 Container wagering-app-1  Stopping
 Container wagering-app-1  Stopped
 Container wagering-postgres-1  Running
 Container wagering-localstack-1  Running
 Container wagering-keycloak-1  Running
 Container wagering-localstack-1  Waiting
 Container wagering-keycloak-1  Waiting
 Container wagering-postgres-1  Waiting
 Container wagering-postgres-1  Healthy
 Container wagering-keycloak-1  Healthy
 Container wagering-localstack-1  Healthy
 Container wagering-postgres-1  Running
no change
=== RUN   TestSimultaneousChannelsAndSQSTerminalRejection
--- PASS: TestSimultaneousChannelsAndSQSTerminalRejection (21.85s)
=== RUN   TestConcurrentReversalsAndFullRestart
--- PASS: TestConcurrentReversalsAndFullRestart (5.70s)
=== RUN   TestDependencyOutagesRecoverDurableWork
--- PASS: TestDependencyOutagesRecoverDurableWork (79.42s)
=== RUN   TestSIGTERMDrainsInFlightSQS
--- PASS: TestSIGTERMDrainsInFlightSQS (1.59s)
=== RUN   TestInternalAuthorizationAndExternalOpening
--- PASS: TestInternalAuthorizationAndExternalOpening (0.01s)
=== RUN   TestOutputContractsAndDurableDownstreamDedup
--- PASS: TestOutputContractsAndDurableDownstreamDedup (7.18s)
=== RUN   TestExternalOpeningSQSReachesDLQ
--- PASS: TestExternalOpeningSQSReachesDLQ (29.56s)
=== RUN   TestReferenceAttemptsExhaustionAndPendingDependency
--- PASS: TestReferenceAttemptsExhaustionAndPendingDependency (2.28s)
=== RUN   TestTransientExhaustionReachesDLQWithoutFinancialEffect
--- PASS: TestTransientExhaustionReachesDLQWithoutFinancialEffect (45.77s)
=== RUN   TestOutboxOldLeaseCannotConfirmNewOwner
--- PASS: TestOutboxOldLeaseCannotConfirmNewOwner (0.02s)
=== RUN   TestLockTimeoutIsRetryableAndReconciliationSnapshotIsStable
--- PASS: TestLockTimeoutIsRetryableAndReconciliationSnapshotIsStable (8.08s)
=== RUN   TestThreeProcessesConcurrentMoney
=== RUN   TestThreeProcessesConcurrentMoney/50-replays
=== RUN   TestThreeProcessesConcurrentMoney/two-80-on-100
=== RUN   TestThreeProcessesConcurrentMoney/wallet-lock-isolation
--- PASS: TestThreeProcessesConcurrentMoney (0.17s)
    --- PASS: TestThreeProcessesConcurrentMoney/50-replays (0.12s)
    --- PASS: TestThreeProcessesConcurrentMoney/two-80-on-100 (0.03s)
    --- PASS: TestThreeProcessesConcurrentMoney/wallet-lock-isolation (0.02s)
=== RUN   TestAuthorization
--- PASS: TestAuthorization (0.02s)
=== RUN   TestReversalsAndLoss
--- PASS: TestReversalsAndLoss (0.04s)
=== RUN   TestDatabaseGuardsAndAtomicRollback
--- PASS: TestDatabaseGuardsAndAtomicRollback (0.02s)
=== RUN   TestBrokerPermissions
--- PASS: TestBrokerPermissions (0.01s)
=== RUN   TestHTTPAndSQSReplayAndCrash
--- PASS: TestHTTPAndSQSReplayAndCrash (89.80s)
=== RUN   TestPendingReferenceRestart
--- PASS: TestPendingReferenceRestart (8.30s)
=== RUN   TestOutboxRecoveryTwoPublishers
--- PASS: TestOutboxRecoveryTwoPublishers (39.26s)
=== RUN   TestLedgerCursorAndOpeningZero
--- PASS: TestLedgerCursorAndOpeningZero (0.07s)
=== RUN   TestExpiredIdPToken
--- PASS: TestExpiredIdPToken (2.21s)
=== RUN   TestMigrationRoundTrip
--- PASS: TestMigrationRoundTrip (0.10s)
PASS
ok  	github.com/alexandre/wagering/test/integration	346.784s
=== RUN   TestFxGraph
--- PASS: TestFxGraph (0.01s)
=== RUN   TestRealFxStartStop
{"time":"2026-09-28T22:13:17.063111-03:00","level":"INFO","msg":"provided","constructor":"go.uber.org/fx.New.func1()","stacktrace":{"0":"go.uber.org/fx.New (/Users/alexandre/go/pkg/mod/go.uber.org/fx@v1.23.0/app.go:486)","1":"github.com/alexandre/wagering/cmd/wagering.TestRealFxStartStop (/Users/alexandre/wagering/cmd/wagering/lifecycle_integration_test.go:22)","2":"testing.tRunner (/opt/homebrew/Cellar/go/1.27.1/libexec/src/testing/testing.go:2193)"},"moduletrace":{"0":"go.uber.org/fx.New (/Users/alexandre/go/pkg/mod/go.uber.org/fx@v1.23.0/app.go:486)","1":"github.com/alexandre/wagering/cmd/wagering.TestRealFxStartStop (/Users/alexandre/wagering/cmd/wagering/lifecycle_integration_test.go:22)"},"type":"fx.Lifecycle"}
{"time":"2026-09-28T22:13:17.063301-03:00","level":"INFO","msg":"provided","constructor":"go.uber.org/fx.(*App).shutdowner-fm()","stacktrace":{"0":"go.uber.org/fx.New (/Users/alexandre/go/pkg/mod/go.uber.org/fx@v1.23.0/app.go:486)","1":"github.com/alexandre/wagering/cmd/wagering.TestRealFxStartStop (/Users/alexandre/wagering/cmd/wagering/lifecycle_integration_test.go:22)","2":"testing.tRunner (/opt/homebrew/Cellar/go/1.27.1/libexec/src/testing/testing.go:2193)"},"moduletrace":{"0":"go.uber.org/fx.New (/Users/alexandre/go/pkg/mod/go.uber.org/fx@v1.23.0/app.go:486)","1":"github.com/alexandre/wagering/cmd/wagering.TestRealFxStartStop (/Users/alexandre/wagering/cmd/wagering/lifecycle_integration_test.go:22)"},"type":"fx.Shutdowner"}
{"time":"2026-09-28T22:13:17.063346-03:00","level":"INFO","msg":"provided","constructor":"go.uber.org/fx.(*App).dotGraph-fm()","stacktrace":{"0":"go.uber.org/fx.New (/Users/alexandre/go/pkg/mod/go.uber.org/fx@v1.23.0/app.go:486)","1":"github.com/alexandre/wagering/cmd/wagering.TestRealFxStartStop (/Users/alexandre/wagering/cmd/wagering/lifecycle_integration_test.go:22)","2":"testing.tRunner (/opt/homebrew/Cellar/go/1.27.1/libexec/src/testing/testing.go:2193)"},"moduletrace":{"0":"go.uber.org/fx.New (/Users/alexandre/go/pkg/mod/go.uber.org/fx@v1.23.0/app.go:486)","1":"github.com/alexandre/wagering/cmd/wagering.TestRealFxStartStop (/Users/alexandre/wagering/cmd/wagering/lifecycle_integration_test.go:22)"},"type":"fx.DotGraph"}
{"time":"2026-09-28T22:13:17.063391-03:00","level":"INFO","msg":"provided","constructor":"github.com/alexandre/wagering/internal/infra/config.Load()","stacktrace":{"0":"github.com/alexandre/wagering/cmd/wagering.Options (/Users/alexandre/wagering/cmd/wagering/app.go:29)","1":"github.com/alexandre/wagering/cmd/wagering.TestRealFxStartStop (/Users/alexandre/wagering/cmd/wagering/lifecycle_integration_test.go:21)","2":"testing.tRunner (/opt/homebrew/Cellar/go/1.27.1/libexec/src/testing/testing.go:2193)"},"moduletrace":{"0":"github.com/alexandre/wagering/cmd/wagering.Options (/Users/alexandre/wagering/cmd/wagering/app.go:29)","1":"github.com/alexandre/wagering/cmd/wagering.TestRealFxStartStop (/Users/alexandre/wagering/cmd/wagering/lifecycle_integration_test.go:22)"},"type":"config.Config"}
{"time":"2026-09-28T22:13:17.063429-03:00","level":"INFO","msg":"provided","constructor":"github.com/alexandre/wagering/internal/platform/logging.New()","stacktrace":{"0":"github.com/alexandre/wagering/cmd/wagering.Options (/Users/alexandre/wagering/cmd/wagering/app.go:29)","1":"github.com/alexandre/wagering/cmd/wagering.TestRealFxStartStop (/Users/alexandre/wagering/cmd/wagering/lifecycle_integration_test.go:21)","2":"testing.tRunner (/opt/homebrew/Cellar/go/1.27.1/libexec/src/testing/testing.go:2193)"},"moduletrace":{"0":"github.com/alexandre/wagering/cmd/wagering.Options (/Users/alexandre/wagering/cmd/wagering/app.go:29)","1":"github.com/alexandre/wagering/cmd/wagering.TestRealFxStartStop (/Users/alexandre/wagering/cmd/wagering/lifecycle_integration_test.go:22)"},"type":"*slog.Logger"}
{"time":"2026-09-28T22:13:17.063464-03:00","level":"INFO","msg":"provided","constructor":"github.com/alexandre/wagering/internal/platform/worker.NewGroup()","stacktrace":{"0":"github.com/alexandre/wagering/cmd/wagering.Options (/Users/alexandre/wagering/cmd/wagering/app.go:29)","1":"github.com/alexandre/wagering/cmd/wagering.TestRealFxStartStop (/Users/alexandre/wagering/cmd/wagering/lifecycle_integration_test.go:21)","2":"testing.tRunner (/opt/homebrew/Cellar/go/1.27.1/libexec/src/testing/testing.go:2193)"},"moduletrace":{"0":"github.com/alexandre/wagering/cmd/wagering.Options (/Users/alexandre/wagering/cmd/wagering/app.go:29)","1":"github.com/alexandre/wagering/cmd/wagering.TestRealFxStartStop (/Users/alexandre/wagering/cmd/wagering/lifecycle_integration_test.go:22)"},"type":"*worker.Group"}
{"time":"2026-09-28T22:13:17.0635-03:00","level":"INFO","msg":"provided","constructor":"fx.Annotate(github.com/alexandre/wagering/internal/platform/sys.init.func1(), fx.As([[port.Clock]])","stacktrace":{"0":"github.com/alexandre/wagering/internal/platform/sys.init (/Users/alexandre/wagering/internal/platform/sys/sys.go:26)","1":"runtime.doInit1 (/opt/homebrew/Cellar/go/1.27.1/libexec/src/runtime/proc.go:8154)","2":"runtime.doInit (/opt/homebrew/Cellar/go/1.27.1/libexec/src/runtime/proc.go:8121)","3":"runtime.main (/opt/homebrew/Cellar/go/1.27.1/libexec/src/runtime/proc.go:269)"},"moduletrace":{"0":"github.com/alexandre/wagering/internal/platform/sys.init (/Users/alexandre/wagering/internal/platform/sys/sys.go:26)","1":"github.com/alexandre/wagering/internal/platform/sys.init (/Users/alexandre/wagering/internal/platform/sys/sys.go:26) (sys)","2":"github.com/alexandre/wagering/cmd/wagering.TestRealFxStartStop (/Users/alexandre/wagering/cmd/wagering/lifecycle_integration_test.go:22)"},"module":"sys","type":"port.Clock"}
{"time":"2026-09-28T22:13:17.063546-03:00","level":"INFO","msg":"provided","constructor":"fx.Annotate(github.com/alexandre/wagering/internal/platform/sys.init.func2(), fx.As([[port.IDGenerator]])","stacktrace":{"0":"github.com/alexandre/wagering/internal/platform/sys.init (/Users/alexandre/wagering/internal/platform/sys/sys.go:26)","1":"runtime.doInit1 (/opt/homebrew/Cellar/go/1.27.1/libexec/src/runtime/proc.go:8154)","2":"runtime.doInit (/opt/homebrew/Cellar/go/1.27.1/libexec/src/runtime/proc.go:8121)","3":"runtime.main (/opt/homebrew/Cellar/go/1.27.1/libexec/src/runtime/proc.go:269)"},"moduletrace":{"0":"github.com/alexandre/wagering/internal/platform/sys.init (/Users/alexandre/wagering/internal/platform/sys/sys.go:26)","1":"github.com/alexandre/wagering/internal/platform/sys.init (/Users/alexandre/wagering/internal/platform/sys/sys.go:26) (sys)","2":"github.com/alexandre/wagering/cmd/wagering.TestRealFxStartStop (/Users/alexandre/wagering/cmd/wagering/lifecycle_integration_test.go:22)"},"module":"sys","type":"port.IDGenerator"}
{"time":"2026-09-28T22:13:17.063588-03:00","level":"INFO","msg":"provided","constructor":"github.com/alexandre/wagering/internal/platform/metrics.New()","stacktrace":{"0":"github.com/alexandre/wagering/internal/platform/metrics.init (/Users/alexandre/wagering/internal/platform/metrics/metrics.go:51)","1":"runtime.doInit1 (/opt/homebrew/Cellar/go/1.27.1/libexec/src/runtime/proc.go:8154)","2":"runtime.doInit (/opt/homebrew/Cellar/go/1.27.1/libexec/src/runtime/proc.go:8121)","3":"runtime.main (/opt/homebrew/Cellar/go/1.27.1/libexec/src/runtime/proc.go:269)"},"moduletrace":{"0":"github.com/alexandre/wagering/internal/platform/metrics.init (/Users/alexandre/wagering/internal/platform/metrics/metrics.go:51)","1":"github.com/alexandre/wagering/internal/platform/metrics.init (/Users/alexandre/wagering/internal/platform/metrics/metrics.go:51) (metrics)","2":"github.com/alexandre/wagering/cmd/wagering.TestRealFxStartStop (/Users/alexandre/wagering/cmd/wagering/lifecycle_integration_test.go:22)"},"module":"metrics","type":"*metrics.Recorder"}
{"time":"2026-09-28T22:13:17.063629-03:00","level":"INFO","msg":"provided","constructor":"github.com/alexandre/wagering/internal/platform/metrics.init.func1()","stacktrace":{"0":"github.com/alexandre/wagering/internal/platform/metrics.init (/Users/alexandre/wagering/internal/platform/metrics/metrics.go:51)","1":"runtime.doInit1 (/opt/homebrew/Cellar/go/1.27.1/libexec/src/runtime/proc.go:8154)","2":"runtime.doInit (/opt/homebrew/Cellar/go/1.27.1/libexec/src/runtime/proc.go:8121)","3":"runtime.main (/opt/homebrew/Cellar/go/1.27.1/libexec/src/runtime/proc.go:269)"},"moduletrace":{"0":"github.com/alexandre/wagering/internal/platform/metrics.init (/Users/alexandre/wagering/internal/platform/metrics/metrics.go:51)","1":"github.com/alexandre/wagering/internal/platform/metrics.init (/Users/alexandre/wagering/internal/platform/metrics/metrics.go:51) (metrics)","2":"github.com/alexandre/wagering/cmd/wagering.TestRealFxStartStop (/Users/alexandre/wagering/cmd/wagering/lifecycle_integration_test.go:22)"},"module":"metrics","type":"port.Metrics"}
{"time":"2026-09-28T22:13:17.06367-03:00","level":"INFO","msg":"provided","constructor":"github.com/alexandre/wagering/internal/infra/postgres.NewPool()","stacktrace":{"0":"github.com/alexandre/wagering/internal/infra/postgres.init (/Users/alexandre/wagering/internal/infra/postgres/module.go:16)","1":"runtime.doInit1 (/opt/homebrew/Cellar/go/1.27.1/libexec/src/runtime/proc.go:8154)","2":"runtime.doInit (/opt/homebrew/Cellar/go/1.27.1/libexec/src/runtime/proc.go:8121)","3":"runtime.main (/opt/homebrew/Cellar/go/1.27.1/libexec/src/runtime/proc.go:269)"},"moduletrace":{"0":"github.com/alexandre/wagering/internal/infra/postgres.init (/Users/alexandre/wagering/internal/infra/postgres/module.go:16)","1":"github.com/alexandre/wagering/internal/infra/postgres.init (/Users/alexandre/wagering/internal/infra/postgres/module.go:15) (postgres)","2":"github.com/alexandre/wagering/cmd/wagering.TestRealFxStartStop (/Users/alexandre/wagering/cmd/wagering/lifecycle_integration_test.go:22)"},"module":"postgres","type":"*pgxpool.Pool"}
{"time":"2026-09-28T22:13:17.06371-03:00","level":"INFO","msg":"provided","constructor":"fx.Annotate(github.com/alexandre/wagering/internal/infra/postgres.NewUnitOfWork(), fx.As([[port.UnitOfWork]])","stacktrace":{"0":"github.com/alexandre/wagering/internal/infra/postgres.init (/Users/alexandre/wagering/internal/infra/postgres/module.go:16)","1":"runtime.doInit1 (/opt/homebrew/Cellar/go/1.27.1/libexec/src/runtime/proc.go:8154)","2":"runtime.doInit (/opt/homebrew/Cellar/go/1.27.1/libexec/src/runtime/proc.go:8121)","3":"runtime.main (/opt/homebrew/Cellar/go/1.27.1/libexec/src/runtime/proc.go:269)"},"moduletrace":{"0":"github.com/alexandre/wagering/internal/infra/postgres.init (/Users/alexandre/wagering/internal/infra/postgres/module.go:16)","1":"github.com/alexandre/wagering/internal/infra/postgres.init (/Users/alexandre/wagering/internal/infra/postgres/module.go:15) (postgres)","2":"github.com/alexandre/wagering/cmd/wagering.TestRealFxStartStop (/Users/alexandre/wagering/cmd/wagering/lifecycle_integration_test.go:22)"},"module":"postgres","type":"port.UnitOfWork"}
{"time":"2026-09-28T22:13:17.063753-03:00","level":"INFO","msg":"provided","constructor":"fx.Annotate(github.com/alexandre/wagering/internal/infra/postgres.NewReadiness(), fx.ResultTags([\"group:\\\"readiness\\\"\"]), fx.As([[port.ReadinessChecker]])","stacktrace":{"0":"github.com/alexandre/wagering/internal/infra/postgres.init (/Users/alexandre/wagering/internal/infra/postgres/module.go:16)","1":"runtime.doInit1 (/opt/homebrew/Cellar/go/1.27.1/libexec/src/runtime/proc.go:8154)","2":"runtime.doInit (/opt/homebrew/Cellar/go/1.27.1/libexec/src/runtime/proc.go:8121)","3":"runtime.main (/opt/homebrew/Cellar/go/1.27.1/libexec/src/runtime/proc.go:269)"},"moduletrace":{"0":"github.com/alexandre/wagering/internal/infra/postgres.init (/Users/alexandre/wagering/internal/infra/postgres/module.go:16)","1":"github.com/alexandre/wagering/internal/infra/postgres.init (/Users/alexandre/wagering/internal/infra/postgres/module.go:15) (postgres)","2":"github.com/alexandre/wagering/cmd/wagering.TestRealFxStartStop (/Users/alexandre/wagering/cmd/wagering/lifecycle_integration_test.go:22)"},"module":"postgres","type":"port.ReadinessChecker[group = \"readiness\"]"}
{"time":"2026-09-28T22:13:17.063797-03:00","level":"INFO","msg":"provided","constructor":"github.com/alexandre/wagering/internal/infra/auth.NewVerifier()","stacktrace":{"0":"github.com/alexandre/wagering/internal/infra/auth.init (/Users/alexandre/wagering/internal/infra/auth/verifier.go:162)","1":"runtime.doInit1 (/opt/homebrew/Cellar/go/1.27.1/libexec/src/runtime/proc.go:8154)","2":"runtime.doInit (/opt/homebrew/Cellar/go/1.27.1/libexec/src/runtime/proc.go:8121)","3":"runtime.main (/opt/homebrew/Cellar/go/1.27.1/libexec/src/runtime/proc.go:269)"},"moduletrace":{"0":"github.com/alexandre/wagering/internal/infra/auth.init (/Users/alexandre/wagering/internal/infra/auth/verifier.go:162)","1":"github.com/alexandre/wagering/internal/infra/auth.init (/Users/alexandre/wagering/internal/infra/auth/verifier.go:162) (auth)","2":"github.com/alexandre/wagering/cmd/wagering.TestRealFxStartStop (/Users/alexandre/wagering/cmd/wagering/lifecycle_integration_test.go:22)"},"module":"auth","type":"*auth.Verifier"}
{"time":"2026-09-28T22:13:17.063835-03:00","level":"INFO","msg":"provided","constructor":"github.com/alexandre/wagering/internal/app/usecase.NewOpenWallet()","stacktrace":{"0":"github.com/alexandre/wagering/internal/app/usecase.init (/Users/alexandre/wagering/internal/app/usecase/module.go:10)","1":"runtime.doInit1 (/opt/homebrew/Cellar/go/1.27.1/libexec/src/runtime/proc.go:8154)","2":"runtime.doInit (/opt/homebrew/Cellar/go/1.27.1/libexec/src/runtime/proc.go:8121)","3":"runtime.main (/opt/homebrew/Cellar/go/1.27.1/libexec/src/runtime/proc.go:269)"},"moduletrace":{"0":"github.com/alexandre/wagering/internal/app/usecase.init (/Users/alexandre/wagering/internal/app/usecase/module.go:10)","1":"github.com/alexandre/wagering/internal/app/usecase.init (/Users/alexandre/wagering/internal/app/usecase/module.go:9) (usecase)","2":"github.com/alexandre/wagering/cmd/wagering.TestRealFxStartStop (/Users/alexandre/wagering/cmd/wagering/lifecycle_integration_test.go:22)"},"module":"usecase","type":"*usecase.OpenWallet"}
{"time":"2026-09-28T22:13:17.063874-03:00","level":"INFO","msg":"provided","constructor":"github.com/alexandre/wagering/internal/app/usecase.NewGetWallet()","stacktrace":{"0":"github.com/alexandre/wagering/internal/app/usecase.init (/Users/alexandre/wagering/internal/app/usecase/module.go:10)","1":"runtime.doInit1 (/opt/homebrew/Cellar/go/1.27.1/libexec/src/runtime/proc.go:8154)","2":"runtime.doInit (/opt/homebrew/Cellar/go/1.27.1/libexec/src/runtime/proc.go:8121)","3":"runtime.main (/opt/homebrew/Cellar/go/1.27.1/libexec/src/runtime/proc.go:269)"},"moduletrace":{"0":"github.com/alexandre/wagering/internal/app/usecase.init (/Users/alexandre/wagering/internal/app/usecase/module.go:10)","1":"github.com/alexandre/wagering/internal/app/usecase.init (/Users/alexandre/wagering/internal/app/usecase/module.go:9) (usecase)","2":"github.com/alexandre/wagering/cmd/wagering.TestRealFxStartStop (/Users/alexandre/wagering/cmd/wagering/lifecycle_integration_test.go:22)"},"module":"usecase","type":"*usecase.GetWallet"}
{"time":"2026-09-28T22:13:17.063911-03:00","level":"INFO","msg":"provided","constructor":"github.com/alexandre/wagering/internal/app/usecase.NewListLedger()","stacktrace":{"0":"github.com/alexandre/wagering/internal/app/usecase.init (/Users/alexandre/wagering/internal/app/usecase/module.go:10)","1":"runtime.doInit1 (/opt/homebrew/Cellar/go/1.27.1/libexec/src/runtime/proc.go:8154)","2":"runtime.doInit (/opt/homebrew/Cellar/go/1.27.1/libexec/src/runtime/proc.go:8121)","3":"runtime.main (/opt/homebrew/Cellar/go/1.27.1/libexec/src/runtime/proc.go:269)"},"moduletrace":{"0":"github.com/alexandre/wagering/internal/app/usecase.init (/Users/alexandre/wagering/internal/app/usecase/module.go:10)","1":"github.com/alexandre/wagering/internal/app/usecase.init (/Users/alexandre/wagering/internal/app/usecase/module.go:9) (usecase)","2":"github.com/alexandre/wagering/cmd/wagering.TestRealFxStartStop (/Users/alexandre/wagering/cmd/wagering/lifecycle_integration_test.go:22)"},"module":"usecase","type":"*usecase.ListLedger"}
{"time":"2026-09-28T22:13:17.063951-03:00","level":"INFO","msg":"provided","constructor":"github.com/alexandre/wagering/internal/app/usecase.NewReconcileWallet()","stacktrace":{"0":"github.com/alexandre/wagering/internal/app/usecase.init (/Users/alexandre/wagering/internal/app/usecase/module.go:10)","1":"runtime.doInit1 (/opt/homebrew/Cellar/go/1.27.1/libexec/src/runtime/proc.go:8154)","2":"runtime.doInit (/opt/homebrew/Cellar/go/1.27.1/libexec/src/runtime/proc.go:8121)","3":"runtime.main (/opt/homebrew/Cellar/go/1.27.1/libexec/src/runtime/proc.go:269)"},"moduletrace":{"0":"github.com/alexandre/wagering/internal/app/usecase.init (/Users/alexandre/wagering/internal/app/usecase/module.go:10)","1":"github.com/alexandre/wagering/internal/app/usecase.init (/Users/alexandre/wagering/internal/app/usecase/module.go:9) (usecase)","2":"github.com/alexandre/wagering/cmd/wagering.TestRealFxStartStop (/Users/alexandre/wagering/cmd/wagering/lifecycle_integration_test.go:22)"},"module":"usecase","type":"*usecase.ReconcileWallet"}
{"time":"2026-09-28T22:13:17.063996-03:00","level":"INFO","msg":"provided","constructor":"github.com/alexandre/wagering/internal/app/usecase.NewSubmitTransaction()","stacktrace":{"0":"github.com/alexandre/wagering/internal/app/usecase.init (/Users/alexandre/wagering/internal/app/usecase/module.go:10)","1":"runtime.doInit1 (/opt/homebrew/Cellar/go/1.27.1/libexec/src/runtime/proc.go:8154)","2":"runtime.doInit (/opt/homebrew/Cellar/go/1.27.1/libexec/src/runtime/proc.go:8121)","3":"runtime.main (/opt/homebrew/Cellar/go/1.27.1/libexec/src/runtime/proc.go:269)"},"moduletrace":{"0":"github.com/alexandre/wagering/internal/app/usecase.init (/Users/alexandre/wagering/internal/app/usecase/module.go:10)","1":"github.com/alexandre/wagering/internal/app/usecase.init (/Users/alexandre/wagering/internal/app/usecase/module.go:9) (usecase)","2":"github.com/alexandre/wagering/cmd/wagering.TestRealFxStartStop (/Users/alexandre/wagering/cmd/wagering/lifecycle_integration_test.go:22)"},"module":"usecase","type":"*usecase.SubmitTransaction"}
{"time":"2026-09-28T22:13:17.064033-03:00","level":"INFO","msg":"provided","constructor":"github.com/alexandre/wagering/internal/app/usecase.NewGetTransaction()","stacktrace":{"0":"github.com/alexandre/wagering/internal/app/usecase.init (/Users/alexandre/wagering/internal/app/usecase/module.go:10)","1":"runtime.doInit1 (/opt/homebrew/Cellar/go/1.27.1/libexec/src/runtime/proc.go:8154)","2":"runtime.doInit (/opt/homebrew/Cellar/go/1.27.1/libexec/src/runtime/proc.go:8121)","3":"runtime.main (/opt/homebrew/Cellar/go/1.27.1/libexec/src/runtime/proc.go:269)"},"moduletrace":{"0":"github.com/alexandre/wagering/internal/app/usecase.init (/Users/alexandre/wagering/internal/app/usecase/module.go:10)","1":"github.com/alexandre/wagering/internal/app/usecase.init (/Users/alexandre/wagering/internal/app/usecase/module.go:9) (usecase)","2":"github.com/alexandre/wagering/cmd/wagering.TestRealFxStartStop (/Users/alexandre/wagering/cmd/wagering/lifecycle_integration_test.go:22)"},"module":"usecase","type":"*usecase.GetTransaction"}
{"time":"2026-09-28T22:13:17.064072-03:00","level":"INFO","msg":"provided","constructor":"github.com/alexandre/wagering/internal/app/usecase.NewProcessPendingReferences()","stacktrace":{"0":"github.com/alexandre/wagering/internal/app/usecase.init (/Users/alexandre/wagering/internal/app/usecase/module.go:10)","1":"runtime.doInit1 (/opt/homebrew/Cellar/go/1.27.1/libexec/src/runtime/proc.go:8154)","2":"runtime.doInit (/opt/homebrew/Cellar/go/1.27.1/libexec/src/runtime/proc.go:8121)","3":"runtime.main (/opt/homebrew/Cellar/go/1.27.1/libexec/src/runtime/proc.go:269)"},"moduletrace":{"0":"github.com/alexandre/wagering/internal/app/usecase.init (/Users/alexandre/wagering/internal/app/usecase/module.go:10)","1":"github.com/alexandre/wagering/internal/app/usecase.init (/Users/alexandre/wagering/internal/app/usecase/module.go:9) (usecase)","2":"github.com/alexandre/wagering/cmd/wagering.TestRealFxStartStop (/Users/alexandre/wagering/cmd/wagering/lifecycle_integration_test.go:22)"},"module":"usecase","type":"*usecase.ProcessPendingReferences"}
{"time":"2026-09-28T22:13:17.064111-03:00","level":"INFO","msg":"provided","constructor":"github.com/alexandre/wagering/internal/app/usecase.NewPublishOutbox()","stacktrace":{"0":"github.com/alexandre/wagering/internal/app/usecase.init (/Users/alexandre/wagering/internal/app/usecase/module.go:10)","1":"runtime.doInit1 (/opt/homebrew/Cellar/go/1.27.1/libexec/src/runtime/proc.go:8154)","2":"runtime.doInit (/opt/homebrew/Cellar/go/1.27.1/libexec/src/runtime/proc.go:8121)","3":"runtime.main (/opt/homebrew/Cellar/go/1.27.1/libexec/src/runtime/proc.go:269)"},"moduletrace":{"0":"github.com/alexandre/wagering/internal/app/usecase.init (/Users/alexandre/wagering/internal/app/usecase/module.go:10)","1":"github.com/alexandre/wagering/internal/app/usecase.init (/Users/alexandre/wagering/internal/app/usecase/module.go:9) (usecase)","2":"github.com/alexandre/wagering/cmd/wagering.TestRealFxStartStop (/Users/alexandre/wagering/cmd/wagering/lifecycle_integration_test.go:22)"},"module":"usecase","type":"*usecase.PublishOutbox"}
{"time":"2026-09-28T22:13:17.064149-03:00","level":"INFO","msg":"provided","constructor":"fx.Annotate(github.com/alexandre/wagering/internal/app/usecase.NewConsumeWagerMessage(), fx.As([[port.MessageHandler]])","stacktrace":{"0":"github.com/alexandre/wagering/internal/app/usecase.init (/Users/alexandre/wagering/internal/app/usecase/module.go:10)","1":"runtime.doInit1 (/opt/homebrew/Cellar/go/1.27.1/libexec/src/runtime/proc.go:8154)","2":"runtime.doInit (/opt/homebrew/Cellar/go/1.27.1/libexec/src/runtime/proc.go:8121)","3":"runtime.main (/opt/homebrew/Cellar/go/1.27.1/libexec/src/runtime/proc.go:269)"},"moduletrace":{"0":"github.com/alexandre/wagering/internal/app/usecase.init (/Users/alexandre/wagering/internal/app/usecase/module.go:10)","1":"github.com/alexandre/wagering/internal/app/usecase.init (/Users/alexandre/wagering/internal/app/usecase/module.go:9) (usecase)","2":"github.com/alexandre/wagering/cmd/wagering.TestRealFxStartStop (/Users/alexandre/wagering/cmd/wagering/lifecycle_integration_test.go:22)"},"module":"usecase","type":"port.MessageHandler"}
{"time":"2026-09-28T22:13:17.064189-03:00","level":"INFO","msg":"provided","constructor":"github.com/alexandre/wagering/internal/infra/sqs.NewClient()","stacktrace":{"0":"github.com/alexandre/wagering/internal/infra/sqs.init (/Users/alexandre/wagering/internal/infra/sqs/module.go:20)","1":"runtime.doInit1 (/opt/homebrew/Cellar/go/1.27.1/libexec/src/runtime/proc.go:8154)","2":"runtime.doInit (/opt/homebrew/Cellar/go/1.27.1/libexec/src/runtime/proc.go:8121)","3":"runtime.main (/opt/homebrew/Cellar/go/1.27.1/libexec/src/runtime/proc.go:269)"},"moduletrace":{"0":"github.com/alexandre/wagering/internal/infra/sqs.init (/Users/alexandre/wagering/internal/infra/sqs/module.go:20)","1":"github.com/alexandre/wagering/internal/infra/sqs.init (/Users/alexandre/wagering/internal/infra/sqs/module.go:19) (sqs)","2":"github.com/alexandre/wagering/cmd/wagering.TestRealFxStartStop (/Users/alexandre/wagering/cmd/wagering/lifecycle_integration_test.go:22)"},"module":"sqs","type":"*sqs.Client"}
{"time":"2026-09-28T22:13:17.064226-03:00","level":"INFO","msg":"provided","constructor":"fx.Annotate(github.com/alexandre/wagering/internal/infra/sqs.NewPublisher(), fx.As([[port.EventPublisher]])","stacktrace":{"0":"github.com/alexandre/wagering/internal/infra/sqs.init (/Users/alexandre/wagering/internal/infra/sqs/module.go:20)","1":"runtime.doInit1 (/opt/homebrew/Cellar/go/1.27.1/libexec/src/runtime/proc.go:8154)","2":"runtime.doInit (/opt/homebrew/Cellar/go/1.27.1/libexec/src/runtime/proc.go:8121)","3":"runtime.main (/opt/homebrew/Cellar/go/1.27.1/libexec/src/runtime/proc.go:269)"},"moduletrace":{"0":"github.com/alexandre/wagering/internal/infra/sqs.init (/Users/alexandre/wagering/internal/infra/sqs/module.go:20)","1":"github.com/alexandre/wagering/internal/infra/sqs.init (/Users/alexandre/wagering/internal/infra/sqs/module.go:19) (sqs)","2":"github.com/alexandre/wagering/cmd/wagering.TestRealFxStartStop (/Users/alexandre/wagering/cmd/wagering/lifecycle_integration_test.go:22)"},"module":"sqs","type":"port.EventPublisher"}
{"time":"2026-09-28T22:13:17.064264-03:00","level":"INFO","msg":"provided","constructor":"fx.Annotate(github.com/alexandre/wagering/internal/infra/sqs.NewReadiness(), fx.ResultTags([\"group:\\\"readiness\\\"\"]), fx.As([[port.ReadinessChecker]])","stacktrace":{"0":"github.com/alexandre/wagering/internal/infra/sqs.init (/Users/alexandre/wagering/internal/infra/sqs/module.go:20)","1":"runtime.doInit1 (/opt/homebrew/Cellar/go/1.27.1/libexec/src/runtime/proc.go:8154)","2":"runtime.doInit (/opt/homebrew/Cellar/go/1.27.1/libexec/src/runtime/proc.go:8121)","3":"runtime.main (/opt/homebrew/Cellar/go/1.27.1/libexec/src/runtime/proc.go:269)"},"moduletrace":{"0":"github.com/alexandre/wagering/internal/infra/sqs.init (/Users/alexandre/wagering/internal/infra/sqs/module.go:20)","1":"github.com/alexandre/wagering/internal/infra/sqs.init (/Users/alexandre/wagering/internal/infra/sqs/module.go:19) (sqs)","2":"github.com/alexandre/wagering/cmd/wagering.TestRealFxStartStop (/Users/alexandre/wagering/cmd/wagering/lifecycle_integration_test.go:22)"},"module":"sqs","type":"port.ReadinessChecker[group = \"readiness\"]"}
{"time":"2026-09-28T22:13:17.064306-03:00","level":"INFO","msg":"provided","constructor":"github.com/alexandre/wagering/internal/transport/httpapi.NewServer()","stacktrace":{"0":"github.com/alexandre/wagering/internal/transport/httpapi.init (/Users/alexandre/wagering/internal/transport/httpapi/module.go:21)","1":"runtime.doInit1 (/opt/homebrew/Cellar/go/1.27.1/libexec/src/runtime/proc.go:8154)","2":"runtime.doInit (/opt/homebrew/Cellar/go/1.27.1/libexec/src/runtime/proc.go:8121)","3":"runtime.main (/opt/homebrew/Cellar/go/1.27.1/libexec/src/runtime/proc.go:269)"},"moduletrace":{"0":"github.com/alexandre/wagering/internal/transport/httpapi.init (/Users/alexandre/wagering/internal/transport/httpapi/module.go:21)","1":"github.com/alexandre/wagering/internal/transport/httpapi.init (/Users/alexandre/wagering/internal/transport/httpapi/module.go:21) (httpapi)","2":"github.com/alexandre/wagering/cmd/wagering.TestRealFxStartStop (/Users/alexandre/wagering/cmd/wagering/lifecycle_integration_test.go:22)"},"module":"httpapi","type":"*http.Server"}
{"time":"2026-09-28T22:13:17.064345-03:00","level":"INFO","msg":"run","name":"github.com/alexandre/wagering/internal/infra/config.Load()","kind":"provide","runtime":"48.209µs"}
{"time":"2026-09-28T22:13:17.064361-03:00","level":"INFO","msg":"run","name":"github.com/alexandre/wagering/internal/platform/logging.New()","kind":"provide","runtime":"20.208µs"}
{"time":"2026-09-28T22:13:17.064377-03:00","level":"INFO","msg":"initialized custom fxevent.Logger","function":"github.com/alexandre/wagering/cmd/wagering.Options.func1()"}
{"time":"2026-09-28T22:13:17.064421-03:00","level":"INFO","msg":"invoking","function":"github.com/alexandre/wagering/internal/infra/sqs.init.func1()","module":"sqs"}
{"time":"2026-09-28T22:13:17.064671-03:00","level":"INFO","msg":"run","name":"go.uber.org/fx.New.func1()","kind":"provide","runtime":"78.459µs"}
{"time":"2026-09-28T22:13:17.064717-03:00","level":"INFO","msg":"run","name":"go.uber.org/fx.(*App).shutdowner-fm()","kind":"provide","runtime":"10.458µs"}
{"time":"2026-09-28T22:13:17.064775-03:00","level":"INFO","msg":"run","name":"github.com/alexandre/wagering/internal/platform/worker.NewGroup()","kind":"provide","runtime":"35.667µs"}
{"time":"2026-09-28T22:13:17.06539-03:00","level":"INFO","msg":"run","name":"github.com/alexandre/wagering/internal/infra/sqs.NewClient()","kind":"provide","runtime":"579.125µs","module":"sqs"}
{"time":"2026-09-28T22:13:17.067231-03:00","level":"INFO","msg":"run","name":"github.com/alexandre/wagering/internal/infra/postgres.NewPool()","kind":"provide","runtime":"1.784958ms","module":"postgres"}
{"time":"2026-09-28T22:13:17.06732-03:00","level":"INFO","msg":"run","name":"fx.Annotate(github.com/alexandre/wagering/internal/infra/postgres.NewUnitOfWork(), fx.As([[port.UnitOfWork]])","kind":"provide","runtime":"58.25µs","module":"postgres"}
{"time":"2026-09-28T22:13:17.067377-03:00","level":"INFO","msg":"run","name":"fx.Annotate(github.com/alexandre/wagering/internal/platform/sys.init.func1(), fx.As([[port.Clock]])","kind":"provide","runtime":"25.667µs","module":"sys"}
{"time":"2026-09-28T22:13:17.067462-03:00","level":"INFO","msg":"run","name":"fx.Annotate(github.com/alexandre/wagering/internal/platform/sys.init.func2(), fx.As([[port.IDGenerator]])","kind":"provide","runtime":"28.917µs","module":"sys"}
{"time":"2026-09-28T22:13:17.067694-03:00","level":"INFO","msg":"run","name":"github.com/alexandre/wagering/internal/platform/metrics.New()","kind":"provide","runtime":"196.542µs","module":"metrics"}
{"time":"2026-09-28T22:13:17.067742-03:00","level":"INFO","msg":"run","name":"github.com/alexandre/wagering/internal/platform/metrics.init.func1()","kind":"provide","runtime":"23.708µs","module":"metrics"}
{"time":"2026-09-28T22:13:17.06778-03:00","level":"INFO","msg":"run","name":"github.com/alexandre/wagering/internal/app/usecase.NewSubmitTransaction()","kind":"provide","runtime":"18.833µs","module":"usecase"}
{"time":"2026-09-28T22:13:17.067849-03:00","level":"INFO","msg":"run","name":"fx.Annotate(github.com/alexandre/wagering/internal/app/usecase.NewConsumeWagerMessage(), fx.As([[port.MessageHandler]])","kind":"provide","runtime":"49.584µs","module":"usecase"}
{"time":"2026-09-28T22:13:17.068082-03:00","level":"INFO","msg":"invoking","function":"github.com/alexandre/wagering/internal/infra/outbox.init.func1()","module":"outbox"}
{"time":"2026-09-28T22:13:17.06831-03:00","level":"INFO","msg":"run","name":"fx.Annotate(github.com/alexandre/wagering/internal/infra/sqs.NewPublisher(), fx.As([[port.EventPublisher]])","kind":"provide","runtime":"33.083µs","module":"sqs"}
{"time":"2026-09-28T22:13:17.068353-03:00","level":"INFO","msg":"run","name":"github.com/alexandre/wagering/internal/app/usecase.NewPublishOutbox()","kind":"provide","runtime":"13.25µs","module":"usecase"}
{"time":"2026-09-28T22:13:17.068437-03:00","level":"INFO","msg":"invoking","function":"github.com/alexandre/wagering/internal/infra/reference.init.func1()","module":"reference"}
{"time":"2026-09-28T22:13:17.068605-03:00","level":"INFO","msg":"run","name":"github.com/alexandre/wagering/internal/app/usecase.NewProcessPendingReferences()","kind":"provide","runtime":"14.083µs","module":"usecase"}
{"time":"2026-09-28T22:13:17.068686-03:00","level":"INFO","msg":"invoking","function":"github.com/alexandre/wagering/internal/transport/httpapi.init.func1()","module":"httpapi"}
{"time":"2026-09-28T22:13:17.06886-03:00","level":"INFO","msg":"run","name":"github.com/alexandre/wagering/internal/app/usecase.NewOpenWallet()","kind":"provide","runtime":"12.417µs","module":"usecase"}
{"time":"2026-09-28T22:13:17.068903-03:00","level":"INFO","msg":"run","name":"github.com/alexandre/wagering/internal/app/usecase.NewGetWallet()","kind":"provide","runtime":"11.334µs","module":"usecase"}
{"time":"2026-09-28T22:13:17.068937-03:00","level":"INFO","msg":"run","name":"github.com/alexandre/wagering/internal/app/usecase.NewListLedger()","kind":"provide","runtime":"8.958µs","module":"usecase"}
{"time":"2026-09-28T22:13:17.068975-03:00","level":"INFO","msg":"run","name":"github.com/alexandre/wagering/internal/app/usecase.NewReconcileWallet()","kind":"provide","runtime":"9.917µs","module":"usecase"}
{"time":"2026-09-28T22:13:17.06901-03:00","level":"INFO","msg":"run","name":"github.com/alexandre/wagering/internal/app/usecase.NewGetTransaction()","kind":"provide","runtime":"8.583µs","module":"usecase"}
{"time":"2026-09-28T22:13:17.069221-03:00","level":"INFO","msg":"run","name":"github.com/alexandre/wagering/internal/infra/auth.NewVerifier()","kind":"provide","runtime":"181.584µs","module":"auth"}
{"time":"2026-09-28T22:13:17.0693-03:00","level":"INFO","msg":"run","name":"fx.Annotate(github.com/alexandre/wagering/internal/infra/postgres.NewReadiness(), fx.ResultTags([\"group:\\\"readiness\\\"\"]), fx.As([[port.ReadinessChecker]])","kind":"provide","runtime":"48.083µs","module":"postgres"}
{"time":"2026-09-28T22:13:17.069373-03:00","level":"INFO","msg":"run","name":"fx.Annotate(github.com/alexandre/wagering/internal/infra/sqs.NewReadiness(), fx.ResultTags([\"group:\\\"readiness\\\"\"]), fx.As([[port.ReadinessChecker]])","kind":"provide","runtime":"41.25µs","module":"sqs"}
{"time":"2026-09-28T22:13:17.069677-03:00","level":"INFO","msg":"run","name":"github.com/alexandre/wagering/internal/transport/httpapi.NewServer()","kind":"provide","runtime":"275.416µs","module":"httpapi"}
{"time":"2026-09-28T22:13:17.069753-03:00","level":"INFO","msg":"invoking","function":"github.com/alexandre/wagering/internal/platform/worker.(*Group).Install()"}
{"time":"2026-09-28T22:13:17.069929-03:00","level":"INFO","msg":"invoking","function":"reflect.makeFuncStub()"}
{"time":"2026-09-28T22:13:17.070074-03:00","level":"INFO","msg":"OnStart hook executing","callee":"github.com/alexandre/wagering/internal/infra/postgres.NewPool.func1()","caller":"github.com/alexandre/wagering/internal/infra/postgres.NewPool"}
{"time":"2026-09-28T22:13:17.088433-03:00","level":"INFO","msg":"OnStart hook executed","callee":"github.com/alexandre/wagering/internal/infra/postgres.NewPool.func1()","caller":"github.com/alexandre/wagering/internal/infra/postgres.NewPool","runtime":"18.283375ms"}
{"time":"2026-09-28T22:13:17.088493-03:00","level":"INFO","msg":"OnStart hook executing","callee":"github.com/alexandre/wagering/internal/infra/sqs.init.func1.1()","caller":"github.com/alexandre/wagering/internal/infra/sqs.init.func1"}
{"time":"2026-09-28T22:13:17.095471-03:00","level":"INFO","msg":"OnStart hook executed","callee":"github.com/alexandre/wagering/internal/infra/sqs.init.func1.1()","caller":"github.com/alexandre/wagering/internal/infra/sqs.init.func1","runtime":"6.95875ms"}
{"time":"2026-09-28T22:13:17.095529-03:00","level":"INFO","msg":"OnStart hook executing","callee":"github.com/alexandre/wagering/internal/infra/auth.NewVerifier.func1()","caller":"github.com/alexandre/wagering/internal/infra/auth.NewVerifier"}
{"time":"2026-09-28T22:13:17.101285-03:00","level":"INFO","msg":"OnStart hook executed","callee":"github.com/alexandre/wagering/internal/infra/auth.NewVerifier.func1()","caller":"github.com/alexandre/wagering/internal/infra/auth.NewVerifier","runtime":"5.738583ms"}
{"time":"2026-09-28T22:13:17.101337-03:00","level":"INFO","msg":"OnStart hook executing","callee":"github.com/alexandre/wagering/internal/transport/httpapi.NewServer.func7()","caller":"github.com/alexandre/wagering/internal/transport/httpapi.NewServer"}
{"time":"2026-09-28T22:13:17.101407-03:00","level":"INFO","msg":"OnStart hook executed","callee":"github.com/alexandre/wagering/internal/transport/httpapi.NewServer.func7()","caller":"github.com/alexandre/wagering/internal/transport/httpapi.NewServer","runtime":"52.333µs"}
{"time":"2026-09-28T22:13:17.10145-03:00","level":"INFO","msg":"OnStart hook executing","callee":"github.com/alexandre/wagering/internal/platform/worker.(*Group).Install.func1()","caller":"github.com/alexandre/wagering/internal/platform/worker.(*Group).Install"}
{"time":"2026-09-28T22:13:17.101482-03:00","level":"INFO","msg":"OnStart hook executed","callee":"github.com/alexandre/wagering/internal/platform/worker.(*Group).Install.func1()","caller":"github.com/alexandre/wagering/internal/platform/worker.(*Group).Install","runtime":"15.959µs"}
{"time":"2026-09-28T22:13:17.101482-03:00","level":"INFO","msg":"worker started","worker":"dlq-monitor"}
{"time":"2026-09-28T22:13:17.101488-03:00","level":"INFO","msg":"worker started","worker":"http"}
{"time":"2026-09-28T22:13:17.101504-03:00","level":"INFO","msg":"started"}
{"time":"2026-09-28T22:13:17.101498-03:00","level":"INFO","msg":"worker started","worker":"outbox-publisher"}
{"time":"2026-09-28T22:13:17.101508-03:00","level":"INFO","msg":"worker started","worker":"reference-worker"}
{"time":"2026-09-28T22:13:17.101478-03:00","level":"INFO","msg":"worker started","worker":"sqs-consumer"}
{"time":"2026-09-28T22:13:17.101561-03:00","level":"INFO","msg":"OnStop hook executing","callee":"github.com/alexandre/wagering/internal/platform/worker.(*Group).Install.func2()","caller":"github.com/alexandre/wagering/internal/platform/worker.(*Group).Install"}
{"time":"2026-09-28T22:13:17.101595-03:00","level":"INFO","msg":"worker stopped","worker":"outbox-publisher"}
{"time":"2026-09-28T22:13:17.101596-03:00","level":"INFO","msg":"worker stopped","worker":"dlq-monitor"}
{"time":"2026-09-28T22:13:17.101606-03:00","level":"INFO","msg":"worker stopped","worker":"reference-worker"}
{"time":"2026-09-28T22:13:17.101657-03:00","level":"INFO","msg":"worker stopped","worker":"http"}
{"time":"2026-09-28T22:13:37.107972-03:00","level":"INFO","msg":"worker stopped","worker":"sqs-consumer"}
{"time":"2026-09-28T22:13:37.108176-03:00","level":"INFO","msg":"OnStop hook executed","callee":"github.com/alexandre/wagering/internal/platform/worker.(*Group).Install.func2()","caller":"github.com/alexandre/wagering/internal/platform/worker.(*Group).Install","runtime":"20.006368958s"}
{"time":"2026-09-28T22:13:37.108407-03:00","level":"INFO","msg":"OnStop hook executing","callee":"github.com/alexandre/wagering/internal/transport/httpapi.NewServer.func8()","caller":"github.com/alexandre/wagering/internal/transport/httpapi.NewServer"}
{"time":"2026-09-28T22:13:37.108467-03:00","level":"INFO","msg":"OnStop hook executed","callee":"github.com/alexandre/wagering/internal/transport/httpapi.NewServer.func8()","caller":"github.com/alexandre/wagering/internal/transport/httpapi.NewServer","runtime":"29.75µs"}
{"time":"2026-09-28T22:13:37.108537-03:00","level":"INFO","msg":"OnStop hook executing","callee":"github.com/alexandre/wagering/internal/infra/auth.NewVerifier.func2()","caller":"github.com/alexandre/wagering/internal/infra/auth.NewVerifier"}
{"time":"2026-09-28T22:13:37.108684-03:00","level":"INFO","msg":"OnStop hook executed","callee":"github.com/alexandre/wagering/internal/infra/auth.NewVerifier.func2()","caller":"github.com/alexandre/wagering/internal/infra/auth.NewVerifier","runtime":"122.416µs"}
{"time":"2026-09-28T22:13:37.108769-03:00","level":"INFO","msg":"OnStop hook executing","callee":"github.com/alexandre/wagering/internal/infra/postgres.NewPool.func2()","caller":"github.com/alexandre/wagering/internal/infra/postgres.NewPool"}
{"time":"2026-09-28T22:13:37.108926-03:00","level":"INFO","msg":"OnStop hook executed","callee":"github.com/alexandre/wagering/internal/infra/postgres.NewPool.func2()","caller":"github.com/alexandre/wagering/internal/infra/postgres.NewPool","runtime":"123.625µs"}
--- PASS: TestRealFxStartStop (20.05s)
=== RUN   TestJWKSStartupFailureClosesDatabase
{"time":"2026-09-28T22:13:37.114637-03:00","level":"INFO","msg":"provided","constructor":"go.uber.org/fx.New.func1()","stacktrace":{"0":"go.uber.org/fx.New (/Users/alexandre/go/pkg/mod/go.uber.org/fx@v1.23.0/app.go:486)","1":"github.com/alexandre/wagering/cmd/wagering.TestJWKSStartupFailureClosesDatabase (/Users/alexandre/wagering/cmd/wagering/lifecycle_integration_test.go:43)","2":"testing.tRunner (/opt/homebrew/Cellar/go/1.27.1/libexec/src/testing/testing.go:2193)"},"moduletrace":{"0":"go.uber.org/fx.New (/Users/alexandre/go/pkg/mod/go.uber.org/fx@v1.23.0/app.go:486)","1":"github.com/alexandre/wagering/cmd/wagering.TestJWKSStartupFailureClosesDatabase (/Users/alexandre/wagering/cmd/wagering/lifecycle_integration_test.go:43)"},"type":"fx.Lifecycle"}
{"time":"2026-09-28T22:13:37.114724-03:00","level":"INFO","msg":"provided","constructor":"go.uber.org/fx.(*App).shutdowner-fm()","stacktrace":{"0":"go.uber.org/fx.New (/Users/alexandre/go/pkg/mod/go.uber.org/fx@v1.23.0/app.go:486)","1":"github.com/alexandre/wagering/cmd/wagering.TestJWKSStartupFailureClosesDatabase (/Users/alexandre/wagering/cmd/wagering/lifecycle_integration_test.go:43)","2":"testing.tRunner (/opt/homebrew/Cellar/go/1.27.1/libexec/src/testing/testing.go:2193)"},"moduletrace":{"0":"go.uber.org/fx.New (/Users/alexandre/go/pkg/mod/go.uber.org/fx@v1.23.0/app.go:486)","1":"github.com/alexandre/wagering/cmd/wagering.TestJWKSStartupFailureClosesDatabase (/Users/alexandre/wagering/cmd/wagering/lifecycle_integration_test.go:43)"},"type":"fx.Shutdowner"}
{"time":"2026-09-28T22:13:37.114784-03:00","level":"INFO","msg":"provided","constructor":"go.uber.org/fx.(*App).dotGraph-fm()","stacktrace":{"0":"go.uber.org/fx.New (/Users/alexandre/go/pkg/mod/go.uber.org/fx@v1.23.0/app.go:486)","1":"github.com/alexandre/wagering/cmd/wagering.TestJWKSStartupFailureClosesDatabase (/Users/alexandre/wagering/cmd/wagering/lifecycle_integration_test.go:43)","2":"testing.tRunner (/opt/homebrew/Cellar/go/1.27.1/libexec/src/testing/testing.go:2193)"},"moduletrace":{"0":"go.uber.org/fx.New (/Users/alexandre/go/pkg/mod/go.uber.org/fx@v1.23.0/app.go:486)","1":"github.com/alexandre/wagering/cmd/wagering.TestJWKSStartupFailureClosesDatabase (/Users/alexandre/wagering/cmd/wagering/lifecycle_integration_test.go:43)"},"type":"fx.DotGraph"}
{"time":"2026-09-28T22:13:37.114874-03:00","level":"INFO","msg":"provided","constructor":"github.com/alexandre/wagering/internal/infra/config.Load()","stacktrace":{"0":"github.com/alexandre/wagering/cmd/wagering.Options (/Users/alexandre/wagering/cmd/wagering/app.go:29)","1":"github.com/alexandre/wagering/cmd/wagering.TestJWKSStartupFailureClosesDatabase (/Users/alexandre/wagering/cmd/wagering/lifecycle_integration_test.go:43)","2":"testing.tRunner (/opt/homebrew/Cellar/go/1.27.1/libexec/src/testing/testing.go:2193)"},"moduletrace":{"0":"github.com/alexandre/wagering/cmd/wagering.Options (/Users/alexandre/wagering/cmd/wagering/app.go:29)","1":"github.com/alexandre/wagering/cmd/wagering.TestJWKSStartupFailureClosesDatabase (/Users/alexandre/wagering/cmd/wagering/lifecycle_integration_test.go:43)"},"type":"config.Config"}
{"time":"2026-09-28T22:13:37.114937-03:00","level":"INFO","msg":"provided","constructor":"github.com/alexandre/wagering/internal/platform/logging.New()","stacktrace":{"0":"github.com/alexandre/wagering/cmd/wagering.Options (/Users/alexandre/wagering/cmd/wagering/app.go:29)","1":"github.com/alexandre/wagering/cmd/wagering.TestJWKSStartupFailureClosesDatabase (/Users/alexandre/wagering/cmd/wagering/lifecycle_integration_test.go:43)","2":"testing.tRunner (/opt/homebrew/Cellar/go/1.27.1/libexec/src/testing/testing.go:2193)"},"moduletrace":{"0":"github.com/alexandre/wagering/cmd/wagering.Options (/Users/alexandre/wagering/cmd/wagering/app.go:29)","1":"github.com/alexandre/wagering/cmd/wagering.TestJWKSStartupFailureClosesDatabase (/Users/alexandre/wagering/cmd/wagering/lifecycle_integration_test.go:43)"},"type":"*slog.Logger"}
{"time":"2026-09-28T22:13:37.114992-03:00","level":"INFO","msg":"provided","constructor":"github.com/alexandre/wagering/internal/platform/worker.NewGroup()","stacktrace":{"0":"github.com/alexandre/wagering/cmd/wagering.Options (/Users/alexandre/wagering/cmd/wagering/app.go:29)","1":"github.com/alexandre/wagering/cmd/wagering.TestJWKSStartupFailureClosesDatabase (/Users/alexandre/wagering/cmd/wagering/lifecycle_integration_test.go:43)","2":"testing.tRunner (/opt/homebrew/Cellar/go/1.27.1/libexec/src/testing/testing.go:2193)"},"moduletrace":{"0":"github.com/alexandre/wagering/cmd/wagering.Options (/Users/alexandre/wagering/cmd/wagering/app.go:29)","1":"github.com/alexandre/wagering/cmd/wagering.TestJWKSStartupFailureClosesDatabase (/Users/alexandre/wagering/cmd/wagering/lifecycle_integration_test.go:43)"},"type":"*worker.Group"}
{"time":"2026-09-28T22:13:37.115052-03:00","level":"INFO","msg":"provided","constructor":"fx.Annotate(github.com/alexandre/wagering/internal/platform/sys.init.func1(), fx.As([[port.Clock]])","stacktrace":{"0":"github.com/alexandre/wagering/internal/platform/sys.init (/Users/alexandre/wagering/internal/platform/sys/sys.go:26)","1":"runtime.doInit1 (/opt/homebrew/Cellar/go/1.27.1/libexec/src/runtime/proc.go:8154)","2":"runtime.doInit (/opt/homebrew/Cellar/go/1.27.1/libexec/src/runtime/proc.go:8121)","3":"runtime.main (/opt/homebrew/Cellar/go/1.27.1/libexec/src/runtime/proc.go:269)"},"moduletrace":{"0":"github.com/alexandre/wagering/internal/platform/sys.init (/Users/alexandre/wagering/internal/platform/sys/sys.go:26)","1":"github.com/alexandre/wagering/internal/platform/sys.init (/Users/alexandre/wagering/internal/platform/sys/sys.go:26) (sys)","2":"github.com/alexandre/wagering/cmd/wagering.TestJWKSStartupFailureClosesDatabase (/Users/alexandre/wagering/cmd/wagering/lifecycle_integration_test.go:43)"},"module":"sys","type":"port.Clock"}
{"time":"2026-09-28T22:13:37.115125-03:00","level":"INFO","msg":"provided","constructor":"fx.Annotate(github.com/alexandre/wagering/internal/platform/sys.init.func2(), fx.As([[port.IDGenerator]])","stacktrace":{"0":"github.com/alexandre/wagering/internal/platform/sys.init (/Users/alexandre/wagering/internal/platform/sys/sys.go:26)","1":"runtime.doInit1 (/opt/homebrew/Cellar/go/1.27.1/libexec/src/runtime/proc.go:8154)","2":"runtime.doInit (/opt/homebrew/Cellar/go/1.27.1/libexec/src/runtime/proc.go:8121)","3":"runtime.main (/opt/homebrew/Cellar/go/1.27.1/libexec/src/runtime/proc.go:269)"},"moduletrace":{"0":"github.com/alexandre/wagering/internal/platform/sys.init (/Users/alexandre/wagering/internal/platform/sys/sys.go:26)","1":"github.com/alexandre/wagering/internal/platform/sys.init (/Users/alexandre/wagering/internal/platform/sys/sys.go:26) (sys)","2":"github.com/alexandre/wagering/cmd/wagering.TestJWKSStartupFailureClosesDatabase (/Users/alexandre/wagering/cmd/wagering/lifecycle_integration_test.go:43)"},"module":"sys","type":"port.IDGenerator"}
{"time":"2026-09-28T22:13:37.115198-03:00","level":"INFO","msg":"provided","constructor":"github.com/alexandre/wagering/internal/platform/metrics.New()","stacktrace":{"0":"github.com/alexandre/wagering/internal/platform/metrics.init (/Users/alexandre/wagering/internal/platform/metrics/metrics.go:51)","1":"runtime.doInit1 (/opt/homebrew/Cellar/go/1.27.1/libexec/src/runtime/proc.go:8154)","2":"runtime.doInit (/opt/homebrew/Cellar/go/1.27.1/libexec/src/runtime/proc.go:8121)","3":"runtime.main (/opt/homebrew/Cellar/go/1.27.1/libexec/src/runtime/proc.go:269)"},"moduletrace":{"0":"github.com/alexandre/wagering/internal/platform/metrics.init (/Users/alexandre/wagering/internal/platform/metrics/metrics.go:51)","1":"github.com/alexandre/wagering/internal/platform/metrics.init (/Users/alexandre/wagering/internal/platform/metrics/metrics.go:51) (metrics)","2":"github.com/alexandre/wagering/cmd/wagering.TestJWKSStartupFailureClosesDatabase (/Users/alexandre/wagering/cmd/wagering/lifecycle_integration_test.go:43)"},"module":"metrics","type":"*metrics.Recorder"}
{"time":"2026-09-28T22:13:37.115266-03:00","level":"INFO","msg":"provided","constructor":"github.com/alexandre/wagering/internal/platform/metrics.init.func1()","stacktrace":{"0":"github.com/alexandre/wagering/internal/platform/metrics.init (/Users/alexandre/wagering/internal/platform/metrics/metrics.go:51)","1":"runtime.doInit1 (/opt/homebrew/Cellar/go/1.27.1/libexec/src/runtime/proc.go:8154)","2":"runtime.doInit (/opt/homebrew/Cellar/go/1.27.1/libexec/src/runtime/proc.go:8121)","3":"runtime.main (/opt/homebrew/Cellar/go/1.27.1/libexec/src/runtime/proc.go:269)"},"moduletrace":{"0":"github.com/alexandre/wagering/internal/platform/metrics.init (/Users/alexandre/wagering/internal/platform/metrics/metrics.go:51)","1":"github.com/alexandre/wagering/internal/platform/metrics.init (/Users/alexandre/wagering/internal/platform/metrics/metrics.go:51) (metrics)","2":"github.com/alexandre/wagering/cmd/wagering.TestJWKSStartupFailureClosesDatabase (/Users/alexandre/wagering/cmd/wagering/lifecycle_integration_test.go:43)"},"module":"metrics","type":"port.Metrics"}
{"time":"2026-09-28T22:13:37.115339-03:00","level":"INFO","msg":"provided","constructor":"github.com/alexandre/wagering/internal/infra/postgres.NewPool()","stacktrace":{"0":"github.com/alexandre/wagering/internal/infra/postgres.init (/Users/alexandre/wagering/internal/infra/postgres/module.go:16)","1":"runtime.doInit1 (/opt/homebrew/Cellar/go/1.27.1/libexec/src/runtime/proc.go:8154)","2":"runtime.doInit (/opt/homebrew/Cellar/go/1.27.1/libexec/src/runtime/proc.go:8121)","3":"runtime.main (/opt/homebrew/Cellar/go/1.27.1/libexec/src/runtime/proc.go:269)"},"moduletrace":{"0":"github.com/alexandre/wagering/internal/infra/postgres.init (/Users/alexandre/wagering/internal/infra/postgres/module.go:16)","1":"github.com/alexandre/wagering/internal/infra/postgres.init (/Users/alexandre/wagering/internal/infra/postgres/module.go:15) (postgres)","2":"github.com/alexandre/wagering/cmd/wagering.TestJWKSStartupFailureClosesDatabase (/Users/alexandre/wagering/cmd/wagering/lifecycle_integration_test.go:43)"},"module":"postgres","type":"*pgxpool.Pool"}
{"time":"2026-09-28T22:13:37.115411-03:00","level":"INFO","msg":"provided","constructor":"fx.Annotate(github.com/alexandre/wagering/internal/infra/postgres.NewUnitOfWork(), fx.As([[port.UnitOfWork]])","stacktrace":{"0":"github.com/alexandre/wagering/internal/infra/postgres.init (/Users/alexandre/wagering/internal/infra/postgres/module.go:16)","1":"runtime.doInit1 (/opt/homebrew/Cellar/go/1.27.1/libexec/src/runtime/proc.go:8154)","2":"runtime.doInit (/opt/homebrew/Cellar/go/1.27.1/libexec/src/runtime/proc.go:8121)","3":"runtime.main (/opt/homebrew/Cellar/go/1.27.1/libexec/src/runtime/proc.go:269)"},"moduletrace":{"0":"github.com/alexandre/wagering/internal/infra/postgres.init (/Users/alexandre/wagering/internal/infra/postgres/module.go:16)","1":"github.com/alexandre/wagering/internal/infra/postgres.init (/Users/alexandre/wagering/internal/infra/postgres/module.go:15) (postgres)","2":"github.com/alexandre/wagering/cmd/wagering.TestJWKSStartupFailureClosesDatabase (/Users/alexandre/wagering/cmd/wagering/lifecycle_integration_test.go:43)"},"module":"postgres","type":"port.UnitOfWork"}
{"time":"2026-09-28T22:13:37.115473-03:00","level":"INFO","msg":"provided","constructor":"fx.Annotate(github.com/alexandre/wagering/internal/infra/postgres.NewReadiness(), fx.ResultTags([\"group:\\\"readiness\\\"\"]), fx.As([[port.ReadinessChecker]])","stacktrace":{"0":"github.com/alexandre/wagering/internal/infra/postgres.init (/Users/alexandre/wagering/internal/infra/postgres/module.go:16)","1":"runtime.doInit1 (/opt/homebrew/Cellar/go/1.27.1/libexec/src/runtime/proc.go:8154)","2":"runtime.doInit (/opt/homebrew/Cellar/go/1.27.1/libexec/src/runtime/proc.go:8121)","3":"runtime.main (/opt/homebrew/Cellar/go/1.27.1/libexec/src/runtime/proc.go:269)"},"moduletrace":{"0":"github.com/alexandre/wagering/internal/infra/postgres.init (/Users/alexandre/wagering/internal/infra/postgres/module.go:16)","1":"github.com/alexandre/wagering/internal/infra/postgres.init (/Users/alexandre/wagering/internal/infra/postgres/module.go:15) (postgres)","2":"github.com/alexandre/wagering/cmd/wagering.TestJWKSStartupFailureClosesDatabase (/Users/alexandre/wagering/cmd/wagering/lifecycle_integration_test.go:43)"},"module":"postgres","type":"port.ReadinessChecker[group = \"readiness\"]"}
{"time":"2026-09-28T22:13:37.115544-03:00","level":"INFO","msg":"provided","constructor":"github.com/alexandre/wagering/internal/infra/auth.NewVerifier()","stacktrace":{"0":"github.com/alexandre/wagering/internal/infra/auth.init (/Users/alexandre/wagering/internal/infra/auth/verifier.go:162)","1":"runtime.doInit1 (/opt/homebrew/Cellar/go/1.27.1/libexec/src/runtime/proc.go:8154)","2":"runtime.doInit (/opt/homebrew/Cellar/go/1.27.1/libexec/src/runtime/proc.go:8121)","3":"runtime.main (/opt/homebrew/Cellar/go/1.27.1/libexec/src/runtime/proc.go:269)"},"moduletrace":{"0":"github.com/alexandre/wagering/internal/infra/auth.init (/Users/alexandre/wagering/internal/infra/auth/verifier.go:162)","1":"github.com/alexandre/wagering/internal/infra/auth.init (/Users/alexandre/wagering/internal/infra/auth/verifier.go:162) (auth)","2":"github.com/alexandre/wagering/cmd/wagering.TestJWKSStartupFailureClosesDatabase (/Users/alexandre/wagering/cmd/wagering/lifecycle_integration_test.go:43)"},"module":"auth","type":"*auth.Verifier"}
{"time":"2026-09-28T22:13:37.11561-03:00","level":"INFO","msg":"provided","constructor":"github.com/alexandre/wagering/internal/app/usecase.NewOpenWallet()","stacktrace":{"0":"github.com/alexandre/wagering/internal/app/usecase.init (/Users/alexandre/wagering/internal/app/usecase/module.go:10)","1":"runtime.doInit1 (/opt/homebrew/Cellar/go/1.27.1/libexec/src/runtime/proc.go:8154)","2":"runtime.doInit (/opt/homebrew/Cellar/go/1.27.1/libexec/src/runtime/proc.go:8121)","3":"runtime.main (/opt/homebrew/Cellar/go/1.27.1/libexec/src/runtime/proc.go:269)"},"moduletrace":{"0":"github.com/alexandre/wagering/internal/app/usecase.init (/Users/alexandre/wagering/internal/app/usecase/module.go:10)","1":"github.com/alexandre/wagering/internal/app/usecase.init (/Users/alexandre/wagering/internal/app/usecase/module.go:9) (usecase)","2":"github.com/alexandre/wagering/cmd/wagering.TestJWKSStartupFailureClosesDatabase (/Users/alexandre/wagering/cmd/wagering/lifecycle_integration_test.go:43)"},"module":"usecase","type":"*usecase.OpenWallet"}
{"time":"2026-09-28T22:13:37.115673-03:00","level":"INFO","msg":"provided","constructor":"github.com/alexandre/wagering/internal/app/usecase.NewGetWallet()","stacktrace":{"0":"github.com/alexandre/wagering/internal/app/usecase.init (/Users/alexandre/wagering/internal/app/usecase/module.go:10)","1":"runtime.doInit1 (/opt/homebrew/Cellar/go/1.27.1/libexec/src/runtime/proc.go:8154)","2":"runtime.doInit (/opt/homebrew/Cellar/go/1.27.1/libexec/src/runtime/proc.go:8121)","3":"runtime.main (/opt/homebrew/Cellar/go/1.27.1/libexec/src/runtime/proc.go:269)"},"moduletrace":{"0":"github.com/alexandre/wagering/internal/app/usecase.init (/Users/alexandre/wagering/internal/app/usecase/module.go:10)","1":"github.com/alexandre/wagering/internal/app/usecase.init (/Users/alexandre/wagering/internal/app/usecase/module.go:9) (usecase)","2":"github.com/alexandre/wagering/cmd/wagering.TestJWKSStartupFailureClosesDatabase (/Users/alexandre/wagering/cmd/wagering/lifecycle_integration_test.go:43)"},"module":"usecase","type":"*usecase.GetWallet"}
{"time":"2026-09-28T22:13:37.115732-03:00","level":"INFO","msg":"provided","constructor":"github.com/alexandre/wagering/internal/app/usecase.NewListLedger()","stacktrace":{"0":"github.com/alexandre/wagering/internal/app/usecase.init (/Users/alexandre/wagering/internal/app/usecase/module.go:10)","1":"runtime.doInit1 (/opt/homebrew/Cellar/go/1.27.1/libexec/src/runtime/proc.go:8154)","2":"runtime.doInit (/opt/homebrew/Cellar/go/1.27.1/libexec/src/runtime/proc.go:8121)","3":"runtime.main (/opt/homebrew/Cellar/go/1.27.1/libexec/src/runtime/proc.go:269)"},"moduletrace":{"0":"github.com/alexandre/wagering/internal/app/usecase.init (/Users/alexandre/wagering/internal/app/usecase/module.go:10)","1":"github.com/alexandre/wagering/internal/app/usecase.init (/Users/alexandre/wagering/internal/app/usecase/module.go:9) (usecase)","2":"github.com/alexandre/wagering/cmd/wagering.TestJWKSStartupFailureClosesDatabase (/Users/alexandre/wagering/cmd/wagering/lifecycle_integration_test.go:43)"},"module":"usecase","type":"*usecase.ListLedger"}
{"time":"2026-09-28T22:13:37.115794-03:00","level":"INFO","msg":"provided","constructor":"github.com/alexandre/wagering/internal/app/usecase.NewReconcileWallet()","stacktrace":{"0":"github.com/alexandre/wagering/internal/app/usecase.init (/Users/alexandre/wagering/internal/app/usecase/module.go:10)","1":"runtime.doInit1 (/opt/homebrew/Cellar/go/1.27.1/libexec/src/runtime/proc.go:8154)","2":"runtime.doInit (/opt/homebrew/Cellar/go/1.27.1/libexec/src/runtime/proc.go:8121)","3":"runtime.main (/opt/homebrew/Cellar/go/1.27.1/libexec/src/runtime/proc.go:269)"},"moduletrace":{"0":"github.com/alexandre/wagering/internal/app/usecase.init (/Users/alexandre/wagering/internal/app/usecase/module.go:10)","1":"github.com/alexandre/wagering/internal/app/usecase.init (/Users/alexandre/wagering/internal/app/usecase/module.go:9) (usecase)","2":"github.com/alexandre/wagering/cmd/wagering.TestJWKSStartupFailureClosesDatabase (/Users/alexandre/wagering/cmd/wagering/lifecycle_integration_test.go:43)"},"module":"usecase","type":"*usecase.ReconcileWallet"}
{"time":"2026-09-28T22:13:37.115862-03:00","level":"INFO","msg":"provided","constructor":"github.com/alexandre/wagering/internal/app/usecase.NewSubmitTransaction()","stacktrace":{"0":"github.com/alexandre/wagering/internal/app/usecase.init (/Users/alexandre/wagering/internal/app/usecase/module.go:10)","1":"runtime.doInit1 (/opt/homebrew/Cellar/go/1.27.1/libexec/src/runtime/proc.go:8154)","2":"runtime.doInit (/opt/homebrew/Cellar/go/1.27.1/libexec/src/runtime/proc.go:8121)","3":"runtime.main (/opt/homebrew/Cellar/go/1.27.1/libexec/src/runtime/proc.go:269)"},"moduletrace":{"0":"github.com/alexandre/wagering/internal/app/usecase.init (/Users/alexandre/wagering/internal/app/usecase/module.go:10)","1":"github.com/alexandre/wagering/internal/app/usecase.init (/Users/alexandre/wagering/internal/app/usecase/module.go:9) (usecase)","2":"github.com/alexandre/wagering/cmd/wagering.TestJWKSStartupFailureClosesDatabase (/Users/alexandre/wagering/cmd/wagering/lifecycle_integration_test.go:43)"},"module":"usecase","type":"*usecase.SubmitTransaction"}
{"time":"2026-09-28T22:13:37.115933-03:00","level":"INFO","msg":"provided","constructor":"github.com/alexandre/wagering/internal/app/usecase.NewGetTransaction()","stacktrace":{"0":"github.com/alexandre/wagering/internal/app/usecase.init (/Users/alexandre/wagering/internal/app/usecase/module.go:10)","1":"runtime.doInit1 (/opt/homebrew/Cellar/go/1.27.1/libexec/src/runtime/proc.go:8154)","2":"runtime.doInit (/opt/homebrew/Cellar/go/1.27.1/libexec/src/runtime/proc.go:8121)","3":"runtime.main (/opt/homebrew/Cellar/go/1.27.1/libexec/src/runtime/proc.go:269)"},"moduletrace":{"0":"github.com/alexandre/wagering/internal/app/usecase.init (/Users/alexandre/wagering/internal/app/usecase/module.go:10)","1":"github.com/alexandre/wagering/internal/app/usecase.init (/Users/alexandre/wagering/internal/app/usecase/module.go:9) (usecase)","2":"github.com/alexandre/wagering/cmd/wagering.TestJWKSStartupFailureClosesDatabase (/Users/alexandre/wagering/cmd/wagering/lifecycle_integration_test.go:43)"},"module":"usecase","type":"*usecase.GetTransaction"}
{"time":"2026-09-28T22:13:37.115999-03:00","level":"INFO","msg":"provided","constructor":"github.com/alexandre/wagering/internal/app/usecase.NewProcessPendingReferences()","stacktrace":{"0":"github.com/alexandre/wagering/internal/app/usecase.init (/Users/alexandre/wagering/internal/app/usecase/module.go:10)","1":"runtime.doInit1 (/opt/homebrew/Cellar/go/1.27.1/libexec/src/runtime/proc.go:8154)","2":"runtime.doInit (/opt/homebrew/Cellar/go/1.27.1/libexec/src/runtime/proc.go:8121)","3":"runtime.main (/opt/homebrew/Cellar/go/1.27.1/libexec/src/runtime/proc.go:269)"},"moduletrace":{"0":"github.com/alexandre/wagering/internal/app/usecase.init (/Users/alexandre/wagering/internal/app/usecase/module.go:10)","1":"github.com/alexandre/wagering/internal/app/usecase.init (/Users/alexandre/wagering/internal/app/usecase/module.go:9) (usecase)","2":"github.com/alexandre/wagering/cmd/wagering.TestJWKSStartupFailureClosesDatabase (/Users/alexandre/wagering/cmd/wagering/lifecycle_integration_test.go:43)"},"module":"usecase","type":"*usecase.ProcessPendingReferences"}
{"time":"2026-09-28T22:13:37.116063-03:00","level":"INFO","msg":"provided","constructor":"github.com/alexandre/wagering/internal/app/usecase.NewPublishOutbox()","stacktrace":{"0":"github.com/alexandre/wagering/internal/app/usecase.init (/Users/alexandre/wagering/internal/app/usecase/module.go:10)","1":"runtime.doInit1 (/opt/homebrew/Cellar/go/1.27.1/libexec/src/runtime/proc.go:8154)","2":"runtime.doInit (/opt/homebrew/Cellar/go/1.27.1/libexec/src/runtime/proc.go:8121)","3":"runtime.main (/opt/homebrew/Cellar/go/1.27.1/libexec/src/runtime/proc.go:269)"},"moduletrace":{"0":"github.com/alexandre/wagering/internal/app/usecase.init (/Users/alexandre/wagering/internal/app/usecase/module.go:10)","1":"github.com/alexandre/wagering/internal/app/usecase.init (/Users/alexandre/wagering/internal/app/usecase/module.go:9) (usecase)","2":"github.com/alexandre/wagering/cmd/wagering.TestJWKSStartupFailureClosesDatabase (/Users/alexandre/wagering/cmd/wagering/lifecycle_integration_test.go:43)"},"module":"usecase","type":"*usecase.PublishOutbox"}
{"time":"2026-09-28T22:13:37.116129-03:00","level":"INFO","msg":"provided","constructor":"fx.Annotate(github.com/alexandre/wagering/internal/app/usecase.NewConsumeWagerMessage(), fx.As([[port.MessageHandler]])","stacktrace":{"0":"github.com/alexandre/wagering/internal/app/usecase.init (/Users/alexandre/wagering/internal/app/usecase/module.go:10)","1":"runtime.doInit1 (/opt/homebrew/Cellar/go/1.27.1/libexec/src/runtime/proc.go:8154)","2":"runtime.doInit (/opt/homebrew/Cellar/go/1.27.1/libexec/src/runtime/proc.go:8121)","3":"runtime.main (/opt/homebrew/Cellar/go/1.27.1/libexec/src/runtime/proc.go:269)"},"moduletrace":{"0":"github.com/alexandre/wagering/internal/app/usecase.init (/Users/alexandre/wagering/internal/app/usecase/module.go:10)","1":"github.com/alexandre/wagering/internal/app/usecase.init (/Users/alexandre/wagering/internal/app/usecase/module.go:9) (usecase)","2":"github.com/alexandre/wagering/cmd/wagering.TestJWKSStartupFailureClosesDatabase (/Users/alexandre/wagering/cmd/wagering/lifecycle_integration_test.go:43)"},"module":"usecase","type":"port.MessageHandler"}
{"time":"2026-09-28T22:13:37.116193-03:00","level":"INFO","msg":"provided","constructor":"github.com/alexandre/wagering/internal/infra/sqs.NewClient()","stacktrace":{"0":"github.com/alexandre/wagering/internal/infra/sqs.init (/Users/alexandre/wagering/internal/infra/sqs/module.go:20)","1":"runtime.doInit1 (/opt/homebrew/Cellar/go/1.27.1/libexec/src/runtime/proc.go:8154)","2":"runtime.doInit (/opt/homebrew/Cellar/go/1.27.1/libexec/src/runtime/proc.go:8121)","3":"runtime.main (/opt/homebrew/Cellar/go/1.27.1/libexec/src/runtime/proc.go:269)"},"moduletrace":{"0":"github.com/alexandre/wagering/internal/infra/sqs.init (/Users/alexandre/wagering/internal/infra/sqs/module.go:20)","1":"github.com/alexandre/wagering/internal/infra/sqs.init (/Users/alexandre/wagering/internal/infra/sqs/module.go:19) (sqs)","2":"github.com/alexandre/wagering/cmd/wagering.TestJWKSStartupFailureClosesDatabase (/Users/alexandre/wagering/cmd/wagering/lifecycle_integration_test.go:43)"},"module":"sqs","type":"*sqs.Client"}
{"time":"2026-09-28T22:13:37.116255-03:00","level":"INFO","msg":"provided","constructor":"fx.Annotate(github.com/alexandre/wagering/internal/infra/sqs.NewPublisher(), fx.As([[port.EventPublisher]])","stacktrace":{"0":"github.com/alexandre/wagering/internal/infra/sqs.init (/Users/alexandre/wagering/internal/infra/sqs/module.go:20)","1":"runtime.doInit1 (/opt/homebrew/Cellar/go/1.27.1/libexec/src/runtime/proc.go:8154)","2":"runtime.doInit (/opt/homebrew/Cellar/go/1.27.1/libexec/src/runtime/proc.go:8121)","3":"runtime.main (/opt/homebrew/Cellar/go/1.27.1/libexec/src/runtime/proc.go:269)"},"moduletrace":{"0":"github.com/alexandre/wagering/internal/infra/sqs.init (/Users/alexandre/wagering/internal/infra/sqs/module.go:20)","1":"github.com/alexandre/wagering/internal/infra/sqs.init (/Users/alexandre/wagering/internal/infra/sqs/module.go:19) (sqs)","2":"github.com/alexandre/wagering/cmd/wagering.TestJWKSStartupFailureClosesDatabase (/Users/alexandre/wagering/cmd/wagering/lifecycle_integration_test.go:43)"},"module":"sqs","type":"port.EventPublisher"}
{"time":"2026-09-28T22:13:37.116314-03:00","level":"INFO","msg":"provided","constructor":"fx.Annotate(github.com/alexandre/wagering/internal/infra/sqs.NewReadiness(), fx.ResultTags([\"group:\\\"readiness\\\"\"]), fx.As([[port.ReadinessChecker]])","stacktrace":{"0":"github.com/alexandre/wagering/internal/infra/sqs.init (/Users/alexandre/wagering/internal/infra/sqs/module.go:20)","1":"runtime.doInit1 (/opt/homebrew/Cellar/go/1.27.1/libexec/src/runtime/proc.go:8154)","2":"runtime.doInit (/opt/homebrew/Cellar/go/1.27.1/libexec/src/runtime/proc.go:8121)","3":"runtime.main (/opt/homebrew/Cellar/go/1.27.1/libexec/src/runtime/proc.go:269)"},"moduletrace":{"0":"github.com/alexandre/wagering/internal/infra/sqs.init (/Users/alexandre/wagering/internal/infra/sqs/module.go:20)","1":"github.com/alexandre/wagering/internal/infra/sqs.init (/Users/alexandre/wagering/internal/infra/sqs/module.go:19) (sqs)","2":"github.com/alexandre/wagering/cmd/wagering.TestJWKSStartupFailureClosesDatabase (/Users/alexandre/wagering/cmd/wagering/lifecycle_integration_test.go:43)"},"module":"sqs","type":"port.ReadinessChecker[group = \"readiness\"]"}
{"time":"2026-09-28T22:13:37.116382-03:00","level":"INFO","msg":"provided","constructor":"github.com/alexandre/wagering/internal/transport/httpapi.NewServer()","stacktrace":{"0":"github.com/alexandre/wagering/internal/transport/httpapi.init (/Users/alexandre/wagering/internal/transport/httpapi/module.go:21)","1":"runtime.doInit1 (/opt/homebrew/Cellar/go/1.27.1/libexec/src/runtime/proc.go:8154)","2":"runtime.doInit (/opt/homebrew/Cellar/go/1.27.1/libexec/src/runtime/proc.go:8121)","3":"runtime.main (/opt/homebrew/Cellar/go/1.27.1/libexec/src/runtime/proc.go:269)"},"moduletrace":{"0":"github.com/alexandre/wagering/internal/transport/httpapi.init (/Users/alexandre/wagering/internal/transport/httpapi/module.go:21)","1":"github.com/alexandre/wagering/internal/transport/httpapi.init (/Users/alexandre/wagering/internal/transport/httpapi/module.go:21) (httpapi)","2":"github.com/alexandre/wagering/cmd/wagering.TestJWKSStartupFailureClosesDatabase (/Users/alexandre/wagering/cmd/wagering/lifecycle_integration_test.go:43)"},"module":"httpapi","type":"*http.Server"}
{"time":"2026-09-28T22:13:37.116446-03:00","level":"INFO","msg":"run","name":"github.com/alexandre/wagering/internal/infra/config.Load()","kind":"provide","runtime":"57.167µs"}
{"time":"2026-09-28T22:13:37.11647-03:00","level":"INFO","msg":"run","name":"github.com/alexandre/wagering/internal/platform/logging.New()","kind":"provide","runtime":"27.209µs"}
{"time":"2026-09-28T22:13:37.116492-03:00","level":"INFO","msg":"initialized custom fxevent.Logger","function":"github.com/alexandre/wagering/cmd/wagering.Options.func1()"}
{"time":"2026-09-28T22:13:37.116594-03:00","level":"INFO","msg":"invoking","function":"github.com/alexandre/wagering/internal/infra/sqs.init.func1()","module":"sqs"}
{"time":"2026-09-28T22:13:37.116936-03:00","level":"INFO","msg":"run","name":"go.uber.org/fx.New.func1()","kind":"provide","runtime":"22.417µs"}
{"time":"2026-09-28T22:13:37.117006-03:00","level":"INFO","msg":"run","name":"go.uber.org/fx.(*App).shutdowner-fm()","kind":"provide","runtime":"11.25µs"}
{"time":"2026-09-28T22:13:37.117062-03:00","level":"INFO","msg":"run","name":"github.com/alexandre/wagering/internal/platform/worker.NewGroup()","kind":"provide","runtime":"20.041µs"}
{"time":"2026-09-28T22:13:37.117613-03:00","level":"INFO","msg":"run","name":"github.com/alexandre/wagering/internal/infra/sqs.NewClient()","kind":"provide","runtime":"505.083µs","module":"sqs"}
{"time":"2026-09-28T22:13:37.118297-03:00","level":"INFO","msg":"run","name":"github.com/alexandre/wagering/internal/infra/postgres.NewPool()","kind":"provide","runtime":"588.084µs","module":"postgres"}
{"time":"2026-09-28T22:13:37.118468-03:00","level":"INFO","msg":"run","name":"fx.Annotate(github.com/alexandre/wagering/internal/infra/postgres.NewUnitOfWork(), fx.As([[port.UnitOfWork]])","kind":"provide","runtime":"55.75µs","module":"postgres"}
{"time":"2026-09-28T22:13:37.119049-03:00","level":"INFO","msg":"run","name":"fx.Annotate(github.com/alexandre/wagering/internal/platform/sys.init.func1(), fx.As([[port.Clock]])","kind":"provide","runtime":"30.125µs","module":"sys"}
{"time":"2026-09-28T22:13:37.119154-03:00","level":"INFO","msg":"run","name":"fx.Annotate(github.com/alexandre/wagering/internal/platform/sys.init.func2(), fx.As([[port.IDGenerator]])","kind":"provide","runtime":"23.959µs","module":"sys"}
{"time":"2026-09-28T22:13:37.119402-03:00","level":"INFO","msg":"run","name":"github.com/alexandre/wagering/internal/platform/metrics.New()","kind":"provide","runtime":"202.292µs","module":"metrics"}
{"time":"2026-09-28T22:13:37.119451-03:00","level":"INFO","msg":"run","name":"github.com/alexandre/wagering/internal/platform/metrics.init.func1()","kind":"provide","runtime":"15.708µs","module":"metrics"}
{"time":"2026-09-28T22:13:37.119494-03:00","level":"INFO","msg":"run","name":"github.com/alexandre/wagering/internal/app/usecase.NewSubmitTransaction()","kind":"provide","runtime":"16.625µs","module":"usecase"}
{"time":"2026-09-28T22:13:37.119556-03:00","level":"INFO","msg":"run","name":"fx.Annotate(github.com/alexandre/wagering/internal/app/usecase.NewConsumeWagerMessage(), fx.As([[port.MessageHandler]])","kind":"provide","runtime":"34.584µs","module":"usecase"}
{"time":"2026-09-28T22:13:37.119883-03:00","level":"INFO","msg":"invoking","function":"github.com/alexandre/wagering/internal/infra/outbox.init.func1()","module":"outbox"}
{"time":"2026-09-28T22:13:37.120213-03:00","level":"INFO","msg":"run","name":"fx.Annotate(github.com/alexandre/wagering/internal/infra/sqs.NewPublisher(), fx.As([[port.EventPublisher]])","kind":"provide","runtime":"48µs","module":"sqs"}
{"time":"2026-09-28T22:13:37.120272-03:00","level":"INFO","msg":"run","name":"github.com/alexandre/wagering/internal/app/usecase.NewPublishOutbox()","kind":"provide","runtime":"14.833µs","module":"usecase"}
{"time":"2026-09-28T22:13:37.120378-03:00","level":"INFO","msg":"invoking","function":"github.com/alexandre/wagering/internal/infra/reference.init.func1()","module":"reference"}
{"time":"2026-09-28T22:13:37.120616-03:00","level":"INFO","msg":"run","name":"github.com/alexandre/wagering/internal/app/usecase.NewProcessPendingReferences()","kind":"provide","runtime":"12.125µs","module":"usecase"}
{"time":"2026-09-28T22:13:37.12072-03:00","level":"INFO","msg":"invoking","function":"github.com/alexandre/wagering/internal/transport/httpapi.init.func1()","module":"httpapi"}
{"time":"2026-09-28T22:13:37.120984-03:00","level":"INFO","msg":"run","name":"github.com/alexandre/wagering/internal/app/usecase.NewOpenWallet()","kind":"provide","runtime":"14.25µs","module":"usecase"}
{"time":"2026-09-28T22:13:37.121033-03:00","level":"INFO","msg":"run","name":"github.com/alexandre/wagering/internal/app/usecase.NewGetWallet()","kind":"provide","runtime":"10.083µs","module":"usecase"}
{"time":"2026-09-28T22:13:37.121083-03:00","level":"INFO","msg":"run","name":"github.com/alexandre/wagering/internal/app/usecase.NewListLedger()","kind":"provide","runtime":"9.25µs","module":"usecase"}
{"time":"2026-09-28T22:13:37.121135-03:00","level":"INFO","msg":"run","name":"github.com/alexandre/wagering/internal/app/usecase.NewReconcileWallet()","kind":"provide","runtime":"11.083µs","module":"usecase"}
{"time":"2026-09-28T22:13:37.121191-03:00","level":"INFO","msg":"run","name":"github.com/alexandre/wagering/internal/app/usecase.NewGetTransaction()","kind":"provide","runtime":"16.584µs","module":"usecase"}
{"time":"2026-09-28T22:13:37.121477-03:00","level":"INFO","msg":"run","name":"github.com/alexandre/wagering/internal/infra/auth.NewVerifier()","kind":"provide","runtime":"222.375µs","module":"auth"}
{"time":"2026-09-28T22:13:37.121636-03:00","level":"INFO","msg":"run","name":"fx.Annotate(github.com/alexandre/wagering/internal/infra/postgres.NewReadiness(), fx.ResultTags([\"group:\\\"readiness\\\"\"]), fx.As([[port.ReadinessChecker]])","kind":"provide","runtime":"89.125µs","module":"postgres"}
{"time":"2026-09-28T22:13:37.121779-03:00","level":"INFO","msg":"run","name":"fx.Annotate(github.com/alexandre/wagering/internal/infra/sqs.NewReadiness(), fx.ResultTags([\"group:\\\"readiness\\\"\"]), fx.As([[port.ReadinessChecker]])","kind":"provide","runtime":"76.292µs","module":"sqs"}
{"time":"2026-09-28T22:13:37.122218-03:00","level":"INFO","msg":"run","name":"github.com/alexandre/wagering/internal/transport/httpapi.NewServer()","kind":"provide","runtime":"389.167µs","module":"httpapi"}
{"time":"2026-09-28T22:13:37.122334-03:00","level":"INFO","msg":"invoking","function":"github.com/alexandre/wagering/internal/platform/worker.(*Group).Install()"}
{"time":"2026-09-28T22:13:37.122623-03:00","level":"INFO","msg":"invoking","function":"reflect.makeFuncStub()"}
{"time":"2026-09-28T22:13:37.122817-03:00","level":"INFO","msg":"OnStart hook executing","callee":"github.com/alexandre/wagering/internal/infra/postgres.NewPool.func1()","caller":"github.com/alexandre/wagering/internal/infra/postgres.NewPool"}
{"time":"2026-09-28T22:13:37.14313-03:00","level":"INFO","msg":"OnStart hook executed","callee":"github.com/alexandre/wagering/internal/infra/postgres.NewPool.func1()","caller":"github.com/alexandre/wagering/internal/infra/postgres.NewPool","runtime":"20.250542ms"}
{"time":"2026-09-28T22:13:37.143251-03:00","level":"INFO","msg":"OnStart hook executing","callee":"github.com/alexandre/wagering/internal/infra/sqs.init.func1.1()","caller":"github.com/alexandre/wagering/internal/infra/sqs.init.func1"}
{"time":"2026-09-28T22:13:37.1507-03:00","level":"INFO","msg":"OnStart hook executed","callee":"github.com/alexandre/wagering/internal/infra/sqs.init.func1.1()","caller":"github.com/alexandre/wagering/internal/infra/sqs.init.func1","runtime":"7.411833ms"}
{"time":"2026-09-28T22:13:37.1508-03:00","level":"INFO","msg":"OnStart hook executing","callee":"github.com/alexandre/wagering/internal/infra/auth.NewVerifier.func1()","caller":"github.com/alexandre/wagering/internal/infra/auth.NewVerifier"}
{"time":"2026-09-28T22:13:37.151543-03:00","level":"ERROR","msg":"OnStart hook failed","callee":"github.com/alexandre/wagering/internal/infra/auth.NewVerifier.func1()","caller":"github.com/alexandre/wagering/internal/infra/auth.NewVerifier","error":"auth: jwks unavailable: JWKS HTTP status 503"}
{"time":"2026-09-28T22:13:37.151585-03:00","level":"ERROR","msg":"start failed, rolling back","error":"auth: jwks unavailable: JWKS HTTP status 503"}
{"time":"2026-09-28T22:13:37.151655-03:00","level":"INFO","msg":"OnStop hook executing","callee":"github.com/alexandre/wagering/internal/infra/postgres.NewPool.func2()","caller":"github.com/alexandre/wagering/internal/infra/postgres.NewPool"}
{"time":"2026-09-28T22:13:37.151759-03:00","level":"INFO","msg":"OnStop hook executed","callee":"github.com/alexandre/wagering/internal/infra/postgres.NewPool.func2()","caller":"github.com/alexandre/wagering/internal/infra/postgres.NewPool","runtime":"74.375µs"}
{"time":"2026-09-28T22:13:37.151805-03:00","level":"ERROR","msg":"start failed","error":"auth: jwks unavailable: JWKS HTTP status 503"}
--- PASS: TestJWKSStartupFailureClosesDatabase (0.04s)
PASS
ok  	github.com/alexandre/wagering/cmd/wagering	21.603s
