13 versions; paired up/down files; SHA-256 verified
......
----------------------------------------------------------------------
Ran 6 tests in 0.006s

OK
000001_init.down.sql: OK
000001_init.up.sql: OK
000002_integrity.down.sql: OK
000002_integrity.up.sql: OK
000003_accounting_model.down.sql: OK
000003_accounting_model.up.sql: OK
000004_accounting_commands.down.sql: OK
000004_accounting_commands.up.sql: OK
000005_settlement_outbox.down.sql: OK
000005_settlement_outbox.up.sql: OK
000006_ledger_cursor_order.down.sql: OK
000006_ledger_cursor_order.up.sql: OK
000007_betting_window.down.sql: OK
000007_betting_window.up.sql: OK
000008_early_win.down.sql: OK
000008_early_win.up.sql: OK
000009_settled_payment_rollback.down.sql: OK
000009_settled_payment_rollback.up.sql: OK
000010_rollback_any_stage.down.sql: OK
000010_rollback_any_stage.up.sql: OK
000011_rollback_liquidity.down.sql: OK
000011_rollback_liquidity.up.sql: OK
000012_settlement_window.down.sql: OK
000012_settlement_window.up.sql: OK
000013_win_after_loss.down.sql: OK
000013_win_after_loss.up.sql: OK
1/u init (8.149875ms)
2/u integrity (11.964792ms)
3/u accounting_model (42.75325ms)
4/u accounting_commands (44.662958ms)
5/u settlement_outbox (46.010584ms)
6/u ledger_cursor_order (46.891417ms)
7/u betting_window (47.98725ms)
8/u early_win (48.961708ms)
9/u settled_payment_rollback (50.501708ms)
10/u rollback_any_stage (52.344333ms)
11/u rollback_liquidity (55.18225ms)
12/u settlement_window (48.5285ms)
13/u win_after_loss (45.968958ms)
000001_init.down.sql: OK
000001_init.up.sql: OK
000002_integrity.down.sql: OK
000002_integrity.up.sql: OK
000003_accounting_model.down.sql: OK
000003_accounting_model.up.sql: OK
000004_accounting_commands.down.sql: OK
000004_accounting_commands.up.sql: OK
000005_settlement_outbox.down.sql: OK
000005_settlement_outbox.up.sql: OK
000006_ledger_cursor_order.down.sql: OK
000006_ledger_cursor_order.up.sql: OK
000007_betting_window.down.sql: OK
000007_betting_window.up.sql: OK
000008_early_win.down.sql: OK
000008_early_win.up.sql: OK
000009_settled_payment_rollback.down.sql: OK
000009_settled_payment_rollback.up.sql: OK
000010_rollback_any_stage.down.sql: OK
000010_rollback_any_stage.up.sql: OK
000011_rollback_liquidity.down.sql: OK
000011_rollback_liquidity.up.sql: OK
000012_settlement_window.down.sql: OK
000012_settlement_window.up.sql: OK
000013_win_after_loss.down.sql: OK
000013_win_after_loss.up.sql: OK
13
000001_init.down.sql: OK
000001_init.up.sql: OK
000002_integrity.down.sql: OK
000002_integrity.up.sql: OK
000003_accounting_model.down.sql: OK
000003_accounting_model.up.sql: OK
000004_accounting_commands.down.sql: OK
000004_accounting_commands.up.sql: OK
000005_settlement_outbox.down.sql: OK
000005_settlement_outbox.up.sql: OK
000006_ledger_cursor_order.down.sql: OK
000006_ledger_cursor_order.up.sql: OK
000007_betting_window.down.sql: OK
000007_betting_window.up.sql: OK
000008_early_win.down.sql: OK
000008_early_win.up.sql: OK
000009_settled_payment_rollback.down.sql: OK
000009_settled_payment_rollback.up.sql: OK
000010_rollback_any_stage.down.sql: OK
000010_rollback_any_stage.up.sql: OK
000011_rollback_liquidity.down.sql: OK
000011_rollback_liquidity.up.sql: OK
000012_settlement_window.down.sql: OK
000012_settlement_window.up.sql: OK
000013_win_after_loss.down.sql: OK
000013_win_after_loss.up.sql: OK
13/d win_after_loss (2.213792ms)
12/d settlement_window (3.344458ms)
11/d rollback_liquidity (6.948959ms)
10/d rollback_any_stage (8.193125ms)
9/d settled_payment_rollback (9.566667ms)
8/d early_win (10.481625ms)
7/d betting_window (11.812834ms)
6/d ledger_cursor_order (12.639791ms)
5/d settlement_outbox (14.0695ms)
4/d accounting_commands (15.157459ms)
3/d accounting_model (48.936208ms)
2/d integrity (49.55375ms)
1/d init (53.279959ms)
000001_init.down.sql: OK
000001_init.up.sql: OK
000002_integrity.down.sql: OK
000002_integrity.up.sql: OK
000003_accounting_model.down.sql: OK
000003_accounting_model.up.sql: OK
000004_accounting_commands.down.sql: OK
000004_accounting_commands.up.sql: OK
000005_settlement_outbox.down.sql: OK
000005_settlement_outbox.up.sql: OK
000006_ledger_cursor_order.down.sql: OK
000006_ledger_cursor_order.up.sql: OK
000007_betting_window.down.sql: OK
000007_betting_window.up.sql: OK
000008_early_win.down.sql: OK
000008_early_win.up.sql: OK
000009_settled_payment_rollback.down.sql: OK
000009_settled_payment_rollback.up.sql: OK
000010_rollback_any_stage.down.sql: OK
000010_rollback_any_stage.up.sql: OK
000011_rollback_liquidity.down.sql: OK
000011_rollback_liquidity.up.sql: OK
000012_settlement_window.down.sql: OK
000012_settlement_window.up.sql: OK
000013_win_after_loss.down.sql: OK
000013_win_after_loss.up.sql: OK
1/u init (7.271959ms)
2/u integrity (10.726416ms)
3/u accounting_model (40.293625ms)
4/u accounting_commands (42.337625ms)
5/u settlement_outbox (43.639833ms)
6/u ledger_cursor_order (44.488583ms)
7/u betting_window (45.230834ms)
8/u early_win (46.342792ms)
9/u settled_payment_rollback (47.733084ms)
10/u rollback_any_stage (48.892667ms)
11/u rollback_liquidity (51.235125ms)
12/u settlement_window (45.53475ms)
13/u win_after_loss (43.20125ms)
000001_init.down.sql: OK
000001_init.up.sql: OK
000002_integrity.down.sql: OK
000002_integrity.up.sql: OK
000003_accounting_model.down.sql: OK
000003_accounting_model.up.sql: OK
000004_accounting_commands.down.sql: OK
000004_accounting_commands.up.sql: OK
000005_settlement_outbox.down.sql: OK
000005_settlement_outbox.up.sql: OK
000006_ledger_cursor_order.down.sql: OK
000006_ledger_cursor_order.up.sql: OK
000007_betting_window.down.sql: OK
000007_betting_window.up.sql: OK
000008_early_win.down.sql: OK
000008_early_win.up.sql: OK
000009_settled_payment_rollback.down.sql: OK
000009_settled_payment_rollback.up.sql: OK
000010_rollback_any_stage.down.sql: OK
000010_rollback_any_stage.up.sql: OK
000011_rollback_liquidity.down.sql: OK
000011_rollback_liquidity.up.sql: OK
000012_settlement_window.down.sql: OK
000012_settlement_window.up.sql: OK
000013_win_after_loss.down.sql: OK
000013_win_after_loss.up.sql: OK
no change
000001_init.down.sql: OK
000001_init.up.sql: OK
000002_integrity.down.sql: OK
000002_integrity.up.sql: OK
000003_accounting_model.down.sql: OK
000003_accounting_model.up.sql: OK
000004_accounting_commands.down.sql: OK
000004_accounting_commands.up.sql: OK
000005_settlement_outbox.down.sql: OK
000005_settlement_outbox.up.sql: OK
000006_ledger_cursor_order.down.sql: OK
000006_ledger_cursor_order.up.sql: OK
000007_betting_window.down.sql: OK
000007_betting_window.up.sql: OK
000008_early_win.down.sql: OK
000008_early_win.up.sql: OK
000009_settled_payment_rollback.down.sql: OK
000009_settled_payment_rollback.up.sql: OK
000010_rollback_any_stage.down.sql: OK
000010_rollback_any_stage.up.sql: OK
000011_rollback_liquidity.down.sql: OK
000011_rollback_liquidity.up.sql: OK
000012_settlement_window.down.sql: OK
000012_settlement_window.up.sql: OK
000013_win_after_loss.down.sql: OK
000013_win_after_loss.up.sql: OK
13/d win_after_loss (1.833416ms)
12/d settlement_window (2.83875ms)
000001_init.down.sql: OK
000001_init.up.sql: OK
000002_integrity.down.sql: OK
000002_integrity.up.sql: OK
000003_accounting_model.down.sql: OK
000003_accounting_model.up.sql: OK
000004_accounting_commands.down.sql: OK
000004_accounting_commands.up.sql: OK
000005_settlement_outbox.down.sql: OK
000005_settlement_outbox.up.sql: OK
000006_ledger_cursor_order.down.sql: OK
000006_ledger_cursor_order.up.sql: OK
000007_betting_window.down.sql: OK
000007_betting_window.up.sql: OK
000008_early_win.down.sql: OK
000008_early_win.up.sql: OK
000009_settled_payment_rollback.down.sql: OK
000009_settled_payment_rollback.up.sql: OK
000010_rollback_any_stage.down.sql: OK
000010_rollback_any_stage.up.sql: OK
000011_rollback_liquidity.down.sql: OK
000011_rollback_liquidity.up.sql: OK
000012_settlement_window.down.sql: OK
000012_settlement_window.up.sql: OK
000013_win_after_loss.down.sql: OK
000013_win_after_loss.up.sql: OK
12/u settlement_window (1.551583ms)
13/u win_after_loss (3.313625ms)
Migration roundtrip and schema equivalence verified.
13 versions; paired up/down files; SHA-256 verified
=== RUN   TestAccountingModelOpeningBETWINAndReplay
=== RUN   TestAccountingModelOpeningBETWINAndReplay/false
2026/09/30 15:42:50 INFO transaction handled correlationId="" messageId="" transactionId=86743ef0-eea0-4715-947f-7770c967a417 walletId=76c5b712-9412-496a-bdec-844a3bf6328c providerId=model status=PROCESSED
2026/09/30 15:42:50 INFO transaction handled correlationId="" messageId="" transactionId=845141e4-2114-4aa1-99f3-3a4e1317f320 walletId=76c5b712-9412-496a-bdec-844a3bf6328c providerId=model status=PROCESSED
2026/09/30 15:42:50 INFO transaction handled correlationId="" messageId="" transactionId=86743ef0-eea0-4715-947f-7770c967a417 walletId=76c5b712-9412-496a-bdec-844a3bf6328c providerId=model status=PROCESSED
2026/09/30 15:42:50 INFO transaction handled correlationId="" messageId="" transactionId=448abb1d-5bd9-48d8-a368-4a91244a294a walletId=76c5b712-9412-496a-bdec-844a3bf6328c providerId=model status=REJECTED
=== RUN   TestAccountingModelOpeningBETWINAndReplay/true
2026/09/30 15:42:50 INFO transaction handled correlationId="" messageId="" transactionId=4136c2d1-cc4c-4d31-a13c-3c915892cccd walletId=120c8a3e-4488-4cd8-a0ce-a7a4c9175c10 providerId=model status=PROCESSED
2026/09/30 15:42:50 INFO transaction handled correlationId="" messageId="" transactionId=baa877c5-3aa5-4105-93fa-420783d88703 walletId=120c8a3e-4488-4cd8-a0ce-a7a4c9175c10 providerId=model status=PROCESSED
2026/09/30 15:42:50 INFO transaction handled correlationId="" messageId="" transactionId=4136c2d1-cc4c-4d31-a13c-3c915892cccd walletId=120c8a3e-4488-4cd8-a0ce-a7a4c9175c10 providerId=model status=PROCESSED
2026/09/30 15:42:50 INFO transaction handled correlationId="" messageId="" transactionId=8c6cbe73-d1ed-4541-ae6b-a026b3974627 walletId=120c8a3e-4488-4cd8-a0ce-a7a4c9175c10 providerId=model status=REJECTED
--- PASS: TestAccountingModelOpeningBETWINAndReplay (0.15s)
    --- PASS: TestAccountingModelOpeningBETWINAndReplay/false (0.10s)
    --- PASS: TestAccountingModelOpeningBETWINAndReplay/true (0.03s)
=== RUN   TestAccountingModelRejectsWINWithoutBETAndForeignFunds
2026/09/30 15:42:50 INFO transaction handled correlationId="" messageId="" transactionId=fb74c5b0-6510-4224-8c08-82d8b1444289 walletId=0cfdc95d-07f0-4bd0-927c-21a68b3057e9 providerId=model status=PROCESSED
2026/09/30 15:42:50 INFO transaction handled correlationId="" messageId="" transactionId=fbd31bf2-2d54-4ff3-ba14-df35113b855b walletId=0cfdc95d-07f0-4bd0-927c-21a68b3057e9 providerId=model status=REJECTED
2026/09/30 15:42:50 INFO transaction handled correlationId="" messageId="" transactionId=452c5edc-045b-4e86-9613-9b2371a232bb walletId=0cfdc95d-07f0-4bd0-927c-21a68b3057e9 providerId=model status=REJECTED
--- PASS: TestAccountingModelRejectsWINWithoutBETAndForeignFunds (0.06s)
=== RUN   TestAccountingModelRefundRollbackAndInbox
2026/09/30 15:42:50 INFO transaction handled correlationId="" messageId="" transactionId=69be5a5a-c570-45e1-a7fd-18b650b3e488 walletId=a94e72f5-ce50-4ca2-957b-ac7b499ca46a providerId=model status=PROCESSED
2026/09/30 15:42:50 INFO transaction handled correlationId="" messageId=cd7e7465-99b0-4fc8-9358-d9cefad9268a transactionId=c123f195-ed8e-4038-9373-fa7c67afa5bf walletId=a94e72f5-ce50-4ca2-957b-ac7b499ca46a providerId=model status=PROCESSED
2026/09/30 15:42:50 INFO transaction handled correlationId="" messageId=84d6e141-3dbf-4799-9a2b-60043d99367b transactionId=c123f195-ed8e-4038-9373-fa7c67afa5bf walletId=a94e72f5-ce50-4ca2-957b-ac7b499ca46a providerId=model status=PROCESSED
2026/09/30 15:42:50 INFO transaction handled correlationId="" messageId="" transactionId=9fb521a1-9dcd-4e83-b160-6a70a538b6ad walletId=a94e72f5-ce50-4ca2-957b-ac7b499ca46a providerId=model status=PROCESSED
--- PASS: TestAccountingModelRefundRollbackAndInbox (0.08s)
=== RUN   TestAccountingModelConcurrentBETConservesFunds
2026/09/30 15:42:50 INFO transaction handled correlationId="" messageId="" transactionId=736c39db-334a-4ee9-8644-7a5a1abdac15 walletId=3904f23e-5fa6-4567-a4d7-0656d6a4ec97 providerId=model status=PROCESSED
2026/09/30 15:42:50 INFO transaction handled correlationId="" messageId="" transactionId=97f25d61-a591-43af-9a3a-c77503189928 walletId=3904f23e-5fa6-4567-a4d7-0656d6a4ec97 providerId=model status=REJECTED
--- PASS: TestAccountingModelConcurrentBETConservesFunds (0.06s)
=== RUN   TestAccountingModelSQLGuards
2026/09/30 15:42:50 INFO transaction handled correlationId="" messageId="" transactionId=36cf82e6-8c08-4377-a7fe-71c988266ffb walletId=d1545030-41f6-4109-a4a9-e880304317cf providerId=model status=PROCESSED
=== RUN   TestAccountingModelSQLGuards/wallet_without_pair
    accounting_model_integration_test.go:219: guard SQLSTATE=P0001
=== RUN   TestAccountingModelSQLGuards/rewrite_history
    accounting_model_integration_test.go:219: guard SQLSTATE=42501
=== RUN   TestAccountingModelSQLGuards/wrong_account_owner
    accounting_model_integration_test.go:219: guard SQLSTATE=P0001
=== RUN   TestAccountingModelSQLGuards/consumption_without_effect
    accounting_model_integration_test.go:219: guard SQLSTATE=P0001
=== RUN   TestAccountingModelSQLGuards/explicit_identity_rejected
    accounting_model_integration_test.go:219: guard SQLSTATE=428C9
=== RUN   TestAccountingModelSQLGuards/event_amount
    accounting_model_integration_test.go:219: guard SQLSTATE=P0001
=== RUN   TestAccountingModelSQLGuards/terminal_rewrite
    accounting_model_integration_test.go:219: guard SQLSTATE=P0001
=== RUN   TestAccountingModelSQLGuards/account_without_posting
    accounting_model_integration_test.go:219: guard SQLSTATE=P0001
--- PASS: TestAccountingModelSQLGuards (0.05s)
    --- PASS: TestAccountingModelSQLGuards/wallet_without_pair (0.00s)
    --- PASS: TestAccountingModelSQLGuards/rewrite_history (0.00s)
    --- PASS: TestAccountingModelSQLGuards/wrong_account_owner (0.00s)
    --- PASS: TestAccountingModelSQLGuards/consumption_without_effect (0.00s)
    --- PASS: TestAccountingModelSQLGuards/explicit_identity_rejected (0.00s)
    --- PASS: TestAccountingModelSQLGuards/event_amount (0.00s)
    --- PASS: TestAccountingModelSQLGuards/terminal_rewrite (0.00s)
    --- PASS: TestAccountingModelSQLGuards/account_without_posting (0.00s)
=== RUN   TestAccountingModelFundedSettlementByID
--- PASS: TestAccountingModelFundedSettlementByID (0.08s)
=== RUN   TestAccountingModelJournalGuardsHaveValidControl
=== RUN   TestAccountingModelJournalGuardsHaveValidControl/balanced_control
=== RUN   TestAccountingModelJournalGuardsHaveValidControl/single_leg
=== RUN   TestAccountingModelJournalGuardsHaveValidControl/different_currency
=== RUN   TestAccountingModelJournalGuardsHaveValidControl/same_account
=== RUN   TestAccountingModelJournalGuardsHaveValidControl/late_posting
=== RUN   TestAccountingModelJournalGuardsHaveValidControl/WIN_missing_BET
=== RUN   TestAccountingModelJournalGuardsHaveValidControl/negative_replay
--- PASS: TestAccountingModelJournalGuardsHaveValidControl (0.09s)
    --- PASS: TestAccountingModelJournalGuardsHaveValidControl/balanced_control (0.01s)
    --- PASS: TestAccountingModelJournalGuardsHaveValidControl/single_leg (0.01s)
    --- PASS: TestAccountingModelJournalGuardsHaveValidControl/different_currency (0.01s)
    --- PASS: TestAccountingModelJournalGuardsHaveValidControl/same_account (0.01s)
    --- PASS: TestAccountingModelJournalGuardsHaveValidControl/late_posting (0.01s)
    --- PASS: TestAccountingModelJournalGuardsHaveValidControl/WIN_missing_BET (0.01s)
    --- PASS: TestAccountingModelJournalGuardsHaveValidControl/negative_replay (0.01s)
=== RUN   TestAccountingModelPendingReferenceSurvivesRetry
2026/09/30 15:42:51 INFO transaction handled correlationId="" messageId="" transactionId=228246bc-6ecc-4663-a3c1-3f31ae024133 walletId=0b1be41f-3912-4328-bf06-411659ab8439 providerId=model status=PENDING_REFERENCE
2026/09/30 15:42:51 INFO transaction handled correlationId="" messageId="" transactionId=7713f0d5-cc56-4aec-8ea2-45e5d4900e75 walletId=0b1be41f-3912-4328-bf06-411659ab8439 providerId=model status=PROCESSED
--- PASS: TestAccountingModelPendingReferenceSurvivesRetry (0.06s)
=== RUN   TestAccountingModelMigrationRefusesToInventLegacyFunding
--- PASS: TestAccountingModelMigrationRefusesToInventLegacyFunding (0.05s)
=== RUN   TestAccountingModelRejectsOlderPositiveCursor
--- PASS: TestAccountingModelRejectsOlderPositiveCursor (0.03s)
=== RUN   TestAccountingModelDomainRejectsCorruptRetrySnapshot
--- PASS: TestAccountingModelDomainRejectsCorruptRetrySnapshot (0.03s)
=== RUN   TestAccountingReviewReverseTwoPaymentsToSameWallet
--- PASS: TestAccountingReviewReverseTwoPaymentsToSameWallet (0.08s)
=== RUN   TestAccountingModelSettlementPaymentCurrency
=== RUN   TestAccountingModelSettlementPaymentCurrency/BRL
=== RUN   TestAccountingModelSettlementPaymentCurrency/USD
--- PASS: TestAccountingModelSettlementPaymentCurrency (0.12s)
    --- PASS: TestAccountingModelSettlementPaymentCurrency/BRL (0.07s)
    --- PASS: TestAccountingModelSettlementPaymentCurrency/USD (0.05s)
=== RUN   TestAccountingModelRejectedCurrencyStillAuditable
2026/09/30 15:42:51 INFO transaction handled correlationId="" messageId="" transactionId=a98df767-c5ed-4b9c-81da-b09687014aaf walletId=6e9c24d5-a411-4ced-9181-9c8e7b193127 providerId=model status=REJECTED
--- PASS: TestAccountingModelRejectedCurrencyStillAuditable (0.04s)
=== RUN   TestSettlementApplicationConfirmsExecutesAndReplays
2026/09/30 15:42:51 INFO transaction handled correlationId="" messageId="" transactionId=7465b623-7841-4e4c-9f44-7c03a53576b0 walletId=2679293d-2a5e-4051-8628-56572b2591ef providerId=model status=PROCESSED
2026/09/30 15:42:51 INFO transaction handled correlationId="" messageId="" transactionId=a82522dd-e6c1-4139-8fc2-8f314ec1b061 walletId=687a2de8-2584-4791-b8ef-1865ab8b81cd providerId=model status=PROCESSED
--- PASS: TestSettlementApplicationConfirmsExecutesAndReplays (0.09s)
=== RUN   TestSettlementApplicationHTTPAuthorizationAndExplicitBet
2026/09/30 15:42:51 INFO transaction handled correlationId=575856a7-c23d-44d0-98e8-c7e2ec59ec2d messageId="" transactionId=d4bcfb39-f9e6-4555-bb67-e7b65f81534e walletId=b79b1f5d-2254-4767-a2bf-779102534762 providerId=p status=PROCESSED
2026/09/30 15:42:51 INFO transaction handled correlationId=f1df0ac8-1a28-40d2-bd93-0d2e8f113eee messageId="" transactionId=5bb39455-2493-4734-8864-3b5d55351ac5 walletId=2d6cb3b0-a318-459f-8299-7b77f1ddc3b0 providerId=p status=PROCESSED
2026/09/30 15:42:51 INFO transaction handled correlationId="" messageId="" transactionId=2c2656b0-5046-417e-822d-78421d036f99 walletId=b79b1f5d-2254-4767-a2bf-779102534762 providerId=model status=PROCESSED
2026/09/30 15:42:51 INFO transaction handled correlationId="" messageId="" transactionId=19e91849-b983-49bf-bf80-471c968e136b walletId=b79b1f5d-2254-4767-a2bf-779102534762 providerId=model status=PROCESSED
--- PASS: TestSettlementApplicationHTTPAuthorizationAndExplicitBet (0.23s)
=== RUN   TestSettlementApplicationReversesMultiplePaymentsAndReplaysConcurrently
--- PASS: TestSettlementApplicationReversesMultiplePaymentsAndReplaysConcurrently (0.11s)
PASS
ok  	github.com/alexandre/wagering/internal/infra/postgres	2.754s
