Starting...
Gathering coverage... done in 490.852208ms
    RUNNABLE INVERT_BITWISE at cmd/wagering/app.go:30:64
    RUNNABLE ARITHMETIC_BASE at cmd/wagering/app.go:28:21
    RUNNABLE ARITHMETIC_BASE at internal/app/apperr/apperr.go:23:63
    RUNNABLE CONDITIONALS_NEGATION at internal/app/apperr/apperr.go:28:9
    RUNNABLE INVERT_BITWISE at internal/app/apperr/apperr.go:36:24
    RUNNABLE ARITHMETIC_BASE at internal/app/apperr/apperr.go:47:63
    RUNNABLE CONDITIONALS_NEGATION at internal/app/apperr/apperr.go:50:9
    RUNNABLE INVERT_BITWISE at internal/app/apperr/apperr.go:55:80
    RUNNABLE CONDITIONALS_NEGATION at internal/app/usecase/process.go:24:9
    RUNNABLE CONDITIONALS_NEGATION at internal/app/usecase/process.go:18:9
    RUNNABLE CONDITIONALS_NEGATION at internal/app/usecase/process.go:33:50
    RUNNABLE CONDITIONALS_NEGATION at internal/app/usecase/process.go:30:47
    RUNNABLE CONDITIONALS_BOUNDARY at internal/app/usecase/process.go:52:16
    RUNNABLE INVERT_LOGICAL at internal/app/usecase/process.go:52:40
    RUNNABLE CONDITIONALS_NEGATION at internal/app/usecase/process.go:52:16
    RUNNABLE ARITHMETIC_BASE at internal/app/usecase/process.go:55:72
    RUNNABLE CONDITIONALS_NEGATION at internal/app/usecase/process.go:58:50
    RUNNABLE CONDITIONALS_NEGATION at internal/app/usecase/process.go:55:91
    RUNNABLE CONDITIONALS_NEGATION at internal/app/usecase/process.go:74:9
    RUNNABLE CONDITIONALS_NEGATION at internal/app/usecase/process.go:61:14
    RUNNABLE CONDITIONALS_NEGATION at internal/app/usecase/process.go:80:18
    RUNNABLE CONDITIONALS_NEGATION at internal/app/usecase/process.go:77:18
    RUNNABLE CONDITIONALS_NEGATION at internal/app/usecase/process.go:89:8
    RUNNABLE CONDITIONALS_NEGATION at internal/app/usecase/process.go:84:27
    RUNNABLE INVERT_LOGICAL at internal/app/usecase/process.go:93:75
    RUNNABLE INVERT_LOGICAL at internal/app/usecase/process.go:93:121
    RUNNABLE INVERT_LOGICAL at internal/app/usecase/process.go:93:47
    RUNNABLE INVERT_LOGICAL at internal/app/usecase/process.go:93:19
    RUNNABLE CONDITIONALS_NEGATION at internal/app/usecase/process.go:93:11
    RUNNABLE CONDITIONALS_NEGATION at internal/app/usecase/process.go:93:33
    RUNNABLE CONDITIONALS_NEGATION at internal/app/usecase/process.go:93:61
    RUNNABLE CONDITIONALS_NEGATION at internal/app/usecase/process.go:93:98
    RUNNABLE CONDITIONALS_NEGATION at internal/app/usecase/process.go:93:134
    RUNNABLE CONDITIONALS_NEGATION at internal/app/usecase/process.go:106:24
    RUNNABLE CONDITIONALS_NEGATION at internal/app/usecase/process.go:102:15
    RUNNABLE CONDITIONALS_NEGATION at internal/app/usecase/process.go:117:42
    RUNNABLE CONDITIONALS_NEGATION at internal/app/usecase/process.go:110:9
    RUNNABLE CONDITIONALS_NEGATION at internal/app/usecase/process.go:130:16
    RUNNABLE CONDITIONALS_NEGATION at internal/app/usecase/process.go:120:13
    RUNNABLE CONDITIONALS_NEGATION at internal/app/usecase/process.go:149:8
    RUNNABLE CONDITIONALS_NEGATION at internal/app/usecase/process.go:145:10
    RUNNABLE CONDITIONALS_NEGATION at internal/app/usecase/process.go:155:52
    RUNNABLE CONDITIONALS_NEGATION at internal/app/usecase/process.go:152:48
    RUNNABLE CONDITIONALS_NEGATION at internal/app/usecase/process.go:162:60
    RUNNABLE CONDITIONALS_NEGATION at internal/app/usecase/process.go:158:64
    RUNNABLE CONDITIONALS_NEGATION at internal/app/usecase/process.go:165:49
    RUNNABLE INVERT_LOGICAL at internal/app/usecase/transaction.go:69:29
    RUNNABLE INVERT_BITWISE at internal/app/usecase/transaction.go:63:9
    RUNNABLE CONDITIONALS_NEGATION at internal/app/usecase/transaction.go:69:42
    RUNNABLE CONDITIONALS_NEGATION at internal/app/usecase/transaction.go:69:15
    RUNNABLE CONDITIONALS_NEGATION at internal/app/usecase/transaction.go:72:15
    RUNNABLE INVERT_LOGICAL at internal/app/usecase/transaction.go:72:29
    RUNNABLE CONDITIONALS_NEGATION at internal/app/usecase/transaction.go:72:57
    RUNNABLE CONDITIONALS_NEGATION at internal/app/usecase/transaction.go:72:90
    RUNNABLE INVERT_LOGICAL at internal/app/usecase/transaction.go:75:28
    RUNNABLE INVERT_LOGICAL at internal/app/usecase/transaction.go:72:63
    RUNNABLE CONDITIONALS_NEGATION at internal/app/usecase/transaction.go:75:15
    RUNNABLE INVERT_LOGICAL at internal/app/usecase/transaction.go:75:56
    RUNNABLE CONDITIONALS_NEGATION at internal/app/usecase/transaction.go:75:50
    RUNNABLE CONDITIONALS_NEGATION at internal/app/usecase/transaction.go:75:72
    RUNNABLE CONDITIONALS_NEGATION at internal/app/usecase/transaction.go:83:9
    RUNNABLE CONDITIONALS_NEGATION at internal/app/usecase/transaction.go:79:9
    RUNNABLE CONDITIONALS_NEGATION at internal/app/usecase/transaction.go:92:9
    RUNNABLE CONDITIONALS_NEGATION at internal/app/usecase/transaction.go:88:9
    RUNNABLE CONDITIONALS_NEGATION at internal/app/usecase/transaction.go:104:16
    RUNNABLE CONDITIONALS_NEGATION at internal/app/usecase/transaction.go:99:9
    RUNNABLE CONDITIONALS_NEGATION at internal/app/usecase/transaction.go:109:13
    RUNNABLE CONDITIONALS_NEGATION at internal/app/usecase/transaction.go:106:9
    RUNNABLE CONDITIONALS_NEGATION at internal/app/usecase/transaction.go:114:8
    RUNNABLE INVERT_LOGICAL at internal/app/usecase/transaction.go:114:15
    RUNNABLE CONDITIONALS_NEGATION at internal/app/usecase/transaction.go:123:9
    RUNNABLE CONDITIONALS_NEGATION at internal/app/usecase/transaction.go:119:52
    RUNNABLE CONDITIONALS_NEGATION at internal/app/usecase/transaction.go:136:10
    RUNNABLE CONDITIONALS_NEGATION at internal/app/usecase/transaction.go:127:37
    RUNNABLE CONDITIONALS_NEGATION at internal/app/usecase/transaction.go:145:20
    RUNNABLE INVERT_LOGICAL at internal/app/usecase/transaction.go:145:28
    RUNNABLE CONDITIONALS_NEGATION at internal/app/usecase/transaction.go:152:16
    RUNNABLE CONDITIONALS_NEGATION at internal/app/usecase/transaction.go:145:48
    RUNNABLE CONDITIONALS_NEGATION at internal/app/usecase/transaction.go:164:9
    RUNNABLE CONDITIONALS_NEGATION at internal/app/usecase/transaction.go:157:9
    RUNNABLE INVERT_BITWISE at internal/app/usecase/transaction.go:196:70
    RUNNABLE CONDITIONALS_NEGATION at internal/app/usecase/transaction.go:202:8
    RUNNABLE INVERT_LOGICAL at internal/app/usecase/transaction.go:206:41
    RUNNABLE INVERT_LOGICAL at internal/app/usecase/transaction.go:206:18
    RUNNABLE CONDITIONALS_NEGATION at internal/app/usecase/transaction.go:206:57
    RUNNABLE CONDITIONALS_NEGATION at internal/app/usecase/transaction.go:206:35
    RUNNABLE INVERT_LOGICAL at internal/app/usecase/transaction.go:216:17
    RUNNABLE INVERT_LOGICAL at internal/app/usecase/transaction.go:216:40
    RUNNABLE CONDITIONALS_NEGATION at internal/app/usecase/transaction.go:216:34
    RUNNABLE CONDITIONALS_NEGATION at internal/app/usecase/transaction.go:216:54
    RUNNABLE INVERT_BITWISE at internal/app/usecase/transaction.go:258:9
    RUNNABLE CONDITIONALS_NEGATION at internal/app/usecase/transaction.go:222:8
    RUNNABLE CONDITIONALS_NEGATION at internal/app/usecase/transaction.go:268:32
    RUNNABLE INVERT_BITWISE at internal/app/usecase/transaction.go:268:23
    RUNNABLE INVERT_LOGICAL at internal/app/usecase/transaction.go:277:64
    RUNNABLE CONDITIONALS_NEGATION at internal/app/usecase/transaction.go:271:26
    RUNNABLE CONDITIONALS_NEGATION at internal/app/usecase/transaction.go:277:17
    RUNNABLE INVERT_LOGICAL at internal/app/usecase/transaction.go:277:23
    RUNNABLE CONDITIONALS_NEGATION at internal/app/usecase/transaction.go:277:89
    RUNNABLE CONDITIONALS_NEGATION at internal/app/usecase/transaction.go:277:33
    RUNNABLE CONDITIONALS_NEGATION at internal/app/usecase/wallet.go:40:9
    RUNNABLE INVERT_BITWISE at internal/app/usecase/wallet.go:35:9
    RUNNABLE CONDITIONALS_NEGATION at internal/app/usecase/wallet.go:48:46
    RUNNABLE CONDITIONALS_NEGATION at internal/app/usecase/wallet.go:44:9
    RUNNABLE CONDITIONALS_NEGATION at internal/app/usecase/wallet.go:58:50
    RUNNABLE CONDITIONALS_NEGATION at internal/app/usecase/wallet.go:55:10
    RUNNABLE CONDITIONALS_NEGATION at internal/app/usecase/wallet.go:67:48
    RUNNABLE CONDITIONALS_NEGATION at internal/app/usecase/wallet.go:64:10
    RUNNABLE INVERT_BITWISE at internal/app/usecase/wallet.go:83:60
    RUNNABLE CONDITIONALS_NEGATION at internal/app/usecase/wallet.go:71:51
    RUNNABLE INVERT_BITWISE at internal/app/usecase/wallet.go:102:62
    RUNNABLE CONDITIONALS_NEGATION at internal/app/usecase/wallet.go:89:8
    RUNNABLE INVERT_BITWISE at internal/app/usecase/wallet.go:132:9
    RUNNABLE CONDITIONALS_NEGATION at internal/app/usecase/wallet.go:107:49
    RUNNABLE CONDITIONALS_NEGATION at internal/app/usecase/wallet.go:143:8
    RUNNABLE CONDITIONALS_NEGATION at internal/app/usecase/wallet.go:139:8
    RUNNABLE INVERT_LOGICAL at internal/app/usecase/wallet.go:153:16
    RUNNABLE CONDITIONALS_NEGATION at internal/app/usecase/wallet.go:147:8
    RUNNABLE CONDITIONALS_NEGATION at internal/app/usecase/wallet.go:153:9
    RUNNABLE INVERT_BITWISE at internal/app/usecase/workers.go:30:9
    RUNNABLE INVERT_BITWISE at internal/app/usecase/workers.go:20:62
    RUNNABLE CONDITIONALS_BOUNDARY at internal/app/usecase/workers.go:35:8
    RUNNABLE CONDITIONALS_NEGATION at internal/app/usecase/workers.go:35:8
    RUNNABLE CONDITIONALS_NEGATION at internal/app/usecase/workers.go:35:33
    RUNNABLE INVERT_LOGICAL at internal/app/usecase/workers.go:35:20
    RUNNABLE CONDITIONALS_NEGATION at internal/app/usecase/workers.go:44:17
    RUNNABLE CONDITIONALS_NEGATION at internal/app/usecase/workers.go:41:9
    RUNNABLE CONDITIONALS_NEGATION at internal/app/usecase/workers.go:52:10
    RUNNABLE CONDITIONALS_NEGATION at internal/app/usecase/workers.go:53:15
    RUNNABLE INVERT_LOGICAL at internal/app/usecase/workers.go:60:24
    RUNNABLE CONDITIONALS_NEGATION at internal/app/usecase/workers.go:60:18
    RUNNABLE CONDITIONALS_NEGATION at internal/app/usecase/workers.go:64:11
    RUNNABLE CONDITIONALS_NEGATION at internal/app/usecase/workers.go:73:49
    RUNNABLE CONDITIONALS_NEGATION at internal/app/usecase/workers.go:70:67
    RUNNABLE INCREMENT_DECREMENT at internal/app/usecase/workers.go:86:6
    RUNNABLE CONDITIONALS_NEGATION at internal/app/usecase/workers.go:79:19
    RUNNABLE INVERT_LOOPCTRL at internal/app/usecase/workers.go:92:4
    RUNNABLE INVERT_LOOPCTRL at internal/app/usecase/workers.go:87:5
    RUNNABLE INCREMENT_DECREMENT at internal/app/usecase/workers.go:94:4
    RUNNABLE ARITHMETIC_BASE at internal/app/usecase/workers.go:112:25
    RUNNABLE INVERT_BITWISE at internal/app/usecase/workers.go:109:9
    RUNNABLE INVERT_BITWISE at internal/app/usecase/workers.go:131:36
    RUNNABLE CONDITIONALS_NEGATION at internal/app/usecase/workers.go:119:9
    RUNNABLE INVERT_LOGICAL at internal/app/usecase/workers.go:135:24
    RUNNABLE ARITHMETIC_BASE at internal/app/usecase/workers.go:133:49
    RUNNABLE CONDITIONALS_NEGATION at internal/app/usecase/workers.go:139:14
    RUNNABLE CONDITIONALS_NEGATION at internal/app/usecase/workers.go:135:35
    RUNNABLE CONDITIONALS_NEGATION at internal/app/usecase/workers.go:149:10
    RUNNABLE CONDITIONALS_NEGATION at internal/app/usecase/workers.go:143:15
    RUNNABLE CONDITIONALS_NEGATION at internal/app/usecase/workers.go:160:8
    RUNNABLE CONDITIONALS_NEGATION at internal/app/usecase/workers.go:153:14
    RUNNABLE CONDITIONALS_NEGATION at internal/app/usecase/workers.go:164:13
    RUNNABLE CONDITIONALS_NEGATION at internal/domain/event/event.go:67:9
    RUNNABLE CONDITIONALS_NEGATION at internal/domain/event/event.go:63:115
    RUNNABLE INVERT_LOGICAL at internal/domain/event/validation.go:16:16
    RUNNABLE INVERT_LOGICAL at internal/domain/event/validation.go:16:42
    RUNNABLE CONDITIONALS_NEGATION at internal/domain/event/validation.go:16:9
    RUNNABLE CONDITIONALS_NEGATION at internal/domain/event/validation.go:16:30
    RUNNABLE INVERT_LOGICAL at internal/domain/event/validation.go:22:66
    RUNNABLE INVERT_LOGICAL at internal/domain/event/validation.go:22:49
    RUNNABLE INVERT_LOGICAL at internal/domain/event/validation.go:22:34
    RUNNABLE INVERT_LOGICAL at internal/domain/event/validation.go:22:20
    RUNNABLE CONDITIONALS_NEGATION at internal/domain/event/validation.go:22:11
    RUNNABLE CONDITIONALS_NEGATION at internal/domain/event/validation.go:22:25
    RUNNABLE CONDITIONALS_NEGATION at internal/domain/event/validation.go:22:39
    RUNNABLE CONDITIONALS_NEGATION at internal/domain/event/validation.go:22:54
    RUNNABLE CONDITIONALS_NEGATION at internal/domain/event/validation.go:22:71
    RUNNABLE INVERT_LOGICAL at internal/domain/event/validation.go:25:70
    RUNNABLE INVERT_LOGICAL at internal/domain/event/validation.go:25:54
    RUNNABLE INVERT_LOGICAL at internal/domain/event/validation.go:25:33
    RUNNABLE INVERT_LOGICAL at internal/domain/event/validation.go:25:14
    RUNNABLE CONDITIONALS_NEGATION at internal/domain/event/validation.go:25:8
    RUNNABLE CONDITIONALS_NEGATION at internal/domain/event/validation.go:25:27
    RUNNABLE CONDITIONALS_NEGATION at internal/domain/event/validation.go:25:48
    RUNNABLE CONDITIONALS_NEGATION at internal/domain/event/validation.go:25:65
    RUNNABLE INVERT_LOGICAL at internal/domain/event/validation.go:30:95
    RUNNABLE INVERT_LOGICAL at internal/domain/event/validation.go:30:68
    RUNNABLE INVERT_LOGICAL at internal/domain/event/validation.go:30:43
    RUNNABLE CONDITIONALS_NEGATION at internal/domain/event/validation.go:30:10
    RUNNABLE CONDITIONALS_NEGATION at internal/domain/event/validation.go:30:82
    RUNNABLE CONDITIONALS_NEGATION at internal/domain/event/validation.go:30:62
    RUNNABLE CONDITIONALS_NEGATION at internal/domain/event/validation.go:34:10
    RUNNABLE CONDITIONALS_NEGATION at internal/domain/event/validation.go:30:109
    RUNNABLE CONDITIONALS_NEGATION at internal/domain/event/validation.go:37:13
    RUNNABLE INVERT_LOGICAL at internal/domain/event/validation.go:38:78
    RUNNABLE INVERT_LOGICAL at internal/domain/event/validation.go:38:59
    RUNNABLE INVERT_LOGICAL at internal/domain/event/validation.go:38:26
    RUNNABLE CONDITIONALS_NEGATION at internal/domain/event/validation.go:38:20
    RUNNABLE CONDITIONALS_NEGATION at internal/domain/event/validation.go:38:53
    RUNNABLE CONDITIONALS_NEGATION at internal/domain/event/validation.go:38:72
    RUNNABLE INVERT_LOGICAL at internal/domain/event/validation.go:41:149
    RUNNABLE INVERT_LOGICAL at internal/domain/event/validation.go:41:109
    RUNNABLE INVERT_LOGICAL at internal/domain/event/validation.go:41:90
    RUNNABLE INVERT_LOGICAL at internal/domain/event/validation.go:41:57
    RUNNABLE INVERT_LOGICAL at internal/domain/event/validation.go:41:35
    RUNNABLE CONDITIONALS_NEGATION at internal/domain/event/validation.go:41:84
    RUNNABLE CONDITIONALS_NEGATION at internal/domain/event/validation.go:41:51
    RUNNABLE CONDITIONALS_NEGATION at internal/domain/event/validation.go:41:103
    RUNNABLE INVERT_LOGICAL at internal/domain/event/validation.go:41:130
    RUNNABLE CONDITIONALS_NEGATION at internal/domain/event/validation.go:41:120
    RUNNABLE CONDITIONALS_NEGATION at internal/domain/event/validation.go:41:143
    RUNNABLE INVERT_LOGICAL at internal/domain/event/validation.go:41:170
    RUNNABLE CONDITIONALS_NEGATION at internal/domain/event/validation.go:41:160
    RUNNABLE INVERT_LOGICAL at internal/domain/event/validation.go:45:174
    RUNNABLE INVERT_LOGICAL at internal/domain/event/validation.go:45:141
    RUNNABLE INVERT_LOGICAL at internal/domain/event/validation.go:45:119
    RUNNABLE INVERT_LOGICAL at internal/domain/event/validation.go:45:94
    RUNNABLE INVERT_LOGICAL at internal/domain/event/validation.go:45:67
    RUNNABLE INVERT_LOGICAL at internal/domain/event/validation.go:45:42
    RUNNABLE CONDITIONALS_NEGATION at internal/domain/event/validation.go:45:10
    RUNNABLE CONDITIONALS_NEGATION at internal/domain/event/validation.go:45:81
    RUNNABLE CONDITIONALS_NEGATION at internal/domain/event/validation.go:45:61
    RUNNABLE CONDITIONALS_NEGATION at internal/domain/event/validation.go:45:168
    RUNNABLE CONDITIONALS_NEGATION at internal/domain/event/validation.go:45:135
    RUNNABLE CONDITIONALS_NEGATION at internal/domain/event/validation.go:45:191
    RUNNABLE INVERT_LOGICAL at internal/domain/event/validation.go:49:90
    RUNNABLE INVERT_LOGICAL at internal/domain/event/validation.go:49:63
    RUNNABLE INVERT_LOGICAL at internal/domain/event/validation.go:49:38
    RUNNABLE CONDITIONALS_NEGATION at internal/domain/event/validation.go:49:10
    RUNNABLE CONDITIONALS_NEGATION at internal/domain/event/validation.go:49:57
    RUNNABLE CONDITIONALS_NEGATION at internal/domain/event/validation.go:49:77
    RUNNABLE CONDITIONALS_BOUNDARY at internal/domain/event/validation.go:49:109
    RUNNABLE CONDITIONALS_NEGATION at internal/domain/event/validation.go:49:109
    RUNNABLE INVERT_LOGICAL at internal/domain/event/validation.go:53:17
    RUNNABLE CONDITIONALS_NEGATION at internal/domain/event/validation.go:53:10
    RUNNABLE CONDITIONALS_NEGATION at internal/domain/event/validation.go:61:10
    RUNNABLE CONDITIONALS_NEGATION at internal/domain/event/validation.go:57:10
    RUNNABLE INVERT_LOGICAL at internal/domain/event/validation.go:73:60
    RUNNABLE INVERT_LOGICAL at internal/domain/event/validation.go:73:17
    RUNNABLE CONDITIONALS_NEGATION at internal/domain/event/validation.go:73:40
    RUNNABLE CONDITIONALS_NEGATION at internal/domain/event/validation.go:73:10
    RUNNABLE INVERT_LOGICAL at internal/domain/event/validation.go:77:208
    RUNNABLE CONDITIONALS_NEGATION at internal/domain/event/validation.go:73:80
    RUNNABLE INVERT_LOGICAL at internal/domain/event/validation.go:77:172
    RUNNABLE INVERT_LOGICAL at internal/domain/event/validation.go:77:130
    RUNNABLE INVERT_LOGICAL at internal/domain/event/validation.go:77:97
    RUNNABLE INVERT_LOGICAL at internal/domain/event/validation.go:77:75
    RUNNABLE INVERT_LOGICAL at internal/domain/event/validation.go:77:50
    RUNNABLE CONDITIONALS_NEGATION at internal/domain/event/validation.go:77:10
    RUNNABLE CONDITIONALS_NEGATION at internal/domain/event/validation.go:77:91
    RUNNABLE CONDITIONALS_NEGATION at internal/domain/event/validation.go:77:69
    RUNNABLE CONDITIONALS_NEGATION at internal/domain/event/validation.go:77:166
    RUNNABLE CONDITIONALS_NEGATION at internal/domain/event/validation.go:77:124
    RUNNABLE CONDITIONALS_NEGATION at internal/domain/event/validation.go:90:45
    RUNNABLE INVERT_BITWISE at internal/domain/event/validation.go:90:36
    RUNNABLE INVERT_LOGICAL at internal/domain/event/validation.go:93:89
    RUNNABLE INVERT_LOGICAL at internal/domain/event/validation.go:93:67
    RUNNABLE INVERT_LOGICAL at internal/domain/event/validation.go:93:37
    RUNNABLE INVERT_LOGICAL at internal/domain/event/validation.go:93:18
    RUNNABLE CONDITIONALS_BOUNDARY at internal/domain/event/validation.go:93:14
    RUNNABLE CONDITIONALS_NEGATION at internal/domain/event/validation.go:93:14
    RUNNABLE CONDITIONALS_NEGATION at internal/domain/event/validation.go:93:24
    RUNNABLE CONDITIONALS_NEGATION at internal/domain/event/validation.go:93:50
    RUNNABLE CONDITIONALS_NEGATION at internal/domain/event/validation.go:93:74
    RUNNABLE INVERT_BITWISE at internal/domain/event/validation.go:99:10
    RUNNABLE INVERT_BITWISE at internal/domain/event/validation.go:103:10
    RUNNABLE INVERT_BITWISE at internal/domain/event/validation.go:101:10
    RUNNABLE INVERT_BITWISE at internal/domain/event/validation.go:105:10
    RUNNABLE CONDITIONALS_NEGATION at internal/domain/event/validation.go:122:113
    RUNNABLE CONDITIONALS_NEGATION at internal/domain/event/validation.go:109:46
    RUNNABLE INVERT_LOGICAL at internal/domain/money/money.go:30:23
    RUNNABLE INVERT_LOGICAL at internal/domain/money/money.go:30:44
    RUNNABLE CONDITIONALS_NEGATION at internal/domain/money/money.go:30:35
    RUNNABLE CONDITIONALS_NEGATION at internal/domain/money/money.go:30:14
    RUNNABLE ARITHMETIC_BASE at internal/domain/money/money.go:43:35
    RUNNABLE CONDITIONALS_NEGATION at internal/domain/money/money.go:30:56
    RUNNABLE ARITHMETIC_BASE at internal/domain/money/money.go:43:31
    RUNNABLE INVERT_NEGATIVES at internal/domain/money/money.go:43:31
    RUNNABLE ARITHMETIC_BASE at internal/domain/money/money.go:43:55
    RUNNABLE INVERT_NEGATIVES at internal/domain/money/money.go:43:55
    RUNNABLE CONDITIONALS_NEGATION at internal/domain/money/money.go:53:51
    RUNNABLE CONDITIONALS_NEGATION at internal/domain/money/money.go:45:9
    RUNNABLE CONDITIONALS_NEGATION at internal/domain/money/money.go:54:51
    RUNNABLE CONDITIONALS_BOUNDARY at internal/domain/money/money.go:54:51
    RUNNABLE CONDITIONALS_NEGATION at internal/domain/money/money.go:55:51
    RUNNABLE CONDITIONALS_BOUNDARY at internal/domain/money/money.go:55:51
    RUNNABLE CONDITIONALS_NEGATION at internal/domain/money/money.go:59:33
    RUNNABLE CONDITIONALS_NEGATION at internal/domain/money/money.go:56:54
    RUNNABLE INVERT_LOGICAL at internal/domain/money/money.go:62:54
    RUNNABLE INVERT_LOGICAL at internal/domain/money/money.go:62:18
    RUNNABLE CONDITIONALS_BOUNDARY at internal/domain/money/money.go:62:14
    RUNNABLE CONDITIONALS_BOUNDARY at internal/domain/money/money.go:62:29
    RUNNABLE CONDITIONALS_NEGATION at internal/domain/money/money.go:62:14
    RUNNABLE CONDITIONALS_NEGATION at internal/domain/money/money.go:62:29
    RUNNABLE ARITHMETIC_BASE at internal/domain/money/money.go:62:44
    RUNNABLE INVERT_NEGATIVES at internal/domain/money/money.go:62:44
    RUNNABLE INVERT_LOGICAL at internal/domain/money/money.go:62:70
    RUNNABLE CONDITIONALS_BOUNDARY at internal/domain/money/money.go:62:66
    RUNNABLE CONDITIONALS_BOUNDARY at internal/domain/money/money.go:62:81
    RUNNABLE CONDITIONALS_NEGATION at internal/domain/money/money.go:62:66
    RUNNABLE INVERT_NEGATIVES at internal/domain/money/money.go:62:96
    RUNNABLE CONDITIONALS_NEGATION at internal/domain/money/money.go:62:81
    RUNNABLE ARITHMETIC_BASE at internal/domain/money/money.go:65:23
    RUNNABLE ARITHMETIC_BASE at internal/domain/money/money.go:62:96
    RUNNABLE INVERT_NEGATIVES at internal/domain/money/money.go:75:15
    RUNNABLE CONDITIONALS_NEGATION at internal/domain/money/money.go:72:13
    RUNNABLE CONDITIONALS_NEGATION at internal/domain/money/money.go:79:33
    RUNNABLE ARITHMETIC_BASE at internal/domain/money/money.go:75:15
    RUNNABLE INVERT_LOGICAL at internal/domain/money/money.go:82:18
    RUNNABLE INVERT_LOGICAL at internal/domain/money/money.go:82:54
    RUNNABLE CONDITIONALS_NEGATION at internal/domain/money/money.go:82:14
    RUNNABLE CONDITIONALS_BOUNDARY at internal/domain/money/money.go:82:14
    RUNNABLE CONDITIONALS_NEGATION at internal/domain/money/money.go:82:29
    RUNNABLE CONDITIONALS_BOUNDARY at internal/domain/money/money.go:82:29
    RUNNABLE INVERT_LOGICAL at internal/domain/money/money.go:82:70
    RUNNABLE ARITHMETIC_BASE at internal/domain/money/money.go:82:44
    RUNNABLE CONDITIONALS_NEGATION at internal/domain/money/money.go:82:66
    RUNNABLE CONDITIONALS_BOUNDARY at internal/domain/money/money.go:82:66
    RUNNABLE CONDITIONALS_BOUNDARY at internal/domain/money/money.go:82:81
    RUNNABLE CONDITIONALS_NEGATION at internal/domain/money/money.go:82:81
    RUNNABLE ARITHMETIC_BASE at internal/domain/money/money.go:82:96
    RUNNABLE ARITHMETIC_BASE at internal/domain/money/money.go:85:23
    RUNNABLE INVERT_NEGATIVES at internal/domain/money/money.go:85:23
    RUNNABLE CONDITIONALS_BOUNDARY at internal/domain/money/money.go:92:13
    RUNNABLE CONDITIONALS_NEGATION at internal/domain/money/money.go:89:33
    RUNNABLE INVERT_NEGATIVES at internal/domain/money/money.go:93:10
    RUNNABLE CONDITIONALS_NEGATION at internal/domain/money/money.go:92:13
    RUNNABLE CONDITIONALS_BOUNDARY at internal/domain/money/money.go:95:13
    RUNNABLE ARITHMETIC_BASE at internal/domain/money/money.go:93:10
    RUNNABLE INVERT_LOGICAL at internal/domain/money/money.go:102:16
    RUNNABLE CONDITIONALS_NEGATION at internal/domain/money/money.go:95:13
    RUNNABLE CONDITIONALS_BOUNDARY at internal/domain/money/money.go:114:13
    RUNNABLE CONDITIONALS_NEGATION at internal/domain/money/money.go:105:16
    RUNNABLE ARITHMETIC_BASE at internal/domain/money/money.go:116:10
    RUNNABLE CONDITIONALS_NEGATION at internal/domain/money/money.go:114:13
    RUNNABLE ARITHMETIC_BASE at internal/domain/money/money.go:118:41
    RUNNABLE INVERT_BITWISE at internal/domain/money/money.go:116:7
    RUNNABLE ARITHMETIC_BASE at internal/domain/money/money.go:118:48
    RUNNABLE ARITHMETIC_BASE at internal/domain/wager/errors.go:32:62
    RUNNABLE ARITHMETIC_BASE at internal/domain/wager/errors.go:32:69
    RUNNABLE CONDITIONALS_NEGATION at internal/domain/wager/errors.go:37:22
    RUNNABLE INVERT_LOGICAL at internal/domain/wager/errors.go:37:12
    RUNNABLE INVERT_BITWISE at internal/domain/wager/errors.go:60:20
    RUNNABLE INVERT_BITWISE at internal/domain/wager/errors.go:40:62
    RUNNABLE INVERT_LOGICAL at internal/domain/wager/ledger.go:18:53
    RUNNABLE INVERT_LOGICAL at internal/domain/wager/ledger.go:18:71
    RUNNABLE INVERT_LOGICAL at internal/domain/wager/ledger.go:18:41
    RUNNABLE INVERT_LOGICAL at internal/domain/wager/ledger.go:18:18
    RUNNABLE CONDITIONALS_NEGATION at internal/domain/wager/ledger.go:18:65
    RUNNABLE CONDITIONALS_NEGATION at internal/domain/wager/ledger.go:18:47
    RUNNABLE CONDITIONALS_NEGATION at internal/domain/wager/ledger.go:36:9
    RUNNABLE CONDITIONALS_NEGATION at internal/domain/wager/ledger.go:18:79
    RUNNABLE INVERT_LOGICAL at internal/domain/wager/ledger.go:51:46
    RUNNABLE CONDITIONALS_NEGATION at internal/domain/wager/ledger.go:48:9
    RUNNABLE CONDITIONALS_NEGATION at internal/domain/wager/ledger.go:51:51
    RUNNABLE CONDITIONALS_NEGATION at internal/domain/wager/ledger.go:51:39
    RUNNABLE INVERT_LOGICAL at internal/domain/wager/rules.go:28:43
    RUNNABLE CONDITIONALS_NEGATION at internal/domain/wager/rules.go:26:14
    RUNNABLE CONDITIONALS_NEGATION at internal/domain/wager/rules.go:28:14
    RUNNABLE INVERT_LOGICAL at internal/domain/wager/rules.go:28:25
    RUNNABLE CONDITIONALS_NEGATION at internal/domain/wager/rules.go:28:50
    RUNNABLE CONDITIONALS_NEGATION at internal/domain/wager/rules.go:28:32
    RUNNABLE CONDITIONALS_NEGATION at internal/domain/wager/rules.go:30:14
    RUNNABLE CONDITIONALS_NEGATION at internal/domain/wager/rules.go:38:21
    RUNNABLE INVERT_LOGICAL at internal/domain/wager/rules.go:38:9
    RUNNABLE CONDITIONALS_NEGATION at internal/domain/wager/rules.go:41:7
    RUNNABLE CONDITIONALS_NEGATION at internal/domain/wager/rules.go:48:18
    RUNNABLE CONDITIONALS_NEGATION at internal/domain/wager/rules.go:84:39
    RUNNABLE CONDITIONALS_NEGATION at internal/domain/wager/transaction.go:69:54
    RUNNABLE CONDITIONALS_NEGATION at internal/domain/wager/transaction.go:65:8
    RUNNABLE INVERT_LOGICAL at internal/domain/wager/transaction.go:75:25
    RUNNABLE CONDITIONALS_NEGATION at internal/domain/wager/transaction.go:72:50
    RUNNABLE CONDITIONALS_NEGATION at internal/domain/wager/transaction.go:75:50
    RUNNABLE INVERT_LOGICAL at internal/domain/wager/transaction.go:78:47
    RUNNABLE INVERT_LOGICAL at internal/domain/wager/transaction.go:78:26
    RUNNABLE CONDITIONALS_NEGATION at internal/domain/wager/transaction.go:78:36
    RUNNABLE INVERT_BITWISE at internal/domain/wager/transaction.go:81:9
    RUNNABLE CONDITIONALS_NEGATION at internal/domain/wager/transaction.go:78:72
    RUNNABLE INVERT_LOGICAL at internal/domain/wager/transaction.go:91:30
    RUNNABLE INVERT_LOGICAL at internal/domain/wager/transaction.go:91:48
    RUNNABLE INVERT_LOGICAL at internal/domain/wager/transaction.go:91:18
    RUNNABLE CONDITIONALS_NEGATION at internal/domain/wager/transaction.go:91:24
    RUNNABLE CONDITIONALS_NEGATION at internal/domain/wager/transaction.go:91:42
    RUNNABLE INVERT_BITWISE at internal/domain/wager/transaction.go:98:9
    RUNNABLE CONDITIONALS_NEGATION at internal/domain/wager/transaction.go:91:60
    RUNNABLE INVERT_LOGICAL at internal/domain/wager/transaction.go:106:57
    RUNNABLE INVERT_BITWISE at internal/domain/wager/transaction.go:100:58
    RUNNABLE INVERT_LOGICAL at internal/domain/wager/transaction.go:106:36
    RUNNABLE INVERT_LOGICAL at internal/domain/wager/transaction.go:106:16
    RUNNABLE CONDITIONALS_NEGATION at internal/domain/wager/transaction.go:106:30
    RUNNABLE CONDITIONALS_NEGATION at internal/domain/wager/transaction.go:106:10
    RUNNABLE CONDITIONALS_NEGATION at internal/domain/wager/transaction.go:109:34
    RUNNABLE CONDITIONALS_NEGATION at internal/domain/wager/transaction.go:106:80
    RUNNABLE CONDITIONALS_NEGATION at internal/domain/wager/transaction.go:109:45
    RUNNABLE CONDITIONALS_NEGATION at internal/domain/wager/transaction.go:109:15
    RUNNABLE CONDITIONALS_NEGATION at internal/domain/wager/transaction.go:112:14
    RUNNABLE INVERT_LOGICAL at internal/domain/wager/transaction.go:112:32
    RUNNABLE INVERT_LOGICAL at internal/domain/wager/transaction.go:115:105
    RUNNABLE CONDITIONALS_NEGATION at internal/domain/wager/transaction.go:112:44
    RUNNABLE INVERT_LOGICAL at internal/domain/wager/transaction.go:115:70
    RUNNABLE INVERT_LOGICAL at internal/domain/wager/transaction.go:115:46
    RUNNABLE CONDITIONALS_NEGATION at internal/domain/wager/transaction.go:115:16
    RUNNABLE INVERT_LOGICAL at internal/domain/wager/transaction.go:115:22
    RUNNABLE CONDITIONALS_BOUNDARY at internal/domain/wager/transaction.go:115:119
    RUNNABLE CONDITIONALS_NEGATION at internal/domain/wager/transaction.go:115:119
    RUNNABLE CONDITIONALS_NEGATION at internal/domain/wager/transaction.go:119:344
    RUNNABLE CONDITIONALS_NEGATION at internal/domain/wager/transaction.go:118:14
    RUNNABLE INVERT_LOGICAL at internal/domain/wager/transaction.go:122:196
    RUNNABLE INVERT_LOGICAL at internal/domain/wager/transaction.go:122:227
    RUNNABLE INVERT_LOGICAL at internal/domain/wager/transaction.go:122:178
    RUNNABLE INVERT_LOGICAL at internal/domain/wager/transaction.go:122:159
    RUNNABLE INVERT_LOGICAL at internal/domain/wager/transaction.go:122:136
    RUNNABLE INVERT_LOGICAL at internal/domain/wager/transaction.go:122:110
    RUNNABLE INVERT_LOGICAL at internal/domain/wager/transaction.go:122:88
    RUNNABLE INVERT_LOGICAL at internal/domain/wager/transaction.go:122:66
    RUNNABLE INVERT_LOGICAL at internal/domain/wager/transaction.go:122:35
    RUNNABLE CONDITIONALS_NEGATION at internal/domain/wager/transaction.go:122:47
    RUNNABLE CONDITIONALS_NEGATION at internal/domain/wager/transaction.go:122:82
    RUNNABLE CONDITIONALS_NEGATION at internal/domain/wager/transaction.go:122:104
    RUNNABLE CONDITIONALS_NEGATION at internal/domain/wager/transaction.go:122:153
    RUNNABLE CONDITIONALS_NEGATION at internal/domain/wager/transaction.go:122:130
    RUNNABLE CONDITIONALS_NEGATION at internal/domain/wager/transaction.go:122:190
    RUNNABLE CONDITIONALS_NEGATION at internal/domain/wager/transaction.go:122:172
    RUNNABLE CONDITIONALS_NEGATION at internal/domain/wager/transaction.go:122:244
    RUNNABLE CONDITIONALS_NEGATION at internal/domain/wager/transaction.go:122:221
    RUNNABLE CONDITIONALS_NEGATION at internal/domain/wager/transaction.go:125:14
    RUNNABLE INVERT_LOGICAL at internal/domain/wager/transaction.go:125:33
    RUNNABLE INVERT_LOGICAL at internal/domain/wager/transaction.go:125:111
    RUNNABLE INVERT_LOGICAL at internal/domain/wager/transaction.go:125:142
    RUNNABLE CONDITIONALS_NEGATION at internal/domain/wager/transaction.go:125:52
    RUNNABLE INVERT_LOGICAL at internal/domain/wager/transaction.go:125:59
    RUNNABLE CONDITIONALS_NEGATION at internal/domain/wager/transaction.go:125:88
    RUNNABLE CONDITIONALS_NEGATION at internal/domain/wager/transaction.go:125:159
    RUNNABLE INVERT_LOGICAL at internal/domain/wager/transaction.go:128:62
    RUNNABLE INVERT_LOGICAL at internal/domain/wager/transaction.go:128:33
    RUNNABLE CONDITIONALS_NEGATION at internal/domain/wager/transaction.go:128:45
    RUNNABLE CONDITIONALS_NEGATION at internal/domain/wager/transaction.go:128:15
    RUNNABLE INVERT_LOGICAL at internal/domain/wager/transaction.go:131:40
    RUNNABLE CONDITIONALS_NEGATION at internal/domain/wager/transaction.go:128:79
    RUNNABLE CONDITIONALS_NEGATION at internal/domain/wager/transaction.go:131:14
    RUNNABLE INVERT_LOGICAL at internal/domain/wager/transaction.go:131:89
    RUNNABLE INVERT_LOGICAL at internal/domain/wager/transaction.go:131:67
    RUNNABLE CONDITIONALS_NEGATION at internal/domain/wager/transaction.go:131:60
    RUNNABLE CONDITIONALS_NEGATION at internal/domain/wager/transaction.go:131:114
    RUNNABLE CONDITIONALS_NEGATION at internal/domain/wager/transaction.go:131:82
    RUNNABLE INVERT_LOGICAL at internal/domain/wager/transaction.go:136:25
    RUNNABLE CONDITIONALS_NEGATION at internal/domain/wager/transaction.go:136:19
    RUNNABLE INVERT_LOGICAL at internal/domain/wager/transaction.go:136:57
    RUNNABLE CONDITIONALS_NEGATION at internal/domain/wager/transaction.go:136:51
    RUNNABLE CONDITIONALS_NEGATION at internal/domain/wager/transaction.go:136:74
    RUNNABLE INVERT_LOGICAL at internal/domain/wager/transaction.go:139:64
    RUNNABLE INVERT_LOGICAL at internal/domain/wager/transaction.go:139:33
    RUNNABLE CONDITIONALS_NEGATION at internal/domain/wager/transaction.go:139:58
    RUNNABLE CONDITIONALS_NEGATION at internal/domain/wager/transaction.go:139:14
    RUNNABLE INVERT_LOGICAL at internal/domain/wager/transaction.go:142:33
    RUNNABLE CONDITIONALS_NEGATION at internal/domain/wager/transaction.go:139:81
    RUNNABLE CONDITIONALS_NEGATION at internal/domain/wager/transaction.go:142:14
    RUNNABLE CONDITIONALS_NEGATION at internal/domain/wager/transaction.go:142:51
    RUNNABLE CONDITIONALS_NEGATION at internal/domain/wager/transaction.go:145:45
    RUNNABLE INVERT_LOGICAL at internal/domain/wager/transaction.go:145:28
    RUNNABLE CONDITIONALS_NEGATION at internal/domain/wager/transaction.go:148:14
    RUNNABLE INVERT_LOGICAL at internal/domain/wager/transaction.go:148:40
    RUNNABLE INVERT_LOGICAL at internal/domain/wager/transaction.go:151:31
    RUNNABLE CONDITIONALS_NEGATION at internal/domain/wager/transaction.go:148:59
    RUNNABLE INVERT_LOGICAL at internal/domain/wager/transaction.go:151:51
    RUNNABLE CONDITIONALS_NEGATION at internal/domain/wager/transaction.go:151:14
    RUNNABLE CONDITIONALS_NEGATION at internal/domain/wager/transaction.go:151:66
    RUNNABLE CONDITIONALS_NEGATION at internal/domain/wager/transaction.go:151:46
    RUNNABLE CONDITIONALS_NEGATION at internal/domain/wager/transaction.go:154:14
    RUNNABLE INVERT_LOGICAL at internal/domain/wager/transaction.go:154:40
    RUNNABLE CONDITIONALS_NEGATION at internal/domain/wager/transaction.go:154:55
    RUNNABLE INVERT_LOGICAL at internal/domain/wager/transaction.go:154:60
    RUNNABLE CONDITIONALS_NEGATION at internal/domain/wager/transaction.go:157:22
    RUNNABLE INVERT_LOGICAL at internal/domain/wager/transaction.go:157:46
    RUNNABLE CONDITIONALS_NEGATION at internal/domain/wager/transaction.go:157:17
    RUNNABLE CONDITIONALS_BOUNDARY at internal/domain/wager/transaction.go:157:17
    RUNNABLE INVERT_LOGICAL at internal/domain/wager/transaction.go:157:69
    RUNNABLE CONDITIONALS_NEGATION at internal/domain/wager/transaction.go:157:38
    RUNNABLE CONDITIONALS_NEGATION at internal/domain/wager/transaction.go:157:62
    RUNNABLE INVERT_LOGICAL at internal/domain/wager/transaction.go:157:105
    RUNNABLE INVERT_LOGICAL at internal/domain/wager/transaction.go:160:27
    RUNNABLE CONDITIONALS_NEGATION at internal/domain/wager/transaction.go:157:130
    RUNNABLE INVERT_LOGICAL at internal/domain/wager/transaction.go:160:99
    RUNNABLE CONDITIONALS_NEGATION at internal/domain/wager/transaction.go:160:12
    RUNNABLE CONDITIONALS_NEGATION at internal/domain/wager/transaction.go:160:46
    RUNNABLE INVERT_LOGICAL at internal/domain/wager/transaction.go:160:53
    RUNNABLE CONDITIONALS_NEGATION at internal/domain/wager/transaction.go:160:113
    RUNNABLE INVERT_BITWISE at internal/domain/wager/transaction.go:163:9
    RUNNABLE CONDITIONALS_NEGATION at internal/domain/wager/transaction.go:160:79
    RUNNABLE INVERT_LOGICAL at internal/domain/wager/transaction.go:192:14
    RUNNABLE INVERT_LOGICAL at internal/domain/wager/transaction.go:192:28
    RUNNABLE CONDITIONALS_NEGATION at internal/domain/wager/transaction.go:192:22
    RUNNABLE CONDITIONALS_NEGATION at internal/domain/wager/transaction.go:192:7
    RUNNABLE INVERT_LOGICAL at internal/domain/wager/transaction.go:206:65
    RUNNABLE CONDITIONALS_NEGATION at internal/domain/wager/transaction.go:203:32
    RUNNABLE INVERT_LOGICAL at internal/domain/wager/transaction.go:206:34
    RUNNABLE INVERT_LOGICAL at internal/domain/wager/transaction.go:206:17
    RUNNABLE CONDITIONALS_NEGATION at internal/domain/wager/transaction.go:206:11
    RUNNABLE CONDITIONALS_NEGATION at internal/domain/wager/transaction.go:206:26
    RUNNABLE CONDITIONALS_NEGATION at internal/domain/wager/transaction.go:206:59
    RUNNABLE INVERT_LOGICAL at internal/domain/wager/transaction.go:206:89
    RUNNABLE CONDITIONALS_NEGATION at internal/domain/wager/transaction.go:206:83
    RUNNABLE CONDITIONALS_NEGATION at internal/domain/wager/transaction.go:206:106
    RUNNABLE CONDITIONALS_NEGATION at internal/domain/wager/transaction.go:215:32
    RUNNABLE INVERT_LOGICAL at internal/domain/wager/transaction.go:218:72
    RUNNABLE INVERT_LOGICAL at internal/domain/wager/transaction.go:218:84
    RUNNABLE INVERT_LOGICAL at internal/domain/wager/transaction.go:218:45
    RUNNABLE INVERT_LOGICAL at internal/domain/wager/transaction.go:218:18
    RUNNABLE CONDITIONALS_BOUNDARY at internal/domain/wager/transaction.go:218:79
    RUNNABLE CONDITIONALS_NEGATION at internal/domain/wager/transaction.go:218:79
    RUNNABLE CONDITIONALS_NEGATION at internal/domain/wager/transaction.go:221:27
    RUNNABLE CONDITIONALS_NEGATION at internal/domain/wager/transaction.go:218:98
    RUNNABLE CONDITIONALS_NEGATION at internal/domain/wager/transaction.go:226:17
    RUNNABLE INCREMENT_DECREMENT at internal/domain/wager/transaction.go:225:12
    RUNNABLE INVERT_BITWISE at internal/domain/wager/transaction.go:230:20
    RUNNABLE INVERT_BITWISE at internal/domain/wager/transaction.go:228:17
    RUNNABLE CONDITIONALS_NEGATION at internal/domain/wager/transaction.go:236:21
    RUNNABLE INVERT_LOGICAL at internal/domain/wager/transaction.go:236:28
    RUNNABLE INVERT_LOGICAL at internal/domain/wager/transaction.go:241:31
    RUNNABLE INVERT_LOGICAL at internal/domain/wager/transaction.go:241:18
    RUNNABLE CONDITIONALS_NEGATION at internal/domain/wager/transaction.go:244:32
    RUNNABLE CONDITIONALS_NEGATION at internal/domain/wager/transaction.go:241:24
    RUNNABLE CONDITIONALS_NEGATION at internal/domain/wager/transaction.go:247:27
    RUNNABLE INVERT_LOGICAL at internal/domain/wager/transaction.go:247:33
    RUNNABLE INVERT_LOGICAL at internal/domain/wager/transaction.go:250:52
    RUNNABLE CONDITIONALS_NEGATION at internal/domain/wager/transaction.go:247:50
    RUNNABLE INVERT_BITWISE at internal/domain/wager/transaction.go:253:76
    RUNNABLE CONDITIONALS_NEGATION at internal/domain/wager/transaction.go:250:29
    RUNNABLE INVERT_LOGICAL at internal/domain/wager/transaction.go:258:31
    RUNNABLE INVERT_LOGICAL at internal/domain/wager/transaction.go:258:18
    RUNNABLE CONDITIONALS_NEGATION at internal/domain/wager/transaction.go:261:32
    RUNNABLE CONDITIONALS_NEGATION at internal/domain/wager/transaction.go:258:24
    RUNNABLE INVERT_LOGICAL at internal/domain/wager/transaction.go:273:18
    RUNNABLE CONDITIONALS_NEGATION at internal/domain/wager/transaction.go:264:10
    RUNNABLE CONDITIONALS_NEGATION at internal/domain/wager/transaction.go:273:24
    RUNNABLE INVERT_LOGICAL at internal/domain/wager/transaction.go:273:31
    RUNNABLE CONDITIONALS_NEGATION at internal/domain/wager/transaction.go:279:10
    RUNNABLE CONDITIONALS_NEGATION at internal/domain/wager/transaction.go:276:32
    RUNNABLE CONDITIONALS_NEGATION at internal/domain/wager/transaction.go:287:7
    RUNNABLE INVERT_BITWISE at internal/domain/wager/transaction.go:291:9
    RUNNABLE CONDITIONALS_NEGATION at internal/domain/wager/transaction.go:294:7
    RUNNABLE INVERT_BITWISE at internal/domain/wager/transaction.go:298:9
    RUNNABLE CONDITIONALS_NEGATION at internal/domain/wager/types.go:26:44
    RUNNABLE INVERT_LOGICAL at internal/domain/wager/types.go:26:58
    RUNNABLE INVERT_LOGICAL at internal/domain/wager/types.go:39:53
    RUNNABLE CONDITIONALS_NEGATION at internal/domain/wager/types.go:26:63
    RUNNABLE CONDITIONALS_NEGATION at internal/domain/wager/types.go:39:11
    RUNNABLE INVERT_LOGICAL at internal/domain/wager/types.go:39:30
    RUNNABLE CONDITIONALS_NEGATION at internal/domain/wager/types.go:39:58
    RUNNABLE CONDITIONALS_NEGATION at internal/domain/wager/types.go:39:35
    RUNNABLE INVERT_LOGICAL at internal/domain/wallet/wallet.go:35:48
    RUNNABLE INVERT_LOGICAL at internal/domain/wallet/wallet.go:35:76
    RUNNABLE INVERT_LOGICAL at internal/domain/wallet/wallet.go:35:18
    RUNNABLE INVERT_LOGICAL at internal/domain/wallet/wallet.go:35:30
    RUNNABLE CONDITIONALS_NEGATION at internal/domain/wallet/wallet.go:35:42
    RUNNABLE CONDITIONALS_NEGATION at internal/domain/wallet/wallet.go:35:24
    RUNNABLE INVERT_BITWISE at internal/domain/wallet/wallet.go:38:9
    RUNNABLE CONDITIONALS_NEGATION at internal/domain/wallet/wallet.go:35:70
    RUNNABLE INVERT_LOGICAL at internal/domain/wallet/wallet.go:43:125
    RUNNABLE INVERT_LOGICAL at internal/domain/wallet/wallet.go:43:151
    RUNNABLE INVERT_LOGICAL at internal/domain/wallet/wallet.go:43:95
    RUNNABLE INVERT_LOGICAL at internal/domain/wallet/wallet.go:43:75
    RUNNABLE INVERT_LOGICAL at internal/domain/wallet/wallet.go:43:61
    RUNNABLE INVERT_LOGICAL at internal/domain/wallet/wallet.go:43:26
    RUNNABLE CONDITIONALS_NEGATION at internal/domain/wallet/wallet.go:43:69
    RUNNABLE CONDITIONALS_NEGATION at internal/domain/wallet/wallet.go:43:119
    RUNNABLE CONDITIONALS_NEGATION at internal/domain/wallet/wallet.go:43:89
    RUNNABLE CONDITIONALS_NEGATION at internal/domain/wallet/wallet.go:43:164
    RUNNABLE CONDITIONALS_BOUNDARY at internal/domain/wallet/wallet.go:43:164
    RUNNABLE INVERT_BITWISE at internal/domain/wallet/wallet.go:46:9
    RUNNABLE INVERT_LOGICAL at internal/domain/wallet/wallet.go:59:45
    RUNNABLE INVERT_LOGICAL at internal/domain/wallet/wallet.go:59:14
    RUNNABLE INVERT_LOGICAL at internal/domain/wallet/wallet.go:59:28
    RUNNABLE CONDITIONALS_NEGATION at internal/domain/wallet/wallet.go:59:22
    RUNNABLE CONDITIONALS_NEGATION at internal/domain/wallet/wallet.go:59:7
    RUNNABLE CONDITIONALS_NEGATION at internal/domain/wallet/wallet.go:59:41
    RUNNABLE CONDITIONALS_BOUNDARY at internal/domain/wallet/wallet.go:59:41
    RUNNABLE CONDITIONALS_NEGATION at internal/domain/wallet/wallet.go:62:15
    RUNNABLE CONDITIONALS_NEGATION at internal/domain/wallet/wallet.go:59:69
    RUNNABLE CONDITIONALS_NEGATION at internal/domain/wallet/wallet.go:68:18
    RUNNABLE CONDITIONALS_NEGATION at internal/domain/wallet/wallet.go:65:18
    RUNNABLE INVERT_LOGICAL at internal/domain/wallet/wallet.go:82:18
    RUNNABLE CONDITIONALS_NEGATION at internal/domain/wallet/wallet.go:79:27
    RUNNABLE CONDITIONALS_NEGATION at internal/domain/wallet/wallet.go:88:20
    RUNNABLE CONDITIONALS_BOUNDARY at internal/domain/wallet/wallet.go:88:20
    RUNNABLE INVERT_LOGICAL at internal/domain/wallet/wallet.go:102:18
    RUNNABLE CONDITIONALS_NEGATION at internal/domain/wallet/wallet.go:106:40
    RUNNABLE CONDITIONALS_NEGATION at internal/domain/wallet/wallet.go:99:27
    RUNNABLE INCREMENT_DECREMENT at internal/domain/wallet/wallet.go:116:11
    RUNNABLE ARITHMETIC_BASE at internal/infra/auth/middleware.go:20:36
    RUNNABLE ARITHMETIC_BASE at internal/infra/auth/middleware.go:20:43
    RUNNABLE CONDITIONALS_NEGATION at internal/infra/auth/middleware.go:27:17
    RUNNABLE INVERT_LOGICAL at internal/infra/auth/middleware.go:27:10
    RUNNABLE INVERT_LOGICAL at internal/infra/auth/middleware.go:48:47
    RUNNABLE CONDITIONALS_NEGATION at internal/infra/auth/middleware.go:32:10
    RUNNABLE CONDITIONALS_NEGATION at internal/infra/auth/middleware.go:59:63
    RUNNABLE INVERT_LOGICAL at internal/infra/auth/middleware.go:59:47
    RUNNABLE INVERT_LOGICAL at internal/infra/auth/middleware.go:70:47
    RUNNABLE INVERT_LOGICAL at internal/infra/auth/middleware.go:70:70
    RUNNABLE CONDITIONALS_NEGATION at internal/infra/auth/middleware.go:70:64
    RUNNABLE INVERT_BITWISE at internal/infra/auth/verifier.go:45:11
    RUNNABLE INVERT_BITWISE at internal/infra/auth/verifier.go:44:7
    RUNNABLE CONDITIONALS_NEGATION at internal/infra/auth/verifier.go:48:10
    RUNNABLE ARITHMETIC_BASE at internal/infra/auth/verifier.go:45:35
    RUNNABLE CONDITIONALS_NEGATION at internal/infra/auth/verifier.go:64:37
    RUNNABLE CONDITIONALS_BOUNDARY at internal/infra/auth/verifier.go:64:37
    RUNNABLE ARITHMETIC_BASE at internal/infra/auth/verifier.go:70:43
    RUNNABLE INVERT_LOGICAL at internal/infra/auth/verifier.go:67:12
    RUNNABLE CONDITIONALS_NEGATION at internal/infra/auth/verifier.go:77:10
    RUNNABLE CONDITIONALS_NEGATION at internal/infra/auth/verifier.go:74:9
    RUNNABLE INVERT_BITWISE at internal/infra/auth/verifier.go:83:54
    RUNNABLE CONDITIONALS_NEGATION at internal/infra/auth/verifier.go:79:22
    RUNNABLE CONDITIONALS_NEGATION at internal/infra/auth/verifier.go:87:12
    RUNNABLE CONDITIONALS_NEGATION at internal/infra/auth/verifier.go:84:12
    RUNNABLE CONDITIONALS_NEGATION at internal/infra/auth/verifier.go:90:13
    RUNNABLE INVERT_LOGICAL at internal/infra/auth/verifier.go:90:20
    RUNNABLE CONDITIONALS_NEGATION at internal/infra/auth/verifier.go:97:9
    RUNNABLE CONDITIONALS_NEGATION at internal/infra/auth/verifier.go:90:33
    RUNNABLE CONDITIONALS_NEGATION at internal/infra/auth/verifier.go:112:27
    RUNNABLE CONDITIONALS_NEGATION at internal/infra/auth/verifier.go:104:9
    RUNNABLE CONDITIONALS_NEGATION at internal/infra/auth/verifier.go:116:16
    RUNNABLE INVERT_LOGICAL at internal/infra/auth/verifier.go:116:9
    RUNNABLE CONDITIONALS_NEGATION at internal/infra/auth/verifier.go:122:8
    RUNNABLE INVERT_LOGICAL at internal/infra/auth/verifier.go:122:15
    RUNNABLE CONDITIONALS_NEGATION at internal/infra/auth/verifier.go:122:39
    RUNNABLE CONDITIONALS_BOUNDARY at internal/infra/auth/verifier.go:122:39
    RUNNABLE INVERT_LOGICAL at internal/infra/auth/verifier.go:134:15
    RUNNABLE CONDITIONALS_NEGATION at internal/infra/auth/verifier.go:128:39
    RUNNABLE CONDITIONALS_BOUNDARY at internal/infra/auth/verifier.go:134:39
    RUNNABLE CONDITIONALS_NEGATION at internal/infra/auth/verifier.go:134:8
    RUNNABLE ARITHMETIC_BASE at internal/infra/auth/verifier.go:141:43
    RUNNABLE CONDITIONALS_NEGATION at internal/infra/auth/verifier.go:134:39
    RUNNABLE CONDITIONALS_NEGATION at internal/infra/auth/verifier.go:153:9
    RUNNABLE CONDITIONALS_NEGATION at internal/infra/auth/verifier.go:146:9
    RUNNABLE CONDITIONALS_NEGATION at internal/infra/auth/verifier.go:159:20
    RUNNABLE CONDITIONALS_NEGATION at internal/infra/config/config.go:37:28
    RUNNABLE CONDITIONALS_NEGATION at internal/infra/config/config.go:29:8
    RUNNABLE INVERT_LOGICAL at internal/infra/config/config.go:65:23
    RUNNABLE CONDITIONALS_NEGATION at internal/infra/config/config.go:46:9
    RUNNABLE CONDITIONALS_NEGATION at internal/infra/config/config.go:65:7
    RUNNABLE CONDITIONALS_BOUNDARY at internal/infra/config/config.go:65:7
    RUNNABLE ARITHMETIC_BASE at internal/infra/config/config.go:65:10
    RUNNABLE CONDITIONALS_BOUNDARY at internal/infra/config/config.go:65:28
    RUNNABLE ARITHMETIC_BASE at internal/infra/config/config.go:65:32
    RUNNABLE CONDITIONALS_NEGATION at internal/infra/config/config.go:65:28
    RUNNABLE CONDITIONALS_NEGATION at internal/infra/config/config.go:79:8
    RUNNABLE INVERT_BITWISE at internal/infra/postgres/inbox_outbox_repo.go:19:146
    RUNNABLE CONDITIONALS_NEGATION at internal/infra/postgres/inbox_outbox_repo.go:14:9
    RUNNABLE CONDITIONALS_NEGATION at internal/infra/postgres/inbox_outbox_repo.go:20:9
    RUNNABLE INVERT_BITWISE at internal/infra/postgres/inbox_outbox_repo.go:19:153
    RUNNABLE CONDITIONALS_NEGATION at internal/infra/postgres/inbox_outbox_repo.go:26:15
    RUNNABLE CONDITIONALS_NEGATION at internal/infra/postgres/inbox_outbox_repo.go:23:7
    RUNNABLE INVERT_BITWISE at internal/infra/postgres/inbox_outbox_repo.go:54:22
    RUNNABLE CONDITIONALS_NEGATION at internal/infra/postgres/inbox_outbox_repo.go:44:9
    RUNNABLE INVERT_BITWISE at internal/infra/postgres/inbox_outbox_repo.go:54:39
    RUNNABLE INVERT_BITWISE at internal/infra/postgres/inbox_outbox_repo.go:54:45
    RUNNABLE INVERT_BITWISE at internal/infra/postgres/inbox_outbox_repo.go:54:55
    RUNNABLE INVERT_BITWISE at internal/infra/postgres/inbox_outbox_repo.go:54:27
    RUNNABLE INVERT_BITWISE at internal/infra/postgres/inbox_outbox_repo.go:54:66
    RUNNABLE CONDITIONALS_NEGATION at internal/infra/postgres/inbox_outbox_repo.go:54:82
    RUNNABLE CONDITIONALS_NEGATION at internal/infra/postgres/inbox_outbox_repo.go:58:10
    RUNNABLE INVERT_BITWISE at internal/infra/postgres/inbox_outbox_repo.go:76:105
    RUNNABLE CONDITIONALS_BOUNDARY at internal/infra/postgres/ledger_repo.go:24:11
    RUNNABLE INVERT_LOGICAL at internal/infra/postgres/ledger_repo.go:24:15
    RUNNABLE CONDITIONALS_BOUNDARY at internal/infra/postgres/ledger_repo.go:24:24
    RUNNABLE CONDITIONALS_NEGATION at internal/infra/postgres/ledger_repo.go:24:11
    RUNNABLE CONDITIONALS_NEGATION at internal/infra/postgres/ledger_repo.go:27:12
    RUNNABLE CONDITIONALS_NEGATION at internal/infra/postgres/ledger_repo.go:24:24
    RUNNABLE INVERT_LOGICAL at internal/infra/postgres/ledger_repo.go:33:22
    RUNNABLE CONDITIONALS_NEGATION at internal/infra/postgres/ledger_repo.go:29:8
    RUNNABLE CONDITIONALS_NEGATION at internal/infra/postgres/ledger_repo.go:33:34
    RUNNABLE CONDITIONALS_NEGATION at internal/infra/postgres/ledger_repo.go:33:17
    RUNNABLE CONDITIONALS_NEGATION at internal/infra/postgres/ledger_repo.go:37:8
    RUNNABLE INVERT_LOGICAL at internal/infra/postgres/ledger_repo.go:37:15
    RUNNABLE CONDITIONALS_NEGATION at internal/infra/postgres/ledger_repo.go:37:22
    RUNNABLE CONDITIONALS_BOUNDARY at internal/infra/postgres/ledger_repo.go:37:22
    RUNNABLE CONDITIONALS_NEGATION at internal/infra/postgres/ledger_repo.go:42:9
    RUNNABLE ARITHMETIC_BASE at internal/infra/postgres/ledger_repo.go:41:250
    RUNNABLE INVERT_BITWISE at internal/infra/postgres/ledger_repo.go:52:22
    RUNNABLE INVERT_BITWISE at internal/infra/postgres/ledger_repo.go:52:27
    RUNNABLE INVERT_BITWISE at internal/infra/postgres/ledger_repo.go:52:32
    RUNNABLE INVERT_BITWISE at internal/infra/postgres/ledger_repo.go:52:38
    RUNNABLE INVERT_BITWISE at internal/infra/postgres/ledger_repo.go:52:47
    RUNNABLE INVERT_BITWISE at internal/infra/postgres/ledger_repo.go:52:53
    RUNNABLE INVERT_BITWISE at internal/infra/postgres/ledger_repo.go:52:62
    RUNNABLE INVERT_BITWISE at internal/infra/postgres/ledger_repo.go:52:70
    RUNNABLE INVERT_BITWISE at internal/infra/postgres/ledger_repo.go:52:75
    RUNNABLE CONDITIONALS_NEGATION at internal/infra/postgres/ledger_repo.go:52:84
    RUNNABLE CONDITIONALS_NEGATION at internal/infra/postgres/ledger_repo.go:55:23
    RUNNABLE ARITHMETIC_BASE at internal/infra/postgres/ledger_repo.go:56:73
    RUNNABLE ARITHMETIC_BASE at internal/infra/postgres/ledger_repo.go:56:67
    RUNNABLE CONDITIONALS_NEGATION at internal/infra/postgres/ledger_repo.go:62:8
    RUNNABLE CONDITIONALS_NEGATION at internal/infra/postgres/ledger_repo.go:66:8
    RUNNABLE CONDITIONALS_NEGATION at internal/infra/postgres/ledger_repo.go:74:8
    RUNNABLE CONDITIONALS_NEGATION at internal/infra/postgres/ledger_repo.go:70:8
    RUNNABLE INVERT_BITWISE at internal/infra/postgres/ledger_repo.go:86:288
    RUNNABLE INVERT_BITWISE at internal/infra/postgres/ledger_repo.go:86:282
    RUNNABLE CONDITIONALS_NEGATION at internal/infra/postgres/ledger_repo.go:87:9
    RUNNABLE INVERT_BITWISE at internal/infra/postgres/ledger_repo.go:86:296
    RUNNABLE CONDITIONALS_NEGATION at internal/infra/postgres/ledger_repo.go:91:9
    RUNNABLE CONDITIONALS_NEGATION at internal/infra/postgres/module.go:31:9
    RUNNABLE CONDITIONALS_NEGATION at internal/infra/postgres/module.go:25:9
    RUNNABLE INVERT_BITWISE at internal/infra/postgres/module.go:51:59
    RUNNABLE CONDITIONALS_NEGATION at internal/infra/postgres/module.go:37:11
    RUNNABLE ARITHMETIC_BASE at internal/infra/postgres/module.go:54:43
    RUNNABLE INVERT_BITWISE at internal/infra/postgres/transaction_repo.go:22:28
    RUNNABLE INVERT_BITWISE at internal/infra/postgres/transaction_repo.go:22:21
    RUNNABLE INVERT_BITWISE at internal/infra/postgres/transaction_repo.go:22:54
    RUNNABLE INVERT_BITWISE at internal/infra/postgres/transaction_repo.go:22:39
    RUNNABLE INVERT_BITWISE at internal/infra/postgres/transaction_repo.go:22:69
    RUNNABLE INVERT_BITWISE at internal/infra/postgres/transaction_repo.go:22:88
    RUNNABLE INVERT_BITWISE at internal/infra/postgres/transaction_repo.go:22:104
    RUNNABLE INVERT_BITWISE at internal/infra/postgres/transaction_repo.go:22:117
    RUNNABLE INVERT_BITWISE at internal/infra/postgres/transaction_repo.go:22:130
    RUNNABLE INVERT_BITWISE at internal/infra/postgres/transaction_repo.go:22:142
    RUNNABLE INVERT_BITWISE at internal/infra/postgres/transaction_repo.go:22:153
    RUNNABLE INVERT_BITWISE at internal/infra/postgres/transaction_repo.go:22:162
    RUNNABLE INVERT_BITWISE at internal/infra/postgres/transaction_repo.go:22:171
    RUNNABLE INVERT_BITWISE at internal/infra/postgres/transaction_repo.go:22:206
    RUNNABLE INVERT_BITWISE at internal/infra/postgres/transaction_repo.go:22:182
    RUNNABLE INVERT_BITWISE at internal/infra/postgres/transaction_repo.go:22:222
    RUNNABLE INVERT_BITWISE at internal/infra/postgres/transaction_repo.go:22:233
    RUNNABLE INVERT_BITWISE at internal/infra/postgres/transaction_repo.go:22:249
    RUNNABLE INVERT_BITWISE at internal/infra/postgres/transaction_repo.go:22:259
    RUNNABLE INVERT_BITWISE at internal/infra/postgres/transaction_repo.go:22:272
    RUNNABLE INVERT_BITWISE at internal/infra/postgres/transaction_repo.go:22:290
    RUNNABLE INVERT_BITWISE at internal/infra/postgres/transaction_repo.go:22:304
    RUNNABLE INVERT_BITWISE at internal/infra/postgres/transaction_repo.go:22:318
    RUNNABLE INVERT_BITWISE at internal/infra/postgres/transaction_repo.go:22:332
    RUNNABLE INVERT_BITWISE at internal/infra/postgres/transaction_repo.go:22:350
    RUNNABLE CONDITIONALS_NEGATION at internal/infra/postgres/transaction_repo.go:22:371
    RUNNABLE CONDITIONALS_NEGATION at internal/infra/postgres/transaction_repo.go:33:13
    RUNNABLE CONDITIONALS_NEGATION at internal/infra/postgres/transaction_repo.go:30:9
    RUNNABLE INVERT_BITWISE at internal/infra/postgres/transaction_repo.go:38:20
    RUNNABLE CONDITIONALS_NEGATION at internal/infra/postgres/transaction_repo.go:35:8
    RUNNABLE INVERT_BITWISE at internal/infra/postgres/transaction_repo.go:47:13
    RUNNABLE CONDITIONALS_NEGATION at internal/infra/postgres/transaction_repo.go:45:20
    RUNNABLE REMOVE_SELF_ASSIGNMENTS at internal/infra/postgres/transaction_repo.go:51:7
    RUNNABLE INVERT_ASSIGNMENTS at internal/infra/postgres/transaction_repo.go:51:7
    RUNNABLE ARITHMETIC_BASE at internal/infra/postgres/transaction_repo.go:64:50
    RUNNABLE CONDITIONALS_NEGATION at internal/infra/postgres/transaction_repo.go:54:28
    RUNNABLE ARITHMETIC_BASE at internal/infra/postgres/transaction_repo.go:67:50
    RUNNABLE ARITHMETIC_BASE at internal/infra/postgres/transaction_repo.go:64:43
    RUNNABLE ARITHMETIC_BASE at internal/infra/postgres/transaction_repo.go:70:50
    RUNNABLE ARITHMETIC_BASE at internal/infra/postgres/transaction_repo.go:67:43
    RUNNABLE CONDITIONALS_NEGATION at internal/infra/postgres/transaction_repo.go:75:20
    RUNNABLE ARITHMETIC_BASE at internal/infra/postgres/transaction_repo.go:70:43
    RUNNABLE INVERT_LOGICAL at internal/infra/postgres/transaction_repo.go:80:16
    RUNNABLE INVERT_BITWISE at internal/infra/postgres/transaction_repo.go:77:7
    RUNNABLE CONDITIONALS_NEGATION at internal/infra/postgres/transaction_repo.go:80:38
    RUNNABLE CONDITIONALS_NEGATION at internal/infra/postgres/transaction_repo.go:80:9
    RUNNABLE ARITHMETIC_BASE at internal/infra/postgres/transaction_repo.go:86:39
    RUNNABLE ARITHMETIC_BASE at internal/infra/postgres/transaction_repo.go:86:46
    RUNNABLE CONDITIONALS_NEGATION at internal/infra/postgres/transaction_repo.go:94:8
    RUNNABLE CONDITIONALS_NEGATION at internal/infra/postgres/transaction_repo.go:87:9
    RUNNABLE INVERT_BITWISE at internal/infra/postgres/transaction_repo.go:103:178
    RUNNABLE INVERT_BITWISE at internal/infra/postgres/uow.go:31:61
    RUNNABLE ARITHMETIC_BASE at internal/infra/postgres/uow.go:47:59
    RUNNABLE CONDITIONALS_NEGATION at internal/infra/postgres/uow.go:43:9
    RUNNABLE CONDITIONALS_NEGATION at internal/infra/postgres/uow.go:51:39
    RUNNABLE CONDITIONALS_NEGATION at internal/infra/postgres/uow.go:54:31
    RUNNABLE INVERT_LOGICAL at internal/infra/postgres/uow.go:63:134
    RUNNABLE INVERT_LOGICAL at internal/infra/postgres/uow.go:63:90
    RUNNABLE INVERT_LOGICAL at internal/infra/postgres/uow.go:63:67
    RUNNABLE INVERT_LOGICAL at internal/infra/postgres/uow.go:63:28
    RUNNABLE INVERT_BITWISE at internal/infra/postgres/uow.go:63:85
    RUNNABLE INVERT_BITWISE at internal/infra/postgres/uow.go:67:16
    RUNNABLE INVERT_LOGICAL at internal/infra/postgres/uow.go:68:69
    RUNNABLE INVERT_LOGICAL at internal/infra/postgres/uow.go:68:47
    RUNNABLE INVERT_LOGICAL at internal/infra/postgres/uow.go:68:25
    RUNNABLE CONDITIONALS_NEGATION at internal/infra/postgres/uow.go:68:14
    RUNNABLE CONDITIONALS_NEGATION at internal/infra/postgres/uow.go:68:36
    RUNNABLE CONDITIONALS_NEGATION at internal/infra/postgres/uow.go:68:58
    RUNNABLE CONDITIONALS_NEGATION at internal/infra/postgres/uow.go:71:14
    RUNNABLE CONDITIONALS_NEGATION at internal/infra/postgres/uow.go:68:80
    RUNNABLE INVERT_LOGICAL at internal/infra/postgres/uow.go:74:47
    RUNNABLE INVERT_LOGICAL at internal/infra/postgres/uow.go:74:25
    RUNNABLE CONDITIONALS_NEGATION at internal/infra/postgres/uow.go:74:14
    RUNNABLE CONDITIONALS_NEGATION at internal/infra/postgres/uow.go:74:58
    RUNNABLE CONDITIONALS_NEGATION at internal/infra/postgres/uow.go:74:36
    RUNNABLE INVERT_LOGICAL at internal/infra/postgres/uow.go:77:47
    RUNNABLE INVERT_LOGICAL at internal/infra/postgres/uow.go:77:69
    RUNNABLE CONDITIONALS_NEGATION at internal/infra/postgres/uow.go:77:14
    RUNNABLE INVERT_LOGICAL at internal/infra/postgres/uow.go:77:25
    RUNNABLE CONDITIONALS_NEGATION at internal/infra/postgres/uow.go:77:58
    RUNNABLE CONDITIONALS_NEGATION at internal/infra/postgres/uow.go:77:36
    RUNNABLE CONDITIONALS_BOUNDARY at internal/infra/postgres/uow.go:77:86
    RUNNABLE INVERT_LOGICAL at internal/infra/postgres/uow.go:77:91
    RUNNABLE CONDITIONALS_NEGATION at internal/infra/postgres/uow.go:77:106
    RUNNABLE CONDITIONALS_NEGATION at internal/infra/postgres/uow.go:77:86
    RUNNABLE INVERT_BITWISE at internal/infra/postgres/wallet_repo.go:29:20
    RUNNABLE INVERT_LOGICAL at internal/infra/postgres/wallet_repo.go:29:25
    RUNNABLE ARITHMETIC_BASE at internal/infra/postgres/wallet_repo.go:36:58
    RUNNABLE CONDITIONALS_NEGATION at internal/infra/postgres/wallet_repo.go:29:36
    RUNNABLE ARITHMETIC_BASE at internal/infra/postgres/wallet_repo.go:41:58
    RUNNABLE ARITHMETIC_BASE at internal/infra/postgres/wallet_repo.go:36:47
    RUNNABLE CONDITIONALS_NEGATION at internal/infra/postgres/wallet_repo.go:49:9
    RUNNABLE ARITHMETIC_BASE at internal/infra/postgres/wallet_repo.go:41:47
    RUNNABLE CONDITIONALS_NEGATION at internal/infra/postgres/wallet_repo.go:52:24
    RUNNABLE INVERT_BITWISE at internal/infra/postgres/wallet_repo.go:64:21
    RUNNABLE INVERT_BITWISE at internal/infra/postgres/wallet_repo.go:64:26
    RUNNABLE INVERT_BITWISE at internal/infra/postgres/wallet_repo.go:64:35
    RUNNABLE INVERT_BITWISE at internal/infra/postgres/wallet_repo.go:64:41
    RUNNABLE INVERT_BITWISE at internal/infra/postgres/wallet_repo.go:64:49
    RUNNABLE INVERT_BITWISE at internal/infra/postgres/wallet_repo.go:64:55
    RUNNABLE INVERT_BITWISE at internal/infra/postgres/wallet_repo.go:64:65
    RUNNABLE CONDITIONALS_NEGATION at internal/infra/postgres/wallet_repo.go:64:76
    RUNNABLE CONDITIONALS_NEGATION at internal/infra/postgres/wallet_repo.go:71:9
    RUNNABLE CONDITIONALS_NEGATION at internal/infra/sqs/client.go:20:25
    RUNNABLE CONDITIONALS_NEGATION at internal/infra/sqs/client.go:16:9
    RUNNABLE ARITHMETIC_BASE at internal/infra/sqs/client.go:36:43
    RUNNABLE INVERT_BITWISE at internal/infra/sqs/client.go:38:45
    RUNNABLE INVERT_BITWISE at internal/infra/sqs/client.go:38:87
    RUNNABLE INVERT_BITWISE at internal/infra/sqs/client.go:32:9
    RUNNABLE ARITHMETIC_BASE at internal/infra/sqs/consumer.go:37:117
    RUNNABLE INVERT_BITWISE at internal/infra/sqs/consumer.go:37:9
    RUNNABLE ARITHMETIC_BASE at internal/infra/sqs/consumer.go:45:110
    RUNNABLE CONDITIONALS_NEGATION at internal/infra/sqs/consumer.go:42:16
    RUNNABLE INVERT_BITWISE at internal/infra/sqs/consumer.go:46:51
    RUNNABLE ARITHMETIC_BASE at internal/infra/sqs/consumer.go:45:107
    RUNNABLE CONDITIONALS_NEGATION at internal/infra/sqs/consumer.go:53:10
    RUNNABLE INVERT_BITWISE at internal/infra/sqs/consumer.go:47:33
    RUNNABLE ARITHMETIC_BASE at internal/infra/sqs/consumer.go:59:29
    RUNNABLE CONDITIONALS_NEGATION at internal/infra/sqs/consumer.go:54:17
    RUNNABLE INVERT_BITWISE at internal/infra/sqs/consumer.go:83:51
    RUNNABLE INVERT_LOOPCTRL at internal/infra/sqs/consumer.go:65:4
    RUNNABLE CONDITIONALS_NEGATION at internal/infra/sqs/consumer.go:91:15
    RUNNABLE INVERT_BITWISE at internal/infra/sqs/consumer.go:86:6
    RUNNABLE INVERT_LOGICAL at internal/infra/sqs/consumer.go:101:144
    RUNNABLE CONDITIONALS_NEGATION at internal/infra/sqs/consumer.go:96:9
    RUNNABLE INVERT_LOGICAL at internal/infra/sqs/consumer.go:101:53
    RUNNABLE INVERT_LOGICAL at internal/infra/sqs/consumer.go:101:95
    RUNNABLE CONDITIONALS_NEGATION at internal/infra/sqs/consumer.go:104:8
    RUNNABLE CONDITIONALS_BOUNDARY at internal/infra/sqs/consumer.go:104:8
    RUNNABLE INVERT_BITWISE at internal/infra/sqs/consumer.go:118:41
    RUNNABLE CONDITIONALS_NEGATION at internal/infra/sqs/consumer.go:110:16
    RUNNABLE ARITHMETIC_BASE at internal/infra/sqs/consumer.go:123:66
    RUNNABLE INVERT_BITWISE at internal/infra/sqs/consumer.go:125:43
    RUNNABLE INVERT_BITWISE at internal/infra/sqs/consumer.go:125:80
    RUNNABLE CONDITIONALS_NEGATION at internal/infra/sqs/consumer.go:125:131
    RUNNABLE ARITHMETIC_BASE at internal/infra/sqs/consumer.go:131:66
    RUNNABLE INVERT_BITWISE at internal/infra/sqs/consumer.go:133:50
    RUNNABLE CONDITIONALS_NEGATION at internal/infra/sqs/consumer.go:135:9
    RUNNABLE INVERT_BITWISE at internal/infra/sqs/consumer.go:134:13
    RUNNABLE INVERT_BITWISE at internal/infra/sqs/module.go:31:86
    RUNNABLE INVERT_BITWISE at internal/infra/sqs/module.go:31:44
    RUNNABLE CONDITIONALS_NEGATION at internal/infra/sqs/module.go:40:21
    RUNNABLE CONDITIONALS_NEGATION at internal/infra/sqs/module.go:31:98
    RUNNABLE INVERT_BITWISE at internal/infra/sqs/module.go:50:42
    RUNNABLE ARITHMETIC_BASE at internal/infra/sqs/module.go:41:60
    RUNNABLE CONDITIONALS_NEGATION at internal/infra/sqs/module.go:51:9
    RUNNABLE INVERT_BITWISE at internal/infra/sqs/module.go:50:84
    RUNNABLE CONDITIONALS_NEGATION at internal/infra/sqs/module.go:59:9
    RUNNABLE CONDITIONALS_NEGATION at internal/infra/sqs/module.go:55:9
    RUNNABLE ARITHMETIC_BASE at internal/infra/sqs/module.go:68:82
    RUNNABLE INVERT_NEGATIVES at internal/infra/sqs/module.go:68:82
    RUNNABLE ARITHMETIC_BASE at internal/infra/sqs/module.go:68:69
    RUNNABLE INVERT_NEGATIVES at internal/infra/sqs/module.go:69:64
    RUNNABLE ARITHMETIC_BASE at internal/infra/sqs/module.go:69:64
    RUNNABLE ARITHMETIC_BASE at internal/infra/sqs/module.go:69:31
    RUNNABLE ARITHMETIC_BASE at internal/infra/sqs/module.go:69:66
    RUNNABLE INVERT_BITWISE at internal/infra/sqs/publisher.go:27:38
    RUNNABLE INVERT_BITWISE at internal/infra/sqs/publisher.go:23:9
    RUNNABLE INVERT_BITWISE at internal/infra/sqs/publisher.go:28:27
    RUNNABLE CONDITIONALS_NEGATION at internal/platform/failpoint/hit.go:16:9
    RUNNABLE CONDITIONALS_NEGATION at internal/platform/failpoint/hit.go:12:28
    RUNNABLE INVERT_BITWISE at internal/platform/failpoint/hit.go:19:60
    RUNNABLE INVERT_BITWISE at internal/platform/failpoint/hit.go:19:70
    RUNNABLE CONDITIONALS_NEGATION at internal/platform/failpoint/hit.go:20:7
    RUNNABLE INVERT_BITWISE at internal/platform/logging/logging.go:13:52
    RUNNABLE INVERT_BITWISE at internal/platform/metrics/metrics.go:24:7
    RUNNABLE CONDITIONALS_NEGATION at internal/platform/sys/sys.go:20:9
    RUNNABLE INVERT_BITWISE at internal/platform/worker/worker.go:32:9
    RUNNABLE CONDITIONALS_NEGATION at internal/platform/worker/worker.go:53:18
    RUNNABLE CONDITIONALS_NEGATION at internal/platform/worker/worker.go:54:13
    RUNNABLE ARITHMETIC_BASE at internal/platform/worker/worker.go:110:48
    RUNNABLE CONDITIONALS_NEGATION at internal/platform/worker/worker.go:106:18
    RUNNABLE CONDITIONALS_NEGATION at internal/platform/worker/worker.go:113:12
    RUNNABLE INVERT_LOGICAL at internal/platform/worker/worker.go:113:19
    RUNNABLE CONDITIONALS_NEGATION at internal/platform/worker/worker.go:113:28
    RUNNABLE INVERT_BITWISE at internal/transport/httpapi/dto.go:25:9
    RUNNABLE CONDITIONALS_NEGATION at internal/transport/httpapi/dto.go:21:7
    RUNNABLE CONDITIONALS_NEGATION at internal/transport/httpapi/dto.go:30:9
    RUNNABLE ARITHMETIC_BASE at internal/transport/httpapi/handlers.go:34:53
    RUNNABLE CONDITIONALS_NEGATION at internal/transport/httpapi/handlers.go:30:9
    RUNNABLE INVERT_BITWISE at internal/transport/httpapi/handlers.go:43:23
    RUNNABLE INVERT_BITWISE at internal/transport/httpapi/handlers.go:41:57
    RUNNABLE INVERT_LOGICAL at internal/transport/httpapi/handlers.go:48:20
    RUNNABLE CONDITIONALS_NEGATION at internal/transport/httpapi/handlers.go:43:35
    RUNNABLE CONDITIONALS_NEGATION at internal/transport/httpapi/handlers.go:48:31
    RUNNABLE CONDITIONALS_NEGATION at internal/transport/httpapi/handlers.go:48:15
    RUNNABLE CONDITIONALS_NEGATION at internal/transport/httpapi/handlers.go:57:34
    RUNNABLE CONDITIONALS_NEGATION at internal/transport/httpapi/handlers.go:51:26
    RUNNABLE INVERT_BITWISE at internal/transport/httpapi/handlers.go:65:25
    RUNNABLE CONDITIONALS_NEGATION at internal/transport/httpapi/handlers.go:65:36
    RUNNABLE CONDITIONALS_NEGATION at internal/transport/httpapi/handlers.go:70:9
    RUNNABLE CONDITIONALS_NEGATION at internal/transport/httpapi/handlers.go:75:9
    RUNNABLE CONDITIONALS_NEGATION at internal/transport/httpapi/handlers.go:84:9
    RUNNABLE CONDITIONALS_NEGATION at internal/transport/httpapi/handlers.go:93:40
    RUNNABLE INVERT_LOGICAL at internal/transport/httpapi/handlers.go:95:26
    RUNNABLE INVERT_LOGICAL at internal/transport/httpapi/handlers.go:95:17
    RUNNABLE CONDITIONALS_BOUNDARY at internal/transport/httpapi/handlers.go:95:22
    RUNNABLE CONDITIONALS_NEGATION at internal/transport/httpapi/handlers.go:95:10
    RUNNABLE CONDITIONALS_BOUNDARY at internal/transport/httpapi/handlers.go:95:31
    RUNNABLE CONDITIONALS_NEGATION at internal/transport/httpapi/handlers.go:95:22
    RUNNABLE CONDITIONALS_NEGATION at internal/transport/httpapi/handlers.go:102:9
    RUNNABLE CONDITIONALS_NEGATION at internal/transport/httpapi/handlers.go:95:31
    RUNNABLE CONDITIONALS_NEGATION at internal/transport/httpapi/handlers.go:126:9
    RUNNABLE CONDITIONALS_NEGATION at internal/transport/httpapi/handlers.go:116:9
    RUNNABLE CONDITIONALS_NEGATION at internal/transport/httpapi/handlers.go:131:36
    RUNNABLE INVERT_BITWISE at internal/transport/httpapi/handlers.go:131:25
    RUNNABLE ARITHMETIC_BASE at internal/transport/httpapi/handlers.go:156:55
    RUNNABLE CONDITIONALS_NEGATION at internal/transport/httpapi/handlers.go:144:9
    RUNNABLE CONDITIONALS_NEGATION at internal/transport/httpapi/handlers.go:182:9
    RUNNABLE CONDITIONALS_NEGATION at internal/transport/httpapi/handlers.go:173:9
    RUNNABLE ARITHMETIC_BASE at internal/transport/httpapi/module.go:37:20
    RUNNABLE INVERT_NEGATIVES at internal/transport/httpapi/module.go:37:20
    RUNNABLE CONDITIONALS_NEGATION at internal/transport/httpapi/module.go:37:27
    RUNNABLE CONDITIONALS_BOUNDARY at internal/transport/httpapi/module.go:37:27
    RUNNABLE ARITHMETIC_BASE at internal/transport/httpapi/module.go:51:53
    RUNNABLE INCREMENT_DECREMENT at internal/transport/httpapi/module.go:37:34
    RUNNABLE INVERT_BITWISE at internal/transport/httpapi/module.go:81:9
    RUNNABLE CONDITIONALS_NEGATION at internal/transport/httpapi/module.go:54:11
    RUNNABLE ARITHMETIC_BASE at internal/transport/httpapi/module.go:81:155
    RUNNABLE ARITHMETIC_BASE at internal/transport/httpapi/module.go:81:218
    RUNNABLE ARITHMETIC_BASE at internal/transport/httpapi/module.go:81:186
    RUNNABLE ARITHMETIC_BASE at internal/transport/httpapi/module.go:81:249
    RUNNABLE CONDITIONALS_NEGATION at internal/transport/httpapi/module.go:99:11
    RUNNABLE CONDITIONALS_NEGATION at internal/transport/httpapi/module.go:107:16
    RUNNABLE CONDITIONALS_NEGATION at internal/transport/httpapi/module.go:118:9

Dry run completed in 562 milliseconds 997 microseconds
Runnable: 920, Not covered: 0
Mutator coverage: 100.00%
