ok  	github.com/alexandre/wagering/cmd/wagering	1.920s	coverage: 66.7% of statements
	github.com/alexandre/wagering/internal/app/apperr		coverage: 0.0% of statements
?   	github.com/alexandre/wagering/internal/app/port	[no test files]
ok  	github.com/alexandre/wagering/internal/app/usecase	9.368s	coverage: 100.0% of statements
ok  	github.com/alexandre/wagering/internal/domain/event	3.705s	coverage: 98.8% of statements
ok  	github.com/alexandre/wagering/internal/domain/money	2.843s	coverage: 96.2% of statements
ok  	github.com/alexandre/wagering/internal/domain/wager	4.340s	coverage: 97.5% of statements
ok  	github.com/alexandre/wagering/internal/domain/wallet	3.112s	coverage: 95.7% of statements
ok  	github.com/alexandre/wagering/internal/infra/auth	5.343s	coverage: 100.0% of statements
ok  	github.com/alexandre/wagering/internal/infra/config	4.604s	coverage: 100.0% of statements
	github.com/alexandre/wagering/internal/infra/outbox		coverage: 0.0% of statements
ok  	github.com/alexandre/wagering/internal/infra/postgres	3.444s	coverage: 98.3% of statements
	github.com/alexandre/wagering/internal/infra/reference		coverage: 0.0% of statements
ok  	github.com/alexandre/wagering/internal/infra/sqs	5.096s	coverage: 96.7% of statements
ok  	github.com/alexandre/wagering/internal/platform/failpoint	4.926s	coverage: 100.0% of statements
ok  	github.com/alexandre/wagering/internal/platform/logging	4.953s	coverage: 100.0% of statements
ok  	github.com/alexandre/wagering/internal/platform/metrics	5.035s	coverage: 91.7% of statements
ok  	github.com/alexandre/wagering/internal/platform/sys	4.970s	coverage: 71.4% of statements
ok  	github.com/alexandre/wagering/internal/platform/worker	5.006s	coverage: 94.7% of statements
ok  	github.com/alexandre/wagering/internal/transport/httpapi	4.715s	coverage: 56.8% of statements
