Starting...
Gathering coverage... done in 6.4204765s
      KILLED CONDITIONALS_NEGATION at inbox_outbox_repo.go:14:9
      KILLED INVERT_BITWISE at inbox_outbox_repo.go:19:146
      KILLED INVERT_BITWISE at inbox_outbox_repo.go:19:153
      KILLED CONDITIONALS_NEGATION at inbox_outbox_repo.go:20:9
      KILLED CONDITIONALS_NEGATION at inbox_outbox_repo.go:23:7
      KILLED CONDITIONALS_NEGATION at inbox_outbox_repo.go:26:15
      KILLED CONDITIONALS_NEGATION at inbox_outbox_repo.go:44:9
      KILLED INVERT_BITWISE at inbox_outbox_repo.go:54:22
      KILLED INVERT_BITWISE at inbox_outbox_repo.go:54:27
      KILLED INVERT_BITWISE at inbox_outbox_repo.go:54:39
      KILLED INVERT_BITWISE at inbox_outbox_repo.go:54:45
      KILLED INVERT_BITWISE at inbox_outbox_repo.go:54:55
      KILLED INVERT_BITWISE at inbox_outbox_repo.go:54:66
      KILLED CONDITIONALS_NEGATION at inbox_outbox_repo.go:54:82
      KILLED CONDITIONALS_NEGATION at inbox_outbox_repo.go:58:10
      KILLED INVERT_BITWISE at inbox_outbox_repo.go:76:105
      KILLED INVERT_LOGICAL at ledger_repo.go:24:15
      KILLED CONDITIONALS_BOUNDARY at ledger_repo.go:24:11
      KILLED CONDITIONALS_NEGATION at ledger_repo.go:24:11
      KILLED CONDITIONALS_BOUNDARY at ledger_repo.go:24:24
      KILLED CONDITIONALS_NEGATION at ledger_repo.go:24:24
      KILLED CONDITIONALS_NEGATION at ledger_repo.go:27:12
      KILLED CONDITIONALS_NEGATION at ledger_repo.go:29:8
      KILLED INVERT_LOGICAL at ledger_repo.go:33:22
      KILLED CONDITIONALS_NEGATION at ledger_repo.go:33:17
      KILLED CONDITIONALS_NEGATION at ledger_repo.go:33:34
      KILLED INVERT_LOGICAL at ledger_repo.go:37:15
      KILLED CONDITIONALS_NEGATION at ledger_repo.go:37:8
      KILLED CONDITIONALS_BOUNDARY at ledger_repo.go:37:22
      KILLED CONDITIONALS_NEGATION at ledger_repo.go:37:22
      KILLED ARITHMETIC_BASE at ledger_repo.go:41:250
      KILLED CONDITIONALS_NEGATION at ledger_repo.go:42:9
      KILLED INVERT_BITWISE at ledger_repo.go:52:22
      KILLED INVERT_BITWISE at ledger_repo.go:52:27
      KILLED INVERT_BITWISE at ledger_repo.go:52:32
      KILLED INVERT_BITWISE at ledger_repo.go:52:38
      KILLED INVERT_BITWISE at ledger_repo.go:52:47
      KILLED INVERT_BITWISE at ledger_repo.go:52:53
      KILLED INVERT_BITWISE at ledger_repo.go:52:62
      KILLED INVERT_BITWISE at ledger_repo.go:52:70
      KILLED INVERT_BITWISE at ledger_repo.go:52:75
      KILLED CONDITIONALS_NEGATION at ledger_repo.go:52:84
      KILLED CONDITIONALS_NEGATION at ledger_repo.go:55:23
      KILLED ARITHMETIC_BASE at ledger_repo.go:56:73
      KILLED ARITHMETIC_BASE at ledger_repo.go:56:67
      KILLED CONDITIONALS_NEGATION at ledger_repo.go:62:8
      KILLED CONDITIONALS_NEGATION at ledger_repo.go:66:8
      KILLED CONDITIONALS_NEGATION at ledger_repo.go:70:8
      KILLED CONDITIONALS_NEGATION at ledger_repo.go:74:8
      KILLED INVERT_BITWISE at ledger_repo.go:86:282
      KILLED INVERT_BITWISE at ledger_repo.go:86:288
      KILLED INVERT_BITWISE at ledger_repo.go:86:296
      KILLED CONDITIONALS_NEGATION at ledger_repo.go:87:9
      KILLED CONDITIONALS_NEGATION at ledger_repo.go:91:9
      KILLED CONDITIONALS_NEGATION at module.go:25:9
      KILLED CONDITIONALS_NEGATION at module.go:31:9
      KILLED CONDITIONALS_NEGATION at module.go:37:11
      KILLED INVERT_BITWISE at module.go:51:59
      KILLED ARITHMETIC_BASE at module.go:54:43
      KILLED INVERT_BITWISE at transaction_repo.go:22:21
      KILLED INVERT_BITWISE at transaction_repo.go:22:28
      KILLED INVERT_BITWISE at transaction_repo.go:22:39
      KILLED INVERT_BITWISE at transaction_repo.go:22:54
      KILLED INVERT_BITWISE at transaction_repo.go:22:69
      KILLED INVERT_BITWISE at transaction_repo.go:22:88
      KILLED INVERT_BITWISE at transaction_repo.go:22:104
      KILLED INVERT_BITWISE at transaction_repo.go:22:117
      KILLED INVERT_BITWISE at transaction_repo.go:22:130
      KILLED INVERT_BITWISE at transaction_repo.go:22:142
      KILLED INVERT_BITWISE at transaction_repo.go:22:153
      KILLED INVERT_BITWISE at transaction_repo.go:22:162
      KILLED INVERT_BITWISE at transaction_repo.go:22:171
      KILLED INVERT_BITWISE at transaction_repo.go:22:182
      KILLED INVERT_BITWISE at transaction_repo.go:22:206
      KILLED INVERT_BITWISE at transaction_repo.go:22:222
      KILLED INVERT_BITWISE at transaction_repo.go:22:233
      KILLED INVERT_BITWISE at transaction_repo.go:22:249
      KILLED INVERT_BITWISE at transaction_repo.go:22:259
      KILLED INVERT_BITWISE at transaction_repo.go:22:272
      KILLED INVERT_BITWISE at transaction_repo.go:22:290
      KILLED INVERT_BITWISE at transaction_repo.go:22:304
      KILLED INVERT_BITWISE at transaction_repo.go:22:318
      KILLED INVERT_BITWISE at transaction_repo.go:22:332
      KILLED INVERT_BITWISE at transaction_repo.go:22:350
      KILLED CONDITIONALS_NEGATION at transaction_repo.go:22:371
      KILLED CONDITIONALS_NEGATION at transaction_repo.go:30:9
      KILLED CONDITIONALS_NEGATION at transaction_repo.go:33:13
      KILLED CONDITIONALS_NEGATION at transaction_repo.go:35:8
      KILLED INVERT_BITWISE at transaction_repo.go:38:20
      KILLED CONDITIONALS_NEGATION at transaction_repo.go:45:20
      KILLED INVERT_BITWISE at transaction_repo.go:47:13
      KILLED INVERT_ASSIGNMENTS at transaction_repo.go:51:7
      KILLED REMOVE_SELF_ASSIGNMENTS at transaction_repo.go:51:7
      KILLED CONDITIONALS_NEGATION at transaction_repo.go:54:28
      KILLED ARITHMETIC_BASE at transaction_repo.go:64:50
      KILLED ARITHMETIC_BASE at transaction_repo.go:64:43
      KILLED ARITHMETIC_BASE at transaction_repo.go:67:50
      KILLED ARITHMETIC_BASE at transaction_repo.go:67:43
      KILLED ARITHMETIC_BASE at transaction_repo.go:70:50
      KILLED ARITHMETIC_BASE at transaction_repo.go:70:43
      KILLED CONDITIONALS_NEGATION at transaction_repo.go:75:20
      KILLED INVERT_BITWISE at transaction_repo.go:77:7
      KILLED INVERT_LOGICAL at transaction_repo.go:80:16
      KILLED CONDITIONALS_NEGATION at transaction_repo.go:80:9
      KILLED CONDITIONALS_NEGATION at transaction_repo.go:80:38
      KILLED ARITHMETIC_BASE at transaction_repo.go:86:46
      KILLED ARITHMETIC_BASE at transaction_repo.go:86:39
      KILLED CONDITIONALS_NEGATION at transaction_repo.go:87:9
      KILLED CONDITIONALS_NEGATION at transaction_repo.go:94:8
      KILLED INVERT_BITWISE at transaction_repo.go:103:178
      KILLED INVERT_BITWISE at uow.go:31:61
      KILLED CONDITIONALS_NEGATION at uow.go:43:9
      KILLED ARITHMETIC_BASE at uow.go:47:59
      KILLED CONDITIONALS_NEGATION at uow.go:51:39
      KILLED CONDITIONALS_NEGATION at uow.go:54:31
      KILLED INVERT_LOGICAL at uow.go:63:134
      KILLED INVERT_LOGICAL at uow.go:63:90
      KILLED INVERT_LOGICAL at uow.go:63:67
      KILLED INVERT_LOGICAL at uow.go:63:28
      KILLED INVERT_BITWISE at uow.go:63:85
      KILLED INVERT_BITWISE at uow.go:67:16
      KILLED INVERT_LOGICAL at uow.go:68:69
      KILLED INVERT_LOGICAL at uow.go:68:47
      KILLED INVERT_LOGICAL at uow.go:68:25
      KILLED CONDITIONALS_NEGATION at uow.go:68:14
      KILLED CONDITIONALS_NEGATION at uow.go:68:36
      KILLED CONDITIONALS_NEGATION at uow.go:68:58
      KILLED CONDITIONALS_NEGATION at uow.go:68:80
      KILLED CONDITIONALS_NEGATION at uow.go:71:14
      KILLED INVERT_LOGICAL at uow.go:74:47
      KILLED INVERT_LOGICAL at uow.go:74:25
      KILLED CONDITIONALS_NEGATION at uow.go:74:14
      KILLED CONDITIONALS_NEGATION at uow.go:74:36
      KILLED CONDITIONALS_NEGATION at uow.go:74:58
      KILLED INVERT_LOGICAL at uow.go:77:69
      KILLED INVERT_LOGICAL at uow.go:77:47
      KILLED INVERT_LOGICAL at uow.go:77:25
      KILLED CONDITIONALS_NEGATION at uow.go:77:14
      KILLED CONDITIONALS_NEGATION at uow.go:77:36
      KILLED CONDITIONALS_NEGATION at uow.go:77:58
      KILLED INVERT_LOGICAL at uow.go:77:91
      KILLED CONDITIONALS_BOUNDARY at uow.go:77:86
      KILLED CONDITIONALS_NEGATION at uow.go:77:86
      KILLED CONDITIONALS_NEGATION at uow.go:77:106
      KILLED INVERT_LOGICAL at wallet_repo.go:29:25
      KILLED INVERT_BITWISE at wallet_repo.go:29:20
      KILLED CONDITIONALS_NEGATION at wallet_repo.go:29:36
      KILLED ARITHMETIC_BASE at wallet_repo.go:36:58
      KILLED ARITHMETIC_BASE at wallet_repo.go:36:47
      KILLED ARITHMETIC_BASE at wallet_repo.go:41:58
      KILLED ARITHMETIC_BASE at wallet_repo.go:41:47
      KILLED CONDITIONALS_NEGATION at wallet_repo.go:49:9
      KILLED CONDITIONALS_NEGATION at wallet_repo.go:52:24
      KILLED INVERT_BITWISE at wallet_repo.go:64:21
      KILLED INVERT_BITWISE at wallet_repo.go:64:26
      KILLED INVERT_BITWISE at wallet_repo.go:64:35
      KILLED INVERT_BITWISE at wallet_repo.go:64:41
      KILLED INVERT_BITWISE at wallet_repo.go:64:49
      KILLED INVERT_BITWISE at wallet_repo.go:64:55
      KILLED INVERT_BITWISE at wallet_repo.go:64:65
      KILLED CONDITIONALS_NEGATION at wallet_repo.go:64:76
      KILLED CONDITIONALS_NEGATION at wallet_repo.go:71:9

Mutation testing completed in 3 minutes 50 seconds
Killed: 162, Lived: 0, Not covered: 0
Timed out: 0, Not viable: 0, Skipped: 0
Test efficacy: 100.00%
Mutator coverage: 100.00%
