Starting...
Gathering coverage... done in 6.084353625s
      KILLED CONDITIONALS_NEGATION at client.go:16:9
      KILLED CONDITIONALS_NEGATION at client.go:20:25
      KILLED INVERT_BITWISE at client.go:32:9
      KILLED ARITHMETIC_BASE at client.go:36:43
      KILLED INVERT_BITWISE at client.go:38:45
      KILLED INVERT_BITWISE at client.go:38:87
      KILLED INVERT_BITWISE at consumer.go:37:9
      KILLED ARITHMETIC_BASE at consumer.go:37:117
      KILLED CONDITIONALS_NEGATION at consumer.go:42:16
      KILLED ARITHMETIC_BASE at consumer.go:45:110
      KILLED ARITHMETIC_BASE at consumer.go:45:107
      KILLED INVERT_BITWISE at consumer.go:46:51
      KILLED INVERT_BITWISE at consumer.go:47:33
      KILLED CONDITIONALS_NEGATION at consumer.go:53:10
      KILLED CONDITIONALS_NEGATION at consumer.go:54:17
      KILLED ARITHMETIC_BASE at consumer.go:59:29
      KILLED INVERT_LOOPCTRL at consumer.go:65:4
      KILLED INVERT_BITWISE at consumer.go:83:51
      KILLED INVERT_BITWISE at consumer.go:86:6
      KILLED CONDITIONALS_NEGATION at consumer.go:91:15
      KILLED CONDITIONALS_NEGATION at consumer.go:96:9
      KILLED INVERT_LOGICAL at consumer.go:101:144
      KILLED INVERT_LOGICAL at consumer.go:101:95
      KILLED INVERT_LOGICAL at consumer.go:101:53
      KILLED CONDITIONALS_BOUNDARY at consumer.go:104:8
      KILLED CONDITIONALS_NEGATION at consumer.go:104:8
      KILLED CONDITIONALS_NEGATION at consumer.go:110:16
      KILLED INVERT_BITWISE at consumer.go:118:41
      KILLED ARITHMETIC_BASE at consumer.go:123:66
      KILLED INVERT_BITWISE at consumer.go:125:43
      KILLED INVERT_BITWISE at consumer.go:125:80
      KILLED CONDITIONALS_NEGATION at consumer.go:125:131
      KILLED ARITHMETIC_BASE at consumer.go:131:66
      KILLED INVERT_BITWISE at consumer.go:133:50
      KILLED INVERT_BITWISE at consumer.go:134:13
      KILLED CONDITIONALS_NEGATION at consumer.go:135:9
      KILLED INVERT_BITWISE at module.go:31:44
      KILLED INVERT_BITWISE at module.go:31:86
      KILLED CONDITIONALS_NEGATION at module.go:31:98
      KILLED CONDITIONALS_NEGATION at module.go:40:21
      KILLED ARITHMETIC_BASE at module.go:41:60
      KILLED INVERT_BITWISE at module.go:50:42
      KILLED INVERT_BITWISE at module.go:50:84
      KILLED CONDITIONALS_NEGATION at module.go:51:9
      KILLED CONDITIONALS_NEGATION at module.go:55:9
      KILLED CONDITIONALS_NEGATION at module.go:59:9
      KILLED INVERT_NEGATIVES at module.go:68:82
      KILLED ARITHMETIC_BASE at module.go:68:82
      KILLED ARITHMETIC_BASE at module.go:68:69
      KILLED ARITHMETIC_BASE at module.go:69:31
      KILLED INVERT_NEGATIVES at module.go:69:64
      KILLED ARITHMETIC_BASE at module.go:69:64
      KILLED ARITHMETIC_BASE at module.go:69:66
      KILLED INVERT_BITWISE at publisher.go:23:9
      KILLED INVERT_BITWISE at publisher.go:27:38
      KILLED INVERT_BITWISE at publisher.go:28:27

Mutation testing completed in 3 minutes 37 seconds
Killed: 56, Lived: 0, Not covered: 0
Timed out: 0, Not viable: 0, Skipped: 0
Test efficacy: 100.00%
Mutator coverage: 100.00%
