 Container wagering-app-1  Stopping
 Container wagering-app-1  Stopped
 Container wagering-keycloak-1  Running
 Container wagering-postgres-1  Running
 Container wagering-localstack-1  Running
 Container wagering-keycloak-1  Waiting
 Container wagering-postgres-1  Waiting
 Container wagering-localstack-1  Waiting
 Container wagering-postgres-1  Healthy
 Container wagering-localstack-1  Healthy
 Container wagering-keycloak-1  Healthy
 Container wagering-postgres-1  Running
no change
=== RUN   TestHTTPContractsAgreeWithCommittedDatabaseFacts
--- PASS: TestHTTPContractsAgreeWithCommittedDatabaseFacts (0.06s)
=== RUN   TestSimultaneousChannelsAndSQSTerminalRejection
--- PASS: TestSimultaneousChannelsAndSQSTerminalRejection (21.81s)
=== RUN   TestConcurrentReversalsAndFullRestart
--- PASS: TestConcurrentReversalsAndFullRestart (5.66s)
=== RUN   TestDependencyOutagesRecoverDurableWork
--- PASS: TestDependencyOutagesRecoverDurableWork (75.36s)
=== RUN   TestSIGTERMDrainsInFlightSQS
--- PASS: TestSIGTERMDrainsInFlightSQS (1.59s)
=== RUN   TestInternalAuthorizationAndExternalOpening
--- PASS: TestInternalAuthorizationAndExternalOpening (0.02s)
=== RUN   TestOutputContractsAndDurableDownstreamDedup
--- PASS: TestOutputContractsAndDurableDownstreamDedup (7.21s)
=== RUN   TestExternalOpeningSQSReachesDLQ
--- PASS: TestExternalOpeningSQSReachesDLQ (29.54s)
=== RUN   TestReferenceAttemptsExhaustionAndPendingDependency
--- PASS: TestReferenceAttemptsExhaustionAndPendingDependency (2.29s)
=== RUN   TestTransientExhaustionReachesDLQWithoutFinancialEffect
--- PASS: TestTransientExhaustionReachesDLQWithoutFinancialEffect (45.68s)
=== RUN   TestOutboxOldLeaseCannotConfirmNewOwner
--- PASS: TestOutboxOldLeaseCannotConfirmNewOwner (0.02s)
=== RUN   TestLockTimeoutIsRetryableAndReconciliationSnapshotIsStable
--- PASS: TestLockTimeoutIsRetryableAndReconciliationSnapshotIsStable (8.08s)
=== RUN   TestThreeProcessesConcurrentMoney
=== RUN   TestThreeProcessesConcurrentMoney/50-replays
=== RUN   TestThreeProcessesConcurrentMoney/two-80-on-100
=== RUN   TestThreeProcessesConcurrentMoney/wallet-lock-isolation
--- PASS: TestThreeProcessesConcurrentMoney (0.16s)
    --- PASS: TestThreeProcessesConcurrentMoney/50-replays (0.12s)
    --- PASS: TestThreeProcessesConcurrentMoney/two-80-on-100 (0.02s)
    --- PASS: TestThreeProcessesConcurrentMoney/wallet-lock-isolation (0.02s)
=== RUN   TestAuthorization
--- PASS: TestAuthorization (0.01s)
=== RUN   TestReversalsAndLoss
--- PASS: TestReversalsAndLoss (0.04s)
=== RUN   TestDatabaseGuardsAndAtomicRollback
--- PASS: TestDatabaseGuardsAndAtomicRollback (0.02s)
=== RUN   TestBrokerPermissions
--- PASS: TestBrokerPermissions (0.01s)
=== RUN   TestHTTPAndSQSReplayAndCrash
--- PASS: TestHTTPAndSQSReplayAndCrash (89.79s)
=== RUN   TestPendingReferenceRestart
--- PASS: TestPendingReferenceRestart (8.34s)
=== RUN   TestOutboxRecoveryTwoPublishers
--- PASS: TestOutboxRecoveryTwoPublishers (39.39s)
=== RUN   TestLedgerCursorAndOpeningZero
--- PASS: TestLedgerCursorAndOpeningZero (0.06s)
=== RUN   TestExpiredIdPToken
--- PASS: TestExpiredIdPToken (2.21s)
=== RUN   TestMigrationRoundTrip
--- PASS: TestMigrationRoundTrip (0.09s)
PASS
ok  	github.com/alexandre/wagering/test/integration	344.790s
=== RUN   TestFxGraph
--- PASS: TestFxGraph (0.01s)
=== RUN   TestRealFxStartStop
{"time":"2026-09-28T23:27:57.599162-03:00","level":"INFO","msg":"provided","constructor":"go.uber.org/fx.New.func1()","stacktrace":{"0":"go.uber.org/fx.New (/Users/alexandre/go/pkg/mod/go.uber.org/fx@v1.23.0/app.go:486)","1":"github.com/alexandre/wagering/cmd/wagering.TestRealFxStartStop (/Users/alexandre/wagering/cmd/wagering/lifecycle_integration_test.go:22)","2":"testing.tRunner (/opt/homebrew/Cellar/go/1.27.1/libexec/src/testing/testing.go:2193)"},"moduletrace":{"0":"go.uber.org/fx.New (/Users/alexandre/go/pkg/mod/go.uber.org/fx@v1.23.0/app.go:486)","1":"github.com/alexandre/wagering/cmd/wagering.TestRealFxStartStop (/Users/alexandre/wagering/cmd/wagering/lifecycle_integration_test.go:22)"},"type":"fx.Lifecycle"}
{"time":"2026-09-28T23:27:57.599361-03:00","level":"INFO","msg":"provided","constructor":"go.uber.org/fx.(*App).shutdowner-fm()","stacktrace":{"0":"go.uber.org/fx.New (/Users/alexandre/go/pkg/mod/go.uber.org/fx@v1.23.0/app.go:486)","1":"github.com/alexandre/wagering/cmd/wagering.TestRealFxStartStop (/Users/alexandre/wagering/cmd/wagering/lifecycle_integration_test.go:22)","2":"testing.tRunner (/opt/homebrew/Cellar/go/1.27.1/libexec/src/testing/testing.go:2193)"},"moduletrace":{"0":"go.uber.org/fx.New (/Users/alexandre/go/pkg/mod/go.uber.org/fx@v1.23.0/app.go:486)","1":"github.com/alexandre/wagering/cmd/wagering.TestRealFxStartStop (/Users/alexandre/wagering/cmd/wagering/lifecycle_integration_test.go:22)"},"type":"fx.Shutdowner"}
{"time":"2026-09-28T23:27:57.599396-03:00","level":"INFO","msg":"provided","constructor":"go.uber.org/fx.(*App).dotGraph-fm()","stacktrace":{"0":"go.uber.org/fx.New (/Users/alexandre/go/pkg/mod/go.uber.org/fx@v1.23.0/app.go:486)","1":"github.com/alexandre/wagering/cmd/wagering.TestRealFxStartStop (/Users/alexandre/wagering/cmd/wagering/lifecycle_integration_test.go:22)","2":"testing.tRunner (/opt/homebrew/Cellar/go/1.27.1/libexec/src/testing/testing.go:2193)"},"moduletrace":{"0":"go.uber.org/fx.New (/Users/alexandre/go/pkg/mod/go.uber.org/fx@v1.23.0/app.go:486)","1":"github.com/alexandre/wagering/cmd/wagering.TestRealFxStartStop (/Users/alexandre/wagering/cmd/wagering/lifecycle_integration_test.go:22)"},"type":"fx.DotGraph"}
{"time":"2026-09-28T23:27:57.599431-03:00","level":"INFO","msg":"provided","constructor":"github.com/alexandre/wagering/internal/infra/config.Load()","stacktrace":{"0":"github.com/alexandre/wagering/cmd/wagering.Options (/Users/alexandre/wagering/cmd/wagering/app.go:29)","1":"github.com/alexandre/wagering/cmd/wagering.TestRealFxStartStop (/Users/alexandre/wagering/cmd/wagering/lifecycle_integration_test.go:21)","2":"testing.tRunner (/opt/homebrew/Cellar/go/1.27.1/libexec/src/testing/testing.go:2193)"},"moduletrace":{"0":"github.com/alexandre/wagering/cmd/wagering.Options (/Users/alexandre/wagering/cmd/wagering/app.go:29)","1":"github.com/alexandre/wagering/cmd/wagering.TestRealFxStartStop (/Users/alexandre/wagering/cmd/wagering/lifecycle_integration_test.go:22)"},"type":"config.Config"}
{"time":"2026-09-28T23:27:57.599463-03:00","level":"INFO","msg":"provided","constructor":"github.com/alexandre/wagering/internal/platform/logging.New()","stacktrace":{"0":"github.com/alexandre/wagering/cmd/wagering.Options (/Users/alexandre/wagering/cmd/wagering/app.go:29)","1":"github.com/alexandre/wagering/cmd/wagering.TestRealFxStartStop (/Users/alexandre/wagering/cmd/wagering/lifecycle_integration_test.go:21)","2":"testing.tRunner (/opt/homebrew/Cellar/go/1.27.1/libexec/src/testing/testing.go:2193)"},"moduletrace":{"0":"github.com/alexandre/wagering/cmd/wagering.Options (/Users/alexandre/wagering/cmd/wagering/app.go:29)","1":"github.com/alexandre/wagering/cmd/wagering.TestRealFxStartStop (/Users/alexandre/wagering/cmd/wagering/lifecycle_integration_test.go:22)"},"type":"*slog.Logger"}
{"time":"2026-09-28T23:27:57.599496-03:00","level":"INFO","msg":"provided","constructor":"github.com/alexandre/wagering/internal/platform/worker.NewGroup()","stacktrace":{"0":"github.com/alexandre/wagering/cmd/wagering.Options (/Users/alexandre/wagering/cmd/wagering/app.go:29)","1":"github.com/alexandre/wagering/cmd/wagering.TestRealFxStartStop (/Users/alexandre/wagering/cmd/wagering/lifecycle_integration_test.go:21)","2":"testing.tRunner (/opt/homebrew/Cellar/go/1.27.1/libexec/src/testing/testing.go:2193)"},"moduletrace":{"0":"github.com/alexandre/wagering/cmd/wagering.Options (/Users/alexandre/wagering/cmd/wagering/app.go:29)","1":"github.com/alexandre/wagering/cmd/wagering.TestRealFxStartStop (/Users/alexandre/wagering/cmd/wagering/lifecycle_integration_test.go:22)"},"type":"*worker.Group"}
{"time":"2026-09-28T23:27:57.599528-03:00","level":"INFO","msg":"provided","constructor":"fx.Annotate(github.com/alexandre/wagering/internal/platform/sys.init.func1(), fx.As([[port.Clock]])","stacktrace":{"0":"github.com/alexandre/wagering/internal/platform/sys.init (/Users/alexandre/wagering/internal/platform/sys/sys.go:26)","1":"runtime.doInit1 (/opt/homebrew/Cellar/go/1.27.1/libexec/src/runtime/proc.go:8154)","2":"runtime.doInit (/opt/homebrew/Cellar/go/1.27.1/libexec/src/runtime/proc.go:8121)","3":"runtime.main (/opt/homebrew/Cellar/go/1.27.1/libexec/src/runtime/proc.go:269)"},"moduletrace":{"0":"github.com/alexandre/wagering/internal/platform/sys.init (/Users/alexandre/wagering/internal/platform/sys/sys.go:26)","1":"github.com/alexandre/wagering/internal/platform/sys.init (/Users/alexandre/wagering/internal/platform/sys/sys.go:26) (sys)","2":"github.com/alexandre/wagering/cmd/wagering.TestRealFxStartStop (/Users/alexandre/wagering/cmd/wagering/lifecycle_integration_test.go:22)"},"module":"sys","type":"port.Clock"}
{"time":"2026-09-28T23:27:57.599573-03:00","level":"INFO","msg":"provided","constructor":"fx.Annotate(github.com/alexandre/wagering/internal/platform/sys.init.func2(), fx.As([[port.IDGenerator]])","stacktrace":{"0":"github.com/alexandre/wagering/internal/platform/sys.init (/Users/alexandre/wagering/internal/platform/sys/sys.go:26)","1":"runtime.doInit1 (/opt/homebrew/Cellar/go/1.27.1/libexec/src/runtime/proc.go:8154)","2":"runtime.doInit (/opt/homebrew/Cellar/go/1.27.1/libexec/src/runtime/proc.go:8121)","3":"runtime.main (/opt/homebrew/Cellar/go/1.27.1/libexec/src/runtime/proc.go:269)"},"moduletrace":{"0":"github.com/alexandre/wagering/internal/platform/sys.init (/Users/alexandre/wagering/internal/platform/sys/sys.go:26)","1":"github.com/alexandre/wagering/internal/platform/sys.init (/Users/alexandre/wagering/internal/platform/sys/sys.go:26) (sys)","2":"github.com/alexandre/wagering/cmd/wagering.TestRealFxStartStop (/Users/alexandre/wagering/cmd/wagering/lifecycle_integration_test.go:22)"},"module":"sys","type":"port.IDGenerator"}
{"time":"2026-09-28T23:27:57.599612-03:00","level":"INFO","msg":"provided","constructor":"github.com/alexandre/wagering/internal/platform/metrics.New()","stacktrace":{"0":"github.com/alexandre/wagering/internal/platform/metrics.init (/Users/alexandre/wagering/internal/platform/metrics/metrics.go:51)","1":"runtime.doInit1 (/opt/homebrew/Cellar/go/1.27.1/libexec/src/runtime/proc.go:8154)","2":"runtime.doInit (/opt/homebrew/Cellar/go/1.27.1/libexec/src/runtime/proc.go:8121)","3":"runtime.main (/opt/homebrew/Cellar/go/1.27.1/libexec/src/runtime/proc.go:269)"},"moduletrace":{"0":"github.com/alexandre/wagering/internal/platform/metrics.init (/Users/alexandre/wagering/internal/platform/metrics/metrics.go:51)","1":"github.com/alexandre/wagering/internal/platform/metrics.init (/Users/alexandre/wagering/internal/platform/metrics/metrics.go:51) (metrics)","2":"github.com/alexandre/wagering/cmd/wagering.TestRealFxStartStop (/Users/alexandre/wagering/cmd/wagering/lifecycle_integration_test.go:22)"},"module":"metrics","type":"*metrics.Recorder"}
{"time":"2026-09-28T23:27:57.599653-03:00","level":"INFO","msg":"provided","constructor":"github.com/alexandre/wagering/internal/platform/metrics.init.func1()","stacktrace":{"0":"github.com/alexandre/wagering/internal/platform/metrics.init (/Users/alexandre/wagering/internal/platform/metrics/metrics.go:51)","1":"runtime.doInit1 (/opt/homebrew/Cellar/go/1.27.1/libexec/src/runtime/proc.go:8154)","2":"runtime.doInit (/opt/homebrew/Cellar/go/1.27.1/libexec/src/runtime/proc.go:8121)","3":"runtime.main (/opt/homebrew/Cellar/go/1.27.1/libexec/src/runtime/proc.go:269)"},"moduletrace":{"0":"github.com/alexandre/wagering/internal/platform/metrics.init (/Users/alexandre/wagering/internal/platform/metrics/metrics.go:51)","1":"github.com/alexandre/wagering/internal/platform/metrics.init (/Users/alexandre/wagering/internal/platform/metrics/metrics.go:51) (metrics)","2":"github.com/alexandre/wagering/cmd/wagering.TestRealFxStartStop (/Users/alexandre/wagering/cmd/wagering/lifecycle_integration_test.go:22)"},"module":"metrics","type":"port.Metrics"}
{"time":"2026-09-28T23:27:57.599693-03:00","level":"INFO","msg":"provided","constructor":"github.com/alexandre/wagering/internal/infra/postgres.NewPool()","stacktrace":{"0":"github.com/alexandre/wagering/internal/infra/postgres.init (/Users/alexandre/wagering/internal/infra/postgres/module.go:16)","1":"runtime.doInit1 (/opt/homebrew/Cellar/go/1.27.1/libexec/src/runtime/proc.go:8154)","2":"runtime.doInit (/opt/homebrew/Cellar/go/1.27.1/libexec/src/runtime/proc.go:8121)","3":"runtime.main (/opt/homebrew/Cellar/go/1.27.1/libexec/src/runtime/proc.go:269)"},"moduletrace":{"0":"github.com/alexandre/wagering/internal/infra/postgres.init (/Users/alexandre/wagering/internal/infra/postgres/module.go:16)","1":"github.com/alexandre/wagering/internal/infra/postgres.init (/Users/alexandre/wagering/internal/infra/postgres/module.go:15) (postgres)","2":"github.com/alexandre/wagering/cmd/wagering.TestRealFxStartStop (/Users/alexandre/wagering/cmd/wagering/lifecycle_integration_test.go:22)"},"module":"postgres","type":"*pgxpool.Pool"}
{"time":"2026-09-28T23:27:57.599735-03:00","level":"INFO","msg":"provided","constructor":"fx.Annotate(github.com/alexandre/wagering/internal/infra/postgres.NewUnitOfWork(), fx.As([[port.UnitOfWork]])","stacktrace":{"0":"github.com/alexandre/wagering/internal/infra/postgres.init (/Users/alexandre/wagering/internal/infra/postgres/module.go:16)","1":"runtime.doInit1 (/opt/homebrew/Cellar/go/1.27.1/libexec/src/runtime/proc.go:8154)","2":"runtime.doInit (/opt/homebrew/Cellar/go/1.27.1/libexec/src/runtime/proc.go:8121)","3":"runtime.main (/opt/homebrew/Cellar/go/1.27.1/libexec/src/runtime/proc.go:269)"},"moduletrace":{"0":"github.com/alexandre/wagering/internal/infra/postgres.init (/Users/alexandre/wagering/internal/infra/postgres/module.go:16)","1":"github.com/alexandre/wagering/internal/infra/postgres.init (/Users/alexandre/wagering/internal/infra/postgres/module.go:15) (postgres)","2":"github.com/alexandre/wagering/cmd/wagering.TestRealFxStartStop (/Users/alexandre/wagering/cmd/wagering/lifecycle_integration_test.go:22)"},"module":"postgres","type":"port.UnitOfWork"}
{"time":"2026-09-28T23:27:57.599781-03:00","level":"INFO","msg":"provided","constructor":"fx.Annotate(github.com/alexandre/wagering/internal/infra/postgres.NewReadiness(), fx.ResultTags([\"group:\\\"readiness\\\"\"]), fx.As([[port.ReadinessChecker]])","stacktrace":{"0":"github.com/alexandre/wagering/internal/infra/postgres.init (/Users/alexandre/wagering/internal/infra/postgres/module.go:16)","1":"runtime.doInit1 (/opt/homebrew/Cellar/go/1.27.1/libexec/src/runtime/proc.go:8154)","2":"runtime.doInit (/opt/homebrew/Cellar/go/1.27.1/libexec/src/runtime/proc.go:8121)","3":"runtime.main (/opt/homebrew/Cellar/go/1.27.1/libexec/src/runtime/proc.go:269)"},"moduletrace":{"0":"github.com/alexandre/wagering/internal/infra/postgres.init (/Users/alexandre/wagering/internal/infra/postgres/module.go:16)","1":"github.com/alexandre/wagering/internal/infra/postgres.init (/Users/alexandre/wagering/internal/infra/postgres/module.go:15) (postgres)","2":"github.com/alexandre/wagering/cmd/wagering.TestRealFxStartStop (/Users/alexandre/wagering/cmd/wagering/lifecycle_integration_test.go:22)"},"module":"postgres","type":"port.ReadinessChecker[group = \"readiness\"]"}
{"time":"2026-09-28T23:27:57.599824-03:00","level":"INFO","msg":"provided","constructor":"github.com/alexandre/wagering/internal/infra/auth.NewVerifier()","stacktrace":{"0":"github.com/alexandre/wagering/internal/infra/auth.init (/Users/alexandre/wagering/internal/infra/auth/verifier.go:162)","1":"runtime.doInit1 (/opt/homebrew/Cellar/go/1.27.1/libexec/src/runtime/proc.go:8154)","2":"runtime.doInit (/opt/homebrew/Cellar/go/1.27.1/libexec/src/runtime/proc.go:8121)","3":"runtime.main (/opt/homebrew/Cellar/go/1.27.1/libexec/src/runtime/proc.go:269)"},"moduletrace":{"0":"github.com/alexandre/wagering/internal/infra/auth.init (/Users/alexandre/wagering/internal/infra/auth/verifier.go:162)","1":"github.com/alexandre/wagering/internal/infra/auth.init (/Users/alexandre/wagering/internal/infra/auth/verifier.go:162) (auth)","2":"github.com/alexandre/wagering/cmd/wagering.TestRealFxStartStop (/Users/alexandre/wagering/cmd/wagering/lifecycle_integration_test.go:22)"},"module":"auth","type":"*auth.Verifier"}
{"time":"2026-09-28T23:27:57.599863-03:00","level":"INFO","msg":"provided","constructor":"github.com/alexandre/wagering/internal/app/usecase.NewOpenWallet()","stacktrace":{"0":"github.com/alexandre/wagering/internal/app/usecase.init (/Users/alexandre/wagering/internal/app/usecase/module.go:10)","1":"runtime.doInit1 (/opt/homebrew/Cellar/go/1.27.1/libexec/src/runtime/proc.go:8154)","2":"runtime.doInit (/opt/homebrew/Cellar/go/1.27.1/libexec/src/runtime/proc.go:8121)","3":"runtime.main (/opt/homebrew/Cellar/go/1.27.1/libexec/src/runtime/proc.go:269)"},"moduletrace":{"0":"github.com/alexandre/wagering/internal/app/usecase.init (/Users/alexandre/wagering/internal/app/usecase/module.go:10)","1":"github.com/alexandre/wagering/internal/app/usecase.init (/Users/alexandre/wagering/internal/app/usecase/module.go:9) (usecase)","2":"github.com/alexandre/wagering/cmd/wagering.TestRealFxStartStop (/Users/alexandre/wagering/cmd/wagering/lifecycle_integration_test.go:22)"},"module":"usecase","type":"*usecase.OpenWallet"}
{"time":"2026-09-28T23:27:57.599902-03:00","level":"INFO","msg":"provided","constructor":"github.com/alexandre/wagering/internal/app/usecase.NewGetWallet()","stacktrace":{"0":"github.com/alexandre/wagering/internal/app/usecase.init (/Users/alexandre/wagering/internal/app/usecase/module.go:10)","1":"runtime.doInit1 (/opt/homebrew/Cellar/go/1.27.1/libexec/src/runtime/proc.go:8154)","2":"runtime.doInit (/opt/homebrew/Cellar/go/1.27.1/libexec/src/runtime/proc.go:8121)","3":"runtime.main (/opt/homebrew/Cellar/go/1.27.1/libexec/src/runtime/proc.go:269)"},"moduletrace":{"0":"github.com/alexandre/wagering/internal/app/usecase.init (/Users/alexandre/wagering/internal/app/usecase/module.go:10)","1":"github.com/alexandre/wagering/internal/app/usecase.init (/Users/alexandre/wagering/internal/app/usecase/module.go:9) (usecase)","2":"github.com/alexandre/wagering/cmd/wagering.TestRealFxStartStop (/Users/alexandre/wagering/cmd/wagering/lifecycle_integration_test.go:22)"},"module":"usecase","type":"*usecase.GetWallet"}
{"time":"2026-09-28T23:27:57.599941-03:00","level":"INFO","msg":"provided","constructor":"github.com/alexandre/wagering/internal/app/usecase.NewListLedger()","stacktrace":{"0":"github.com/alexandre/wagering/internal/app/usecase.init (/Users/alexandre/wagering/internal/app/usecase/module.go:10)","1":"runtime.doInit1 (/opt/homebrew/Cellar/go/1.27.1/libexec/src/runtime/proc.go:8154)","2":"runtime.doInit (/opt/homebrew/Cellar/go/1.27.1/libexec/src/runtime/proc.go:8121)","3":"runtime.main (/opt/homebrew/Cellar/go/1.27.1/libexec/src/runtime/proc.go:269)"},"moduletrace":{"0":"github.com/alexandre/wagering/internal/app/usecase.init (/Users/alexandre/wagering/internal/app/usecase/module.go:10)","1":"github.com/alexandre/wagering/internal/app/usecase.init (/Users/alexandre/wagering/internal/app/usecase/module.go:9) (usecase)","2":"github.com/alexandre/wagering/cmd/wagering.TestRealFxStartStop (/Users/alexandre/wagering/cmd/wagering/lifecycle_integration_test.go:22)"},"module":"usecase","type":"*usecase.ListLedger"}
{"time":"2026-09-28T23:27:57.599979-03:00","level":"INFO","msg":"provided","constructor":"github.com/alexandre/wagering/internal/app/usecase.NewReconcileWallet()","stacktrace":{"0":"github.com/alexandre/wagering/internal/app/usecase.init (/Users/alexandre/wagering/internal/app/usecase/module.go:10)","1":"runtime.doInit1 (/opt/homebrew/Cellar/go/1.27.1/libexec/src/runtime/proc.go:8154)","2":"runtime.doInit (/opt/homebrew/Cellar/go/1.27.1/libexec/src/runtime/proc.go:8121)","3":"runtime.main (/opt/homebrew/Cellar/go/1.27.1/libexec/src/runtime/proc.go:269)"},"moduletrace":{"0":"github.com/alexandre/wagering/internal/app/usecase.init (/Users/alexandre/wagering/internal/app/usecase/module.go:10)","1":"github.com/alexandre/wagering/internal/app/usecase.init (/Users/alexandre/wagering/internal/app/usecase/module.go:9) (usecase)","2":"github.com/alexandre/wagering/cmd/wagering.TestRealFxStartStop (/Users/alexandre/wagering/cmd/wagering/lifecycle_integration_test.go:22)"},"module":"usecase","type":"*usecase.ReconcileWallet"}
{"time":"2026-09-28T23:27:57.600018-03:00","level":"INFO","msg":"provided","constructor":"github.com/alexandre/wagering/internal/app/usecase.NewSubmitTransaction()","stacktrace":{"0":"github.com/alexandre/wagering/internal/app/usecase.init (/Users/alexandre/wagering/internal/app/usecase/module.go:10)","1":"runtime.doInit1 (/opt/homebrew/Cellar/go/1.27.1/libexec/src/runtime/proc.go:8154)","2":"runtime.doInit (/opt/homebrew/Cellar/go/1.27.1/libexec/src/runtime/proc.go:8121)","3":"runtime.main (/opt/homebrew/Cellar/go/1.27.1/libexec/src/runtime/proc.go:269)"},"moduletrace":{"0":"github.com/alexandre/wagering/internal/app/usecase.init (/Users/alexandre/wagering/internal/app/usecase/module.go:10)","1":"github.com/alexandre/wagering/internal/app/usecase.init (/Users/alexandre/wagering/internal/app/usecase/module.go:9) (usecase)","2":"github.com/alexandre/wagering/cmd/wagering.TestRealFxStartStop (/Users/alexandre/wagering/cmd/wagering/lifecycle_integration_test.go:22)"},"module":"usecase","type":"*usecase.SubmitTransaction"}
{"time":"2026-09-28T23:27:57.600054-03:00","level":"INFO","msg":"provided","constructor":"github.com/alexandre/wagering/internal/app/usecase.NewGetTransaction()","stacktrace":{"0":"github.com/alexandre/wagering/internal/app/usecase.init (/Users/alexandre/wagering/internal/app/usecase/module.go:10)","1":"runtime.doInit1 (/opt/homebrew/Cellar/go/1.27.1/libexec/src/runtime/proc.go:8154)","2":"runtime.doInit (/opt/homebrew/Cellar/go/1.27.1/libexec/src/runtime/proc.go:8121)","3":"runtime.main (/opt/homebrew/Cellar/go/1.27.1/libexec/src/runtime/proc.go:269)"},"moduletrace":{"0":"github.com/alexandre/wagering/internal/app/usecase.init (/Users/alexandre/wagering/internal/app/usecase/module.go:10)","1":"github.com/alexandre/wagering/internal/app/usecase.init (/Users/alexandre/wagering/internal/app/usecase/module.go:9) (usecase)","2":"github.com/alexandre/wagering/cmd/wagering.TestRealFxStartStop (/Users/alexandre/wagering/cmd/wagering/lifecycle_integration_test.go:22)"},"module":"usecase","type":"*usecase.GetTransaction"}
{"time":"2026-09-28T23:27:57.600091-03:00","level":"INFO","msg":"provided","constructor":"github.com/alexandre/wagering/internal/app/usecase.NewProcessPendingReferences()","stacktrace":{"0":"github.com/alexandre/wagering/internal/app/usecase.init (/Users/alexandre/wagering/internal/app/usecase/module.go:10)","1":"runtime.doInit1 (/opt/homebrew/Cellar/go/1.27.1/libexec/src/runtime/proc.go:8154)","2":"runtime.doInit (/opt/homebrew/Cellar/go/1.27.1/libexec/src/runtime/proc.go:8121)","3":"runtime.main (/opt/homebrew/Cellar/go/1.27.1/libexec/src/runtime/proc.go:269)"},"moduletrace":{"0":"github.com/alexandre/wagering/internal/app/usecase.init (/Users/alexandre/wagering/internal/app/usecase/module.go:10)","1":"github.com/alexandre/wagering/internal/app/usecase.init (/Users/alexandre/wagering/internal/app/usecase/module.go:9) (usecase)","2":"github.com/alexandre/wagering/cmd/wagering.TestRealFxStartStop (/Users/alexandre/wagering/cmd/wagering/lifecycle_integration_test.go:22)"},"module":"usecase","type":"*usecase.ProcessPendingReferences"}
{"time":"2026-09-28T23:27:57.600133-03:00","level":"INFO","msg":"provided","constructor":"github.com/alexandre/wagering/internal/app/usecase.NewPublishOutbox()","stacktrace":{"0":"github.com/alexandre/wagering/internal/app/usecase.init (/Users/alexandre/wagering/internal/app/usecase/module.go:10)","1":"runtime.doInit1 (/opt/homebrew/Cellar/go/1.27.1/libexec/src/runtime/proc.go:8154)","2":"runtime.doInit (/opt/homebrew/Cellar/go/1.27.1/libexec/src/runtime/proc.go:8121)","3":"runtime.main (/opt/homebrew/Cellar/go/1.27.1/libexec/src/runtime/proc.go:269)"},"moduletrace":{"0":"github.com/alexandre/wagering/internal/app/usecase.init (/Users/alexandre/wagering/internal/app/usecase/module.go:10)","1":"github.com/alexandre/wagering/internal/app/usecase.init (/Users/alexandre/wagering/internal/app/usecase/module.go:9) (usecase)","2":"github.com/alexandre/wagering/cmd/wagering.TestRealFxStartStop (/Users/alexandre/wagering/cmd/wagering/lifecycle_integration_test.go:22)"},"module":"usecase","type":"*usecase.PublishOutbox"}
{"time":"2026-09-28T23:27:57.600172-03:00","level":"INFO","msg":"provided","constructor":"fx.Annotate(github.com/alexandre/wagering/internal/app/usecase.NewConsumeWagerMessage(), fx.As([[port.MessageHandler]])","stacktrace":{"0":"github.com/alexandre/wagering/internal/app/usecase.init (/Users/alexandre/wagering/internal/app/usecase/module.go:10)","1":"runtime.doInit1 (/opt/homebrew/Cellar/go/1.27.1/libexec/src/runtime/proc.go:8154)","2":"runtime.doInit (/opt/homebrew/Cellar/go/1.27.1/libexec/src/runtime/proc.go:8121)","3":"runtime.main (/opt/homebrew/Cellar/go/1.27.1/libexec/src/runtime/proc.go:269)"},"moduletrace":{"0":"github.com/alexandre/wagering/internal/app/usecase.init (/Users/alexandre/wagering/internal/app/usecase/module.go:10)","1":"github.com/alexandre/wagering/internal/app/usecase.init (/Users/alexandre/wagering/internal/app/usecase/module.go:9) (usecase)","2":"github.com/alexandre/wagering/cmd/wagering.TestRealFxStartStop (/Users/alexandre/wagering/cmd/wagering/lifecycle_integration_test.go:22)"},"module":"usecase","type":"port.MessageHandler"}
{"time":"2026-09-28T23:27:57.600212-03:00","level":"INFO","msg":"provided","constructor":"github.com/alexandre/wagering/internal/infra/sqs.NewClient()","stacktrace":{"0":"github.com/alexandre/wagering/internal/infra/sqs.init (/Users/alexandre/wagering/internal/infra/sqs/module.go:20)","1":"runtime.doInit1 (/opt/homebrew/Cellar/go/1.27.1/libexec/src/runtime/proc.go:8154)","2":"runtime.doInit (/opt/homebrew/Cellar/go/1.27.1/libexec/src/runtime/proc.go:8121)","3":"runtime.main (/opt/homebrew/Cellar/go/1.27.1/libexec/src/runtime/proc.go:269)"},"moduletrace":{"0":"github.com/alexandre/wagering/internal/infra/sqs.init (/Users/alexandre/wagering/internal/infra/sqs/module.go:20)","1":"github.com/alexandre/wagering/internal/infra/sqs.init (/Users/alexandre/wagering/internal/infra/sqs/module.go:19) (sqs)","2":"github.com/alexandre/wagering/cmd/wagering.TestRealFxStartStop (/Users/alexandre/wagering/cmd/wagering/lifecycle_integration_test.go:22)"},"module":"sqs","type":"*sqs.Client"}
{"time":"2026-09-28T23:27:57.60025-03:00","level":"INFO","msg":"provided","constructor":"fx.Annotate(github.com/alexandre/wagering/internal/infra/sqs.NewPublisher(), fx.As([[port.EventPublisher]])","stacktrace":{"0":"github.com/alexandre/wagering/internal/infra/sqs.init (/Users/alexandre/wagering/internal/infra/sqs/module.go:20)","1":"runtime.doInit1 (/opt/homebrew/Cellar/go/1.27.1/libexec/src/runtime/proc.go:8154)","2":"runtime.doInit (/opt/homebrew/Cellar/go/1.27.1/libexec/src/runtime/proc.go:8121)","3":"runtime.main (/opt/homebrew/Cellar/go/1.27.1/libexec/src/runtime/proc.go:269)"},"moduletrace":{"0":"github.com/alexandre/wagering/internal/infra/sqs.init (/Users/alexandre/wagering/internal/infra/sqs/module.go:20)","1":"github.com/alexandre/wagering/internal/infra/sqs.init (/Users/alexandre/wagering/internal/infra/sqs/module.go:19) (sqs)","2":"github.com/alexandre/wagering/cmd/wagering.TestRealFxStartStop (/Users/alexandre/wagering/cmd/wagering/lifecycle_integration_test.go:22)"},"module":"sqs","type":"port.EventPublisher"}
{"time":"2026-09-28T23:27:57.60029-03:00","level":"INFO","msg":"provided","constructor":"fx.Annotate(github.com/alexandre/wagering/internal/infra/sqs.NewReadiness(), fx.ResultTags([\"group:\\\"readiness\\\"\"]), fx.As([[port.ReadinessChecker]])","stacktrace":{"0":"github.com/alexandre/wagering/internal/infra/sqs.init (/Users/alexandre/wagering/internal/infra/sqs/module.go:20)","1":"runtime.doInit1 (/opt/homebrew/Cellar/go/1.27.1/libexec/src/runtime/proc.go:8154)","2":"runtime.doInit (/opt/homebrew/Cellar/go/1.27.1/libexec/src/runtime/proc.go:8121)","3":"runtime.main (/opt/homebrew/Cellar/go/1.27.1/libexec/src/runtime/proc.go:269)"},"moduletrace":{"0":"github.com/alexandre/wagering/internal/infra/sqs.init (/Users/alexandre/wagering/internal/infra/sqs/module.go:20)","1":"github.com/alexandre/wagering/internal/infra/sqs.init (/Users/alexandre/wagering/internal/infra/sqs/module.go:19) (sqs)","2":"github.com/alexandre/wagering/cmd/wagering.TestRealFxStartStop (/Users/alexandre/wagering/cmd/wagering/lifecycle_integration_test.go:22)"},"module":"sqs","type":"port.ReadinessChecker[group = \"readiness\"]"}
{"time":"2026-09-28T23:27:57.600332-03:00","level":"INFO","msg":"provided","constructor":"github.com/alexandre/wagering/internal/transport/httpapi.NewServer()","stacktrace":{"0":"github.com/alexandre/wagering/internal/transport/httpapi.init (/Users/alexandre/wagering/internal/transport/httpapi/module.go:21)","1":"runtime.doInit1 (/opt/homebrew/Cellar/go/1.27.1/libexec/src/runtime/proc.go:8154)","2":"runtime.doInit (/opt/homebrew/Cellar/go/1.27.1/libexec/src/runtime/proc.go:8121)","3":"runtime.main (/opt/homebrew/Cellar/go/1.27.1/libexec/src/runtime/proc.go:269)"},"moduletrace":{"0":"github.com/alexandre/wagering/internal/transport/httpapi.init (/Users/alexandre/wagering/internal/transport/httpapi/module.go:21)","1":"github.com/alexandre/wagering/internal/transport/httpapi.init (/Users/alexandre/wagering/internal/transport/httpapi/module.go:21) (httpapi)","2":"github.com/alexandre/wagering/cmd/wagering.TestRealFxStartStop (/Users/alexandre/wagering/cmd/wagering/lifecycle_integration_test.go:22)"},"module":"httpapi","type":"*http.Server"}
{"time":"2026-09-28T23:27:57.600368-03:00","level":"INFO","msg":"run","name":"github.com/alexandre/wagering/internal/infra/config.Load()","kind":"provide","runtime":"56.875µs"}
{"time":"2026-09-28T23:27:57.600385-03:00","level":"INFO","msg":"run","name":"github.com/alexandre/wagering/internal/platform/logging.New()","kind":"provide","runtime":"25.042µs"}
{"time":"2026-09-28T23:27:57.6004-03:00","level":"INFO","msg":"initialized custom fxevent.Logger","function":"github.com/alexandre/wagering/cmd/wagering.Options.func1()"}
{"time":"2026-09-28T23:27:57.600449-03:00","level":"INFO","msg":"invoking","function":"github.com/alexandre/wagering/internal/infra/sqs.init.func1()","module":"sqs"}
{"time":"2026-09-28T23:27:57.600655-03:00","level":"INFO","msg":"run","name":"go.uber.org/fx.New.func1()","kind":"provide","runtime":"31.292µs"}
{"time":"2026-09-28T23:27:57.600704-03:00","level":"INFO","msg":"run","name":"go.uber.org/fx.(*App).shutdowner-fm()","kind":"provide","runtime":"11.375µs"}
{"time":"2026-09-28T23:27:57.600766-03:00","level":"INFO","msg":"run","name":"github.com/alexandre/wagering/internal/platform/worker.NewGroup()","kind":"provide","runtime":"35.875µs"}
{"time":"2026-09-28T23:27:57.601387-03:00","level":"INFO","msg":"run","name":"github.com/alexandre/wagering/internal/infra/sqs.NewClient()","kind":"provide","runtime":"585.291µs","module":"sqs"}
{"time":"2026-09-28T23:27:57.603121-03:00","level":"INFO","msg":"run","name":"github.com/alexandre/wagering/internal/infra/postgres.NewPool()","kind":"provide","runtime":"1.67775ms","module":"postgres"}
{"time":"2026-09-28T23:27:57.603188-03:00","level":"INFO","msg":"run","name":"fx.Annotate(github.com/alexandre/wagering/internal/infra/postgres.NewUnitOfWork(), fx.As([[port.UnitOfWork]])","kind":"provide","runtime":"43.459µs","module":"postgres"}
{"time":"2026-09-28T23:27:57.603236-03:00","level":"INFO","msg":"run","name":"fx.Annotate(github.com/alexandre/wagering/internal/platform/sys.init.func1(), fx.As([[port.Clock]])","kind":"provide","runtime":"21.959µs","module":"sys"}
{"time":"2026-09-28T23:27:57.603283-03:00","level":"INFO","msg":"run","name":"fx.Annotate(github.com/alexandre/wagering/internal/platform/sys.init.func2(), fx.As([[port.IDGenerator]])","kind":"provide","runtime":"19.5µs","module":"sys"}
{"time":"2026-09-28T23:27:57.60342-03:00","level":"INFO","msg":"run","name":"github.com/alexandre/wagering/internal/platform/metrics.New()","kind":"provide","runtime":"111.25µs","module":"metrics"}
{"time":"2026-09-28T23:27:57.603451-03:00","level":"INFO","msg":"run","name":"github.com/alexandre/wagering/internal/platform/metrics.init.func1()","kind":"provide","runtime":"10.875µs","module":"metrics"}
{"time":"2026-09-28T23:27:57.603481-03:00","level":"INFO","msg":"run","name":"github.com/alexandre/wagering/internal/app/usecase.NewSubmitTransaction()","kind":"provide","runtime":"13.458µs","module":"usecase"}
{"time":"2026-09-28T23:27:57.603533-03:00","level":"INFO","msg":"run","name":"fx.Annotate(github.com/alexandre/wagering/internal/app/usecase.NewConsumeWagerMessage(), fx.As([[port.MessageHandler]])","kind":"provide","runtime":"35.042µs","module":"usecase"}
{"time":"2026-09-28T23:27:57.603734-03:00","level":"INFO","msg":"invoking","function":"github.com/alexandre/wagering/internal/infra/outbox.init.func1()","module":"outbox"}
{"time":"2026-09-28T23:27:57.603934-03:00","level":"INFO","msg":"run","name":"fx.Annotate(github.com/alexandre/wagering/internal/infra/sqs.NewPublisher(), fx.As([[port.EventPublisher]])","kind":"provide","runtime":"34.458µs","module":"sqs"}
{"time":"2026-09-28T23:27:57.603977-03:00","level":"INFO","msg":"run","name":"github.com/alexandre/wagering/internal/app/usecase.NewPublishOutbox()","kind":"provide","runtime":"14.584µs","module":"usecase"}
{"time":"2026-09-28T23:27:57.604058-03:00","level":"INFO","msg":"invoking","function":"github.com/alexandre/wagering/internal/infra/reference.init.func1()","module":"reference"}
{"time":"2026-09-28T23:27:57.604234-03:00","level":"INFO","msg":"run","name":"github.com/alexandre/wagering/internal/app/usecase.NewProcessPendingReferences()","kind":"provide","runtime":"14.458µs","module":"usecase"}
{"time":"2026-09-28T23:27:57.604323-03:00","level":"INFO","msg":"invoking","function":"github.com/alexandre/wagering/internal/transport/httpapi.init.func1()","module":"httpapi"}
{"time":"2026-09-28T23:27:57.6045-03:00","level":"INFO","msg":"run","name":"github.com/alexandre/wagering/internal/app/usecase.NewOpenWallet()","kind":"provide","runtime":"13.417µs","module":"usecase"}
{"time":"2026-09-28T23:27:57.604538-03:00","level":"INFO","msg":"run","name":"github.com/alexandre/wagering/internal/app/usecase.NewGetWallet()","kind":"provide","runtime":"9.875µs","module":"usecase"}
{"time":"2026-09-28T23:27:57.604576-03:00","level":"INFO","msg":"run","name":"github.com/alexandre/wagering/internal/app/usecase.NewListLedger()","kind":"provide","runtime":"10.709µs","module":"usecase"}
{"time":"2026-09-28T23:27:57.604615-03:00","level":"INFO","msg":"run","name":"github.com/alexandre/wagering/internal/app/usecase.NewReconcileWallet()","kind":"provide","runtime":"10.334µs","module":"usecase"}
{"time":"2026-09-28T23:27:57.604656-03:00","level":"INFO","msg":"run","name":"github.com/alexandre/wagering/internal/app/usecase.NewGetTransaction()","kind":"provide","runtime":"13.042µs","module":"usecase"}
{"time":"2026-09-28T23:27:57.6049-03:00","level":"INFO","msg":"run","name":"github.com/alexandre/wagering/internal/infra/auth.NewVerifier()","kind":"provide","runtime":"214.875µs","module":"auth"}
{"time":"2026-09-28T23:27:57.60498-03:00","level":"INFO","msg":"run","name":"fx.Annotate(github.com/alexandre/wagering/internal/infra/postgres.NewReadiness(), fx.ResultTags([\"group:\\\"readiness\\\"\"]), fx.As([[port.ReadinessChecker]])","kind":"provide","runtime":"46.959µs","module":"postgres"}
{"time":"2026-09-28T23:27:57.605061-03:00","level":"INFO","msg":"run","name":"fx.Annotate(github.com/alexandre/wagering/internal/infra/sqs.NewReadiness(), fx.ResultTags([\"group:\\\"readiness\\\"\"]), fx.As([[port.ReadinessChecker]])","kind":"provide","runtime":"41.5µs","module":"sqs"}
{"time":"2026-09-28T23:27:57.605389-03:00","level":"INFO","msg":"run","name":"github.com/alexandre/wagering/internal/transport/httpapi.NewServer()","kind":"provide","runtime":"299.458µs","module":"httpapi"}
{"time":"2026-09-28T23:27:57.605463-03:00","level":"INFO","msg":"invoking","function":"github.com/alexandre/wagering/internal/platform/worker.(*Group).Install()"}
{"time":"2026-09-28T23:27:57.605632-03:00","level":"INFO","msg":"invoking","function":"reflect.makeFuncStub()"}
{"time":"2026-09-28T23:27:57.605796-03:00","level":"INFO","msg":"OnStart hook executing","callee":"github.com/alexandre/wagering/internal/infra/postgres.NewPool.func1()","caller":"github.com/alexandre/wagering/internal/infra/postgres.NewPool"}
{"time":"2026-09-28T23:27:57.623782-03:00","level":"INFO","msg":"OnStart hook executed","callee":"github.com/alexandre/wagering/internal/infra/postgres.NewPool.func1()","caller":"github.com/alexandre/wagering/internal/infra/postgres.NewPool","runtime":"17.885333ms"}
{"time":"2026-09-28T23:27:57.624092-03:00","level":"INFO","msg":"OnStart hook executing","callee":"github.com/alexandre/wagering/internal/infra/sqs.init.func1.1()","caller":"github.com/alexandre/wagering/internal/infra/sqs.init.func1"}
{"time":"2026-09-28T23:27:57.631879-03:00","level":"INFO","msg":"OnStart hook executed","callee":"github.com/alexandre/wagering/internal/infra/sqs.init.func1.1()","caller":"github.com/alexandre/wagering/internal/infra/sqs.init.func1","runtime":"7.726917ms"}
{"time":"2026-09-28T23:27:57.631938-03:00","level":"INFO","msg":"OnStart hook executing","callee":"github.com/alexandre/wagering/internal/infra/auth.NewVerifier.func1()","caller":"github.com/alexandre/wagering/internal/infra/auth.NewVerifier"}
{"time":"2026-09-28T23:27:57.637606-03:00","level":"INFO","msg":"OnStart hook executed","callee":"github.com/alexandre/wagering/internal/infra/auth.NewVerifier.func1()","caller":"github.com/alexandre/wagering/internal/infra/auth.NewVerifier","runtime":"5.648208ms"}
{"time":"2026-09-28T23:27:57.637664-03:00","level":"INFO","msg":"OnStart hook executing","callee":"github.com/alexandre/wagering/internal/transport/httpapi.NewServer.func7()","caller":"github.com/alexandre/wagering/internal/transport/httpapi.NewServer"}
{"time":"2026-09-28T23:27:57.637739-03:00","level":"INFO","msg":"OnStart hook executed","callee":"github.com/alexandre/wagering/internal/transport/httpapi.NewServer.func7()","caller":"github.com/alexandre/wagering/internal/transport/httpapi.NewServer","runtime":"56.917µs"}
{"time":"2026-09-28T23:27:57.637785-03:00","level":"INFO","msg":"OnStart hook executing","callee":"github.com/alexandre/wagering/internal/platform/worker.(*Group).Install.func1()","caller":"github.com/alexandre/wagering/internal/platform/worker.(*Group).Install"}
{"time":"2026-09-28T23:27:57.637818-03:00","level":"INFO","msg":"worker started","worker":"dlq-monitor"}
{"time":"2026-09-28T23:27:57.637822-03:00","level":"INFO","msg":"worker started","worker":"outbox-publisher"}
{"time":"2026-09-28T23:27:57.637827-03:00","level":"INFO","msg":"worker started","worker":"http"}
{"time":"2026-09-28T23:27:57.63784-03:00","level":"INFO","msg":"worker started","worker":"reference-worker"}
{"time":"2026-09-28T23:27:57.637823-03:00","level":"INFO","msg":"OnStart hook executed","callee":"github.com/alexandre/wagering/internal/platform/worker.(*Group).Install.func1()","caller":"github.com/alexandre/wagering/internal/platform/worker.(*Group).Install","runtime":"20.75µs"}
{"time":"2026-09-28T23:27:57.637865-03:00","level":"INFO","msg":"started"}
{"time":"2026-09-28T23:27:57.637842-03:00","level":"INFO","msg":"worker started","worker":"sqs-consumer"}
{"time":"2026-09-28T23:27:57.637925-03:00","level":"INFO","msg":"OnStop hook executing","callee":"github.com/alexandre/wagering/internal/platform/worker.(*Group).Install.func2()","caller":"github.com/alexandre/wagering/internal/platform/worker.(*Group).Install"}
{"time":"2026-09-28T23:27:57.637973-03:00","level":"INFO","msg":"worker stopped","worker":"outbox-publisher"}
{"time":"2026-09-28T23:27:57.63798-03:00","level":"INFO","msg":"worker stopped","worker":"dlq-monitor"}
{"time":"2026-09-28T23:27:57.637983-03:00","level":"INFO","msg":"worker stopped","worker":"reference-worker"}
{"time":"2026-09-28T23:27:57.638032-03:00","level":"INFO","msg":"worker stopped","worker":"http"}
{"time":"2026-09-28T23:28:17.646267-03:00","level":"INFO","msg":"worker stopped","worker":"sqs-consumer"}
{"time":"2026-09-28T23:28:17.646434-03:00","level":"INFO","msg":"OnStop hook executed","callee":"github.com/alexandre/wagering/internal/platform/worker.(*Group).Install.func2()","caller":"github.com/alexandre/wagering/internal/platform/worker.(*Group).Install","runtime":"20.008408916s"}
{"time":"2026-09-28T23:28:17.646653-03:00","level":"INFO","msg":"OnStop hook executing","callee":"github.com/alexandre/wagering/internal/transport/httpapi.NewServer.func8()","caller":"github.com/alexandre/wagering/internal/transport/httpapi.NewServer"}
{"time":"2026-09-28T23:28:17.646728-03:00","level":"INFO","msg":"OnStop hook executed","callee":"github.com/alexandre/wagering/internal/transport/httpapi.NewServer.func8()","caller":"github.com/alexandre/wagering/internal/transport/httpapi.NewServer","runtime":"22.875µs"}
{"time":"2026-09-28T23:28:17.646867-03:00","level":"INFO","msg":"OnStop hook executing","callee":"github.com/alexandre/wagering/internal/infra/auth.NewVerifier.func2()","caller":"github.com/alexandre/wagering/internal/infra/auth.NewVerifier"}
{"time":"2026-09-28T23:28:17.647113-03:00","level":"INFO","msg":"OnStop hook executed","callee":"github.com/alexandre/wagering/internal/infra/auth.NewVerifier.func2()","caller":"github.com/alexandre/wagering/internal/infra/auth.NewVerifier","runtime":"188.958µs"}
{"time":"2026-09-28T23:28:17.647267-03:00","level":"INFO","msg":"OnStop hook executing","callee":"github.com/alexandre/wagering/internal/infra/postgres.NewPool.func2()","caller":"github.com/alexandre/wagering/internal/infra/postgres.NewPool"}
{"time":"2026-09-28T23:28:17.64765-03:00","level":"INFO","msg":"OnStop hook executed","callee":"github.com/alexandre/wagering/internal/infra/postgres.NewPool.func2()","caller":"github.com/alexandre/wagering/internal/infra/postgres.NewPool","runtime":"265.833µs"}
--- PASS: TestRealFxStartStop (20.05s)
=== RUN   TestJWKSStartupFailureClosesDatabase
{"time":"2026-09-28T23:28:17.65546-03:00","level":"INFO","msg":"provided","constructor":"go.uber.org/fx.New.func1()","stacktrace":{"0":"go.uber.org/fx.New (/Users/alexandre/go/pkg/mod/go.uber.org/fx@v1.23.0/app.go:486)","1":"github.com/alexandre/wagering/cmd/wagering.TestJWKSStartupFailureClosesDatabase (/Users/alexandre/wagering/cmd/wagering/lifecycle_integration_test.go:43)","2":"testing.tRunner (/opt/homebrew/Cellar/go/1.27.1/libexec/src/testing/testing.go:2193)"},"moduletrace":{"0":"go.uber.org/fx.New (/Users/alexandre/go/pkg/mod/go.uber.org/fx@v1.23.0/app.go:486)","1":"github.com/alexandre/wagering/cmd/wagering.TestJWKSStartupFailureClosesDatabase (/Users/alexandre/wagering/cmd/wagering/lifecycle_integration_test.go:43)"},"type":"fx.Lifecycle"}
{"time":"2026-09-28T23:28:17.655569-03:00","level":"INFO","msg":"provided","constructor":"go.uber.org/fx.(*App).shutdowner-fm()","stacktrace":{"0":"go.uber.org/fx.New (/Users/alexandre/go/pkg/mod/go.uber.org/fx@v1.23.0/app.go:486)","1":"github.com/alexandre/wagering/cmd/wagering.TestJWKSStartupFailureClosesDatabase (/Users/alexandre/wagering/cmd/wagering/lifecycle_integration_test.go:43)","2":"testing.tRunner (/opt/homebrew/Cellar/go/1.27.1/libexec/src/testing/testing.go:2193)"},"moduletrace":{"0":"go.uber.org/fx.New (/Users/alexandre/go/pkg/mod/go.uber.org/fx@v1.23.0/app.go:486)","1":"github.com/alexandre/wagering/cmd/wagering.TestJWKSStartupFailureClosesDatabase (/Users/alexandre/wagering/cmd/wagering/lifecycle_integration_test.go:43)"},"type":"fx.Shutdowner"}
{"time":"2026-09-28T23:28:17.655629-03:00","level":"INFO","msg":"provided","constructor":"go.uber.org/fx.(*App).dotGraph-fm()","stacktrace":{"0":"go.uber.org/fx.New (/Users/alexandre/go/pkg/mod/go.uber.org/fx@v1.23.0/app.go:486)","1":"github.com/alexandre/wagering/cmd/wagering.TestJWKSStartupFailureClosesDatabase (/Users/alexandre/wagering/cmd/wagering/lifecycle_integration_test.go:43)","2":"testing.tRunner (/opt/homebrew/Cellar/go/1.27.1/libexec/src/testing/testing.go:2193)"},"moduletrace":{"0":"go.uber.org/fx.New (/Users/alexandre/go/pkg/mod/go.uber.org/fx@v1.23.0/app.go:486)","1":"github.com/alexandre/wagering/cmd/wagering.TestJWKSStartupFailureClosesDatabase (/Users/alexandre/wagering/cmd/wagering/lifecycle_integration_test.go:43)"},"type":"fx.DotGraph"}
{"time":"2026-09-28T23:28:17.655687-03:00","level":"INFO","msg":"provided","constructor":"github.com/alexandre/wagering/internal/infra/config.Load()","stacktrace":{"0":"github.com/alexandre/wagering/cmd/wagering.Options (/Users/alexandre/wagering/cmd/wagering/app.go:29)","1":"github.com/alexandre/wagering/cmd/wagering.TestJWKSStartupFailureClosesDatabase (/Users/alexandre/wagering/cmd/wagering/lifecycle_integration_test.go:43)","2":"testing.tRunner (/opt/homebrew/Cellar/go/1.27.1/libexec/src/testing/testing.go:2193)"},"moduletrace":{"0":"github.com/alexandre/wagering/cmd/wagering.Options (/Users/alexandre/wagering/cmd/wagering/app.go:29)","1":"github.com/alexandre/wagering/cmd/wagering.TestJWKSStartupFailureClosesDatabase (/Users/alexandre/wagering/cmd/wagering/lifecycle_integration_test.go:43)"},"type":"config.Config"}
{"time":"2026-09-28T23:28:17.655741-03:00","level":"INFO","msg":"provided","constructor":"github.com/alexandre/wagering/internal/platform/logging.New()","stacktrace":{"0":"github.com/alexandre/wagering/cmd/wagering.Options (/Users/alexandre/wagering/cmd/wagering/app.go:29)","1":"github.com/alexandre/wagering/cmd/wagering.TestJWKSStartupFailureClosesDatabase (/Users/alexandre/wagering/cmd/wagering/lifecycle_integration_test.go:43)","2":"testing.tRunner (/opt/homebrew/Cellar/go/1.27.1/libexec/src/testing/testing.go:2193)"},"moduletrace":{"0":"github.com/alexandre/wagering/cmd/wagering.Options (/Users/alexandre/wagering/cmd/wagering/app.go:29)","1":"github.com/alexandre/wagering/cmd/wagering.TestJWKSStartupFailureClosesDatabase (/Users/alexandre/wagering/cmd/wagering/lifecycle_integration_test.go:43)"},"type":"*slog.Logger"}
{"time":"2026-09-28T23:28:17.655796-03:00","level":"INFO","msg":"provided","constructor":"github.com/alexandre/wagering/internal/platform/worker.NewGroup()","stacktrace":{"0":"github.com/alexandre/wagering/cmd/wagering.Options (/Users/alexandre/wagering/cmd/wagering/app.go:29)","1":"github.com/alexandre/wagering/cmd/wagering.TestJWKSStartupFailureClosesDatabase (/Users/alexandre/wagering/cmd/wagering/lifecycle_integration_test.go:43)","2":"testing.tRunner (/opt/homebrew/Cellar/go/1.27.1/libexec/src/testing/testing.go:2193)"},"moduletrace":{"0":"github.com/alexandre/wagering/cmd/wagering.Options (/Users/alexandre/wagering/cmd/wagering/app.go:29)","1":"github.com/alexandre/wagering/cmd/wagering.TestJWKSStartupFailureClosesDatabase (/Users/alexandre/wagering/cmd/wagering/lifecycle_integration_test.go:43)"},"type":"*worker.Group"}
{"time":"2026-09-28T23:28:17.65585-03:00","level":"INFO","msg":"provided","constructor":"fx.Annotate(github.com/alexandre/wagering/internal/platform/sys.init.func1(), fx.As([[port.Clock]])","stacktrace":{"0":"github.com/alexandre/wagering/internal/platform/sys.init (/Users/alexandre/wagering/internal/platform/sys/sys.go:26)","1":"runtime.doInit1 (/opt/homebrew/Cellar/go/1.27.1/libexec/src/runtime/proc.go:8154)","2":"runtime.doInit (/opt/homebrew/Cellar/go/1.27.1/libexec/src/runtime/proc.go:8121)","3":"runtime.main (/opt/homebrew/Cellar/go/1.27.1/libexec/src/runtime/proc.go:269)"},"moduletrace":{"0":"github.com/alexandre/wagering/internal/platform/sys.init (/Users/alexandre/wagering/internal/platform/sys/sys.go:26)","1":"github.com/alexandre/wagering/internal/platform/sys.init (/Users/alexandre/wagering/internal/platform/sys/sys.go:26) (sys)","2":"github.com/alexandre/wagering/cmd/wagering.TestJWKSStartupFailureClosesDatabase (/Users/alexandre/wagering/cmd/wagering/lifecycle_integration_test.go:43)"},"module":"sys","type":"port.Clock"}
{"time":"2026-09-28T23:28:17.65592-03:00","level":"INFO","msg":"provided","constructor":"fx.Annotate(github.com/alexandre/wagering/internal/platform/sys.init.func2(), fx.As([[port.IDGenerator]])","stacktrace":{"0":"github.com/alexandre/wagering/internal/platform/sys.init (/Users/alexandre/wagering/internal/platform/sys/sys.go:26)","1":"runtime.doInit1 (/opt/homebrew/Cellar/go/1.27.1/libexec/src/runtime/proc.go:8154)","2":"runtime.doInit (/opt/homebrew/Cellar/go/1.27.1/libexec/src/runtime/proc.go:8121)","3":"runtime.main (/opt/homebrew/Cellar/go/1.27.1/libexec/src/runtime/proc.go:269)"},"moduletrace":{"0":"github.com/alexandre/wagering/internal/platform/sys.init (/Users/alexandre/wagering/internal/platform/sys/sys.go:26)","1":"github.com/alexandre/wagering/internal/platform/sys.init (/Users/alexandre/wagering/internal/platform/sys/sys.go:26) (sys)","2":"github.com/alexandre/wagering/cmd/wagering.TestJWKSStartupFailureClosesDatabase (/Users/alexandre/wagering/cmd/wagering/lifecycle_integration_test.go:43)"},"module":"sys","type":"port.IDGenerator"}
{"time":"2026-09-28T23:28:17.655978-03:00","level":"INFO","msg":"provided","constructor":"github.com/alexandre/wagering/internal/platform/metrics.New()","stacktrace":{"0":"github.com/alexandre/wagering/internal/platform/metrics.init (/Users/alexandre/wagering/internal/platform/metrics/metrics.go:51)","1":"runtime.doInit1 (/opt/homebrew/Cellar/go/1.27.1/libexec/src/runtime/proc.go:8154)","2":"runtime.doInit (/opt/homebrew/Cellar/go/1.27.1/libexec/src/runtime/proc.go:8121)","3":"runtime.main (/opt/homebrew/Cellar/go/1.27.1/libexec/src/runtime/proc.go:269)"},"moduletrace":{"0":"github.com/alexandre/wagering/internal/platform/metrics.init (/Users/alexandre/wagering/internal/platform/metrics/metrics.go:51)","1":"github.com/alexandre/wagering/internal/platform/metrics.init (/Users/alexandre/wagering/internal/platform/metrics/metrics.go:51) (metrics)","2":"github.com/alexandre/wagering/cmd/wagering.TestJWKSStartupFailureClosesDatabase (/Users/alexandre/wagering/cmd/wagering/lifecycle_integration_test.go:43)"},"module":"metrics","type":"*metrics.Recorder"}
{"time":"2026-09-28T23:28:17.65605-03:00","level":"INFO","msg":"provided","constructor":"github.com/alexandre/wagering/internal/platform/metrics.init.func1()","stacktrace":{"0":"github.com/alexandre/wagering/internal/platform/metrics.init (/Users/alexandre/wagering/internal/platform/metrics/metrics.go:51)","1":"runtime.doInit1 (/opt/homebrew/Cellar/go/1.27.1/libexec/src/runtime/proc.go:8154)","2":"runtime.doInit (/opt/homebrew/Cellar/go/1.27.1/libexec/src/runtime/proc.go:8121)","3":"runtime.main (/opt/homebrew/Cellar/go/1.27.1/libexec/src/runtime/proc.go:269)"},"moduletrace":{"0":"github.com/alexandre/wagering/internal/platform/metrics.init (/Users/alexandre/wagering/internal/platform/metrics/metrics.go:51)","1":"github.com/alexandre/wagering/internal/platform/metrics.init (/Users/alexandre/wagering/internal/platform/metrics/metrics.go:51) (metrics)","2":"github.com/alexandre/wagering/cmd/wagering.TestJWKSStartupFailureClosesDatabase (/Users/alexandre/wagering/cmd/wagering/lifecycle_integration_test.go:43)"},"module":"metrics","type":"port.Metrics"}
{"time":"2026-09-28T23:28:17.656116-03:00","level":"INFO","msg":"provided","constructor":"github.com/alexandre/wagering/internal/infra/postgres.NewPool()","stacktrace":{"0":"github.com/alexandre/wagering/internal/infra/postgres.init (/Users/alexandre/wagering/internal/infra/postgres/module.go:16)","1":"runtime.doInit1 (/opt/homebrew/Cellar/go/1.27.1/libexec/src/runtime/proc.go:8154)","2":"runtime.doInit (/opt/homebrew/Cellar/go/1.27.1/libexec/src/runtime/proc.go:8121)","3":"runtime.main (/opt/homebrew/Cellar/go/1.27.1/libexec/src/runtime/proc.go:269)"},"moduletrace":{"0":"github.com/alexandre/wagering/internal/infra/postgres.init (/Users/alexandre/wagering/internal/infra/postgres/module.go:16)","1":"github.com/alexandre/wagering/internal/infra/postgres.init (/Users/alexandre/wagering/internal/infra/postgres/module.go:15) (postgres)","2":"github.com/alexandre/wagering/cmd/wagering.TestJWKSStartupFailureClosesDatabase (/Users/alexandre/wagering/cmd/wagering/lifecycle_integration_test.go:43)"},"module":"postgres","type":"*pgxpool.Pool"}
{"time":"2026-09-28T23:28:17.656185-03:00","level":"INFO","msg":"provided","constructor":"fx.Annotate(github.com/alexandre/wagering/internal/infra/postgres.NewUnitOfWork(), fx.As([[port.UnitOfWork]])","stacktrace":{"0":"github.com/alexandre/wagering/internal/infra/postgres.init (/Users/alexandre/wagering/internal/infra/postgres/module.go:16)","1":"runtime.doInit1 (/opt/homebrew/Cellar/go/1.27.1/libexec/src/runtime/proc.go:8154)","2":"runtime.doInit (/opt/homebrew/Cellar/go/1.27.1/libexec/src/runtime/proc.go:8121)","3":"runtime.main (/opt/homebrew/Cellar/go/1.27.1/libexec/src/runtime/proc.go:269)"},"moduletrace":{"0":"github.com/alexandre/wagering/internal/infra/postgres.init (/Users/alexandre/wagering/internal/infra/postgres/module.go:16)","1":"github.com/alexandre/wagering/internal/infra/postgres.init (/Users/alexandre/wagering/internal/infra/postgres/module.go:15) (postgres)","2":"github.com/alexandre/wagering/cmd/wagering.TestJWKSStartupFailureClosesDatabase (/Users/alexandre/wagering/cmd/wagering/lifecycle_integration_test.go:43)"},"module":"postgres","type":"port.UnitOfWork"}
{"time":"2026-09-28T23:28:17.656245-03:00","level":"INFO","msg":"provided","constructor":"fx.Annotate(github.com/alexandre/wagering/internal/infra/postgres.NewReadiness(), fx.ResultTags([\"group:\\\"readiness\\\"\"]), fx.As([[port.ReadinessChecker]])","stacktrace":{"0":"github.com/alexandre/wagering/internal/infra/postgres.init (/Users/alexandre/wagering/internal/infra/postgres/module.go:16)","1":"runtime.doInit1 (/opt/homebrew/Cellar/go/1.27.1/libexec/src/runtime/proc.go:8154)","2":"runtime.doInit (/opt/homebrew/Cellar/go/1.27.1/libexec/src/runtime/proc.go:8121)","3":"runtime.main (/opt/homebrew/Cellar/go/1.27.1/libexec/src/runtime/proc.go:269)"},"moduletrace":{"0":"github.com/alexandre/wagering/internal/infra/postgres.init (/Users/alexandre/wagering/internal/infra/postgres/module.go:16)","1":"github.com/alexandre/wagering/internal/infra/postgres.init (/Users/alexandre/wagering/internal/infra/postgres/module.go:15) (postgres)","2":"github.com/alexandre/wagering/cmd/wagering.TestJWKSStartupFailureClosesDatabase (/Users/alexandre/wagering/cmd/wagering/lifecycle_integration_test.go:43)"},"module":"postgres","type":"port.ReadinessChecker[group = \"readiness\"]"}
{"time":"2026-09-28T23:28:17.656313-03:00","level":"INFO","msg":"provided","constructor":"github.com/alexandre/wagering/internal/infra/auth.NewVerifier()","stacktrace":{"0":"github.com/alexandre/wagering/internal/infra/auth.init (/Users/alexandre/wagering/internal/infra/auth/verifier.go:162)","1":"runtime.doInit1 (/opt/homebrew/Cellar/go/1.27.1/libexec/src/runtime/proc.go:8154)","2":"runtime.doInit (/opt/homebrew/Cellar/go/1.27.1/libexec/src/runtime/proc.go:8121)","3":"runtime.main (/opt/homebrew/Cellar/go/1.27.1/libexec/src/runtime/proc.go:269)"},"moduletrace":{"0":"github.com/alexandre/wagering/internal/infra/auth.init (/Users/alexandre/wagering/internal/infra/auth/verifier.go:162)","1":"github.com/alexandre/wagering/internal/infra/auth.init (/Users/alexandre/wagering/internal/infra/auth/verifier.go:162) (auth)","2":"github.com/alexandre/wagering/cmd/wagering.TestJWKSStartupFailureClosesDatabase (/Users/alexandre/wagering/cmd/wagering/lifecycle_integration_test.go:43)"},"module":"auth","type":"*auth.Verifier"}
{"time":"2026-09-28T23:28:17.656381-03:00","level":"INFO","msg":"provided","constructor":"github.com/alexandre/wagering/internal/app/usecase.NewOpenWallet()","stacktrace":{"0":"github.com/alexandre/wagering/internal/app/usecase.init (/Users/alexandre/wagering/internal/app/usecase/module.go:10)","1":"runtime.doInit1 (/opt/homebrew/Cellar/go/1.27.1/libexec/src/runtime/proc.go:8154)","2":"runtime.doInit (/opt/homebrew/Cellar/go/1.27.1/libexec/src/runtime/proc.go:8121)","3":"runtime.main (/opt/homebrew/Cellar/go/1.27.1/libexec/src/runtime/proc.go:269)"},"moduletrace":{"0":"github.com/alexandre/wagering/internal/app/usecase.init (/Users/alexandre/wagering/internal/app/usecase/module.go:10)","1":"github.com/alexandre/wagering/internal/app/usecase.init (/Users/alexandre/wagering/internal/app/usecase/module.go:9) (usecase)","2":"github.com/alexandre/wagering/cmd/wagering.TestJWKSStartupFailureClosesDatabase (/Users/alexandre/wagering/cmd/wagering/lifecycle_integration_test.go:43)"},"module":"usecase","type":"*usecase.OpenWallet"}
{"time":"2026-09-28T23:28:17.656443-03:00","level":"INFO","msg":"provided","constructor":"github.com/alexandre/wagering/internal/app/usecase.NewGetWallet()","stacktrace":{"0":"github.com/alexandre/wagering/internal/app/usecase.init (/Users/alexandre/wagering/internal/app/usecase/module.go:10)","1":"runtime.doInit1 (/opt/homebrew/Cellar/go/1.27.1/libexec/src/runtime/proc.go:8154)","2":"runtime.doInit (/opt/homebrew/Cellar/go/1.27.1/libexec/src/runtime/proc.go:8121)","3":"runtime.main (/opt/homebrew/Cellar/go/1.27.1/libexec/src/runtime/proc.go:269)"},"moduletrace":{"0":"github.com/alexandre/wagering/internal/app/usecase.init (/Users/alexandre/wagering/internal/app/usecase/module.go:10)","1":"github.com/alexandre/wagering/internal/app/usecase.init (/Users/alexandre/wagering/internal/app/usecase/module.go:9) (usecase)","2":"github.com/alexandre/wagering/cmd/wagering.TestJWKSStartupFailureClosesDatabase (/Users/alexandre/wagering/cmd/wagering/lifecycle_integration_test.go:43)"},"module":"usecase","type":"*usecase.GetWallet"}
{"time":"2026-09-28T23:28:17.656499-03:00","level":"INFO","msg":"provided","constructor":"github.com/alexandre/wagering/internal/app/usecase.NewListLedger()","stacktrace":{"0":"github.com/alexandre/wagering/internal/app/usecase.init (/Users/alexandre/wagering/internal/app/usecase/module.go:10)","1":"runtime.doInit1 (/opt/homebrew/Cellar/go/1.27.1/libexec/src/runtime/proc.go:8154)","2":"runtime.doInit (/opt/homebrew/Cellar/go/1.27.1/libexec/src/runtime/proc.go:8121)","3":"runtime.main (/opt/homebrew/Cellar/go/1.27.1/libexec/src/runtime/proc.go:269)"},"moduletrace":{"0":"github.com/alexandre/wagering/internal/app/usecase.init (/Users/alexandre/wagering/internal/app/usecase/module.go:10)","1":"github.com/alexandre/wagering/internal/app/usecase.init (/Users/alexandre/wagering/internal/app/usecase/module.go:9) (usecase)","2":"github.com/alexandre/wagering/cmd/wagering.TestJWKSStartupFailureClosesDatabase (/Users/alexandre/wagering/cmd/wagering/lifecycle_integration_test.go:43)"},"module":"usecase","type":"*usecase.ListLedger"}
{"time":"2026-09-28T23:28:17.656561-03:00","level":"INFO","msg":"provided","constructor":"github.com/alexandre/wagering/internal/app/usecase.NewReconcileWallet()","stacktrace":{"0":"github.com/alexandre/wagering/internal/app/usecase.init (/Users/alexandre/wagering/internal/app/usecase/module.go:10)","1":"runtime.doInit1 (/opt/homebrew/Cellar/go/1.27.1/libexec/src/runtime/proc.go:8154)","2":"runtime.doInit (/opt/homebrew/Cellar/go/1.27.1/libexec/src/runtime/proc.go:8121)","3":"runtime.main (/opt/homebrew/Cellar/go/1.27.1/libexec/src/runtime/proc.go:269)"},"moduletrace":{"0":"github.com/alexandre/wagering/internal/app/usecase.init (/Users/alexandre/wagering/internal/app/usecase/module.go:10)","1":"github.com/alexandre/wagering/internal/app/usecase.init (/Users/alexandre/wagering/internal/app/usecase/module.go:9) (usecase)","2":"github.com/alexandre/wagering/cmd/wagering.TestJWKSStartupFailureClosesDatabase (/Users/alexandre/wagering/cmd/wagering/lifecycle_integration_test.go:43)"},"module":"usecase","type":"*usecase.ReconcileWallet"}
{"time":"2026-09-28T23:28:17.656623-03:00","level":"INFO","msg":"provided","constructor":"github.com/alexandre/wagering/internal/app/usecase.NewSubmitTransaction()","stacktrace":{"0":"github.com/alexandre/wagering/internal/app/usecase.init (/Users/alexandre/wagering/internal/app/usecase/module.go:10)","1":"runtime.doInit1 (/opt/homebrew/Cellar/go/1.27.1/libexec/src/runtime/proc.go:8154)","2":"runtime.doInit (/opt/homebrew/Cellar/go/1.27.1/libexec/src/runtime/proc.go:8121)","3":"runtime.main (/opt/homebrew/Cellar/go/1.27.1/libexec/src/runtime/proc.go:269)"},"moduletrace":{"0":"github.com/alexandre/wagering/internal/app/usecase.init (/Users/alexandre/wagering/internal/app/usecase/module.go:10)","1":"github.com/alexandre/wagering/internal/app/usecase.init (/Users/alexandre/wagering/internal/app/usecase/module.go:9) (usecase)","2":"github.com/alexandre/wagering/cmd/wagering.TestJWKSStartupFailureClosesDatabase (/Users/alexandre/wagering/cmd/wagering/lifecycle_integration_test.go:43)"},"module":"usecase","type":"*usecase.SubmitTransaction"}
{"time":"2026-09-28T23:28:17.656688-03:00","level":"INFO","msg":"provided","constructor":"github.com/alexandre/wagering/internal/app/usecase.NewGetTransaction()","stacktrace":{"0":"github.com/alexandre/wagering/internal/app/usecase.init (/Users/alexandre/wagering/internal/app/usecase/module.go:10)","1":"runtime.doInit1 (/opt/homebrew/Cellar/go/1.27.1/libexec/src/runtime/proc.go:8154)","2":"runtime.doInit (/opt/homebrew/Cellar/go/1.27.1/libexec/src/runtime/proc.go:8121)","3":"runtime.main (/opt/homebrew/Cellar/go/1.27.1/libexec/src/runtime/proc.go:269)"},"moduletrace":{"0":"github.com/alexandre/wagering/internal/app/usecase.init (/Users/alexandre/wagering/internal/app/usecase/module.go:10)","1":"github.com/alexandre/wagering/internal/app/usecase.init (/Users/alexandre/wagering/internal/app/usecase/module.go:9) (usecase)","2":"github.com/alexandre/wagering/cmd/wagering.TestJWKSStartupFailureClosesDatabase (/Users/alexandre/wagering/cmd/wagering/lifecycle_integration_test.go:43)"},"module":"usecase","type":"*usecase.GetTransaction"}
{"time":"2026-09-28T23:28:17.656744-03:00","level":"INFO","msg":"provided","constructor":"github.com/alexandre/wagering/internal/app/usecase.NewProcessPendingReferences()","stacktrace":{"0":"github.com/alexandre/wagering/internal/app/usecase.init (/Users/alexandre/wagering/internal/app/usecase/module.go:10)","1":"runtime.doInit1 (/opt/homebrew/Cellar/go/1.27.1/libexec/src/runtime/proc.go:8154)","2":"runtime.doInit (/opt/homebrew/Cellar/go/1.27.1/libexec/src/runtime/proc.go:8121)","3":"runtime.main (/opt/homebrew/Cellar/go/1.27.1/libexec/src/runtime/proc.go:269)"},"moduletrace":{"0":"github.com/alexandre/wagering/internal/app/usecase.init (/Users/alexandre/wagering/internal/app/usecase/module.go:10)","1":"github.com/alexandre/wagering/internal/app/usecase.init (/Users/alexandre/wagering/internal/app/usecase/module.go:9) (usecase)","2":"github.com/alexandre/wagering/cmd/wagering.TestJWKSStartupFailureClosesDatabase (/Users/alexandre/wagering/cmd/wagering/lifecycle_integration_test.go:43)"},"module":"usecase","type":"*usecase.ProcessPendingReferences"}
{"time":"2026-09-28T23:28:17.656801-03:00","level":"INFO","msg":"provided","constructor":"github.com/alexandre/wagering/internal/app/usecase.NewPublishOutbox()","stacktrace":{"0":"github.com/alexandre/wagering/internal/app/usecase.init (/Users/alexandre/wagering/internal/app/usecase/module.go:10)","1":"runtime.doInit1 (/opt/homebrew/Cellar/go/1.27.1/libexec/src/runtime/proc.go:8154)","2":"runtime.doInit (/opt/homebrew/Cellar/go/1.27.1/libexec/src/runtime/proc.go:8121)","3":"runtime.main (/opt/homebrew/Cellar/go/1.27.1/libexec/src/runtime/proc.go:269)"},"moduletrace":{"0":"github.com/alexandre/wagering/internal/app/usecase.init (/Users/alexandre/wagering/internal/app/usecase/module.go:10)","1":"github.com/alexandre/wagering/internal/app/usecase.init (/Users/alexandre/wagering/internal/app/usecase/module.go:9) (usecase)","2":"github.com/alexandre/wagering/cmd/wagering.TestJWKSStartupFailureClosesDatabase (/Users/alexandre/wagering/cmd/wagering/lifecycle_integration_test.go:43)"},"module":"usecase","type":"*usecase.PublishOutbox"}
{"time":"2026-09-28T23:28:17.65686-03:00","level":"INFO","msg":"provided","constructor":"fx.Annotate(github.com/alexandre/wagering/internal/app/usecase.NewConsumeWagerMessage(), fx.As([[port.MessageHandler]])","stacktrace":{"0":"github.com/alexandre/wagering/internal/app/usecase.init (/Users/alexandre/wagering/internal/app/usecase/module.go:10)","1":"runtime.doInit1 (/opt/homebrew/Cellar/go/1.27.1/libexec/src/runtime/proc.go:8154)","2":"runtime.doInit (/opt/homebrew/Cellar/go/1.27.1/libexec/src/runtime/proc.go:8121)","3":"runtime.main (/opt/homebrew/Cellar/go/1.27.1/libexec/src/runtime/proc.go:269)"},"moduletrace":{"0":"github.com/alexandre/wagering/internal/app/usecase.init (/Users/alexandre/wagering/internal/app/usecase/module.go:10)","1":"github.com/alexandre/wagering/internal/app/usecase.init (/Users/alexandre/wagering/internal/app/usecase/module.go:9) (usecase)","2":"github.com/alexandre/wagering/cmd/wagering.TestJWKSStartupFailureClosesDatabase (/Users/alexandre/wagering/cmd/wagering/lifecycle_integration_test.go:43)"},"module":"usecase","type":"port.MessageHandler"}
{"time":"2026-09-28T23:28:17.656918-03:00","level":"INFO","msg":"provided","constructor":"github.com/alexandre/wagering/internal/infra/sqs.NewClient()","stacktrace":{"0":"github.com/alexandre/wagering/internal/infra/sqs.init (/Users/alexandre/wagering/internal/infra/sqs/module.go:20)","1":"runtime.doInit1 (/opt/homebrew/Cellar/go/1.27.1/libexec/src/runtime/proc.go:8154)","2":"runtime.doInit (/opt/homebrew/Cellar/go/1.27.1/libexec/src/runtime/proc.go:8121)","3":"runtime.main (/opt/homebrew/Cellar/go/1.27.1/libexec/src/runtime/proc.go:269)"},"moduletrace":{"0":"github.com/alexandre/wagering/internal/infra/sqs.init (/Users/alexandre/wagering/internal/infra/sqs/module.go:20)","1":"github.com/alexandre/wagering/internal/infra/sqs.init (/Users/alexandre/wagering/internal/infra/sqs/module.go:19) (sqs)","2":"github.com/alexandre/wagering/cmd/wagering.TestJWKSStartupFailureClosesDatabase (/Users/alexandre/wagering/cmd/wagering/lifecycle_integration_test.go:43)"},"module":"sqs","type":"*sqs.Client"}
{"time":"2026-09-28T23:28:17.656974-03:00","level":"INFO","msg":"provided","constructor":"fx.Annotate(github.com/alexandre/wagering/internal/infra/sqs.NewPublisher(), fx.As([[port.EventPublisher]])","stacktrace":{"0":"github.com/alexandre/wagering/internal/infra/sqs.init (/Users/alexandre/wagering/internal/infra/sqs/module.go:20)","1":"runtime.doInit1 (/opt/homebrew/Cellar/go/1.27.1/libexec/src/runtime/proc.go:8154)","2":"runtime.doInit (/opt/homebrew/Cellar/go/1.27.1/libexec/src/runtime/proc.go:8121)","3":"runtime.main (/opt/homebrew/Cellar/go/1.27.1/libexec/src/runtime/proc.go:269)"},"moduletrace":{"0":"github.com/alexandre/wagering/internal/infra/sqs.init (/Users/alexandre/wagering/internal/infra/sqs/module.go:20)","1":"github.com/alexandre/wagering/internal/infra/sqs.init (/Users/alexandre/wagering/internal/infra/sqs/module.go:19) (sqs)","2":"github.com/alexandre/wagering/cmd/wagering.TestJWKSStartupFailureClosesDatabase (/Users/alexandre/wagering/cmd/wagering/lifecycle_integration_test.go:43)"},"module":"sqs","type":"port.EventPublisher"}
{"time":"2026-09-28T23:28:17.657034-03:00","level":"INFO","msg":"provided","constructor":"fx.Annotate(github.com/alexandre/wagering/internal/infra/sqs.NewReadiness(), fx.ResultTags([\"group:\\\"readiness\\\"\"]), fx.As([[port.ReadinessChecker]])","stacktrace":{"0":"github.com/alexandre/wagering/internal/infra/sqs.init (/Users/alexandre/wagering/internal/infra/sqs/module.go:20)","1":"runtime.doInit1 (/opt/homebrew/Cellar/go/1.27.1/libexec/src/runtime/proc.go:8154)","2":"runtime.doInit (/opt/homebrew/Cellar/go/1.27.1/libexec/src/runtime/proc.go:8121)","3":"runtime.main (/opt/homebrew/Cellar/go/1.27.1/libexec/src/runtime/proc.go:269)"},"moduletrace":{"0":"github.com/alexandre/wagering/internal/infra/sqs.init (/Users/alexandre/wagering/internal/infra/sqs/module.go:20)","1":"github.com/alexandre/wagering/internal/infra/sqs.init (/Users/alexandre/wagering/internal/infra/sqs/module.go:19) (sqs)","2":"github.com/alexandre/wagering/cmd/wagering.TestJWKSStartupFailureClosesDatabase (/Users/alexandre/wagering/cmd/wagering/lifecycle_integration_test.go:43)"},"module":"sqs","type":"port.ReadinessChecker[group = \"readiness\"]"}
{"time":"2026-09-28T23:28:17.657115-03:00","level":"INFO","msg":"provided","constructor":"github.com/alexandre/wagering/internal/transport/httpapi.NewServer()","stacktrace":{"0":"github.com/alexandre/wagering/internal/transport/httpapi.init (/Users/alexandre/wagering/internal/transport/httpapi/module.go:21)","1":"runtime.doInit1 (/opt/homebrew/Cellar/go/1.27.1/libexec/src/runtime/proc.go:8154)","2":"runtime.doInit (/opt/homebrew/Cellar/go/1.27.1/libexec/src/runtime/proc.go:8121)","3":"runtime.main (/opt/homebrew/Cellar/go/1.27.1/libexec/src/runtime/proc.go:269)"},"moduletrace":{"0":"github.com/alexandre/wagering/internal/transport/httpapi.init (/Users/alexandre/wagering/internal/transport/httpapi/module.go:21)","1":"github.com/alexandre/wagering/internal/transport/httpapi.init (/Users/alexandre/wagering/internal/transport/httpapi/module.go:21) (httpapi)","2":"github.com/alexandre/wagering/cmd/wagering.TestJWKSStartupFailureClosesDatabase (/Users/alexandre/wagering/cmd/wagering/lifecycle_integration_test.go:43)"},"module":"httpapi","type":"*http.Server"}
{"time":"2026-09-28T23:28:17.657208-03:00","level":"INFO","msg":"run","name":"github.com/alexandre/wagering/internal/infra/config.Load()","kind":"provide","runtime":"67.458µs"}
{"time":"2026-09-28T23:28:17.657234-03:00","level":"INFO","msg":"run","name":"github.com/alexandre/wagering/internal/platform/logging.New()","kind":"provide","runtime":"28.583µs"}
{"time":"2026-09-28T23:28:17.657257-03:00","level":"INFO","msg":"initialized custom fxevent.Logger","function":"github.com/alexandre/wagering/cmd/wagering.Options.func1()"}
{"time":"2026-09-28T23:28:17.657333-03:00","level":"INFO","msg":"invoking","function":"github.com/alexandre/wagering/internal/infra/sqs.init.func1()","module":"sqs"}
{"time":"2026-09-28T23:28:17.657706-03:00","level":"INFO","msg":"run","name":"go.uber.org/fx.New.func1()","kind":"provide","runtime":"30.917µs"}
{"time":"2026-09-28T23:28:17.657794-03:00","level":"INFO","msg":"run","name":"go.uber.org/fx.(*App).shutdowner-fm()","kind":"provide","runtime":"16.542µs"}
{"time":"2026-09-28T23:28:17.657858-03:00","level":"INFO","msg":"run","name":"github.com/alexandre/wagering/internal/platform/worker.NewGroup()","kind":"provide","runtime":"24.25µs"}
{"time":"2026-09-28T23:28:17.658633-03:00","level":"INFO","msg":"run","name":"github.com/alexandre/wagering/internal/infra/sqs.NewClient()","kind":"provide","runtime":"725.292µs","module":"sqs"}
{"time":"2026-09-28T23:28:17.660252-03:00","level":"INFO","msg":"run","name":"github.com/alexandre/wagering/internal/infra/postgres.NewPool()","kind":"provide","runtime":"1.500791ms","module":"postgres"}
{"time":"2026-09-28T23:28:17.660369-03:00","level":"INFO","msg":"run","name":"fx.Annotate(github.com/alexandre/wagering/internal/infra/postgres.NewUnitOfWork(), fx.As([[port.UnitOfWork]])","kind":"provide","runtime":"54.958µs","module":"postgres"}
{"time":"2026-09-28T23:28:17.660448-03:00","level":"INFO","msg":"run","name":"fx.Annotate(github.com/alexandre/wagering/internal/platform/sys.init.func1(), fx.As([[port.Clock]])","kind":"provide","runtime":"29.042µs","module":"sys"}
{"time":"2026-09-28T23:28:17.66051-03:00","level":"INFO","msg":"run","name":"fx.Annotate(github.com/alexandre/wagering/internal/platform/sys.init.func2(), fx.As([[port.IDGenerator]])","kind":"provide","runtime":"24.125µs","module":"sys"}
{"time":"2026-09-28T23:28:17.660771-03:00","level":"INFO","msg":"run","name":"github.com/alexandre/wagering/internal/platform/metrics.New()","kind":"provide","runtime":"207.791µs","module":"metrics"}
{"time":"2026-09-28T23:28:17.66082-03:00","level":"INFO","msg":"run","name":"github.com/alexandre/wagering/internal/platform/metrics.init.func1()","kind":"provide","runtime":"12.917µs","module":"metrics"}
{"time":"2026-09-28T23:28:17.660868-03:00","level":"INFO","msg":"run","name":"github.com/alexandre/wagering/internal/app/usecase.NewSubmitTransaction()","kind":"provide","runtime":"20.5µs","module":"usecase"}
{"time":"2026-09-28T23:28:17.660933-03:00","level":"INFO","msg":"run","name":"fx.Annotate(github.com/alexandre/wagering/internal/app/usecase.NewConsumeWagerMessage(), fx.As([[port.MessageHandler]])","kind":"provide","runtime":"37.417µs","module":"usecase"}
{"time":"2026-09-28T23:28:17.661333-03:00","level":"INFO","msg":"invoking","function":"github.com/alexandre/wagering/internal/infra/outbox.init.func1()","module":"outbox"}
{"time":"2026-09-28T23:28:17.661659-03:00","level":"INFO","msg":"run","name":"fx.Annotate(github.com/alexandre/wagering/internal/infra/sqs.NewPublisher(), fx.As([[port.EventPublisher]])","kind":"provide","runtime":"36.458µs","module":"sqs"}
{"time":"2026-09-28T23:28:17.661703-03:00","level":"INFO","msg":"run","name":"github.com/alexandre/wagering/internal/app/usecase.NewPublishOutbox()","kind":"provide","runtime":"10.834µs","module":"usecase"}
{"time":"2026-09-28T23:28:17.661801-03:00","level":"INFO","msg":"invoking","function":"github.com/alexandre/wagering/internal/infra/reference.init.func1()","module":"reference"}
{"time":"2026-09-28T23:28:17.662004-03:00","level":"INFO","msg":"run","name":"github.com/alexandre/wagering/internal/app/usecase.NewProcessPendingReferences()","kind":"provide","runtime":"11.292µs","module":"usecase"}
{"time":"2026-09-28T23:28:17.662106-03:00","level":"INFO","msg":"invoking","function":"github.com/alexandre/wagering/internal/transport/httpapi.init.func1()","module":"httpapi"}
{"time":"2026-09-28T23:28:17.662327-03:00","level":"INFO","msg":"run","name":"github.com/alexandre/wagering/internal/app/usecase.NewOpenWallet()","kind":"provide","runtime":"13.166µs","module":"usecase"}
{"time":"2026-09-28T23:28:17.66237-03:00","level":"INFO","msg":"run","name":"github.com/alexandre/wagering/internal/app/usecase.NewGetWallet()","kind":"provide","runtime":"10µs","module":"usecase"}
{"time":"2026-09-28T23:28:17.66241-03:00","level":"INFO","msg":"run","name":"github.com/alexandre/wagering/internal/app/usecase.NewListLedger()","kind":"provide","runtime":"7.625µs","module":"usecase"}
{"time":"2026-09-28T23:28:17.662455-03:00","level":"INFO","msg":"run","name":"github.com/alexandre/wagering/internal/app/usecase.NewReconcileWallet()","kind":"provide","runtime":"8.958µs","module":"usecase"}
{"time":"2026-09-28T23:28:17.662501-03:00","level":"INFO","msg":"run","name":"github.com/alexandre/wagering/internal/app/usecase.NewGetTransaction()","kind":"provide","runtime":"10.458µs","module":"usecase"}
{"time":"2026-09-28T23:28:17.662706-03:00","level":"INFO","msg":"run","name":"github.com/alexandre/wagering/internal/infra/auth.NewVerifier()","kind":"provide","runtime":"168µs","module":"auth"}
{"time":"2026-09-28T23:28:17.662792-03:00","level":"INFO","msg":"run","name":"fx.Annotate(github.com/alexandre/wagering/internal/infra/postgres.NewReadiness(), fx.ResultTags([\"group:\\\"readiness\\\"\"]), fx.As([[port.ReadinessChecker]])","kind":"provide","runtime":"47.333µs","module":"postgres"}
{"time":"2026-09-28T23:28:17.662877-03:00","level":"INFO","msg":"run","name":"fx.Annotate(github.com/alexandre/wagering/internal/infra/sqs.NewReadiness(), fx.ResultTags([\"group:\\\"readiness\\\"\"]), fx.As([[port.ReadinessChecker]])","kind":"provide","runtime":"46.292µs","module":"sqs"}
{"time":"2026-09-28T23:28:17.663208-03:00","level":"INFO","msg":"run","name":"github.com/alexandre/wagering/internal/transport/httpapi.NewServer()","kind":"provide","runtime":"295.292µs","module":"httpapi"}
{"time":"2026-09-28T23:28:17.6633-03:00","level":"INFO","msg":"invoking","function":"github.com/alexandre/wagering/internal/platform/worker.(*Group).Install()"}
{"time":"2026-09-28T23:28:17.663522-03:00","level":"INFO","msg":"invoking","function":"reflect.makeFuncStub()"}
{"time":"2026-09-28T23:28:17.663696-03:00","level":"INFO","msg":"OnStart hook executing","callee":"github.com/alexandre/wagering/internal/infra/postgres.NewPool.func1()","caller":"github.com/alexandre/wagering/internal/infra/postgres.NewPool"}
{"time":"2026-09-28T23:28:17.687396-03:00","level":"INFO","msg":"OnStart hook executed","callee":"github.com/alexandre/wagering/internal/infra/postgres.NewPool.func1()","caller":"github.com/alexandre/wagering/internal/infra/postgres.NewPool","runtime":"23.493333ms"}
{"time":"2026-09-28T23:28:17.687486-03:00","level":"INFO","msg":"OnStart hook executing","callee":"github.com/alexandre/wagering/internal/infra/sqs.init.func1.1()","caller":"github.com/alexandre/wagering/internal/infra/sqs.init.func1"}
{"time":"2026-09-28T23:28:17.695178-03:00","level":"INFO","msg":"OnStart hook executed","callee":"github.com/alexandre/wagering/internal/infra/sqs.init.func1.1()","caller":"github.com/alexandre/wagering/internal/infra/sqs.init.func1","runtime":"7.661709ms"}
{"time":"2026-09-28T23:28:17.695255-03:00","level":"INFO","msg":"OnStart hook executing","callee":"github.com/alexandre/wagering/internal/infra/auth.NewVerifier.func1()","caller":"github.com/alexandre/wagering/internal/infra/auth.NewVerifier"}
{"time":"2026-09-28T23:28:17.69593-03:00","level":"ERROR","msg":"OnStart hook failed","callee":"github.com/alexandre/wagering/internal/infra/auth.NewVerifier.func1()","caller":"github.com/alexandre/wagering/internal/infra/auth.NewVerifier","error":"auth: jwks unavailable: JWKS HTTP status 503"}
{"time":"2026-09-28T23:28:17.695969-03:00","level":"ERROR","msg":"start failed, rolling back","error":"auth: jwks unavailable: JWKS HTTP status 503"}
{"time":"2026-09-28T23:28:17.696045-03:00","level":"INFO","msg":"OnStop hook executing","callee":"github.com/alexandre/wagering/internal/infra/postgres.NewPool.func2()","caller":"github.com/alexandre/wagering/internal/infra/postgres.NewPool"}
{"time":"2026-09-28T23:28:17.696146-03:00","level":"INFO","msg":"OnStop hook executed","callee":"github.com/alexandre/wagering/internal/infra/postgres.NewPool.func2()","caller":"github.com/alexandre/wagering/internal/infra/postgres.NewPool","runtime":"68.042µs"}
{"time":"2026-09-28T23:28:17.696189-03:00","level":"ERROR","msg":"start failed","error":"auth: jwks unavailable: JWKS HTTP status 503"}
--- PASS: TestJWKSStartupFailureClosesDatabase (0.05s)
PASS
ok  	github.com/alexandre/wagering/cmd/wagering	21.613s
