128 audit items, 14 backlog packages, 2 decisions; test references valid.
Report written: {'pass_': 27, 'fail': 0, 'other': 0}; 0 failing subscenarios
normal=0 race=0 vet=0
ok  	github.com/alexandre/wagering/cmd/wagering	1.330s	coverage: 0.1% of statements in ./internal/domain/..., ./internal/app/usecase, ./internal/infra/auth
?   	github.com/alexandre/wagering/internal/app/apperr	[no test files]
?   	github.com/alexandre/wagering/internal/app/port	[no test files]
ok  	github.com/alexandre/wagering/internal/app/usecase	5.344s	coverage: 83.4% of statements in ./internal/domain/..., ./internal/app/usecase, ./internal/infra/auth
ok  	github.com/alexandre/wagering/internal/domain/event	2.860s	coverage: 12.0% of statements in ./internal/domain/..., ./internal/app/usecase, ./internal/infra/auth
ok  	github.com/alexandre/wagering/internal/domain/money	2.260s	coverage: 5.5% of statements in ./internal/domain/..., ./internal/app/usecase, ./internal/infra/auth
ok  	github.com/alexandre/wagering/internal/domain/wager	2.408s	coverage: 28.6% of statements in ./internal/domain/..., ./internal/app/usecase, ./internal/infra/auth
ok  	github.com/alexandre/wagering/internal/domain/wallet	2.987s	coverage: 7.9% of statements in ./internal/domain/..., ./internal/app/usecase, ./internal/infra/auth
ok  	github.com/alexandre/wagering/internal/infra/auth	2.974s	coverage: 13.5% of statements in ./internal/domain/..., ./internal/app/usecase, ./internal/infra/auth
?   	github.com/alexandre/wagering/internal/infra/config	[no test files]
?   	github.com/alexandre/wagering/internal/infra/outbox	[no test files]
ok  	github.com/alexandre/wagering/internal/infra/postgres	1.916s	coverage: 0.1% of statements in ./internal/domain/..., ./internal/app/usecase, ./internal/infra/auth
?   	github.com/alexandre/wagering/internal/infra/reference	[no test files]
ok  	github.com/alexandre/wagering/internal/infra/sqs	2.142s	coverage: 0.1% of statements in ./internal/domain/..., ./internal/app/usecase, ./internal/infra/auth
?   	github.com/alexandre/wagering/internal/platform/failpoint	[no test files]
?   	github.com/alexandre/wagering/internal/platform/logging	[no test files]
ok  	github.com/alexandre/wagering/internal/platform/metrics	1.755s	coverage: 0.1% of statements in ./internal/domain/..., ./internal/app/usecase, ./internal/infra/auth
?   	github.com/alexandre/wagering/internal/platform/sys	[no test files]
ok  	github.com/alexandre/wagering/internal/platform/worker	1.926s	coverage: 0.0% of statements in ./internal/domain/..., ./internal/app/usecase, ./internal/infra/auth
ok  	github.com/alexandre/wagering/internal/transport/httpapi	1.622s	coverage: 5.3% of statements in ./internal/domain/..., ./internal/app/usecase, ./internal/infra/auth
# Cobertura unitária das áreas exigidas

Execução com `-race`, sem tags de integração. A contagem consolida chamadas entre pacotes e inclui todos os blocos do perfil, sem excluir arquivos ou funções.

| Pacote | Statements cobertos/total | Cobertura |
|---|---:|---:|
| internal/domain/money | 51/51 | 100.0% |
| internal/domain/wallet | 47/47 | 100.0% |
| internal/domain/event | 84/84 | 100.0% |
| internal/domain/wager | 204/204 | 100.0% |
| internal/app/usecase | 381/381 | 100.0% |
| internal/infra/auth | 120/120 | 100.0% |

Domínio agregado: **386/386 statements**.

Meta de 100% por pacote: **APROVADA**.

100% de statements não significa 100% de branches ou de combinações de entradas. Integração é validada separadamente.

Reproduzir: `./scripts/test-unit-coverage.sh`. Arquivos: `unit.out`, `functions.txt`, `unit.html` e `test.log`.
orphan_ledger_reference DETECTED
opening_event_wrong_version DETECTED
replace_received_sqs_key DETECTED
omit_reference_expired_event DETECTED
http_null_accepted DETECTED
http_extra_fields_accepted DETECTED
http_processed_wrong_status DETECTED
http_missing_balance_omission DETECTED
http_transient_secret_leak DETECTED
oidc_audience_not_checked DETECTED
control_debit_becomes_credit DETECTED
fuzz: elapsed: 0s, gathering baseline coverage: 0/6 completed
fuzz: elapsed: 0s, gathering baseline coverage: 6/6 completed, now fuzzing with 2 workers
fuzz: elapsed: 3s, execs: 234211 (78044/sec), new interesting: 15 (total: 21)
fuzz: elapsed: 6s, execs: 470382 (78724/sec), new interesting: 15 (total: 21)
fuzz: elapsed: 9s, execs: 712497 (80705/sec), new interesting: 15 (total: 21)
fuzz: elapsed: 12s, execs: 953577 (80371/sec), new interesting: 15 (total: 21)
fuzz: elapsed: 15s, execs: 1190717 (79058/sec), new interesting: 15 (total: 21)
fuzz: elapsed: 18s, execs: 1429744 (79653/sec), new interesting: 16 (total: 22)
fuzz: elapsed: 21s, execs: 1671445 (80567/sec), new interesting: 16 (total: 22)
fuzz: elapsed: 24s, execs: 1912249 (80274/sec), new interesting: 16 (total: 22)
fuzz: elapsed: 27s, execs: 2149614 (79116/sec), new interesting: 16 (total: 22)
fuzz: elapsed: 30s, execs: 2391445 (80637/sec), new interesting: 16 (total: 22)
fuzz: elapsed: 30s, execs: 2391445 (0/sec), new interesting: 16 (total: 22)
PASS
ok  	github.com/alexandre/wagering/internal/domain/money	30.368s
