9 versions; paired up/down files; SHA-256 verified
=== RUN   TestSettledPaymentExternalRollbackRestoresAllOriginsAndReplaysAcrossChannels
2026/09/30 13:54:00 INFO transaction handled correlationId=be6b98f7-70cc-4bbd-a573-d64204ec039e messageId="" transactionId=019a43ae-4c62-4b9d-a9ed-b0021e322b1b walletId=14be5930-fb87-4237-b7d8-4eb90818aba3 providerId=p status=PROCESSED
2026/09/30 13:54:00 INFO transaction handled correlationId=79771435-6dda-4371-9f26-aa04a1dce9f4 messageId="" transactionId=961383c2-e62d-4f7d-bb63-871edd50b099 walletId=af6779fe-99eb-45dd-a8f2-466b5f8690bd providerId=p status=PROCESSED
2026/09/30 13:54:00 INFO transaction handled correlationId=2a8e9309-a854-4785-91d8-262d8d7b00f6 messageId="" transactionId=14f87b84-a61d-44e0-a4ff-2177ae63defa walletId=14be5930-fb87-4237-b7d8-4eb90818aba3 providerId=p status=PROCESSED
2026/09/30 13:54:00 INFO transaction handled correlationId=e34c1003-879f-4551-89a3-9cba9e390801 messageId=e34c1003-879f-4551-89a3-9cba9e390801 transactionId=14f87b84-a61d-44e0-a4ff-2177ae63defa walletId=14be5930-fb87-4237-b7d8-4eb90818aba3 providerId=p status=PROCESSED
2026/09/30 13:54:00 INFO transaction handled correlationId=e34c1003-879f-4551-89a3-9cba9e390801 messageId=e34c1003-879f-4551-89a3-9cba9e390801 transactionId=14f87b84-a61d-44e0-a4ff-2177ae63defa walletId=14be5930-fb87-4237-b7d8-4eb90818aba3 providerId=p status=PROCESSED
2026/09/30 13:54:00 INFO transaction handled correlationId=31fac55a-2b2c-49fe-8473-4decb808012e messageId="" transactionId=14f87b84-a61d-44e0-a4ff-2177ae63defa walletId=14be5930-fb87-4237-b7d8-4eb90818aba3 providerId=p status=PROCESSED
2026/09/30 13:54:00 INFO transaction handled correlationId=9db2e8e4-44f4-4939-a995-af8d3916ea89 messageId="" transactionId=06fb9c77-0d4f-4728-8283-d35bc6a892d6 walletId=14be5930-fb87-4237-b7d8-4eb90818aba3 providerId=p status=REJECTED
--- PASS: TestSettledPaymentExternalRollbackRestoresAllOriginsAndReplaysAcrossChannels (0.33s)
=== RUN   TestSettledPaymentRollbackLeavesOtherPaymentAndWholeReversalFinishesRemainder
2026/09/30 13:54:01 INFO transaction handled correlationId=9565d57f-7b48-424b-99f7-1f1cd3dd551c messageId="" transactionId=038f57d4-71e5-4006-9804-2af833926275 walletId=c449eea7-4efa-4e83-97f3-db411472cc0a providerId=p status=PROCESSED
2026/09/30 13:54:01 INFO transaction handled correlationId=84b664b0-5507-420c-8352-153e1378269f messageId="" transactionId=8b80bd57-6233-459d-b531-0a685dc751b4 walletId=48d36e5b-26cb-4e38-8dd8-6c102cf15c8d providerId=p status=PROCESSED
2026/09/30 13:54:01 INFO transaction handled correlationId=3f58df7c-19a5-47b5-a7f7-7bfc05c7eb3c messageId="" transactionId=b8cea04e-2ca9-4bc0-9c95-94900d2f8961 walletId=3c9103c1-1aef-4b91-8926-0e0ccb85ca51 providerId=p status=PROCESSED
2026/09/30 13:54:01 INFO transaction handled correlationId=61590159-9e91-4a84-86a0-097c395ce8ab messageId="" transactionId=a1a354b4-720b-4d1f-ac34-5765c679640a walletId=c449eea7-4efa-4e83-97f3-db411472cc0a providerId=p status=PROCESSED
--- PASS: TestSettledPaymentRollbackLeavesOtherPaymentAndWholeReversalFinishesRemainder (0.18s)
=== RUN   TestSettledPaymentRollbackRejectsInsufficientFundsWithoutPartialCompensation
2026/09/30 13:54:01 INFO transaction handled correlationId=d2837be2-519b-4020-ad6d-2ef22997b8d7 messageId="" transactionId=d330208e-fd4f-4fa4-b0bf-e2632f94c272 walletId=0be00eab-a743-435d-b857-722f25325096 providerId=p status=PROCESSED
2026/09/30 13:54:01 INFO transaction handled correlationId=d5eae880-ff88-471d-897a-7407d3dded1f messageId="" transactionId=e99cf07a-16eb-41ba-8d48-87f0c7c35fcd walletId=9b4f09f9-8d30-4b75-abe0-4e4194e90d45 providerId=p status=PROCESSED
2026/09/30 13:54:01 INFO transaction handled correlationId=c96489ce-5510-4757-94bb-0eaf390a9789 messageId="" transactionId=e21926aa-9584-40bd-acfd-1fe0231109bf walletId=0be00eab-a743-435d-b857-722f25325096 providerId=p status=PROCESSED
2026/09/30 13:54:01 INFO transaction handled correlationId=029b06ae-4fdf-49d9-a4eb-4f2c897ec0b9 messageId="" transactionId=f501a32a-cfb7-4611-9139-775034ce6282 walletId=0be00eab-a743-435d-b857-722f25325096 providerId=p status=REJECTED
--- PASS: TestSettledPaymentRollbackRejectsInsufficientFundsWithoutPartialCompensation (0.16s)
=== RUN   TestSettledPaymentConcurrentRollbacksOnlyOneCompensates
2026/09/30 13:54:01 INFO transaction handled correlationId=a18e6ae7-b6f3-44a6-b52c-dd98824bcd6f messageId="" transactionId=d4aa6067-e12e-4363-8af4-0b7bd40a8fe4 walletId=a4ea4cb6-d2a8-423c-93c1-5c9fe9f10d0d providerId=p status=PROCESSED
2026/09/30 13:54:01 INFO transaction handled correlationId=50a163aa-08ab-46f9-a6cb-b29d8509676d messageId="" transactionId=3a97e171-e17b-40f7-8a04-a5335d0cea4e walletId=13254985-44bd-4953-9022-a3e79d861e1b providerId=p status=PROCESSED
2026/09/30 13:54:01 INFO transaction handled correlationId="" messageId="" transactionId=21f08035-d965-4cd9-bc1f-6e9a0f4f4b9c walletId=a4ea4cb6-d2a8-423c-93c1-5c9fe9f10d0d providerId=p status=PROCESSED
2026/09/30 13:54:01 INFO transaction handled correlationId="" messageId="" transactionId=d005f15c-9e4e-4ef9-a236-3fa42c68ca44 walletId=a4ea4cb6-d2a8-423c-93c1-5c9fe9f10d0d providerId=p status=REJECTED
--- PASS: TestSettledPaymentConcurrentRollbacksOnlyOneCompensates (0.24s)
=== RUN   TestSettledPaymentMidCompensationFailureRollsBackAndRetries
2026/09/30 13:54:01 INFO transaction handled correlationId=7882f5d3-c3df-4cca-9cfc-8d764bcf3e48 messageId="" transactionId=183ab82c-5bec-4d7c-8087-edf7e311a0b2 walletId=b8f2a36e-5054-4bd0-81f3-db9987b8277a providerId=p status=PROCESSED
2026/09/30 13:54:01 INFO transaction handled correlationId=51431a4b-b956-48e9-9a67-45e9696ca689 messageId="" transactionId=13efb086-bf88-4cbf-bc28-1110040eff95 walletId=fb37fa9c-8037-4eaa-9b94-6683920f2c0c providerId=p status=PROCESSED
2026/09/30 13:54:01 WARN transaction handling failed correlationId="" messageId="" transactionId=7589fb1c-effc-4e75-9720-696ceff0c850 walletId=b8f2a36e-5054-4bd0-81f3-db9987b8277a providerId=p transient=false
2026/09/30 13:54:01 INFO transaction handled correlationId="" messageId="" transactionId=86c2bc94-2f70-407c-942f-99b2c2222069 walletId=b8f2a36e-5054-4bd0-81f3-db9987b8277a providerId=p status=PROCESSED
--- PASS: TestSettledPaymentMidCompensationFailureRollsBackAndRetries (0.17s)
=== RUN   TestSettledPaymentSQLRejectsCompensatingOnlyThePublicCredit
2026/09/30 13:54:01 INFO transaction handled correlationId=de8ebd88-00e8-486a-b719-40877f1ca392 messageId="" transactionId=6e4a73ef-669d-4e87-a1b5-c173ecc9f4da walletId=79d5d6cf-7396-4f27-aa47-d8e25a85ec0d providerId=p status=PROCESSED
2026/09/30 13:54:01 INFO transaction handled correlationId=27c757e2-a0c2-4743-b7e7-50df698742de messageId="" transactionId=38ebb98c-df98-473a-b19a-3d0194d8f0f9 walletId=6bdb3969-807e-4bc5-8994-48bb698bb45c providerId=p status=PROCESSED
--- PASS: TestSettledPaymentSQLRejectsCompensatingOnlyThePublicCredit (0.12s)
PASS
ok  	github.com/alexandre/wagering/internal/infra/postgres	2.675s
