9 versions; paired up/down files; SHA-256 verified
......
----------------------------------------------------------------------
Ran 6 tests in 0.005s

OK
000001_init.down.sql: OK
000001_init.up.sql: OK
000002_integrity.down.sql: OK
000002_integrity.up.sql: OK
000003_accounting_model.down.sql: OK
000003_accounting_model.up.sql: OK
000004_accounting_commands.down.sql: OK
000004_accounting_commands.up.sql: OK
000005_settlement_outbox.down.sql: OK
000005_settlement_outbox.up.sql: OK
000006_ledger_cursor_order.down.sql: OK
000006_ledger_cursor_order.up.sql: OK
000007_betting_window.down.sql: OK
000007_betting_window.up.sql: OK
000008_early_win.down.sql: OK
000008_early_win.up.sql: OK
000009_settled_payment_rollback.down.sql: OK
000009_settled_payment_rollback.up.sql: OK
1/u init (7.560792ms)
2/u integrity (11.988375ms)
3/u accounting_model (44.457166ms)
4/u accounting_commands (46.458875ms)
5/u settlement_outbox (47.874084ms)
6/u ledger_cursor_order (49.034541ms)
7/u betting_window (50.189833ms)
8/u early_win (51.390292ms)
9/u settled_payment_rollback (53.016042ms)
000001_init.down.sql: OK
000001_init.up.sql: OK
000002_integrity.down.sql: OK
000002_integrity.up.sql: OK
000003_accounting_model.down.sql: OK
000003_accounting_model.up.sql: OK
000004_accounting_commands.down.sql: OK
000004_accounting_commands.up.sql: OK
000005_settlement_outbox.down.sql: OK
000005_settlement_outbox.up.sql: OK
000006_ledger_cursor_order.down.sql: OK
000006_ledger_cursor_order.up.sql: OK
000007_betting_window.down.sql: OK
000007_betting_window.up.sql: OK
000008_early_win.down.sql: OK
000008_early_win.up.sql: OK
000009_settled_payment_rollback.down.sql: OK
000009_settled_payment_rollback.up.sql: OK
9
000001_init.down.sql: OK
000001_init.up.sql: OK
000002_integrity.down.sql: OK
000002_integrity.up.sql: OK
000003_accounting_model.down.sql: OK
000003_accounting_model.up.sql: OK
000004_accounting_commands.down.sql: OK
000004_accounting_commands.up.sql: OK
000005_settlement_outbox.down.sql: OK
000005_settlement_outbox.up.sql: OK
000006_ledger_cursor_order.down.sql: OK
000006_ledger_cursor_order.up.sql: OK
000007_betting_window.down.sql: OK
000007_betting_window.up.sql: OK
000008_early_win.down.sql: OK
000008_early_win.up.sql: OK
000009_settled_payment_rollback.down.sql: OK
000009_settled_payment_rollback.up.sql: OK
9/d settled_payment_rollback (4.72775ms)
8/d early_win (5.845833ms)
7/d betting_window (7.129708ms)
6/d ledger_cursor_order (8.203625ms)
5/d settlement_outbox (10.420334ms)
4/d accounting_commands (11.573042ms)
3/d accounting_model (49.78325ms)
2/d integrity (53.081125ms)
1/d init (58.906958ms)
000001_init.down.sql: OK
000001_init.up.sql: OK
000002_integrity.down.sql: OK
000002_integrity.up.sql: OK
000003_accounting_model.down.sql: OK
000003_accounting_model.up.sql: OK
000004_accounting_commands.down.sql: OK
000004_accounting_commands.up.sql: OK
000005_settlement_outbox.down.sql: OK
000005_settlement_outbox.up.sql: OK
000006_ledger_cursor_order.down.sql: OK
000006_ledger_cursor_order.up.sql: OK
000007_betting_window.down.sql: OK
000007_betting_window.up.sql: OK
000008_early_win.down.sql: OK
000008_early_win.up.sql: OK
000009_settled_payment_rollback.down.sql: OK
000009_settled_payment_rollback.up.sql: OK
1/u init (8.464958ms)
2/u integrity (12.534666ms)
3/u accounting_model (46.930625ms)
4/u accounting_commands (48.741208ms)
5/u settlement_outbox (50.707833ms)
6/u ledger_cursor_order (51.598708ms)
7/u betting_window (52.920334ms)
8/u early_win (53.975042ms)
9/u settled_payment_rollback (55.782416ms)
000001_init.down.sql: OK
000001_init.up.sql: OK
000002_integrity.down.sql: OK
000002_integrity.up.sql: OK
000003_accounting_model.down.sql: OK
000003_accounting_model.up.sql: OK
000004_accounting_commands.down.sql: OK
000004_accounting_commands.up.sql: OK
000005_settlement_outbox.down.sql: OK
000005_settlement_outbox.up.sql: OK
000006_ledger_cursor_order.down.sql: OK
000006_ledger_cursor_order.up.sql: OK
000007_betting_window.down.sql: OK
000007_betting_window.up.sql: OK
000008_early_win.down.sql: OK
000008_early_win.up.sql: OK
000009_settled_payment_rollback.down.sql: OK
000009_settled_payment_rollback.up.sql: OK
no change
000001_init.down.sql: OK
000001_init.up.sql: OK
000002_integrity.down.sql: OK
000002_integrity.up.sql: OK
000003_accounting_model.down.sql: OK
000003_accounting_model.up.sql: OK
000004_accounting_commands.down.sql: OK
000004_accounting_commands.up.sql: OK
000005_settlement_outbox.down.sql: OK
000005_settlement_outbox.up.sql: OK
000006_ledger_cursor_order.down.sql: OK
000006_ledger_cursor_order.up.sql: OK
000007_betting_window.down.sql: OK
000007_betting_window.up.sql: OK
000008_early_win.down.sql: OK
000008_early_win.up.sql: OK
000009_settled_payment_rollback.down.sql: OK
000009_settled_payment_rollback.up.sql: OK
9/d settled_payment_rollback (2.703667ms)
8/d early_win (4.07975ms)
000001_init.down.sql: OK
000001_init.up.sql: OK
000002_integrity.down.sql: OK
000002_integrity.up.sql: OK
000003_accounting_model.down.sql: OK
000003_accounting_model.up.sql: OK
000004_accounting_commands.down.sql: OK
000004_accounting_commands.up.sql: OK
000005_settlement_outbox.down.sql: OK
000005_settlement_outbox.up.sql: OK
000006_ledger_cursor_order.down.sql: OK
000006_ledger_cursor_order.up.sql: OK
000007_betting_window.down.sql: OK
000007_betting_window.up.sql: OK
000008_early_win.down.sql: OK
000008_early_win.up.sql: OK
000009_settled_payment_rollback.down.sql: OK
000009_settled_payment_rollback.up.sql: OK
8/u early_win (2.033208ms)
9/u settled_payment_rollback (3.785958ms)
Migration roundtrip and schema equivalence verified.
9 versions; paired up/down files; SHA-256 verified
=== RUN   TestAccountingModelOpeningBETWINAndReplay
=== RUN   TestAccountingModelOpeningBETWINAndReplay/false
2026/09/30 13:52:16 INFO transaction handled correlationId="" messageId="" transactionId=b2ef29ca-5ebe-4d5b-8f08-7d2c944d7480 walletId=34b855bf-bd54-45cf-940a-d1eb6e8d9590 providerId=model status=PROCESSED
2026/09/30 13:52:16 INFO transaction handled correlationId="" messageId="" transactionId=10383439-4dcb-4234-9826-2a765901c406 walletId=34b855bf-bd54-45cf-940a-d1eb6e8d9590 providerId=model status=PROCESSED
2026/09/30 13:52:16 INFO transaction handled correlationId="" messageId="" transactionId=b2ef29ca-5ebe-4d5b-8f08-7d2c944d7480 walletId=34b855bf-bd54-45cf-940a-d1eb6e8d9590 providerId=model status=PROCESSED
2026/09/30 13:52:16 INFO transaction handled correlationId="" messageId="" transactionId=5f5b500d-6de4-4516-9d89-eb85c18d271e walletId=34b855bf-bd54-45cf-940a-d1eb6e8d9590 providerId=model status=REJECTED
=== RUN   TestAccountingModelOpeningBETWINAndReplay/true
2026/09/30 13:52:17 INFO transaction handled correlationId="" messageId="" transactionId=6eeb8624-4db0-4042-9e53-00d8a116885b walletId=5608aeab-dd22-4bce-b46e-3016968c99cd providerId=model status=PROCESSED
2026/09/30 13:52:17 INFO transaction handled correlationId="" messageId="" transactionId=32c8cd9c-7db8-4c69-be7c-28e0cbfd8e16 walletId=5608aeab-dd22-4bce-b46e-3016968c99cd providerId=model status=PROCESSED
2026/09/30 13:52:17 INFO transaction handled correlationId="" messageId="" transactionId=6eeb8624-4db0-4042-9e53-00d8a116885b walletId=5608aeab-dd22-4bce-b46e-3016968c99cd providerId=model status=PROCESSED
2026/09/30 13:52:17 INFO transaction handled correlationId="" messageId="" transactionId=d7c71a5d-ff69-42d2-a30a-dc05e7ff1838 walletId=5608aeab-dd22-4bce-b46e-3016968c99cd providerId=model status=REJECTED
--- PASS: TestAccountingModelOpeningBETWINAndReplay (0.14s)
    --- PASS: TestAccountingModelOpeningBETWINAndReplay/false (0.09s)
    --- PASS: TestAccountingModelOpeningBETWINAndReplay/true (0.03s)
=== RUN   TestAccountingModelRejectsWINWithoutBETAndForeignFunds
2026/09/30 13:52:17 INFO transaction handled correlationId="" messageId="" transactionId=4e37ffe9-f2d0-4f17-81cf-0b82ebf991b3 walletId=f14498c7-81c2-4cb1-ae63-f9d106b96ecb providerId=model status=PROCESSED
2026/09/30 13:52:17 INFO transaction handled correlationId="" messageId="" transactionId=76eed582-2c42-4168-9839-01dcc1709b71 walletId=f14498c7-81c2-4cb1-ae63-f9d106b96ecb providerId=model status=REJECTED
2026/09/30 13:52:17 INFO transaction handled correlationId="" messageId="" transactionId=3eac7f6d-8e32-47c6-8284-8e651622d535 walletId=f14498c7-81c2-4cb1-ae63-f9d106b96ecb providerId=model status=REJECTED
--- PASS: TestAccountingModelRejectsWINWithoutBETAndForeignFunds (0.06s)
=== RUN   TestAccountingModelRefundRollbackAndInbox
2026/09/30 13:52:17 INFO transaction handled correlationId="" messageId="" transactionId=acbb213c-ffc4-478d-80a4-035eeca7fef8 walletId=d9dd9559-c84d-484f-930b-531a033f9037 providerId=model status=PROCESSED
2026/09/30 13:52:17 INFO transaction handled correlationId="" messageId=30ac2d16-c37e-4e6f-aad7-a004b1bf499c transactionId=11c89c32-14e3-4292-8bd2-ab7ee3042111 walletId=d9dd9559-c84d-484f-930b-531a033f9037 providerId=model status=PROCESSED
2026/09/30 13:52:17 INFO transaction handled correlationId="" messageId=b407729f-ebff-4ea4-b358-c0391c60a744 transactionId=11c89c32-14e3-4292-8bd2-ab7ee3042111 walletId=d9dd9559-c84d-484f-930b-531a033f9037 providerId=model status=PROCESSED
2026/09/30 13:52:17 INFO transaction handled correlationId="" messageId="" transactionId=67f22ef2-b758-4d95-af3f-bdb1eeb67f21 walletId=d9dd9559-c84d-484f-930b-531a033f9037 providerId=model status=PROCESSED
--- PASS: TestAccountingModelRefundRollbackAndInbox (0.08s)
=== RUN   TestAccountingModelConcurrentBETConservesFunds
2026/09/30 13:52:17 INFO transaction handled correlationId="" messageId="" transactionId=b84fef24-1952-4008-a29e-5122c1e6f565 walletId=f3c94db1-cdba-4d76-8d1f-d10c7e77cf83 providerId=model status=PROCESSED
2026/09/30 13:52:17 INFO transaction handled correlationId="" messageId="" transactionId=f08f8a5d-4814-4939-acaf-73e058ad4b40 walletId=f3c94db1-cdba-4d76-8d1f-d10c7e77cf83 providerId=model status=REJECTED
--- PASS: TestAccountingModelConcurrentBETConservesFunds (0.05s)
=== RUN   TestAccountingModelSQLGuards
2026/09/30 13:52:17 INFO transaction handled correlationId="" messageId="" transactionId=7751cd44-0ace-44c9-81d4-cc129566d750 walletId=c38f64b1-ccb1-4a3b-aa4a-42aacb124405 providerId=model status=PROCESSED
=== RUN   TestAccountingModelSQLGuards/consumption_without_effect
    accounting_model_integration_test.go:219: guard SQLSTATE=P0001
=== RUN   TestAccountingModelSQLGuards/explicit_identity_rejected
    accounting_model_integration_test.go:219: guard SQLSTATE=428C9
=== RUN   TestAccountingModelSQLGuards/event_amount
    accounting_model_integration_test.go:219: guard SQLSTATE=P0001
=== RUN   TestAccountingModelSQLGuards/terminal_rewrite
    accounting_model_integration_test.go:219: guard SQLSTATE=P0001
=== RUN   TestAccountingModelSQLGuards/account_without_posting
    accounting_model_integration_test.go:219: guard SQLSTATE=P0001
=== RUN   TestAccountingModelSQLGuards/wallet_without_pair
    accounting_model_integration_test.go:219: guard SQLSTATE=P0001
=== RUN   TestAccountingModelSQLGuards/rewrite_history
    accounting_model_integration_test.go:219: guard SQLSTATE=42501
=== RUN   TestAccountingModelSQLGuards/wrong_account_owner
    accounting_model_integration_test.go:219: guard SQLSTATE=P0001
--- PASS: TestAccountingModelSQLGuards (0.06s)
    --- PASS: TestAccountingModelSQLGuards/consumption_without_effect (0.00s)
    --- PASS: TestAccountingModelSQLGuards/explicit_identity_rejected (0.00s)
    --- PASS: TestAccountingModelSQLGuards/event_amount (0.00s)
    --- PASS: TestAccountingModelSQLGuards/terminal_rewrite (0.00s)
    --- PASS: TestAccountingModelSQLGuards/account_without_posting (0.00s)
    --- PASS: TestAccountingModelSQLGuards/wallet_without_pair (0.00s)
    --- PASS: TestAccountingModelSQLGuards/rewrite_history (0.00s)
    --- PASS: TestAccountingModelSQLGuards/wrong_account_owner (0.00s)
=== RUN   TestAccountingModelFundedSettlementByID
--- PASS: TestAccountingModelFundedSettlementByID (0.09s)
=== RUN   TestAccountingModelJournalGuardsHaveValidControl
=== RUN   TestAccountingModelJournalGuardsHaveValidControl/balanced_control
=== RUN   TestAccountingModelJournalGuardsHaveValidControl/single_leg
=== RUN   TestAccountingModelJournalGuardsHaveValidControl/different_currency
=== RUN   TestAccountingModelJournalGuardsHaveValidControl/same_account
=== RUN   TestAccountingModelJournalGuardsHaveValidControl/late_posting
=== RUN   TestAccountingModelJournalGuardsHaveValidControl/WIN_missing_BET
=== RUN   TestAccountingModelJournalGuardsHaveValidControl/negative_replay
--- PASS: TestAccountingModelJournalGuardsHaveValidControl (0.08s)
    --- PASS: TestAccountingModelJournalGuardsHaveValidControl/balanced_control (0.01s)
    --- PASS: TestAccountingModelJournalGuardsHaveValidControl/single_leg (0.01s)
    --- PASS: TestAccountingModelJournalGuardsHaveValidControl/different_currency (0.01s)
    --- PASS: TestAccountingModelJournalGuardsHaveValidControl/same_account (0.01s)
    --- PASS: TestAccountingModelJournalGuardsHaveValidControl/late_posting (0.01s)
    --- PASS: TestAccountingModelJournalGuardsHaveValidControl/WIN_missing_BET (0.01s)
    --- PASS: TestAccountingModelJournalGuardsHaveValidControl/negative_replay (0.01s)
=== RUN   TestAccountingModelPendingReferenceSurvivesRetry
2026/09/30 13:52:17 INFO transaction handled correlationId="" messageId="" transactionId=8513a7cb-c308-409b-8b57-65b47dd71320 walletId=fe047cbd-0334-4390-9d7b-bf86b8e177e4 providerId=model status=PENDING_REFERENCE
2026/09/30 13:52:17 INFO transaction handled correlationId="" messageId="" transactionId=f9d75d0a-7705-479a-8797-2b3483b3d2a9 walletId=fe047cbd-0334-4390-9d7b-bf86b8e177e4 providerId=model status=PROCESSED
--- PASS: TestAccountingModelPendingReferenceSurvivesRetry (0.06s)
=== RUN   TestAccountingModelMigrationRefusesToInventLegacyFunding
--- PASS: TestAccountingModelMigrationRefusesToInventLegacyFunding (0.05s)
=== RUN   TestAccountingModelRejectsOlderPositiveCursor
--- PASS: TestAccountingModelRejectsOlderPositiveCursor (0.03s)
=== RUN   TestAccountingModelDomainRejectsCorruptRetrySnapshot
--- PASS: TestAccountingModelDomainRejectsCorruptRetrySnapshot (0.02s)
=== RUN   TestAccountingReviewReverseTwoPaymentsToSameWallet
--- PASS: TestAccountingReviewReverseTwoPaymentsToSameWallet (0.08s)
=== RUN   TestAccountingModelSettlementPaymentCurrency
=== RUN   TestAccountingModelSettlementPaymentCurrency/BRL
=== RUN   TestAccountingModelSettlementPaymentCurrency/USD
--- PASS: TestAccountingModelSettlementPaymentCurrency (0.12s)
    --- PASS: TestAccountingModelSettlementPaymentCurrency/BRL (0.07s)
    --- PASS: TestAccountingModelSettlementPaymentCurrency/USD (0.05s)
=== RUN   TestAccountingModelRejectedCurrencyStillAuditable
2026/09/30 13:52:17 INFO transaction handled correlationId="" messageId="" transactionId=2b7e15c7-bdb1-4083-9a3d-31b2009c04f0 walletId=f6c65b97-614d-4695-99ac-bb481af09e3f providerId=model status=REJECTED
--- PASS: TestAccountingModelRejectedCurrencyStillAuditable (0.04s)
=== RUN   TestSettlementApplicationConfirmsExecutesAndReplays
2026/09/30 13:52:17 INFO transaction handled correlationId="" messageId="" transactionId=87105e2d-1a7b-4d05-9a66-f2a3474e4dd7 walletId=793e643b-1e79-46b1-b7fb-6de34a77100f providerId=model status=PROCESSED
2026/09/30 13:52:17 INFO transaction handled correlationId="" messageId="" transactionId=711db35c-925f-4c20-8dab-b40910ef8f6a walletId=8b77e83c-5e9e-4d04-bcab-38eeb6891d8a providerId=model status=PROCESSED
--- PASS: TestSettlementApplicationConfirmsExecutesAndReplays (0.09s)
=== RUN   TestSettlementApplicationHTTPAuthorizationAndExplicitBet
2026/09/30 13:52:18 INFO transaction handled correlationId=6b632a9b-5b8e-4dfb-8824-61cc7d3f0c88 messageId="" transactionId=c4ea7940-7b8a-46ff-920f-75a2a37c660b walletId=88fa240d-1c5e-4f9e-804a-c6c72c75ff06 providerId=p status=PROCESSED
2026/09/30 13:52:18 INFO transaction handled correlationId=d78b6eb0-c96e-493f-a293-84c8f0d5096b messageId="" transactionId=c1726d83-adfa-4707-ab4f-72f9ee846290 walletId=b829e7ea-7a12-44d4-a7d0-e24b0d93de6f providerId=p status=PROCESSED
2026/09/30 13:52:18 INFO transaction handled correlationId="" messageId="" transactionId=34c4459e-0b3c-4817-b738-5c001df6fbcf walletId=88fa240d-1c5e-4f9e-804a-c6c72c75ff06 providerId=model status=PROCESSED
2026/09/30 13:52:18 INFO transaction handled correlationId="" messageId="" transactionId=5bd9239b-31d3-4b1c-af51-1c4da85376ab walletId=88fa240d-1c5e-4f9e-804a-c6c72c75ff06 providerId=model status=PROCESSED
--- PASS: TestSettlementApplicationHTTPAuthorizationAndExplicitBet (0.19s)
=== RUN   TestSettlementApplicationReversesMultiplePaymentsAndReplaysConcurrently
--- PASS: TestSettlementApplicationReversesMultiplePaymentsAndReplaysConcurrently (0.10s)
PASS
ok  	github.com/alexandre/wagering/internal/infra/postgres	2.751s
