6 versions; paired up/down files; SHA-256 verified
 Network wagering-test-21831-19200_default  Creating
 Network wagering-test-21831-19200_default  Created
 Volume "wagering-test-21831-19200_testcredentials"  Creating
 Volume "wagering-test-21831-19200_testcredentials"  Created
 Container wagering-test-21831-19200-postgres-1  Creating
 Container wagering-test-21831-19200-localstack-1  Creating
 Container wagering-test-21831-19200-keycloak-1  Creating
 Container wagering-test-21831-19200-keycloak-1  Created
 Container wagering-test-21831-19200-postgres-1  Created
 Container wagering-test-21831-19200-localstack-1  Created
 Container wagering-test-21831-19200-postgres-1  Starting
 Container wagering-test-21831-19200-localstack-1  Starting
 Container wagering-test-21831-19200-keycloak-1  Starting
 Container wagering-test-21831-19200-postgres-1  Started
 Container wagering-test-21831-19200-localstack-1  Started
 Container wagering-test-21831-19200-keycloak-1  Started
 Container wagering-test-21831-19200-keycloak-1  Waiting
 Container wagering-test-21831-19200-postgres-1  Waiting
 Container wagering-test-21831-19200-localstack-1  Waiting
 Container wagering-test-21831-19200-postgres-1  Healthy
 Container wagering-test-21831-19200-localstack-1  Healthy
 Container wagering-test-21831-19200-keycloak-1  Healthy
=== RUN   TestSettlementBrokerRejectsForgedAuthority
--- PASS: TestSettlementBrokerRejectsForgedAuthority (0.02s)
PASS
ok  	github.com/alexandre/wagering/test/integration	7.716s
testing: warning: no tests to run
PASS
ok  	github.com/alexandre/wagering/cmd/wagering	1.459s [no tests to run]
 Container wagering-test-21831-19200-localstack-1  Stopping
 Container wagering-test-21831-19200-postgres-1  Stopping
 Container wagering-test-21831-19200-keycloak-1  Stopping
 Container wagering-test-21831-19200-postgres-1  Stopped
 Container wagering-test-21831-19200-postgres-1  Removing
 Container wagering-test-21831-19200-postgres-1  Removed
 Container wagering-test-21831-19200-localstack-1  Stopped
 Container wagering-test-21831-19200-localstack-1  Removing
 Container wagering-test-21831-19200-localstack-1  Removed
 Container wagering-test-21831-19200-keycloak-1  Stopped
 Container wagering-test-21831-19200-keycloak-1  Removing
 Container wagering-test-21831-19200-keycloak-1  Removed
 Volume wagering-test-21831-19200_testcredentials  Removing
 Network wagering-test-21831-19200_default  Removing
 Volume wagering-test-21831-19200_testcredentials  Removed
 Network wagering-test-21831-19200_default  Removed
