6 versions; paired up/down files; SHA-256 verified
 Network wagering-test-22980-778_default  Creating
 Network wagering-test-22980-778_default  Created
 Volume "wagering-test-22980-778_testcredentials"  Creating
 Volume "wagering-test-22980-778_testcredentials"  Created
 Container wagering-test-22980-778-postgres-1  Creating
 Container wagering-test-22980-778-keycloak-1  Creating
 Container wagering-test-22980-778-localstack-1  Creating
 Container wagering-test-22980-778-keycloak-1  Created
 Container wagering-test-22980-778-localstack-1  Created
 Container wagering-test-22980-778-postgres-1  Created
 Container wagering-test-22980-778-localstack-1  Starting
 Container wagering-test-22980-778-keycloak-1  Starting
 Container wagering-test-22980-778-postgres-1  Starting
 Container wagering-test-22980-778-postgres-1  Started
 Container wagering-test-22980-778-keycloak-1  Started
 Container wagering-test-22980-778-localstack-1  Started
 Container wagering-test-22980-778-keycloak-1  Waiting
 Container wagering-test-22980-778-postgres-1  Waiting
 Container wagering-test-22980-778-localstack-1  Waiting
 Container wagering-test-22980-778-postgres-1  Healthy
 Container wagering-test-22980-778-localstack-1  Healthy
 Container wagering-test-22980-778-keycloak-1  Healthy
=== RUN   TestAccountingAutomaticSettlementAcrossProcesses
--- PASS: TestAccountingAutomaticSettlementAcrossProcesses (46.29s)
PASS
ok  	github.com/alexandre/wagering/test/integration	51.817s
testing: warning: no tests to run
PASS
ok  	github.com/alexandre/wagering/cmd/wagering	1.359s [no tests to run]
 Container wagering-test-22980-778-keycloak-1  Stopping
 Container wagering-test-22980-778-localstack-1  Stopping
 Container wagering-test-22980-778-postgres-1  Stopping
 Container wagering-test-22980-778-postgres-1  Stopped
 Container wagering-test-22980-778-postgres-1  Removing
 Container wagering-test-22980-778-postgres-1  Removed
 Container wagering-test-22980-778-localstack-1  Stopped
 Container wagering-test-22980-778-localstack-1  Removing
 Container wagering-test-22980-778-localstack-1  Removed
 Container wagering-test-22980-778-keycloak-1  Stopped
 Container wagering-test-22980-778-keycloak-1  Removing
 Container wagering-test-22980-778-keycloak-1  Removed
 Network wagering-test-22980-778_default  Removing
 Volume wagering-test-22980-778_testcredentials  Removing
 Volume wagering-test-22980-778_testcredentials  Removed
 Network wagering-test-22980-778_default  Removed
