ok  	github.com/alexandre/wagering/cmd/wagering	4.763s	coverage: 0.1% of statements in ./internal/domain/..., ./internal/app/usecase, ./internal/infra/auth
?   	github.com/alexandre/wagering/internal/app/apperr	[no test files]
?   	github.com/alexandre/wagering/internal/app/port	[no test files]
ok  	github.com/alexandre/wagering/internal/app/usecase	9.643s	coverage: 83.4% of statements in ./internal/domain/..., ./internal/app/usecase, ./internal/infra/auth
ok  	github.com/alexandre/wagering/internal/domain/event	5.795s	coverage: 11.9% of statements in ./internal/domain/..., ./internal/app/usecase, ./internal/infra/auth
ok  	github.com/alexandre/wagering/internal/domain/money	5.214s	coverage: 5.6% of statements in ./internal/domain/..., ./internal/app/usecase, ./internal/infra/auth
ok  	github.com/alexandre/wagering/internal/domain/wager	6.670s	coverage: 28.8% of statements in ./internal/domain/..., ./internal/app/usecase, ./internal/infra/auth
ok  	github.com/alexandre/wagering/internal/domain/wallet	6.051s	coverage: 7.9% of statements in ./internal/domain/..., ./internal/app/usecase, ./internal/infra/auth
ok  	github.com/alexandre/wagering/internal/infra/auth	5.888s	coverage: 13.5% of statements in ./internal/domain/..., ./internal/app/usecase, ./internal/infra/auth
ok  	github.com/alexandre/wagering/internal/infra/config	6.921s	coverage: 0.0% of statements in ./internal/domain/..., ./internal/app/usecase, ./internal/infra/auth
?   	github.com/alexandre/wagering/internal/infra/outbox	[no test files]
ok  	github.com/alexandre/wagering/internal/infra/postgres	4.938s	coverage: 15.9% of statements in ./internal/domain/..., ./internal/app/usecase, ./internal/infra/auth
?   	github.com/alexandre/wagering/internal/infra/reference	[no test files]
ok  	github.com/alexandre/wagering/internal/infra/sqs	6.430s	coverage: 3.8% of statements in ./internal/domain/..., ./internal/app/usecase, ./internal/infra/auth
ok  	github.com/alexandre/wagering/internal/platform/failpoint	4.950s	coverage: 0.0% of statements in ./internal/domain/..., ./internal/app/usecase, ./internal/infra/auth
ok  	github.com/alexandre/wagering/internal/platform/logging	6.598s	coverage: 0.0% of statements in ./internal/domain/..., ./internal/app/usecase, ./internal/infra/auth
ok  	github.com/alexandre/wagering/internal/platform/metrics	6.674s	coverage: 0.1% of statements in ./internal/domain/..., ./internal/app/usecase, ./internal/infra/auth
ok  	github.com/alexandre/wagering/internal/platform/sys	6.367s	coverage: 0.1% of statements in ./internal/domain/..., ./internal/app/usecase, ./internal/infra/auth
ok  	github.com/alexandre/wagering/internal/platform/worker	6.588s	coverage: 0.0% of statements in ./internal/domain/..., ./internal/app/usecase, ./internal/infra/auth
ok  	github.com/alexandre/wagering/internal/transport/httpapi	7.075s	coverage: 5.7% of statements in ./internal/domain/..., ./internal/app/usecase, ./internal/infra/auth
# Cobertura unitária das áreas exigidas

Execução com `-race`, sem tags de integração. A contagem consolida chamadas entre pacotes e inclui todos os blocos do perfil, sem excluir arquivos ou funções.

| Pacote | Statements cobertos/total | Cobertura |
|---|---:|---:|
| internal/domain/money | 52/52 | 100.0% |
| internal/domain/wallet | 47/47 | 100.0% |
| internal/domain/event | 84/84 | 100.0% |
| internal/domain/wager | 204/204 | 100.0% |
| internal/app/usecase | 382/382 | 100.0% |
| internal/infra/auth | 120/120 | 100.0% |

Domínio agregado: **387/387 statements**.

Meta de 100% por pacote: **APROVADA**.

100% de statements não significa 100% de branches ou de combinações de entradas. Integração é validada separadamente.

Reproduzir: `./scripts/test-unit-coverage.sh`. Arquivos: `unit.out`, `functions.txt`, `unit.html` e `test.log`.
