 Container wagering-keycloak-1  Running
 Container wagering-postgres-1  Running
 Container wagering-localstack-1  Running
 Container wagering-app-1  Recreate
 Container wagering-app-1  Recreated
 Container wagering-postgres-1  Waiting
 Container wagering-postgres-1  Healthy
 Container wagering-migrate-1  Starting
 Container wagering-migrate-1  Started
 Container wagering-keycloak-1  Waiting
 Container wagering-migrate-1  Waiting
 Container wagering-localstack-1  Waiting
 Container wagering-migrate-1  Exited
 Container wagering-keycloak-1  Healthy
 Container wagering-localstack-1  Healthy
 Container wagering-app-1  Starting
 Container wagering-app-1  Started
 Container wagering-app-1  Waiting
 Container wagering-postgres-1  Waiting
 Container wagering-localstack-1  Waiting
 Container wagering-keycloak-1  Waiting
 Container wagering-migrate-1  Waiting
 Container wagering-postgres-1  Healthy
 Container wagering-migrate-1  Exited
 Container wagering-localstack-1  Healthy
 Container wagering-app-1  Healthy
 Container wagering-keycloak-1  Healthy
