#1 [internal] load local bake definitions
#1 reading from stdin 493B done
#1 DONE 0.0s

#2 [internal] load build definition from Dockerfile
#2 transferring dockerfile: 350B done
#2 DONE 0.0s

#3 [internal] load metadata for docker.io/library/golang:1.27.1-alpine
#3 DONE 1.5s

#4 [internal] load metadata for gcr.io/distroless/static-debian12:nonroot
#4 DONE 1.5s

#5 [internal] load .dockerignore
#5 transferring context: 122B done
#5 DONE 0.0s

#6 [stage-1 1/3] FROM gcr.io/distroless/static-debian12:nonroot@sha256:afa5c872c891853ca7fcf1f12c3edb23f7eeef36189728842dd51042ff57f7ab
#6 resolve gcr.io/distroless/static-debian12:nonroot@sha256:afa5c872c891853ca7fcf1f12c3edb23f7eeef36189728842dd51042ff57f7ab 0.0s done
#6 DONE 0.0s

#7 [build 1/6] FROM docker.io/library/golang:1.27.1-alpine@sha256:8a5910f31396cd4d89662f56c68b3ae31d374308270a1c3bd96672ee5ed43414
#7 resolve docker.io/library/golang:1.27.1-alpine@sha256:8a5910f31396cd4d89662f56c68b3ae31d374308270a1c3bd96672ee5ed43414 0.0s done
#7 DONE 0.1s

#8 [internal] load build context
#8 transferring context: 29.43MB 0.5s done
#8 DONE 0.5s

#7 [build 1/6] FROM docker.io/library/golang:1.27.1-alpine@sha256:8a5910f31396cd4d89662f56c68b3ae31d374308270a1c3bd96672ee5ed43414
#7 sha256:35df002bd9011b0379adcf4733094a3adc75f7fd382eb9ac6ec7f5c5470a852f 127B / 127B 0.1s done
#7 sha256:125215c6056cfe0a165d14de8a72a3546ec1167a4468ebcd93c0f403469ef15d 9.44MB / 67.65MB 0.5s
#7 sha256:42b5554000d05ec20e2ac0a68df0baef42b8f1ab003021f677f7bdb1aab017f8 0B / 249.81kB 0.3s
#7 sha256:42b5554000d05ec20e2ac0a68df0baef42b8f1ab003021f677f7bdb1aab017f8 249.81kB / 249.81kB 0.5s done
#7 extracting sha256:42b5554000d05ec20e2ac0a68df0baef42b8f1ab003021f677f7bdb1aab017f8
#7 sha256:125215c6056cfe0a165d14de8a72a3546ec1167a4468ebcd93c0f403469ef15d 17.83MB / 67.65MB 0.6s
#7 extracting sha256:42b5554000d05ec20e2ac0a68df0baef42b8f1ab003021f677f7bdb1aab017f8 0.0s done
#7 sha256:125215c6056cfe0a165d14de8a72a3546ec1167a4468ebcd93c0f403469ef15d 26.21MB / 67.65MB 0.8s
#7 sha256:125215c6056cfe0a165d14de8a72a3546ec1167a4468ebcd93c0f403469ef15d 34.60MB / 67.65MB 0.9s
#7 sha256:125215c6056cfe0a165d14de8a72a3546ec1167a4468ebcd93c0f403469ef15d 44.04MB / 67.65MB 1.1s
#7 sha256:125215c6056cfe0a165d14de8a72a3546ec1167a4468ebcd93c0f403469ef15d 52.43MB / 67.65MB 1.2s
#7 sha256:125215c6056cfe0a165d14de8a72a3546ec1167a4468ebcd93c0f403469ef15d 60.82MB / 67.65MB 1.4s
#7 sha256:125215c6056cfe0a165d14de8a72a3546ec1167a4468ebcd93c0f403469ef15d 67.65MB / 67.65MB 1.5s done
#7 DONE 1.6s

#7 [build 1/6] FROM docker.io/library/golang:1.27.1-alpine@sha256:8a5910f31396cd4d89662f56c68b3ae31d374308270a1c3bd96672ee5ed43414
#7 extracting sha256:125215c6056cfe0a165d14de8a72a3546ec1167a4468ebcd93c0f403469ef15d
#7 extracting sha256:125215c6056cfe0a165d14de8a72a3546ec1167a4468ebcd93c0f403469ef15d 1.0s done
#7 DONE 2.6s

#7 [build 1/6] FROM docker.io/library/golang:1.27.1-alpine@sha256:8a5910f31396cd4d89662f56c68b3ae31d374308270a1c3bd96672ee5ed43414
#7 extracting sha256:35df002bd9011b0379adcf4733094a3adc75f7fd382eb9ac6ec7f5c5470a852f done
#7 extracting sha256:4f4fb700ef54461cfa02571ae0db9a0dc1e0cdb5577484a6d75e68dc38e8acc1 done
#7 DONE 2.6s

#9 [build 2/6] WORKDIR /src
#9 DONE 0.2s

#10 [build 3/6] COPY go.mod go.sum ./
#10 DONE 0.0s

#11 [build 4/6] RUN go mod download
#11 DONE 7.7s

#12 [build 5/6] COPY . .
#12 DONE 0.2s

#13 [build 6/6] RUN CGO_ENABLED=0 go build -trimpath -o /out/wagering ./cmd/wagering
#13 DONE 5.9s

#6 [stage-1 1/3] FROM gcr.io/distroless/static-debian12:nonroot@sha256:afa5c872c891853ca7fcf1f12c3edb23f7eeef36189728842dd51042ff57f7ab
#6 CACHED

#14 [stage-1 2/3] COPY --from=build /out/wagering /wagering
#14 DONE 0.0s

#15 [stage-1 3/3] COPY migrations /migrations
#15 DONE 0.0s

#16 exporting to image
#16 exporting layers
#16 exporting layers 0.5s done
#16 exporting manifest sha256:059e12284fd034092a8444a222fc20bd761ed2e626afa27c76634febd06d967f done
#16 exporting config sha256:0de699d3f5aa6eca60ad4ccb8b005ea81455b197f747f1270a2787e1b33db72c done
#16 exporting attestation manifest sha256:f7d993568613eb9d7688bdc8aad63372731c3456867778450c48ea130819808f done
#16 exporting manifest list sha256:366c2d7cc25c92383446c8c31f52655fdf2dba61e80a042f64932ab893c8e2b8 done
#16 naming to docker.io/library/wagering-app:latest done
#16 unpacking to docker.io/library/wagering-app:latest 0.1s done
#16 DONE 0.6s

#17 resolving provenance for metadata file
#17 DONE 0.0s
 wagering-app  Built
