#1 [internal] load local bake definitions
#1 reading from stdin 493B done
#1 DONE 0.0s

#2 [internal] load build definition from Dockerfile
#2 transferring dockerfile: 350B done
#2 DONE 0.0s

#3 [internal] load metadata for docker.io/library/golang:1.27.1-alpine
#3 ...

#4 [internal] load metadata for gcr.io/distroless/static-debian12:nonroot
#4 DONE 0.7s

#3 [internal] load metadata for docker.io/library/golang:1.27.1-alpine
#3 DONE 0.9s

#5 [internal] load .dockerignore
#5 transferring context: 122B done
#5 DONE 0.0s

#6 [stage-1 1/3] FROM gcr.io/distroless/static-debian12:nonroot@sha256:afa5c872c891853ca7fcf1f12c3edb23f7eeef36189728842dd51042ff57f7ab
#6 resolve gcr.io/distroless/static-debian12:nonroot@sha256:afa5c872c891853ca7fcf1f12c3edb23f7eeef36189728842dd51042ff57f7ab 0.0s done
#6 DONE 0.0s

#7 [build 1/6] FROM docker.io/library/golang:1.27.1-alpine@sha256:8a5910f31396cd4d89662f56c68b3ae31d374308270a1c3bd96672ee5ed43414
#7 resolve docker.io/library/golang:1.27.1-alpine@sha256:8a5910f31396cd4d89662f56c68b3ae31d374308270a1c3bd96672ee5ed43414 0.0s done
#7 DONE 0.0s

#8 [internal] load build context
#8 transferring context: 8.12MB 0.3s done
#8 DONE 0.3s

#9 [build 3/6] COPY go.mod go.sum ./
#9 CACHED

#10 [build 2/6] WORKDIR /src
#10 CACHED

#11 [build 4/6] RUN go mod download
#11 CACHED

#12 [build 5/6] COPY . .
#12 DONE 0.5s

#13 [build 6/6] RUN CGO_ENABLED=0 go build -trimpath -o /out/wagering ./cmd/wagering
#13 DONE 6.4s

#6 [stage-1 1/3] FROM gcr.io/distroless/static-debian12:nonroot@sha256:afa5c872c891853ca7fcf1f12c3edb23f7eeef36189728842dd51042ff57f7ab
#6 CACHED

#14 [stage-1 2/3] COPY --from=build /out/wagering /wagering
#14 DONE 0.0s

#15 [stage-1 3/3] COPY migrations /migrations
#15 DONE 0.0s

#16 exporting to image
#16 exporting layers
#16 exporting layers 0.5s done
#16 exporting manifest sha256:ff22053c99c899b95bcb9f076b3f76f1218967325c82f11b51f424db8b0b6ca4 done
#16 exporting config sha256:2d44fda6b5c0e77740c375954bb5b4294ca8d2d9c525927d5ff45dabe67a0591 done
#16 exporting attestation manifest sha256:1c91818f6fc4c49fa6c8428ac9bc299a359eb83f916991c7680832022c5e5315 done
#16 exporting manifest list sha256:4e7cdd2a068983f719b06d828f695c8d75b54740a8b414da2e4afe036ef9ab5a done
#16 naming to docker.io/library/wagering-app:latest done
#16 unpacking to docker.io/library/wagering-app:latest 0.1s done
#16 DONE 0.6s

#17 resolving provenance for metadata file
#17 DONE 0.0s
 wagering-app  Built
