Starting...
Gathering coverage... done in 546.076166ms
      KILLED ARITHMETIC_BASE at commitments.go:22:64
      KILLED ARITHMETIC_BASE at commitments.go:22:55
      KILLED CONDITIONALS_NEGATION at commitments.go:18:14
      KILLED INVERT_LOGICAL at commitments.go:25:25
      KILLED CONDITIONALS_NEGATION at commitments.go:25:39
      KILLED CONDITIONALS_NEGATION at commitments.go:25:19
      KILLED INVERT_LOGICAL at commitments.go:36:10
      KILLED CONDITIONALS_NEGATION at commitments.go:36:15
      KILLED CONDITIONALS_NEGATION at facts.go:34:23
      KILLED INCREMENT_DECREMENT at facts.go:44:25
      KILLED INVERT_LOGICAL at facts.go:48:17
      KILLED CONDITIONALS_NEGATION at facts.go:48:11
      KILLED CONDITIONALS_NEGATION at facts.go:53:20
      KILLED INCREMENT_DECREMENT at facts.go:56:16
      KILLED CONDITIONALS_NEGATION at observations.go:32:14
      KILLED INVERT_LOGICAL at observations.go:38:62
      KILLED INVERT_LOGICAL at observations.go:38:37
      KILLED INVERT_LOGICAL at observations.go:38:17
      KILLED CONDITIONALS_NEGATION at observations.go:38:11
      KILLED CONDITIONALS_NEGATION at observations.go:38:31
      KILLED CONDITIONALS_NEGATION at observations.go:38:56
      KILLED INVERT_LOGICAL at observations.go:43:42
      KILLED INVERT_LOGICAL at observations.go:43:27
      KILLED CONDITIONALS_NEGATION at observations.go:43:37
      KILLED INVERT_LOGICAL at observations.go:64:91
      KILLED INVERT_LOGICAL at observations.go:64:50
      KILLED INVERT_BITWISE at observations.go:74:38
      KILLED INVERT_LOGICAL at observations.go:64:22
      KILLED CONDITIONALS_NEGATION at observations.go:64:16
      KILLED CONDITIONALS_NEGATION at observations.go:64:104
      KILLED CONDITIONALS_NEGATION at observations.go:74:47
      KILLED INVERT_LOGICAL at observations.go:77:190
      KILLED INVERT_LOGICAL at observations.go:77:157
      KILLED INVERT_LOGICAL at observations.go:77:122
      KILLED INVERT_LOGICAL at observations.go:77:97
      KILLED INVERT_LOGICAL at observations.go:77:76
      KILLED INVERT_LOGICAL at observations.go:77:45
      KILLED INVERT_LOGICAL at observations.go:77:16
      KILLED CONDITIONALS_NEGATION at observations.go:77:10
      KILLED CONDITIONALS_NEGATION at observations.go:77:31
      KILLED CONDITIONALS_NEGATION at observations.go:77:62
      KILLED CONDITIONALS_NEGATION at observations.go:77:89
      KILLED CONDITIONALS_NEGATION at observations.go:77:112
      KILLED CONDITIONALS_NEGATION at observations.go:77:132
      KILLED CONDITIONALS_NEGATION at observations.go:77:176
      KILLED CONDITIONALS_NEGATION at observations.go:77:203
      KILLED INVERT_LOGICAL at observations.go:81:119
      KILLED INVERT_LOGICAL at observations.go:81:79
      KILLED INVERT_BITWISE at observations.go:85:51
      KILLED INVERT_LOGICAL at observations.go:81:42
      KILLED INVERT_LOGICAL at observations.go:81:27
      KILLED CONDITIONALS_NEGATION at observations.go:81:37
      KILLED INVERT_LOGICAL at observations.go:85:90
      KILLED INVERT_LOGICAL at observations.go:85:69
      KILLED CONDITIONALS_NEGATION at observations.go:85:62
      KILLED CONDITIONALS_NEGATION at observations.go:85:76
      KILLED CONDITIONALS_NEGATION at observations.go:85:105
      KILLED INVERT_LOGICAL at observations.go:103:36
      KILLED INVERT_LOGICAL at observations.go:103:18
      KILLED CONDITIONALS_NEGATION at observations.go:103:12
      KILLED CONDITIONALS_NEGATION at observations.go:103:28
      KILLED CONDITIONALS_BOUNDARY at observations.go:103:48
      KILLED CONDITIONALS_NEGATION at observations.go:103:48
      KILLED INCREMENT_DECREMENT at observations.go:106:14
      KILLED CONDITIONALS_NEGATION at observations.go:108:19
      KILLED INVERT_LOGICAL at observations.go:112:51
      KILLED INVERT_LOGICAL at observations.go:112:31
      KILLED INVERT_LOGICAL at observations.go:112:17
      KILLED CONDITIONALS_NEGATION at observations.go:112:11
      KILLED CONDITIONALS_NEGATION at observations.go:112:45
      KILLED CONDITIONALS_NEGATION at observations.go:112:70
      KILLED CONDITIONALS_NEGATION at observations.go:117:22
      KILLED INVERT_LOGICAL at observations.go:120:33
      KILLED CONDITIONALS_NEGATION at observations.go:120:22
      KILLED CONDITIONALS_NEGATION at observations.go:120:53
      KILLED INVERT_LOGICAL at observations.go:124:36
      KILLED CONDITIONALS_NEGATION at observations.go:124:19
      KILLED CONDITIONALS_NEGATION at observations.go:124:54
      KILLED CONDITIONALS_NEGATION at observations.go:128:20
      KILLED INVERT_LOGICAL at observations.go:133:55
      KILLED INVERT_LOGICAL at observations.go:133:34
      KILLED CONDITIONALS_BOUNDARY at observations.go:133:19
      KILLED CONDITIONALS_NEGATION at observations.go:133:19
      KILLED CONDITIONALS_BOUNDARY at observations.go:133:51
      KILLED CONDITIONALS_NEGATION at observations.go:133:51
      KILLED CONDITIONALS_BOUNDARY at observations.go:133:72
      KILLED CONDITIONALS_NEGATION at observations.go:133:72
      KILLED INVERT_NEGATIVES at observations.go:133:87
      KILLED ARITHMETIC_BASE at observations.go:133:87
      KILLED INVERT_LOGICAL at observations.go:136:47
      KILLED CONDITIONALS_NEGATION at observations.go:136:18
      KILLED INVERT_NEGATIVES at observations.go:136:33
      KILLED ARITHMETIC_BASE at observations.go:136:33
      KILLED ARITHMETIC_BASE at observations.go:158:72
      KILLED ARITHMETIC_BASE at observations.go:158:63
      KILLED CONDITIONALS_NEGATION at observations.go:136:63
      KILLED ARITHMETIC_BASE at observations.go:136:79
      KILLED INCREMENT_DECREMENT at observations.go:139:16
      KILLED INVERT_LOGICAL at observations.go:160:48
      KILLED INVERT_LOGICAL at observations.go:160:23
      KILLED CONDITIONALS_NEGATION at observations.go:160:17
      KILLED CONDITIONALS_NEGATION at observations.go:160:42
      KILLED INVERT_BITWISE at observations.go:179:39
      KILLED CONDITIONALS_BOUNDARY at observations.go:160:67
      KILLED CONDITIONALS_NEGATION at observations.go:160:67
      KILLED CONDITIONALS_NEGATION at observations.go:168:15
      KILLED CONDITIONALS_NEGATION at observations.go:179:48
      KILLED INVERT_LOGICAL at observations.go:182:217
      KILLED INVERT_LOGICAL at observations.go:182:183
      KILLED INVERT_LOGICAL at observations.go:182:147
      KILLED INVERT_LOGICAL at observations.go:182:113
      KILLED INVERT_LOGICAL at observations.go:182:88
      KILLED INVERT_LOGICAL at observations.go:182:52
      KILLED INVERT_LOGICAL at observations.go:182:31
      KILLED INVERT_LOGICAL at observations.go:182:17
      KILLED CONDITIONALS_NEGATION at observations.go:182:11
      KILLED CONDITIONALS_NEGATION at observations.go:182:44
      KILLED CONDITIONALS_NEGATION at observations.go:182:62
      KILLED CONDITIONALS_NEGATION at observations.go:182:103
      KILLED CONDITIONALS_NEGATION at observations.go:182:128
      KILLED CONDITIONALS_NEGATION at observations.go:182:164
      KILLED CONDITIONALS_NEGATION at observations.go:182:202
      KILLED CONDITIONALS_NEGATION at observations.go:182:230
      KILLED INVERT_LOGICAL at observations.go:187:120
      KILLED INVERT_LOGICAL at observations.go:187:80
      KILLED INVERT_LOGICAL at observations.go:187:43
      KILLED INVERT_LOGICAL at observations.go:187:28
      KILLED CONDITIONALS_NEGATION at observations.go:187:38
      KILLED INVERT_LOGICAL at observations.go:191:10
      KILLED CONDITIONALS_NEGATION at observations.go:191:20

Mutation testing completed in 35 seconds 181 milliseconds
Killed: 130, Lived: 0, Not covered: 0
Timed out: 0, Not viable: 0, Skipped: 0
Test efficacy: 100.00%
Mutator coverage: 100.00%
