 Network wagering-test-49351-25895_default  Creating
 Network wagering-test-49351-25895_default  Created
 Volume "wagering-test-49351-25895_testcredentials"  Creating
 Volume "wagering-test-49351-25895_testcredentials"  Created
 Container wagering-test-49351-25895-postgres-1  Creating
 Container wagering-test-49351-25895-localstack-1  Creating
 Container wagering-test-49351-25895-keycloak-1  Creating
 Container wagering-test-49351-25895-keycloak-1  Created
 Container wagering-test-49351-25895-postgres-1  Created
 Container wagering-test-49351-25895-localstack-1  Created
 Container wagering-test-49351-25895-postgres-1  Starting
 Container wagering-test-49351-25895-localstack-1  Starting
 Container wagering-test-49351-25895-keycloak-1  Starting
 Container wagering-test-49351-25895-keycloak-1  Started
 Container wagering-test-49351-25895-localstack-1  Started
 Container wagering-test-49351-25895-postgres-1  Started
 Container wagering-test-49351-25895-localstack-1  Waiting
 Container wagering-test-49351-25895-keycloak-1  Waiting
 Container wagering-test-49351-25895-postgres-1  Waiting
 Container wagering-test-49351-25895-postgres-1  Healthy
 Container wagering-test-49351-25895-localstack-1  Healthy
 Container wagering-test-49351-25895-keycloak-1  Healthy
 Container wagering-test-49351-25895-postgres-1  Stopping
 Container wagering-test-49351-25895-keycloak-1  Stopping
 Container wagering-test-49351-25895-localstack-1  Stopping
 Container wagering-test-49351-25895-postgres-1  Stopped
 Container wagering-test-49351-25895-postgres-1  Removing
 Container wagering-test-49351-25895-postgres-1  Removed
 Container wagering-test-49351-25895-localstack-1  Stopped
 Container wagering-test-49351-25895-localstack-1  Removing
 Container wagering-test-49351-25895-localstack-1  Removed
 Container wagering-test-49351-25895-keycloak-1  Stopped
 Container wagering-test-49351-25895-keycloak-1  Removing
 Container wagering-test-49351-25895-keycloak-1  Removed
 Volume wagering-test-49351-25895_testcredentials  Removing
 Network wagering-test-49351-25895_default  Removing
 Volume wagering-test-49351-25895_testcredentials  Removed
 Network wagering-test-49351-25895_default  Removed
