Starting...
Gathering coverage... done in 4.597104334s
      KILLED ARITHMETIC_BASE at cmd/wagering/app.go:28:21
      KILLED INVERT_BITWISE at cmd/wagering/app.go:30:64
      KILLED ARITHMETIC_BASE at internal/app/apperr/apperr.go:23:63
      KILLED INVERT_BITWISE at internal/app/apperr/apperr.go:36:24
      KILLED ARITHMETIC_BASE at internal/app/apperr/apperr.go:47:63
      KILLED CONDITIONALS_NEGATION at internal/app/apperr/apperr.go:28:9
      KILLED INVERT_BITWISE at internal/app/apperr/apperr.go:55:80
      KILLED CONDITIONALS_NEGATION at internal/app/apperr/apperr.go:50:9
      KILLED CONDITIONALS_NEGATION at internal/app/usecase/process.go:18:9
      KILLED CONDITIONALS_NEGATION at internal/app/usecase/process.go:24:9
      KILLED CONDITIONALS_NEGATION at internal/app/usecase/process.go:30:47
      KILLED CONDITIONALS_NEGATION at internal/app/usecase/process.go:33:50
      KILLED INVERT_LOGICAL at internal/app/usecase/process.go:52:40
      KILLED CONDITIONALS_BOUNDARY at internal/app/usecase/process.go:52:16
      KILLED CONDITIONALS_NEGATION at internal/app/usecase/process.go:52:16
      KILLED ARITHMETIC_BASE at internal/app/usecase/process.go:55:72
      KILLED CONDITIONALS_NEGATION at internal/app/usecase/process.go:55:91
      KILLED CONDITIONALS_NEGATION at internal/app/usecase/process.go:58:50
      KILLED CONDITIONALS_NEGATION at internal/app/usecase/process.go:61:14
      KILLED CONDITIONALS_NEGATION at internal/app/usecase/process.go:74:9
      KILLED CONDITIONALS_NEGATION at internal/app/usecase/process.go:77:18
      KILLED CONDITIONALS_NEGATION at internal/app/usecase/process.go:80:18
      KILLED CONDITIONALS_NEGATION at internal/app/usecase/process.go:84:27
      KILLED CONDITIONALS_NEGATION at internal/app/usecase/process.go:89:8
      KILLED INVERT_LOGICAL at internal/app/usecase/process.go:93:121
      KILLED INVERT_LOGICAL at internal/app/usecase/process.go:93:75
      KILLED INVERT_LOGICAL at internal/app/usecase/process.go:93:47
      KILLED INVERT_LOGICAL at internal/app/usecase/process.go:93:19
      KILLED CONDITIONALS_NEGATION at internal/app/usecase/process.go:93:11
      KILLED CONDITIONALS_NEGATION at internal/app/usecase/process.go:93:33
      KILLED CONDITIONALS_NEGATION at internal/app/usecase/process.go:93:61
      KILLED CONDITIONALS_NEGATION at internal/app/usecase/process.go:93:98
      KILLED CONDITIONALS_NEGATION at internal/app/usecase/process.go:93:134
      KILLED CONDITIONALS_NEGATION at internal/app/usecase/process.go:102:15
      KILLED CONDITIONALS_NEGATION at internal/app/usecase/process.go:106:24
      KILLED CONDITIONALS_NEGATION at internal/app/usecase/process.go:110:9
      KILLED CONDITIONALS_NEGATION at internal/app/usecase/process.go:117:42
      KILLED CONDITIONALS_NEGATION at internal/app/usecase/process.go:120:13
      KILLED CONDITIONALS_NEGATION at internal/app/usecase/process.go:130:16
      KILLED CONDITIONALS_NEGATION at internal/app/usecase/process.go:145:10
      KILLED CONDITIONALS_NEGATION at internal/app/usecase/process.go:149:8
      KILLED CONDITIONALS_NEGATION at internal/app/usecase/process.go:152:48
      KILLED CONDITIONALS_NEGATION at internal/app/usecase/process.go:155:52
      KILLED CONDITIONALS_NEGATION at internal/app/usecase/process.go:158:64
      KILLED CONDITIONALS_NEGATION at internal/app/usecase/process.go:162:60
      KILLED INVERT_BITWISE at internal/app/usecase/transaction.go:63:9
      KILLED CONDITIONALS_NEGATION at internal/app/usecase/process.go:165:49
      KILLED INVERT_LOGICAL at internal/app/usecase/transaction.go:69:29
      KILLED CONDITIONALS_NEGATION at internal/app/usecase/transaction.go:69:15
      KILLED CONDITIONALS_NEGATION at internal/app/usecase/transaction.go:69:42
      KILLED INVERT_LOGICAL at internal/app/usecase/transaction.go:72:29
      KILLED CONDITIONALS_NEGATION at internal/app/usecase/transaction.go:72:15
      KILLED INVERT_LOGICAL at internal/app/usecase/transaction.go:72:63
      KILLED CONDITIONALS_NEGATION at internal/app/usecase/transaction.go:72:57
      KILLED CONDITIONALS_NEGATION at internal/app/usecase/transaction.go:72:90
      KILLED INVERT_LOGICAL at internal/app/usecase/transaction.go:75:28
      KILLED CONDITIONALS_NEGATION at internal/app/usecase/transaction.go:75:15
      KILLED INVERT_LOGICAL at internal/app/usecase/transaction.go:75:56
      KILLED CONDITIONALS_NEGATION at internal/app/usecase/transaction.go:75:50
      KILLED CONDITIONALS_NEGATION at internal/app/usecase/transaction.go:75:72
      KILLED CONDITIONALS_NEGATION at internal/app/usecase/transaction.go:79:9
      KILLED CONDITIONALS_NEGATION at internal/app/usecase/transaction.go:83:9
      KILLED CONDITIONALS_NEGATION at internal/app/usecase/transaction.go:88:9
      KILLED CONDITIONALS_NEGATION at internal/app/usecase/transaction.go:92:9
      KILLED CONDITIONALS_NEGATION at internal/app/usecase/transaction.go:99:9
      KILLED CONDITIONALS_NEGATION at internal/app/usecase/transaction.go:104:16
      KILLED CONDITIONALS_NEGATION at internal/app/usecase/transaction.go:106:9
      KILLED CONDITIONALS_NEGATION at internal/app/usecase/transaction.go:109:13
      KILLED INVERT_LOGICAL at internal/app/usecase/transaction.go:114:15
      KILLED CONDITIONALS_NEGATION at internal/app/usecase/transaction.go:114:8
      KILLED CONDITIONALS_NEGATION at internal/app/usecase/transaction.go:119:52
      KILLED CONDITIONALS_NEGATION at internal/app/usecase/transaction.go:123:9
      KILLED CONDITIONALS_NEGATION at internal/app/usecase/transaction.go:127:37
      KILLED CONDITIONALS_NEGATION at internal/app/usecase/transaction.go:136:10
      KILLED INVERT_LOGICAL at internal/app/usecase/transaction.go:145:28
      KILLED CONDITIONALS_NEGATION at internal/app/usecase/transaction.go:145:20
      KILLED CONDITIONALS_NEGATION at internal/app/usecase/transaction.go:145:48
      KILLED CONDITIONALS_NEGATION at internal/app/usecase/transaction.go:152:16
      KILLED CONDITIONALS_NEGATION at internal/app/usecase/transaction.go:157:9
      KILLED INVERT_BITWISE at internal/app/usecase/transaction.go:196:70
      KILLED CONDITIONALS_NEGATION at internal/app/usecase/transaction.go:164:9
      KILLED CONDITIONALS_NEGATION at internal/app/usecase/transaction.go:202:8
      KILLED INVERT_LOGICAL at internal/app/usecase/transaction.go:206:18
      KILLED INVERT_LOGICAL at internal/app/usecase/transaction.go:206:41
      KILLED CONDITIONALS_NEGATION at internal/app/usecase/transaction.go:206:35
      KILLED CONDITIONALS_NEGATION at internal/app/usecase/transaction.go:206:57
      KILLED INVERT_LOGICAL at internal/app/usecase/transaction.go:216:17
      KILLED INVERT_LOGICAL at internal/app/usecase/transaction.go:216:40
      KILLED CONDITIONALS_NEGATION at internal/app/usecase/transaction.go:216:34
      KILLED CONDITIONALS_NEGATION at internal/app/usecase/transaction.go:216:54
      KILLED INVERT_BITWISE at internal/app/usecase/transaction.go:258:9
      KILLED INVERT_BITWISE at internal/app/usecase/transaction.go:268:23
      KILLED CONDITIONALS_NEGATION at internal/app/usecase/transaction.go:222:8
      KILLED CONDITIONALS_NEGATION at internal/app/usecase/transaction.go:268:32
      KILLED CONDITIONALS_NEGATION at internal/app/usecase/transaction.go:271:26
      KILLED INVERT_LOGICAL at internal/app/usecase/transaction.go:277:64
      KILLED INVERT_LOGICAL at internal/app/usecase/transaction.go:277:23
      KILLED CONDITIONALS_NEGATION at internal/app/usecase/transaction.go:277:17
      KILLED CONDITIONALS_NEGATION at internal/app/usecase/transaction.go:277:33
      KILLED INVERT_BITWISE at internal/app/usecase/wallet.go:35:9
      KILLED CONDITIONALS_NEGATION at internal/app/usecase/transaction.go:277:89
      KILLED CONDITIONALS_NEGATION at internal/app/usecase/wallet.go:40:9
      KILLED CONDITIONALS_NEGATION at internal/app/usecase/wallet.go:44:9
      KILLED CONDITIONALS_NEGATION at internal/app/usecase/wallet.go:48:46
      KILLED CONDITIONALS_NEGATION at internal/app/usecase/wallet.go:55:10
      KILLED CONDITIONALS_NEGATION at internal/app/usecase/wallet.go:58:50
      KILLED CONDITIONALS_NEGATION at internal/app/usecase/wallet.go:64:10
      KILLED CONDITIONALS_NEGATION at internal/app/usecase/wallet.go:67:48
      KILLED INVERT_BITWISE at internal/app/usecase/wallet.go:83:60
      KILLED CONDITIONALS_NEGATION at internal/app/usecase/wallet.go:71:51
      KILLED INVERT_BITWISE at internal/app/usecase/wallet.go:102:62
      KILLED CONDITIONALS_NEGATION at internal/app/usecase/wallet.go:89:8
      KILLED INVERT_BITWISE at internal/app/usecase/wallet.go:132:9
      KILLED CONDITIONALS_NEGATION at internal/app/usecase/wallet.go:107:49
      KILLED CONDITIONALS_NEGATION at internal/app/usecase/wallet.go:139:8
      KILLED CONDITIONALS_NEGATION at internal/app/usecase/wallet.go:143:8
      KILLED CONDITIONALS_NEGATION at internal/app/usecase/wallet.go:147:8
      KILLED INVERT_LOGICAL at internal/app/usecase/wallet.go:153:16
      KILLED CONDITIONALS_NEGATION at internal/app/usecase/wallet.go:153:9
      KILLED INVERT_BITWISE at internal/app/usecase/workers.go:30:9
      KILLED INVERT_BITWISE at internal/app/usecase/workers.go:20:62
      KILLED INVERT_LOGICAL at internal/app/usecase/workers.go:35:20
      KILLED CONDITIONALS_BOUNDARY at internal/app/usecase/workers.go:35:8
      KILLED CONDITIONALS_NEGATION at internal/app/usecase/workers.go:35:8
      KILLED CONDITIONALS_NEGATION at internal/app/usecase/workers.go:35:33
      KILLED CONDITIONALS_NEGATION at internal/app/usecase/workers.go:41:9
      KILLED CONDITIONALS_NEGATION at internal/app/usecase/workers.go:44:17
      KILLED CONDITIONALS_NEGATION at internal/app/usecase/workers.go:52:10
      KILLED CONDITIONALS_NEGATION at internal/app/usecase/workers.go:53:15
      KILLED INVERT_LOGICAL at internal/app/usecase/workers.go:60:24
      KILLED CONDITIONALS_NEGATION at internal/app/usecase/workers.go:60:18
      KILLED CONDITIONALS_NEGATION at internal/app/usecase/workers.go:64:11
      KILLED CONDITIONALS_NEGATION at internal/app/usecase/workers.go:70:67
      KILLED CONDITIONALS_NEGATION at internal/app/usecase/workers.go:73:49
      KILLED CONDITIONALS_NEGATION at internal/app/usecase/workers.go:79:19
      KILLED INCREMENT_DECREMENT at internal/app/usecase/workers.go:86:6
      KILLED INVERT_LOOPCTRL at internal/app/usecase/workers.go:87:5
      KILLED INCREMENT_DECREMENT at internal/app/usecase/workers.go:94:4
      KILLED INVERT_BITWISE at internal/app/usecase/workers.go:109:9
      KILLED INVERT_LOOPCTRL at internal/app/usecase/workers.go:92:4
      KILLED ARITHMETIC_BASE at internal/app/usecase/workers.go:112:25
      KILLED INVERT_BITWISE at internal/app/usecase/workers.go:131:36
      KILLED CONDITIONALS_NEGATION at internal/app/usecase/workers.go:119:9
      KILLED ARITHMETIC_BASE at internal/app/usecase/workers.go:133:49
      KILLED INVERT_LOGICAL at internal/app/usecase/workers.go:135:24
      KILLED CONDITIONALS_NEGATION at internal/app/usecase/workers.go:135:35
      KILLED CONDITIONALS_NEGATION at internal/app/usecase/workers.go:139:14
      KILLED CONDITIONALS_NEGATION at internal/app/usecase/workers.go:143:15
      KILLED CONDITIONALS_NEGATION at internal/app/usecase/workers.go:149:10
      KILLED CONDITIONALS_NEGATION at internal/app/usecase/workers.go:153:14
      KILLED CONDITIONALS_NEGATION at internal/app/usecase/workers.go:160:8
      KILLED CONDITIONALS_NEGATION at internal/app/usecase/workers.go:164:13
      KILLED CONDITIONALS_NEGATION at internal/domain/event/event.go:63:115
      KILLED CONDITIONALS_NEGATION at internal/domain/event/event.go:67:9
      KILLED INVERT_LOGICAL at internal/domain/event/validation.go:16:42
      KILLED INVERT_LOGICAL at internal/domain/event/validation.go:16:16
      KILLED CONDITIONALS_NEGATION at internal/domain/event/validation.go:16:9
      KILLED CONDITIONALS_NEGATION at internal/domain/event/validation.go:16:30
      KILLED INVERT_LOGICAL at internal/domain/event/validation.go:22:66
      KILLED INVERT_LOGICAL at internal/domain/event/validation.go:22:49
      KILLED INVERT_LOGICAL at internal/domain/event/validation.go:22:34
      KILLED INVERT_LOGICAL at internal/domain/event/validation.go:22:20
      KILLED CONDITIONALS_NEGATION at internal/domain/event/validation.go:22:11
      KILLED CONDITIONALS_NEGATION at internal/domain/event/validation.go:22:25
      KILLED CONDITIONALS_NEGATION at internal/domain/event/validation.go:22:39
      KILLED CONDITIONALS_NEGATION at internal/domain/event/validation.go:22:54
      KILLED CONDITIONALS_NEGATION at internal/domain/event/validation.go:22:71
      KILLED INVERT_LOGICAL at internal/domain/event/validation.go:25:70
      KILLED INVERT_LOGICAL at internal/domain/event/validation.go:25:54
      KILLED INVERT_LOGICAL at internal/domain/event/validation.go:25:33
      KILLED INVERT_LOGICAL at internal/domain/event/validation.go:25:14
      KILLED CONDITIONALS_NEGATION at internal/domain/event/validation.go:25:8
      KILLED CONDITIONALS_NEGATION at internal/domain/event/validation.go:25:27
      KILLED CONDITIONALS_NEGATION at internal/domain/event/validation.go:25:48
      KILLED CONDITIONALS_NEGATION at internal/domain/event/validation.go:25:65
      KILLED INVERT_LOGICAL at internal/domain/event/validation.go:30:95
      KILLED INVERT_LOGICAL at internal/domain/event/validation.go:30:68
      KILLED INVERT_LOGICAL at internal/domain/event/validation.go:30:43
      KILLED CONDITIONALS_NEGATION at internal/domain/event/validation.go:30:10
      KILLED CONDITIONALS_NEGATION at internal/domain/event/validation.go:30:62
      KILLED CONDITIONALS_NEGATION at internal/domain/event/validation.go:30:82
      KILLED CONDITIONALS_NEGATION at internal/domain/event/validation.go:30:109
      KILLED CONDITIONALS_NEGATION at internal/domain/event/validation.go:34:10
      KILLED CONDITIONALS_NEGATION at internal/domain/event/validation.go:37:13
      KILLED INVERT_LOGICAL at internal/domain/event/validation.go:38:78
      KILLED INVERT_LOGICAL at internal/domain/event/validation.go:38:59
      KILLED INVERT_LOGICAL at internal/domain/event/validation.go:38:26
      KILLED CONDITIONALS_NEGATION at internal/domain/event/validation.go:38:20
      KILLED CONDITIONALS_NEGATION at internal/domain/event/validation.go:38:53
      KILLED CONDITIONALS_NEGATION at internal/domain/event/validation.go:38:72
      KILLED INVERT_LOGICAL at internal/domain/event/validation.go:41:149
      KILLED INVERT_LOGICAL at internal/domain/event/validation.go:41:109
      KILLED INVERT_LOGICAL at internal/domain/event/validation.go:41:90
      KILLED INVERT_LOGICAL at internal/domain/event/validation.go:41:57
      KILLED INVERT_LOGICAL at internal/domain/event/validation.go:41:35
      KILLED CONDITIONALS_NEGATION at internal/domain/event/validation.go:41:51
      KILLED CONDITIONALS_NEGATION at internal/domain/event/validation.go:41:84
      KILLED CONDITIONALS_NEGATION at internal/domain/event/validation.go:41:103
      KILLED INVERT_LOGICAL at internal/domain/event/validation.go:41:130
      KILLED CONDITIONALS_NEGATION at internal/domain/event/validation.go:41:120
      KILLED CONDITIONALS_NEGATION at internal/domain/event/validation.go:41:143
      KILLED INVERT_LOGICAL at internal/domain/event/validation.go:41:170
      KILLED CONDITIONALS_NEGATION at internal/domain/event/validation.go:41:160
      KILLED INVERT_LOGICAL at internal/domain/event/validation.go:45:174
      KILLED INVERT_LOGICAL at internal/domain/event/validation.go:45:141
      KILLED INVERT_LOGICAL at internal/domain/event/validation.go:45:119
      KILLED INVERT_LOGICAL at internal/domain/event/validation.go:45:94
      KILLED INVERT_LOGICAL at internal/domain/event/validation.go:45:67
      KILLED INVERT_LOGICAL at internal/domain/event/validation.go:45:42
      KILLED CONDITIONALS_NEGATION at internal/domain/event/validation.go:45:10
      KILLED CONDITIONALS_NEGATION at internal/domain/event/validation.go:45:61
      KILLED CONDITIONALS_NEGATION at internal/domain/event/validation.go:45:81
      KILLED CONDITIONALS_NEGATION at internal/domain/event/validation.go:45:135
      KILLED CONDITIONALS_NEGATION at internal/domain/event/validation.go:45:168
      KILLED CONDITIONALS_NEGATION at internal/domain/event/validation.go:45:191
      KILLED INVERT_LOGICAL at internal/domain/event/validation.go:49:90
      KILLED INVERT_LOGICAL at internal/domain/event/validation.go:49:63
      KILLED INVERT_LOGICAL at internal/domain/event/validation.go:49:38
      KILLED CONDITIONALS_NEGATION at internal/domain/event/validation.go:49:10
      KILLED CONDITIONALS_NEGATION at internal/domain/event/validation.go:49:57
      KILLED CONDITIONALS_NEGATION at internal/domain/event/validation.go:49:77
      KILLED CONDITIONALS_BOUNDARY at internal/domain/event/validation.go:49:109
      KILLED CONDITIONALS_NEGATION at internal/domain/event/validation.go:49:109
      KILLED INVERT_LOGICAL at internal/domain/event/validation.go:53:17
      KILLED CONDITIONALS_NEGATION at internal/domain/event/validation.go:53:10
      KILLED CONDITIONALS_NEGATION at internal/domain/event/validation.go:57:10
      KILLED CONDITIONALS_NEGATION at internal/domain/event/validation.go:61:10
      KILLED INVERT_LOGICAL at internal/domain/event/validation.go:73:60
      KILLED INVERT_LOGICAL at internal/domain/event/validation.go:73:17
      KILLED CONDITIONALS_NEGATION at internal/domain/event/validation.go:73:10
      KILLED CONDITIONALS_NEGATION at internal/domain/event/validation.go:73:40
      KILLED CONDITIONALS_NEGATION at internal/domain/event/validation.go:73:80
      KILLED INVERT_LOGICAL at internal/domain/event/validation.go:77:208
      KILLED INVERT_LOGICAL at internal/domain/event/validation.go:77:172
      KILLED INVERT_LOGICAL at internal/domain/event/validation.go:77:130
      KILLED INVERT_LOGICAL at internal/domain/event/validation.go:77:97
      KILLED INVERT_LOGICAL at internal/domain/event/validation.go:77:75
      KILLED INVERT_LOGICAL at internal/domain/event/validation.go:77:50
      KILLED CONDITIONALS_NEGATION at internal/domain/event/validation.go:77:10
      KILLED CONDITIONALS_NEGATION at internal/domain/event/validation.go:77:69
      KILLED CONDITIONALS_NEGATION at internal/domain/event/validation.go:77:91
      KILLED CONDITIONALS_NEGATION at internal/domain/event/validation.go:77:124
      KILLED INVERT_BITWISE at internal/domain/event/validation.go:90:36
      KILLED CONDITIONALS_NEGATION at internal/domain/event/validation.go:77:166
      KILLED CONDITIONALS_NEGATION at internal/domain/event/validation.go:90:45
      KILLED INVERT_LOGICAL at internal/domain/event/validation.go:93:89
      KILLED INVERT_LOGICAL at internal/domain/event/validation.go:93:67
      KILLED INVERT_LOGICAL at internal/domain/event/validation.go:93:37
      KILLED INVERT_LOGICAL at internal/domain/event/validation.go:93:18
      KILLED CONDITIONALS_BOUNDARY at internal/domain/event/validation.go:93:14
      KILLED CONDITIONALS_NEGATION at internal/domain/event/validation.go:93:14
      KILLED CONDITIONALS_NEGATION at internal/domain/event/validation.go:93:24
      KILLED CONDITIONALS_NEGATION at internal/domain/event/validation.go:93:50
      KILLED INVERT_BITWISE at internal/domain/event/validation.go:99:10
      KILLED INVERT_BITWISE at internal/domain/event/validation.go:101:10
      KILLED INVERT_BITWISE at internal/domain/event/validation.go:103:10
      KILLED INVERT_BITWISE at internal/domain/event/validation.go:105:10
      KILLED CONDITIONALS_NEGATION at internal/domain/event/validation.go:93:74
      KILLED CONDITIONALS_NEGATION at internal/domain/event/validation.go:109:46
      KILLED CONDITIONALS_NEGATION at internal/domain/event/validation.go:122:113
      KILLED INVERT_LOGICAL at internal/domain/money/money.go:30:44
      KILLED INVERT_LOGICAL at internal/domain/money/money.go:30:23
      KILLED CONDITIONALS_NEGATION at internal/domain/money/money.go:30:14
      KILLED CONDITIONALS_NEGATION at internal/domain/money/money.go:30:35
      KILLED ARITHMETIC_BASE at internal/domain/money/money.go:43:35
      KILLED CONDITIONALS_NEGATION at internal/domain/money/money.go:30:56
      KILLED INVERT_NEGATIVES at internal/domain/money/money.go:43:31
      KILLED ARITHMETIC_BASE at internal/domain/money/money.go:43:31
      KILLED INVERT_NEGATIVES at internal/domain/money/money.go:43:55
      KILLED ARITHMETIC_BASE at internal/domain/money/money.go:43:55
      KILLED CONDITIONALS_NEGATION at internal/domain/money/money.go:45:9
      KILLED CONDITIONALS_NEGATION at internal/domain/money/money.go:53:51
      KILLED CONDITIONALS_BOUNDARY at internal/domain/money/money.go:54:51
      KILLED CONDITIONALS_NEGATION at internal/domain/money/money.go:54:51
      KILLED CONDITIONALS_BOUNDARY at internal/domain/money/money.go:55:51
      KILLED CONDITIONALS_NEGATION at internal/domain/money/money.go:55:51
      KILLED CONDITIONALS_NEGATION at internal/domain/money/money.go:56:54
      KILLED CONDITIONALS_NEGATION at internal/domain/money/money.go:59:33
      KILLED INVERT_LOGICAL at internal/domain/money/money.go:62:54
      KILLED INVERT_LOGICAL at internal/domain/money/money.go:62:18
       LIVED CONDITIONALS_BOUNDARY at internal/domain/money/money.go:62:14
      KILLED CONDITIONALS_NEGATION at internal/domain/money/money.go:62:14
      KILLED CONDITIONALS_BOUNDARY at internal/domain/money/money.go:62:29
      KILLED CONDITIONALS_NEGATION at internal/domain/money/money.go:62:29
      KILLED INVERT_NEGATIVES at internal/domain/money/money.go:62:44
      KILLED ARITHMETIC_BASE at internal/domain/money/money.go:62:44
      KILLED INVERT_LOGICAL at internal/domain/money/money.go:62:70
       LIVED CONDITIONALS_BOUNDARY at internal/domain/money/money.go:62:66
      KILLED CONDITIONALS_NEGATION at internal/domain/money/money.go:62:66
      KILLED CONDITIONALS_BOUNDARY at internal/domain/money/money.go:62:81
      KILLED CONDITIONALS_NEGATION at internal/domain/money/money.go:62:81
      KILLED INVERT_NEGATIVES at internal/domain/money/money.go:62:96
      KILLED ARITHMETIC_BASE at internal/domain/money/money.go:62:96
      KILLED ARITHMETIC_BASE at internal/domain/money/money.go:65:23
      KILLED CONDITIONALS_NEGATION at internal/domain/money/money.go:72:13
      KILLED INVERT_NEGATIVES at internal/domain/money/money.go:75:15
      KILLED ARITHMETIC_BASE at internal/domain/money/money.go:75:15
      KILLED CONDITIONALS_NEGATION at internal/domain/money/money.go:79:33
      KILLED INVERT_LOGICAL at internal/domain/money/money.go:82:54
      KILLED INVERT_LOGICAL at internal/domain/money/money.go:82:18
       LIVED CONDITIONALS_BOUNDARY at internal/domain/money/money.go:82:14
      KILLED CONDITIONALS_NEGATION at internal/domain/money/money.go:82:14
      KILLED CONDITIONALS_BOUNDARY at internal/domain/money/money.go:82:29
      KILLED CONDITIONALS_NEGATION at internal/domain/money/money.go:82:29
      KILLED ARITHMETIC_BASE at internal/domain/money/money.go:82:44
      KILLED INVERT_LOGICAL at internal/domain/money/money.go:82:70
       LIVED CONDITIONALS_BOUNDARY at internal/domain/money/money.go:82:66
      KILLED CONDITIONALS_NEGATION at internal/domain/money/money.go:82:66
      KILLED CONDITIONALS_BOUNDARY at internal/domain/money/money.go:82:81
      KILLED CONDITIONALS_NEGATION at internal/domain/money/money.go:82:81
      KILLED ARITHMETIC_BASE at internal/domain/money/money.go:82:96
      KILLED INVERT_NEGATIVES at internal/domain/money/money.go:85:23
      KILLED ARITHMETIC_BASE at internal/domain/money/money.go:85:23
      KILLED CONDITIONALS_NEGATION at internal/domain/money/money.go:89:33
      KILLED CONDITIONALS_BOUNDARY at internal/domain/money/money.go:92:13
      KILLED CONDITIONALS_NEGATION at internal/domain/money/money.go:92:13
      KILLED INVERT_NEGATIVES at internal/domain/money/money.go:93:10
      KILLED ARITHMETIC_BASE at internal/domain/money/money.go:93:10
      KILLED CONDITIONALS_BOUNDARY at internal/domain/money/money.go:95:13
      KILLED CONDITIONALS_NEGATION at internal/domain/money/money.go:95:13
      KILLED INVERT_LOGICAL at internal/domain/money/money.go:102:16
      KILLED CONDITIONALS_NEGATION at internal/domain/money/money.go:105:16
      KILLED CONDITIONALS_BOUNDARY at internal/domain/money/money.go:114:13
      KILLED CONDITIONALS_NEGATION at internal/domain/money/money.go:114:13
      KILLED INVERT_BITWISE at internal/domain/money/money.go:116:7
      KILLED ARITHMETIC_BASE at internal/domain/money/money.go:116:10
      KILLED ARITHMETIC_BASE at internal/domain/money/money.go:118:41
      KILLED ARITHMETIC_BASE at internal/domain/wager/errors.go:32:69
      KILLED ARITHMETIC_BASE at internal/domain/wager/errors.go:32:62
      KILLED ARITHMETIC_BASE at internal/domain/money/money.go:118:48
      KILLED INVERT_LOGICAL at internal/domain/wager/errors.go:37:12
      KILLED INVERT_BITWISE at internal/domain/wager/errors.go:40:62
      KILLED INVERT_BITWISE at internal/domain/wager/errors.go:60:20
      KILLED CONDITIONALS_NEGATION at internal/domain/wager/errors.go:37:22
      KILLED INVERT_LOGICAL at internal/domain/wager/ledger.go:18:71
      KILLED INVERT_LOGICAL at internal/domain/wager/ledger.go:18:53
      KILLED INVERT_LOGICAL at internal/domain/wager/ledger.go:18:41
      KILLED INVERT_LOGICAL at internal/domain/wager/ledger.go:18:18
      KILLED CONDITIONALS_NEGATION at internal/domain/wager/ledger.go:18:47
      KILLED CONDITIONALS_NEGATION at internal/domain/wager/ledger.go:18:65
      KILLED CONDITIONALS_NEGATION at internal/domain/wager/ledger.go:18:79
      KILLED CONDITIONALS_NEGATION at internal/domain/wager/ledger.go:36:9
      KILLED CONDITIONALS_NEGATION at internal/domain/wager/ledger.go:48:9
      KILLED INVERT_LOGICAL at internal/domain/wager/ledger.go:51:46
      KILLED CONDITIONALS_NEGATION at internal/domain/wager/ledger.go:51:39
      KILLED CONDITIONALS_NEGATION at internal/domain/wager/ledger.go:51:51
      KILLED CONDITIONALS_NEGATION at internal/domain/wager/rules.go:26:14
      KILLED INVERT_LOGICAL at internal/domain/wager/rules.go:28:43
      KILLED INVERT_LOGICAL at internal/domain/wager/rules.go:28:25
      KILLED CONDITIONALS_NEGATION at internal/domain/wager/rules.go:28:14
      KILLED CONDITIONALS_NEGATION at internal/domain/wager/rules.go:28:32
      KILLED CONDITIONALS_NEGATION at internal/domain/wager/rules.go:28:50
      KILLED CONDITIONALS_NEGATION at internal/domain/wager/rules.go:30:14
      KILLED INVERT_LOGICAL at internal/domain/wager/rules.go:38:9
      KILLED CONDITIONALS_NEGATION at internal/domain/wager/rules.go:38:21
      KILLED CONDITIONALS_NEGATION at internal/domain/wager/rules.go:41:7
      KILLED CONDITIONALS_NEGATION at internal/domain/wager/rules.go:48:18
      KILLED CONDITIONALS_NEGATION at internal/domain/wager/rules.go:84:39
      KILLED CONDITIONALS_NEGATION at internal/domain/wager/transaction.go:65:8
      KILLED CONDITIONALS_NEGATION at internal/domain/wager/transaction.go:69:54
      KILLED CONDITIONALS_NEGATION at internal/domain/wager/transaction.go:72:50
      KILLED INVERT_LOGICAL at internal/domain/wager/transaction.go:75:25
      KILLED CONDITIONALS_NEGATION at internal/domain/wager/transaction.go:75:50
      KILLED INVERT_LOGICAL at internal/domain/wager/transaction.go:78:47
      KILLED INVERT_LOGICAL at internal/domain/wager/transaction.go:78:26
      KILLED CONDITIONALS_NEGATION at internal/domain/wager/transaction.go:78:36
      KILLED INVERT_BITWISE at internal/domain/wager/transaction.go:81:9
      KILLED CONDITIONALS_NEGATION at internal/domain/wager/transaction.go:78:72
      KILLED INVERT_LOGICAL at internal/domain/wager/transaction.go:91:48
      KILLED INVERT_LOGICAL at internal/domain/wager/transaction.go:91:30
      KILLED INVERT_LOGICAL at internal/domain/wager/transaction.go:91:18
      KILLED CONDITIONALS_NEGATION at internal/domain/wager/transaction.go:91:24
      KILLED CONDITIONALS_NEGATION at internal/domain/wager/transaction.go:91:42
      KILLED INVERT_BITWISE at internal/domain/wager/transaction.go:98:9
      KILLED INVERT_BITWISE at internal/domain/wager/transaction.go:100:58
      KILLED CONDITIONALS_NEGATION at internal/domain/wager/transaction.go:91:60
      KILLED INVERT_LOGICAL at internal/domain/wager/transaction.go:106:57
      KILLED INVERT_LOGICAL at internal/domain/wager/transaction.go:106:36
      KILLED INVERT_LOGICAL at internal/domain/wager/transaction.go:106:16
      KILLED CONDITIONALS_NEGATION at internal/domain/wager/transaction.go:106:10
      KILLED CONDITIONALS_NEGATION at internal/domain/wager/transaction.go:106:30
      KILLED CONDITIONALS_NEGATION at internal/domain/wager/transaction.go:106:80
      KILLED CONDITIONALS_NEGATION at internal/domain/wager/transaction.go:109:34
      KILLED CONDITIONALS_NEGATION at internal/domain/wager/transaction.go:109:15
      KILLED CONDITIONALS_NEGATION at internal/domain/wager/transaction.go:109:45
      KILLED INVERT_LOGICAL at internal/domain/wager/transaction.go:112:32
      KILLED CONDITIONALS_NEGATION at internal/domain/wager/transaction.go:112:14
      KILLED CONDITIONALS_NEGATION at internal/domain/wager/transaction.go:112:44
      KILLED INVERT_LOGICAL at internal/domain/wager/transaction.go:115:105
      KILLED INVERT_LOGICAL at internal/domain/wager/transaction.go:115:70
      KILLED INVERT_LOGICAL at internal/domain/wager/transaction.go:115:46
      KILLED INVERT_LOGICAL at internal/domain/wager/transaction.go:115:22
      KILLED CONDITIONALS_NEGATION at internal/domain/wager/transaction.go:115:16
      KILLED CONDITIONALS_BOUNDARY at internal/domain/wager/transaction.go:115:119
      KILLED CONDITIONALS_NEGATION at internal/domain/wager/transaction.go:115:119
      KILLED CONDITIONALS_NEGATION at internal/domain/wager/transaction.go:118:14
      KILLED CONDITIONALS_NEGATION at internal/domain/wager/transaction.go:119:344
      KILLED INVERT_LOGICAL at internal/domain/wager/transaction.go:122:227
      KILLED INVERT_LOGICAL at internal/domain/wager/transaction.go:122:196
      KILLED INVERT_LOGICAL at internal/domain/wager/transaction.go:122:178
      KILLED INVERT_LOGICAL at internal/domain/wager/transaction.go:122:159
      KILLED INVERT_LOGICAL at internal/domain/wager/transaction.go:122:136
      KILLED INVERT_LOGICAL at internal/domain/wager/transaction.go:122:110
      KILLED INVERT_LOGICAL at internal/domain/wager/transaction.go:122:88
      KILLED INVERT_LOGICAL at internal/domain/wager/transaction.go:122:66
      KILLED INVERT_LOGICAL at internal/domain/wager/transaction.go:122:35
      KILLED CONDITIONALS_NEGATION at internal/domain/wager/transaction.go:122:47
      KILLED CONDITIONALS_NEGATION at internal/domain/wager/transaction.go:122:82
      KILLED CONDITIONALS_NEGATION at internal/domain/wager/transaction.go:122:104
      KILLED CONDITIONALS_NEGATION at internal/domain/wager/transaction.go:122:130
      KILLED CONDITIONALS_NEGATION at internal/domain/wager/transaction.go:122:153
      KILLED CONDITIONALS_NEGATION at internal/domain/wager/transaction.go:122:172
      KILLED CONDITIONALS_NEGATION at internal/domain/wager/transaction.go:122:190
      KILLED CONDITIONALS_NEGATION at internal/domain/wager/transaction.go:122:221
      KILLED CONDITIONALS_NEGATION at internal/domain/wager/transaction.go:122:244
      KILLED INVERT_LOGICAL at internal/domain/wager/transaction.go:125:33
      KILLED CONDITIONALS_NEGATION at internal/domain/wager/transaction.go:125:14
      KILLED INVERT_LOGICAL at internal/domain/wager/transaction.go:125:142
      KILLED INVERT_LOGICAL at internal/domain/wager/transaction.go:125:111
      KILLED INVERT_LOGICAL at internal/domain/wager/transaction.go:125:59
      KILLED CONDITIONALS_NEGATION at internal/domain/wager/transaction.go:125:52
      KILLED CONDITIONALS_NEGATION at internal/domain/wager/transaction.go:125:88
      KILLED CONDITIONALS_NEGATION at internal/domain/wager/transaction.go:125:159
      KILLED INVERT_LOGICAL at internal/domain/wager/transaction.go:128:62
      KILLED INVERT_LOGICAL at internal/domain/wager/transaction.go:128:33
      KILLED CONDITIONALS_NEGATION at internal/domain/wager/transaction.go:128:15
      KILLED CONDITIONALS_NEGATION at internal/domain/wager/transaction.go:128:45
      KILLED CONDITIONALS_NEGATION at internal/domain/wager/transaction.go:128:79
      KILLED INVERT_LOGICAL at internal/domain/wager/transaction.go:131:40
      KILLED CONDITIONALS_NEGATION at internal/domain/wager/transaction.go:131:14
      KILLED INVERT_LOGICAL at internal/domain/wager/transaction.go:131:89
      KILLED INVERT_LOGICAL at internal/domain/wager/transaction.go:131:67
      KILLED CONDITIONALS_NEGATION at internal/domain/wager/transaction.go:131:60
      KILLED CONDITIONALS_NEGATION at internal/domain/wager/transaction.go:131:82
      KILLED CONDITIONALS_NEGATION at internal/domain/wager/transaction.go:131:114
      KILLED INVERT_LOGICAL at internal/domain/wager/transaction.go:136:25
      KILLED CONDITIONALS_NEGATION at internal/domain/wager/transaction.go:136:19
      KILLED INVERT_LOGICAL at internal/domain/wager/transaction.go:136:57
      KILLED CONDITIONALS_NEGATION at internal/domain/wager/transaction.go:136:51
      KILLED CONDITIONALS_NEGATION at internal/domain/wager/transaction.go:136:74
      KILLED INVERT_LOGICAL at internal/domain/wager/transaction.go:139:64
      KILLED INVERT_LOGICAL at internal/domain/wager/transaction.go:139:33
      KILLED CONDITIONALS_NEGATION at internal/domain/wager/transaction.go:139:14
      KILLED CONDITIONALS_NEGATION at internal/domain/wager/transaction.go:139:58
      KILLED CONDITIONALS_NEGATION at internal/domain/wager/transaction.go:139:81
      KILLED INVERT_LOGICAL at internal/domain/wager/transaction.go:142:33
      KILLED CONDITIONALS_NEGATION at internal/domain/wager/transaction.go:142:14
      KILLED CONDITIONALS_NEGATION at internal/domain/wager/transaction.go:142:51
      KILLED INVERT_LOGICAL at internal/domain/wager/transaction.go:145:28
      KILLED CONDITIONALS_NEGATION at internal/domain/wager/transaction.go:145:45
      KILLED INVERT_LOGICAL at internal/domain/wager/transaction.go:148:40
      KILLED CONDITIONALS_NEGATION at internal/domain/wager/transaction.go:148:14
      KILLED CONDITIONALS_NEGATION at internal/domain/wager/transaction.go:148:59
      KILLED INVERT_LOGICAL at internal/domain/wager/transaction.go:151:31
      KILLED CONDITIONALS_NEGATION at internal/domain/wager/transaction.go:151:14
      KILLED INVERT_LOGICAL at internal/domain/wager/transaction.go:151:51
      KILLED CONDITIONALS_NEGATION at internal/domain/wager/transaction.go:151:46
      KILLED CONDITIONALS_NEGATION at internal/domain/wager/transaction.go:151:66
      KILLED INVERT_LOGICAL at internal/domain/wager/transaction.go:154:40
      KILLED CONDITIONALS_NEGATION at internal/domain/wager/transaction.go:154:14
      KILLED INVERT_LOGICAL at internal/domain/wager/transaction.go:154:60
      KILLED CONDITIONALS_NEGATION at internal/domain/wager/transaction.go:154:55
      KILLED INVERT_LOGICAL at internal/domain/wager/transaction.go:157:46
      KILLED CONDITIONALS_NEGATION at internal/domain/wager/transaction.go:157:22
      KILLED CONDITIONALS_BOUNDARY at internal/domain/wager/transaction.go:157:17
      KILLED CONDITIONALS_NEGATION at internal/domain/wager/transaction.go:157:17
      KILLED CONDITIONALS_NEGATION at internal/domain/wager/transaction.go:157:38
      KILLED INVERT_LOGICAL at internal/domain/wager/transaction.go:157:69
      KILLED CONDITIONALS_NEGATION at internal/domain/wager/transaction.go:157:62
      KILLED INVERT_LOGICAL at internal/domain/wager/transaction.go:157:105
      KILLED CONDITIONALS_NEGATION at internal/domain/wager/transaction.go:157:130
      KILLED INVERT_LOGICAL at internal/domain/wager/transaction.go:160:27
      KILLED CONDITIONALS_NEGATION at internal/domain/wager/transaction.go:160:12
      KILLED INVERT_LOGICAL at internal/domain/wager/transaction.go:160:99
      KILLED INVERT_LOGICAL at internal/domain/wager/transaction.go:160:53
      KILLED CONDITIONALS_NEGATION at internal/domain/wager/transaction.go:160:46
      KILLED CONDITIONALS_NEGATION at internal/domain/wager/transaction.go:160:79
      KILLED INVERT_BITWISE at internal/domain/wager/transaction.go:163:9
      KILLED CONDITIONALS_NEGATION at internal/domain/wager/transaction.go:160:113
      KILLED INVERT_LOGICAL at internal/domain/wager/transaction.go:192:28
      KILLED INVERT_LOGICAL at internal/domain/wager/transaction.go:192:14
      KILLED CONDITIONALS_NEGATION at internal/domain/wager/transaction.go:192:7
      KILLED CONDITIONALS_NEGATION at internal/domain/wager/transaction.go:192:22
      KILLED CONDITIONALS_NEGATION at internal/domain/wager/transaction.go:203:32
      KILLED INVERT_LOGICAL at internal/domain/wager/transaction.go:206:65
      KILLED INVERT_LOGICAL at internal/domain/wager/transaction.go:206:34
      KILLED INVERT_LOGICAL at internal/domain/wager/transaction.go:206:17
      KILLED CONDITIONALS_NEGATION at internal/domain/wager/transaction.go:206:11
      KILLED CONDITIONALS_NEGATION at internal/domain/wager/transaction.go:206:26
      KILLED CONDITIONALS_NEGATION at internal/domain/wager/transaction.go:206:59
      KILLED INVERT_LOGICAL at internal/domain/wager/transaction.go:206:89
      KILLED CONDITIONALS_NEGATION at internal/domain/wager/transaction.go:206:83
      KILLED CONDITIONALS_NEGATION at internal/domain/wager/transaction.go:206:106
      KILLED CONDITIONALS_NEGATION at internal/domain/wager/transaction.go:215:32
      KILLED INVERT_LOGICAL at internal/domain/wager/transaction.go:218:84
      KILLED INVERT_LOGICAL at internal/domain/wager/transaction.go:218:72
      KILLED INVERT_LOGICAL at internal/domain/wager/transaction.go:218:45
      KILLED INVERT_LOGICAL at internal/domain/wager/transaction.go:218:18
      KILLED CONDITIONALS_BOUNDARY at internal/domain/wager/transaction.go:218:79
      KILLED CONDITIONALS_NEGATION at internal/domain/wager/transaction.go:218:79
      KILLED CONDITIONALS_NEGATION at internal/domain/wager/transaction.go:218:98
      KILLED CONDITIONALS_NEGATION at internal/domain/wager/transaction.go:221:27
      KILLED INCREMENT_DECREMENT at internal/domain/wager/transaction.go:225:12
      KILLED INVERT_BITWISE at internal/domain/wager/transaction.go:228:17
      KILLED INVERT_BITWISE at internal/domain/wager/transaction.go:230:20
      KILLED CONDITIONALS_NEGATION at internal/domain/wager/transaction.go:226:17
      KILLED INVERT_LOGICAL at internal/domain/wager/transaction.go:236:28
      KILLED CONDITIONALS_NEGATION at internal/domain/wager/transaction.go:236:21
      KILLED INVERT_LOGICAL at internal/domain/wager/transaction.go:241:18
      KILLED INVERT_LOGICAL at internal/domain/wager/transaction.go:241:31
      KILLED CONDITIONALS_NEGATION at internal/domain/wager/transaction.go:241:24
      KILLED CONDITIONALS_NEGATION at internal/domain/wager/transaction.go:244:32
      KILLED INVERT_LOGICAL at internal/domain/wager/transaction.go:247:33
      KILLED CONDITIONALS_NEGATION at internal/domain/wager/transaction.go:247:27
      KILLED CONDITIONALS_NEGATION at internal/domain/wager/transaction.go:247:50
      KILLED INVERT_LOGICAL at internal/domain/wager/transaction.go:250:52
      KILLED INVERT_BITWISE at internal/domain/wager/transaction.go:253:76
      KILLED CONDITIONALS_NEGATION at internal/domain/wager/transaction.go:250:29
      KILLED INVERT_LOGICAL at internal/domain/wager/transaction.go:258:18
      KILLED INVERT_LOGICAL at internal/domain/wager/transaction.go:258:31
      KILLED CONDITIONALS_NEGATION at internal/domain/wager/transaction.go:258:24
      KILLED CONDITIONALS_NEGATION at internal/domain/wager/transaction.go:261:32
      KILLED CONDITIONALS_NEGATION at internal/domain/wager/transaction.go:264:10
      KILLED INVERT_LOGICAL at internal/domain/wager/transaction.go:273:18
      KILLED INVERT_LOGICAL at internal/domain/wager/transaction.go:273:31
      KILLED CONDITIONALS_NEGATION at internal/domain/wager/transaction.go:273:24
      KILLED CONDITIONALS_NEGATION at internal/domain/wager/transaction.go:276:32
      KILLED CONDITIONALS_NEGATION at internal/domain/wager/transaction.go:279:10
      KILLED INVERT_BITWISE at internal/domain/wager/transaction.go:291:9
      KILLED CONDITIONALS_NEGATION at internal/domain/wager/transaction.go:287:7
      KILLED INVERT_BITWISE at internal/domain/wager/transaction.go:298:9
      KILLED CONDITIONALS_NEGATION at internal/domain/wager/transaction.go:294:7
      KILLED INVERT_LOGICAL at internal/domain/wager/types.go:26:58
      KILLED CONDITIONALS_NEGATION at internal/domain/wager/types.go:26:44
      KILLED CONDITIONALS_NEGATION at internal/domain/wager/types.go:26:63
      KILLED INVERT_LOGICAL at internal/domain/wager/types.go:39:53
      KILLED INVERT_LOGICAL at internal/domain/wager/types.go:39:30
      KILLED CONDITIONALS_NEGATION at internal/domain/wager/types.go:39:11
      KILLED CONDITIONALS_NEGATION at internal/domain/wager/types.go:39:35
      KILLED CONDITIONALS_NEGATION at internal/domain/wager/types.go:39:58
      KILLED INVERT_LOGICAL at internal/domain/wallet/wallet.go:35:76
      KILLED INVERT_LOGICAL at internal/domain/wallet/wallet.go:35:48
      KILLED INVERT_LOGICAL at internal/domain/wallet/wallet.go:35:30
      KILLED INVERT_LOGICAL at internal/domain/wallet/wallet.go:35:18
      KILLED CONDITIONALS_NEGATION at internal/domain/wallet/wallet.go:35:24
      KILLED CONDITIONALS_NEGATION at internal/domain/wallet/wallet.go:35:42
      KILLED INVERT_BITWISE at internal/domain/wallet/wallet.go:38:9
      KILLED CONDITIONALS_NEGATION at internal/domain/wallet/wallet.go:35:70
      KILLED INVERT_LOGICAL at internal/domain/wallet/wallet.go:43:151
      KILLED INVERT_LOGICAL at internal/domain/wallet/wallet.go:43:125
      KILLED INVERT_LOGICAL at internal/domain/wallet/wallet.go:43:95
      KILLED INVERT_LOGICAL at internal/domain/wallet/wallet.go:43:75
      KILLED INVERT_LOGICAL at internal/domain/wallet/wallet.go:43:61
      KILLED INVERT_LOGICAL at internal/domain/wallet/wallet.go:43:26
      KILLED CONDITIONALS_NEGATION at internal/domain/wallet/wallet.go:43:69
      KILLED CONDITIONALS_NEGATION at internal/domain/wallet/wallet.go:43:89
      KILLED CONDITIONALS_NEGATION at internal/domain/wallet/wallet.go:43:119
      KILLED CONDITIONALS_BOUNDARY at internal/domain/wallet/wallet.go:43:164
      KILLED INVERT_BITWISE at internal/domain/wallet/wallet.go:46:9
      KILLED CONDITIONALS_NEGATION at internal/domain/wallet/wallet.go:43:164
      KILLED INVERT_LOGICAL at internal/domain/wallet/wallet.go:59:45
      KILLED INVERT_LOGICAL at internal/domain/wallet/wallet.go:59:28
      KILLED INVERT_LOGICAL at internal/domain/wallet/wallet.go:59:14
      KILLED CONDITIONALS_NEGATION at internal/domain/wallet/wallet.go:59:7
      KILLED CONDITIONALS_NEGATION at internal/domain/wallet/wallet.go:59:22
      KILLED CONDITIONALS_BOUNDARY at internal/domain/wallet/wallet.go:59:41
      KILLED CONDITIONALS_NEGATION at internal/domain/wallet/wallet.go:59:41
      KILLED CONDITIONALS_NEGATION at internal/domain/wallet/wallet.go:59:69
      KILLED CONDITIONALS_NEGATION at internal/domain/wallet/wallet.go:62:15
      KILLED CONDITIONALS_NEGATION at internal/domain/wallet/wallet.go:65:18
      KILLED CONDITIONALS_NEGATION at internal/domain/wallet/wallet.go:68:18
      KILLED CONDITIONALS_NEGATION at internal/domain/wallet/wallet.go:79:27
      KILLED INVERT_LOGICAL at internal/domain/wallet/wallet.go:82:18
      KILLED CONDITIONALS_BOUNDARY at internal/domain/wallet/wallet.go:88:20
      KILLED CONDITIONALS_NEGATION at internal/domain/wallet/wallet.go:88:20
      KILLED CONDITIONALS_NEGATION at internal/domain/wallet/wallet.go:99:27
      KILLED INVERT_LOGICAL at internal/domain/wallet/wallet.go:102:18
      KILLED CONDITIONALS_NEGATION at internal/domain/wallet/wallet.go:106:40
      KILLED ARITHMETIC_BASE at internal/infra/auth/middleware.go:20:43
      KILLED ARITHMETIC_BASE at internal/infra/auth/middleware.go:20:36
      KILLED INCREMENT_DECREMENT at internal/domain/wallet/wallet.go:116:11
      KILLED INVERT_LOGICAL at internal/infra/auth/middleware.go:27:10
      KILLED CONDITIONALS_NEGATION at internal/infra/auth/middleware.go:27:17
      KILLED CONDITIONALS_NEGATION at internal/infra/auth/middleware.go:32:10
      KILLED INVERT_LOGICAL at internal/infra/auth/middleware.go:48:47
      KILLED INVERT_LOGICAL at internal/infra/auth/middleware.go:59:47
      KILLED CONDITIONALS_NEGATION at internal/infra/auth/middleware.go:59:63
      KILLED INVERT_LOGICAL at internal/infra/auth/middleware.go:70:47
      KILLED INVERT_LOGICAL at internal/infra/auth/middleware.go:70:70
      KILLED INVERT_BITWISE at internal/infra/auth/verifier.go:44:7
      KILLED INVERT_BITWISE at internal/infra/auth/verifier.go:45:11
      KILLED CONDITIONALS_NEGATION at internal/infra/auth/middleware.go:70:64
      KILLED ARITHMETIC_BASE at internal/infra/auth/verifier.go:45:35
      KILLED CONDITIONALS_NEGATION at internal/infra/auth/verifier.go:48:10
      KILLED CONDITIONALS_BOUNDARY at internal/infra/auth/verifier.go:64:37
      KILLED CONDITIONALS_NEGATION at internal/infra/auth/verifier.go:64:37
      KILLED INVERT_LOGICAL at internal/infra/auth/verifier.go:67:12
      KILLED ARITHMETIC_BASE at internal/infra/auth/verifier.go:70:43
      KILLED CONDITIONALS_NEGATION at internal/infra/auth/verifier.go:74:9
      KILLED CONDITIONALS_NEGATION at internal/infra/auth/verifier.go:77:10
      KILLED CONDITIONALS_NEGATION at internal/infra/auth/verifier.go:79:22
      KILLED INVERT_BITWISE at internal/infra/auth/verifier.go:83:54
      KILLED CONDITIONALS_NEGATION at internal/infra/auth/verifier.go:84:12
      KILLED CONDITIONALS_NEGATION at internal/infra/auth/verifier.go:87:12
      KILLED INVERT_LOGICAL at internal/infra/auth/verifier.go:90:20
      KILLED CONDITIONALS_NEGATION at internal/infra/auth/verifier.go:90:13
      KILLED CONDITIONALS_NEGATION at internal/infra/auth/verifier.go:90:33
      KILLED CONDITIONALS_NEGATION at internal/infra/auth/verifier.go:97:9
      KILLED CONDITIONALS_NEGATION at internal/infra/auth/verifier.go:104:9
      KILLED CONDITIONALS_NEGATION at internal/infra/auth/verifier.go:112:27
      KILLED INVERT_LOGICAL at internal/infra/auth/verifier.go:116:9
      KILLED CONDITIONALS_NEGATION at internal/infra/auth/verifier.go:116:16
      KILLED INVERT_LOGICAL at internal/infra/auth/verifier.go:122:15
      KILLED CONDITIONALS_NEGATION at internal/infra/auth/verifier.go:122:8
      KILLED CONDITIONALS_BOUNDARY at internal/infra/auth/verifier.go:122:39
      KILLED CONDITIONALS_NEGATION at internal/infra/auth/verifier.go:122:39
      KILLED CONDITIONALS_NEGATION at internal/infra/auth/verifier.go:128:39
      KILLED INVERT_LOGICAL at internal/infra/auth/verifier.go:134:15
      KILLED CONDITIONALS_NEGATION at internal/infra/auth/verifier.go:134:8
      KILLED CONDITIONALS_BOUNDARY at internal/infra/auth/verifier.go:134:39
      KILLED CONDITIONALS_NEGATION at internal/infra/auth/verifier.go:134:39
      KILLED ARITHMETIC_BASE at internal/infra/auth/verifier.go:141:43
      KILLED CONDITIONALS_NEGATION at internal/infra/auth/verifier.go:146:9
      KILLED CONDITIONALS_NEGATION at internal/infra/auth/verifier.go:153:9
      KILLED CONDITIONALS_NEGATION at internal/infra/auth/verifier.go:159:20
      KILLED CONDITIONALS_NEGATION at internal/infra/config/config.go:29:8
      KILLED CONDITIONALS_NEGATION at internal/infra/config/config.go:37:28
      KILLED CONDITIONALS_NEGATION at internal/infra/config/config.go:46:9
      KILLED INVERT_LOGICAL at internal/infra/config/config.go:65:23
      KILLED CONDITIONALS_BOUNDARY at internal/infra/config/config.go:65:7
      KILLED CONDITIONALS_NEGATION at internal/infra/config/config.go:65:7
      KILLED ARITHMETIC_BASE at internal/infra/config/config.go:65:10
      KILLED CONDITIONALS_BOUNDARY at internal/infra/config/config.go:65:28
      KILLED CONDITIONALS_NEGATION at internal/infra/config/config.go:65:28
      KILLED ARITHMETIC_BASE at internal/infra/config/config.go:65:32
      KILLED CONDITIONALS_NEGATION at internal/infra/config/config.go:79:8
      KILLED INVERT_BITWISE at internal/infra/postgres/inbox_outbox_repo.go:19:146
      KILLED CONDITIONALS_NEGATION at internal/infra/postgres/inbox_outbox_repo.go:14:9
      KILLED INVERT_BITWISE at internal/infra/postgres/inbox_outbox_repo.go:19:153
      KILLED CONDITIONALS_NEGATION at internal/infra/postgres/inbox_outbox_repo.go:20:9
      KILLED CONDITIONALS_NEGATION at internal/infra/postgres/inbox_outbox_repo.go:23:7
      KILLED CONDITIONALS_NEGATION at internal/infra/postgres/inbox_outbox_repo.go:26:15
      KILLED INVERT_BITWISE at internal/infra/postgres/inbox_outbox_repo.go:54:22
      KILLED INVERT_BITWISE at internal/infra/postgres/inbox_outbox_repo.go:54:27
      KILLED INVERT_BITWISE at internal/infra/postgres/inbox_outbox_repo.go:54:39
      KILLED CONDITIONALS_NEGATION at internal/infra/postgres/inbox_outbox_repo.go:44:9
      KILLED INVERT_BITWISE at internal/infra/postgres/inbox_outbox_repo.go:54:45
      KILLED INVERT_BITWISE at internal/infra/postgres/inbox_outbox_repo.go:54:66
      KILLED INVERT_BITWISE at internal/infra/postgres/inbox_outbox_repo.go:54:55
      KILLED CONDITIONALS_NEGATION at internal/infra/postgres/inbox_outbox_repo.go:54:82
      KILLED INVERT_BITWISE at internal/infra/postgres/inbox_outbox_repo.go:76:105
      KILLED CONDITIONALS_NEGATION at internal/infra/postgres/inbox_outbox_repo.go:58:10
      KILLED INVERT_LOGICAL at internal/infra/postgres/ledger_repo.go:24:15
      KILLED CONDITIONALS_BOUNDARY at internal/infra/postgres/ledger_repo.go:24:11
      KILLED CONDITIONALS_NEGATION at internal/infra/postgres/ledger_repo.go:24:11
      KILLED CONDITIONALS_BOUNDARY at internal/infra/postgres/ledger_repo.go:24:24
      KILLED CONDITIONALS_NEGATION at internal/infra/postgres/ledger_repo.go:24:24
      KILLED CONDITIONALS_NEGATION at internal/infra/postgres/ledger_repo.go:27:12
      KILLED CONDITIONALS_NEGATION at internal/infra/postgres/ledger_repo.go:29:8
      KILLED INVERT_LOGICAL at internal/infra/postgres/ledger_repo.go:33:22
      KILLED CONDITIONALS_NEGATION at internal/infra/postgres/ledger_repo.go:33:17
      KILLED CONDITIONALS_NEGATION at internal/infra/postgres/ledger_repo.go:33:34
      KILLED INVERT_LOGICAL at internal/infra/postgres/ledger_repo.go:37:15
      KILLED CONDITIONALS_NEGATION at internal/infra/postgres/ledger_repo.go:37:8
       LIVED CONDITIONALS_BOUNDARY at internal/infra/postgres/ledger_repo.go:37:22
      KILLED CONDITIONALS_NEGATION at internal/infra/postgres/ledger_repo.go:37:22
      KILLED ARITHMETIC_BASE at internal/infra/postgres/ledger_repo.go:41:250
      KILLED INVERT_BITWISE at internal/infra/postgres/ledger_repo.go:52:22
      KILLED INVERT_BITWISE at internal/infra/postgres/ledger_repo.go:52:27
      KILLED INVERT_BITWISE at internal/infra/postgres/ledger_repo.go:52:32
      KILLED CONDITIONALS_NEGATION at internal/infra/postgres/ledger_repo.go:42:9
      KILLED INVERT_BITWISE at internal/infra/postgres/ledger_repo.go:52:38
      KILLED INVERT_BITWISE at internal/infra/postgres/ledger_repo.go:52:53
      KILLED INVERT_BITWISE at internal/infra/postgres/ledger_repo.go:52:62
      KILLED INVERT_BITWISE at internal/infra/postgres/ledger_repo.go:52:47
      KILLED INVERT_BITWISE at internal/infra/postgres/ledger_repo.go:52:70
      KILLED INVERT_BITWISE at internal/infra/postgres/ledger_repo.go:52:75
      KILLED CONDITIONALS_NEGATION at internal/infra/postgres/ledger_repo.go:52:84
      KILLED ARITHMETIC_BASE at internal/infra/postgres/ledger_repo.go:56:73
      KILLED ARITHMETIC_BASE at internal/infra/postgres/ledger_repo.go:56:67
      KILLED CONDITIONALS_NEGATION at internal/infra/postgres/ledger_repo.go:55:23
       LIVED INVERT_LOOPCTRL at internal/infra/postgres/ledger_repo.go:57:4
      KILLED CONDITIONALS_NEGATION at internal/infra/postgres/ledger_repo.go:60:8
      KILLED CONDITIONALS_NEGATION at internal/infra/postgres/ledger_repo.go:64:8
      KILLED CONDITIONALS_NEGATION at internal/infra/postgres/ledger_repo.go:68:8
      KILLED INVERT_BITWISE at internal/infra/postgres/ledger_repo.go:84:282
      KILLED CONDITIONALS_NEGATION at internal/infra/postgres/ledger_repo.go:72:8
      KILLED INVERT_BITWISE at internal/infra/postgres/ledger_repo.go:84:296
      KILLED INVERT_BITWISE at internal/infra/postgres/ledger_repo.go:84:288
      KILLED CONDITIONALS_NEGATION at internal/infra/postgres/ledger_repo.go:85:9
      KILLED CONDITIONALS_NEGATION at internal/infra/postgres/ledger_repo.go:89:9
      KILLED CONDITIONALS_NEGATION at internal/infra/postgres/module.go:25:9
      KILLED CONDITIONALS_NEGATION at internal/infra/postgres/module.go:31:9
      KILLED INVERT_BITWISE at internal/infra/postgres/module.go:49:59
       LIVED CONDITIONALS_NEGATION at internal/infra/postgres/module.go:37:11
      KILLED INVERT_BITWISE at internal/infra/postgres/transaction_repo.go:22:21
      KILLED INVERT_BITWISE at internal/infra/postgres/transaction_repo.go:22:28
      KILLED INVERT_BITWISE at internal/infra/postgres/transaction_repo.go:22:39
      KILLED INVERT_BITWISE at internal/infra/postgres/transaction_repo.go:22:54
      KILLED INVERT_BITWISE at internal/infra/postgres/transaction_repo.go:22:69
       LIVED ARITHMETIC_BASE at internal/infra/postgres/module.go:52:43
      KILLED INVERT_BITWISE at internal/infra/postgres/transaction_repo.go:22:88
      KILLED INVERT_BITWISE at internal/infra/postgres/transaction_repo.go:22:117
      KILLED INVERT_BITWISE at internal/infra/postgres/transaction_repo.go:22:130
      KILLED INVERT_BITWISE at internal/infra/postgres/transaction_repo.go:22:104
      KILLED INVERT_BITWISE at internal/infra/postgres/transaction_repo.go:22:142
      KILLED INVERT_BITWISE at internal/infra/postgres/transaction_repo.go:22:162
      KILLED INVERT_BITWISE at internal/infra/postgres/transaction_repo.go:22:171
      KILLED INVERT_BITWISE at internal/infra/postgres/transaction_repo.go:22:153
      KILLED INVERT_BITWISE at internal/infra/postgres/transaction_repo.go:22:182
      KILLED INVERT_BITWISE at internal/infra/postgres/transaction_repo.go:22:222
      KILLED INVERT_BITWISE at internal/infra/postgres/transaction_repo.go:22:233
      KILLED INVERT_BITWISE at internal/infra/postgres/transaction_repo.go:22:206
      KILLED INVERT_BITWISE at internal/infra/postgres/transaction_repo.go:22:249
      KILLED INVERT_BITWISE at internal/infra/postgres/transaction_repo.go:22:272
      KILLED INVERT_BITWISE at internal/infra/postgres/transaction_repo.go:22:290
      KILLED INVERT_BITWISE at internal/infra/postgres/transaction_repo.go:22:259
      KILLED INVERT_BITWISE at internal/infra/postgres/transaction_repo.go:22:304
      KILLED INVERT_BITWISE at internal/infra/postgres/transaction_repo.go:22:332
      KILLED INVERT_BITWISE at internal/infra/postgres/transaction_repo.go:22:350
      KILLED INVERT_BITWISE at internal/infra/postgres/transaction_repo.go:22:318
      KILLED CONDITIONALS_NEGATION at internal/infra/postgres/transaction_repo.go:22:371
      KILLED CONDITIONALS_NEGATION at internal/infra/postgres/transaction_repo.go:30:9
      KILLED CONDITIONALS_NEGATION at internal/infra/postgres/transaction_repo.go:33:13
      KILLED INVERT_BITWISE at internal/infra/postgres/transaction_repo.go:38:20
      KILLED CONDITIONALS_NEGATION at internal/infra/postgres/transaction_repo.go:35:8
      KILLED INVERT_BITWISE at internal/infra/postgres/transaction_repo.go:47:13
      KILLED CONDITIONALS_NEGATION at internal/infra/postgres/transaction_repo.go:45:20
      KILLED INVERT_ASSIGNMENTS at internal/infra/postgres/transaction_repo.go:51:7
       LIVED REMOVE_SELF_ASSIGNMENTS at internal/infra/postgres/transaction_repo.go:51:7
      KILLED ARITHMETIC_BASE at internal/infra/postgres/transaction_repo.go:64:50
      KILLED ARITHMETIC_BASE at internal/infra/postgres/transaction_repo.go:64:43
      KILLED CONDITIONALS_NEGATION at internal/infra/postgres/transaction_repo.go:54:28
      KILLED ARITHMETIC_BASE at internal/infra/postgres/transaction_repo.go:67:50
      KILLED ARITHMETIC_BASE at internal/infra/postgres/transaction_repo.go:70:50
      KILLED ARITHMETIC_BASE at internal/infra/postgres/transaction_repo.go:70:43
      KILLED ARITHMETIC_BASE at internal/infra/postgres/transaction_repo.go:67:43
      KILLED INVERT_BITWISE at internal/infra/postgres/transaction_repo.go:77:7
      KILLED CONDITIONALS_NEGATION at internal/infra/postgres/transaction_repo.go:75:20
      KILLED INVERT_LOGICAL at internal/infra/postgres/transaction_repo.go:80:16
      KILLED CONDITIONALS_NEGATION at internal/infra/postgres/transaction_repo.go:80:9
      KILLED ARITHMETIC_BASE at internal/infra/postgres/transaction_repo.go:86:46
      KILLED ARITHMETIC_BASE at internal/infra/postgres/transaction_repo.go:86:39
      KILLED CONDITIONALS_NEGATION at internal/infra/postgres/transaction_repo.go:80:38
      KILLED CONDITIONALS_NEGATION at internal/infra/postgres/transaction_repo.go:87:9
      KILLED INVERT_BITWISE at internal/infra/postgres/transaction_repo.go:103:178
      KILLED INVERT_BITWISE at internal/infra/postgres/uow.go:31:61
      KILLED CONDITIONALS_NEGATION at internal/infra/postgres/transaction_repo.go:94:8
      KILLED CONDITIONALS_NEGATION at internal/infra/postgres/uow.go:43:9
      KILLED ARITHMETIC_BASE at internal/infra/postgres/uow.go:47:59
      KILLED CONDITIONALS_NEGATION at internal/infra/postgres/uow.go:51:39
      KILLED CONDITIONALS_NEGATION at internal/infra/postgres/uow.go:54:31
      KILLED INVERT_LOGICAL at internal/infra/postgres/uow.go:63:134
      KILLED INVERT_LOGICAL at internal/infra/postgres/uow.go:63:90
      KILLED INVERT_LOGICAL at internal/infra/postgres/uow.go:63:67
      KILLED INVERT_BITWISE at internal/infra/postgres/uow.go:63:85
      KILLED INVERT_BITWISE at internal/infra/postgres/uow.go:67:16
      KILLED INVERT_LOGICAL at internal/infra/postgres/uow.go:63:28
      KILLED INVERT_LOGICAL at internal/infra/postgres/uow.go:68:69
      KILLED INVERT_LOGICAL at internal/infra/postgres/uow.go:68:47
      KILLED INVERT_LOGICAL at internal/infra/postgres/uow.go:68:25
      KILLED CONDITIONALS_NEGATION at internal/infra/postgres/uow.go:68:14
      KILLED CONDITIONALS_NEGATION at internal/infra/postgres/uow.go:68:36
      KILLED CONDITIONALS_NEGATION at internal/infra/postgres/uow.go:68:58
      KILLED CONDITIONALS_NEGATION at internal/infra/postgres/uow.go:68:80
      KILLED CONDITIONALS_NEGATION at internal/infra/postgres/uow.go:71:14
      KILLED INVERT_LOGICAL at internal/infra/postgres/uow.go:74:47
      KILLED INVERT_LOGICAL at internal/infra/postgres/uow.go:74:25
      KILLED CONDITIONALS_NEGATION at internal/infra/postgres/uow.go:74:14
      KILLED CONDITIONALS_NEGATION at internal/infra/postgres/uow.go:74:36
      KILLED CONDITIONALS_NEGATION at internal/infra/postgres/uow.go:74:58
      KILLED INVERT_LOGICAL at internal/infra/postgres/uow.go:77:69
      KILLED INVERT_LOGICAL at internal/infra/postgres/uow.go:77:47
      KILLED INVERT_LOGICAL at internal/infra/postgres/uow.go:77:25
      KILLED CONDITIONALS_NEGATION at internal/infra/postgres/uow.go:77:14
      KILLED CONDITIONALS_NEGATION at internal/infra/postgres/uow.go:77:36
      KILLED CONDITIONALS_NEGATION at internal/infra/postgres/uow.go:77:58
      KILLED INVERT_LOGICAL at internal/infra/postgres/uow.go:77:91
      KILLED CONDITIONALS_BOUNDARY at internal/infra/postgres/uow.go:77:86
      KILLED CONDITIONALS_NEGATION at internal/infra/postgres/uow.go:77:86
      KILLED CONDITIONALS_NEGATION at internal/infra/postgres/uow.go:77:106
      KILLED INVERT_BITWISE at internal/infra/postgres/wallet_repo.go:29:20
      KILLED INVERT_LOGICAL at internal/infra/postgres/wallet_repo.go:29:25
      KILLED ARITHMETIC_BASE at internal/infra/postgres/wallet_repo.go:36:58
      KILLED CONDITIONALS_NEGATION at internal/infra/postgres/wallet_repo.go:29:36
      KILLED ARITHMETIC_BASE at internal/infra/postgres/wallet_repo.go:36:47
      KILLED ARITHMETIC_BASE at internal/infra/postgres/wallet_repo.go:41:58
      KILLED ARITHMETIC_BASE at internal/infra/postgres/wallet_repo.go:41:47
      KILLED CONDITIONALS_NEGATION at internal/infra/postgres/wallet_repo.go:49:9
      KILLED INVERT_BITWISE at internal/infra/postgres/wallet_repo.go:64:21
      KILLED INVERT_BITWISE at internal/infra/postgres/wallet_repo.go:64:26
      KILLED CONDITIONALS_NEGATION at internal/infra/postgres/wallet_repo.go:52:24
      KILLED INVERT_BITWISE at internal/infra/postgres/wallet_repo.go:64:35
      KILLED INVERT_BITWISE at internal/infra/postgres/wallet_repo.go:64:49
      KILLED INVERT_BITWISE at internal/infra/postgres/wallet_repo.go:64:55
      KILLED INVERT_BITWISE at internal/infra/postgres/wallet_repo.go:64:41
      KILLED INVERT_BITWISE at internal/infra/postgres/wallet_repo.go:64:65
      KILLED CONDITIONALS_NEGATION at internal/infra/postgres/wallet_repo.go:64:76
      KILLED CONDITIONALS_NEGATION at internal/infra/postgres/wallet_repo.go:71:9
      KILLED CONDITIONALS_NEGATION at internal/infra/sqs/client.go:16:9
      KILLED INVERT_BITWISE at internal/infra/sqs/client.go:32:9
      KILLED CONDITIONALS_NEGATION at internal/infra/sqs/client.go:20:25
      KILLED INVERT_BITWISE at internal/infra/sqs/client.go:38:45
      KILLED INVERT_BITWISE at internal/infra/sqs/client.go:38:87
      KILLED INVERT_BITWISE at internal/infra/sqs/consumer.go:37:9
      KILLED ARITHMETIC_BASE at internal/infra/sqs/client.go:36:43
      KILLED ARITHMETIC_BASE at internal/infra/sqs/consumer.go:37:117
      KILLED CONDITIONALS_NEGATION at internal/infra/sqs/consumer.go:42:16
      KILLED ARITHMETIC_BASE at internal/infra/sqs/consumer.go:45:110
      KILLED INVERT_BITWISE at internal/infra/sqs/consumer.go:46:51
      KILLED INVERT_BITWISE at internal/infra/sqs/consumer.go:47:33
      KILLED ARITHMETIC_BASE at internal/infra/sqs/consumer.go:45:107
      KILLED CONDITIONALS_NEGATION at internal/infra/sqs/consumer.go:53:10
      KILLED CONDITIONALS_NEGATION at internal/infra/sqs/consumer.go:54:17
      KILLED ARITHMETIC_BASE at internal/infra/sqs/consumer.go:59:29
      KILLED INVERT_BITWISE at internal/infra/sqs/consumer.go:83:51
      KILLED INVERT_BITWISE at internal/infra/sqs/consumer.go:86:6
      KILLED INVERT_LOOPCTRL at internal/infra/sqs/consumer.go:65:4
      KILLED CONDITIONALS_NEGATION at internal/infra/sqs/consumer.go:91:15
      KILLED CONDITIONALS_NEGATION at internal/infra/sqs/consumer.go:96:9
      KILLED INVERT_LOGICAL at internal/infra/sqs/consumer.go:101:144
      KILLED INVERT_LOGICAL at internal/infra/sqs/consumer.go:101:95
      KILLED INVERT_LOGICAL at internal/infra/sqs/consumer.go:101:53
      KILLED CONDITIONALS_BOUNDARY at internal/infra/sqs/consumer.go:104:8
      KILLED CONDITIONALS_NEGATION at internal/infra/sqs/consumer.go:104:8
      KILLED CONDITIONALS_NEGATION at internal/infra/sqs/consumer.go:110:16
      KILLED INVERT_BITWISE at internal/infra/sqs/consumer.go:118:41
      KILLED INVERT_BITWISE at internal/infra/sqs/consumer.go:125:43
      KILLED INVERT_BITWISE at internal/infra/sqs/consumer.go:125:80
      KILLED ARITHMETIC_BASE at internal/infra/sqs/consumer.go:123:66
      KILLED CONDITIONALS_NEGATION at internal/infra/sqs/consumer.go:125:131
      KILLED INVERT_BITWISE at internal/infra/sqs/consumer.go:133:50
      KILLED INVERT_BITWISE at internal/infra/sqs/consumer.go:134:13
      KILLED ARITHMETIC_BASE at internal/infra/sqs/consumer.go:131:66
      KILLED INVERT_BITWISE at internal/infra/sqs/module.go:31:44
      KILLED INVERT_BITWISE at internal/infra/sqs/module.go:31:86
      KILLED CONDITIONALS_NEGATION at internal/infra/sqs/consumer.go:135:9
      KILLED CONDITIONALS_NEGATION at internal/infra/sqs/module.go:31:98
       LIVED CONDITIONALS_NEGATION at internal/infra/sqs/module.go:40:21
       LIVED ARITHMETIC_BASE at internal/infra/sqs/module.go:41:60
       LIVED INVERT_NEGATIVES at internal/infra/sqs/module.go:46:82
       LIVED ARITHMETIC_BASE at internal/infra/sqs/module.go:46:82
       LIVED ARITHMETIC_BASE at internal/infra/sqs/module.go:46:69
       LIVED ARITHMETIC_BASE at internal/infra/sqs/module.go:47:31
       LIVED INVERT_NEGATIVES at internal/infra/sqs/module.go:47:64
       LIVED ARITHMETIC_BASE at internal/infra/sqs/module.go:47:64
      KILLED INVERT_BITWISE at internal/infra/sqs/module.go:52:42
       LIVED ARITHMETIC_BASE at internal/infra/sqs/module.go:47:66
      KILLED INVERT_BITWISE at internal/infra/sqs/module.go:52:84
      KILLED CONDITIONALS_NEGATION at internal/infra/sqs/module.go:53:9
      KILLED CONDITIONALS_NEGATION at internal/infra/sqs/module.go:57:9
      KILLED INVERT_BITWISE at internal/infra/sqs/publisher.go:23:9
      KILLED CONDITIONALS_NEGATION at internal/infra/sqs/module.go:61:9
      KILLED INVERT_BITWISE at internal/infra/sqs/publisher.go:28:27
      KILLED INVERT_BITWISE at internal/infra/sqs/publisher.go:27:38
      KILLED CONDITIONALS_NEGATION at internal/platform/failpoint/hit.go:12:28
      KILLED CONDITIONALS_NEGATION at internal/platform/failpoint/hit.go:16:9
      KILLED INVERT_BITWISE at internal/platform/failpoint/hit.go:19:70
      KILLED INVERT_BITWISE at internal/platform/failpoint/hit.go:19:60
      KILLED INVERT_BITWISE at internal/platform/logging/logging.go:13:52
      KILLED INVERT_BITWISE at internal/platform/metrics/metrics.go:24:7
      KILLED CONDITIONALS_NEGATION at internal/platform/failpoint/hit.go:20:7
      KILLED INVERT_BITWISE at internal/platform/worker/worker.go:32:9
      KILLED CONDITIONALS_NEGATION at internal/platform/sys/sys.go:20:9
      KILLED CONDITIONALS_NEGATION at internal/platform/worker/worker.go:53:18
      KILLED CONDITIONALS_NEGATION at internal/platform/worker/worker.go:54:13
      KILLED CONDITIONALS_NEGATION at internal/platform/worker/worker.go:106:18
      KILLED ARITHMETIC_BASE at internal/platform/worker/worker.go:110:48
       LIVED INVERT_LOGICAL at internal/platform/worker/worker.go:113:19
   TIMED OUT CONDITIONALS_NEGATION at internal/platform/worker/worker.go:113:12
   TIMED OUT CONDITIONALS_NEGATION at internal/platform/worker/worker.go:113:28
      KILLED INVERT_BITWISE at internal/transport/httpapi/dto.go:25:9
      KILLED CONDITIONALS_NEGATION at internal/transport/httpapi/dto.go:21:7
      KILLED CONDITIONALS_NEGATION at internal/transport/httpapi/dto.go:30:9
      KILLED CONDITIONALS_NEGATION at internal/transport/httpapi/handlers.go:30:9
      KILLED ARITHMETIC_BASE at internal/transport/httpapi/handlers.go:34:53
      KILLED INVERT_BITWISE at internal/transport/httpapi/handlers.go:43:23
      KILLED INVERT_BITWISE at internal/transport/httpapi/handlers.go:41:57
      KILLED CONDITIONALS_NEGATION at internal/transport/httpapi/handlers.go:43:35
      KILLED INVERT_LOGICAL at internal/transport/httpapi/handlers.go:48:20
      KILLED CONDITIONALS_NEGATION at internal/transport/httpapi/handlers.go:48:15
      KILLED CONDITIONALS_NEGATION at internal/transport/httpapi/handlers.go:48:31
      KILLED CONDITIONALS_NEGATION at internal/transport/httpapi/handlers.go:51:26
      KILLED INVERT_BITWISE at internal/transport/httpapi/handlers.go:65:25
      KILLED CONDITIONALS_NEGATION at internal/transport/httpapi/handlers.go:57:34
      KILLED CONDITIONALS_NEGATION at internal/transport/httpapi/handlers.go:65:36
      KILLED CONDITIONALS_NEGATION at internal/transport/httpapi/handlers.go:70:9
      KILLED CONDITIONALS_NEGATION at internal/transport/httpapi/handlers.go:75:9
      KILLED CONDITIONALS_NEGATION at internal/transport/httpapi/handlers.go:84:9
      KILLED CONDITIONALS_NEGATION at internal/transport/httpapi/handlers.go:93:40
      KILLED INVERT_LOGICAL at internal/transport/httpapi/handlers.go:95:26
      KILLED INVERT_LOGICAL at internal/transport/httpapi/handlers.go:95:17
      KILLED CONDITIONALS_NEGATION at internal/transport/httpapi/handlers.go:95:10
      KILLED CONDITIONALS_BOUNDARY at internal/transport/httpapi/handlers.go:95:22
      KILLED CONDITIONALS_NEGATION at internal/transport/httpapi/handlers.go:95:22
      KILLED CONDITIONALS_BOUNDARY at internal/transport/httpapi/handlers.go:95:31
      KILLED CONDITIONALS_NEGATION at internal/transport/httpapi/handlers.go:95:31
      KILLED CONDITIONALS_NEGATION at internal/transport/httpapi/handlers.go:102:9
      KILLED CONDITIONALS_NEGATION at internal/transport/httpapi/handlers.go:116:9
      KILLED INVERT_BITWISE at internal/transport/httpapi/handlers.go:131:25
      KILLED CONDITIONALS_NEGATION at internal/transport/httpapi/handlers.go:126:9
      KILLED CONDITIONALS_NEGATION at internal/transport/httpapi/handlers.go:131:36
      KILLED ARITHMETIC_BASE at internal/transport/httpapi/handlers.go:156:55
      KILLED CONDITIONALS_NEGATION at internal/transport/httpapi/handlers.go:144:9
      KILLED CONDITIONALS_NEGATION at internal/transport/httpapi/handlers.go:173:9
      KILLED CONDITIONALS_NEGATION at internal/transport/httpapi/handlers.go:182:9
      KILLED INVERT_NEGATIVES at internal/transport/httpapi/module.go:37:20
      KILLED ARITHMETIC_BASE at internal/transport/httpapi/module.go:37:20
      KILLED CONDITIONALS_BOUNDARY at internal/transport/httpapi/module.go:37:27
      KILLED CONDITIONALS_NEGATION at internal/transport/httpapi/module.go:37:27
      KILLED INCREMENT_DECREMENT at internal/transport/httpapi/module.go:37:34
       LIVED ARITHMETIC_BASE at internal/transport/httpapi/module.go:51:53
      KILLED INVERT_BITWISE at internal/transport/httpapi/module.go:81:9
      KILLED CONDITIONALS_NEGATION at internal/transport/httpapi/module.go:54:11
      KILLED ARITHMETIC_BASE at internal/transport/httpapi/module.go:81:155
      KILLED ARITHMETIC_BASE at internal/transport/httpapi/module.go:81:186
      KILLED ARITHMETIC_BASE at internal/transport/httpapi/module.go:81:218
      KILLED ARITHMETIC_BASE at internal/transport/httpapi/module.go:81:249
       LIVED CONDITIONALS_NEGATION at internal/transport/httpapi/module.go:93:11
      KILLED CONDITIONALS_NEGATION at internal/transport/httpapi/module.go:105:11
      KILLED CONDITIONALS_NEGATION at internal/transport/httpapi/module.go:113:16

Mutation testing completed in 19 minutes 20 seconds
Killed: 898, Lived: 21, Not covered: 0
Timed out: 2, Not viable: 0, Skipped: 0
Test efficacy: 97.71%
Mutator coverage: 100.00%
