11 versions; paired up/down files; SHA-256 verified
......
----------------------------------------------------------------------
Ran 6 tests in 0.006s

OK
000001_init.down.sql: OK
000001_init.up.sql: OK
000002_integrity.down.sql: OK
000002_integrity.up.sql: OK
000003_accounting_model.down.sql: OK
000003_accounting_model.up.sql: OK
000004_accounting_commands.down.sql: OK
000004_accounting_commands.up.sql: OK
000005_settlement_outbox.down.sql: OK
000005_settlement_outbox.up.sql: OK
000006_ledger_cursor_order.down.sql: OK
000006_ledger_cursor_order.up.sql: OK
000007_betting_window.down.sql: OK
000007_betting_window.up.sql: OK
000008_early_win.down.sql: OK
000008_early_win.up.sql: OK
000009_settled_payment_rollback.down.sql: OK
000009_settled_payment_rollback.up.sql: OK
000010_rollback_any_stage.down.sql: OK
000010_rollback_any_stage.up.sql: OK
000011_rollback_liquidity.down.sql: OK
000011_rollback_liquidity.up.sql: OK
1/u init (8.090375ms)
2/u integrity (12.210667ms)
3/u accounting_model (47.809375ms)
4/u accounting_commands (51.547375ms)
5/u settlement_outbox (54.119167ms)
6/u ledger_cursor_order (55.279292ms)
7/u betting_window (57.024625ms)
8/u early_win (58.171458ms)
9/u settled_payment_rollback (59.595125ms)
10/u rollback_any_stage (60.740375ms)
11/u rollback_liquidity (63.196625ms)
000001_init.down.sql: OK
000001_init.up.sql: OK
000002_integrity.down.sql: OK
000002_integrity.up.sql: OK
000003_accounting_model.down.sql: OK
000003_accounting_model.up.sql: OK
000004_accounting_commands.down.sql: OK
000004_accounting_commands.up.sql: OK
000005_settlement_outbox.down.sql: OK
000005_settlement_outbox.up.sql: OK
000006_ledger_cursor_order.down.sql: OK
000006_ledger_cursor_order.up.sql: OK
000007_betting_window.down.sql: OK
000007_betting_window.up.sql: OK
000008_early_win.down.sql: OK
000008_early_win.up.sql: OK
000009_settled_payment_rollback.down.sql: OK
000009_settled_payment_rollback.up.sql: OK
000010_rollback_any_stage.down.sql: OK
000010_rollback_any_stage.up.sql: OK
000011_rollback_liquidity.down.sql: OK
000011_rollback_liquidity.up.sql: OK
11
000001_init.down.sql: OK
000001_init.up.sql: OK
000002_integrity.down.sql: OK
000002_integrity.up.sql: OK
000003_accounting_model.down.sql: OK
000003_accounting_model.up.sql: OK
000004_accounting_commands.down.sql: OK
000004_accounting_commands.up.sql: OK
000005_settlement_outbox.down.sql: OK
000005_settlement_outbox.up.sql: OK
000006_ledger_cursor_order.down.sql: OK
000006_ledger_cursor_order.up.sql: OK
000007_betting_window.down.sql: OK
000007_betting_window.up.sql: OK
000008_early_win.down.sql: OK
000008_early_win.up.sql: OK
000009_settled_payment_rollback.down.sql: OK
000009_settled_payment_rollback.up.sql: OK
000010_rollback_any_stage.down.sql: OK
000010_rollback_any_stage.up.sql: OK
000011_rollback_liquidity.down.sql: OK
000011_rollback_liquidity.up.sql: OK
11/d rollback_liquidity (8.288625ms)
10/d rollback_any_stage (12.931083ms)
9/d settled_payment_rollback (16.238875ms)
8/d early_win (18.898916ms)
7/d betting_window (22.267ms)
6/d ledger_cursor_order (24.173833ms)
5/d settlement_outbox (26.59075ms)
4/d accounting_commands (28.908333ms)
3/d accounting_model (88.963334ms)
2/d integrity (97.436292ms)
1/d init (108.1225ms)
000001_init.down.sql: OK
000001_init.up.sql: OK
000002_integrity.down.sql: OK
000002_integrity.up.sql: OK
000003_accounting_model.down.sql: OK
000003_accounting_model.up.sql: OK
000004_accounting_commands.down.sql: OK
000004_accounting_commands.up.sql: OK
000005_settlement_outbox.down.sql: OK
000005_settlement_outbox.up.sql: OK
000006_ledger_cursor_order.down.sql: OK
000006_ledger_cursor_order.up.sql: OK
000007_betting_window.down.sql: OK
000007_betting_window.up.sql: OK
000008_early_win.down.sql: OK
000008_early_win.up.sql: OK
000009_settled_payment_rollback.down.sql: OK
000009_settled_payment_rollback.up.sql: OK
000010_rollback_any_stage.down.sql: OK
000010_rollback_any_stage.up.sql: OK
000011_rollback_liquidity.down.sql: OK
000011_rollback_liquidity.up.sql: OK
1/u init (11.229167ms)
2/u integrity (18.375375ms)
3/u accounting_model (58.886875ms)
4/u accounting_commands (61.720667ms)
5/u settlement_outbox (63.646792ms)
6/u ledger_cursor_order (65.906417ms)
7/u betting_window (68.242542ms)
8/u early_win (72.775417ms)
9/u settled_payment_rollback (79.999667ms)
10/u rollback_any_stage (87.875542ms)
11/u rollback_liquidity (93.280834ms)
000001_init.down.sql: OK
000001_init.up.sql: OK
000002_integrity.down.sql: OK
000002_integrity.up.sql: OK
000003_accounting_model.down.sql: OK
000003_accounting_model.up.sql: OK
000004_accounting_commands.down.sql: OK
000004_accounting_commands.up.sql: OK
000005_settlement_outbox.down.sql: OK
000005_settlement_outbox.up.sql: OK
000006_ledger_cursor_order.down.sql: OK
000006_ledger_cursor_order.up.sql: OK
000007_betting_window.down.sql: OK
000007_betting_window.up.sql: OK
000008_early_win.down.sql: OK
000008_early_win.up.sql: OK
000009_settled_payment_rollback.down.sql: OK
000009_settled_payment_rollback.up.sql: OK
000010_rollback_any_stage.down.sql: OK
000010_rollback_any_stage.up.sql: OK
000011_rollback_liquidity.down.sql: OK
000011_rollback_liquidity.up.sql: OK
no change
000001_init.down.sql: OK
000001_init.up.sql: OK
000002_integrity.down.sql: OK
000002_integrity.up.sql: OK
000003_accounting_model.down.sql: OK
000003_accounting_model.up.sql: OK
000004_accounting_commands.down.sql: OK
000004_accounting_commands.up.sql: OK
000005_settlement_outbox.down.sql: OK
000005_settlement_outbox.up.sql: OK
000006_ledger_cursor_order.down.sql: OK
000006_ledger_cursor_order.up.sql: OK
000007_betting_window.down.sql: OK
000007_betting_window.up.sql: OK
000008_early_win.down.sql: OK
000008_early_win.up.sql: OK
000009_settled_payment_rollback.down.sql: OK
000009_settled_payment_rollback.up.sql: OK
000010_rollback_any_stage.down.sql: OK
000010_rollback_any_stage.up.sql: OK
000011_rollback_liquidity.down.sql: OK
000011_rollback_liquidity.up.sql: OK
11/d rollback_liquidity (6.587541ms)
10/d rollback_any_stage (8.656959ms)
000001_init.down.sql: OK
000001_init.up.sql: OK
000002_integrity.down.sql: OK
000002_integrity.up.sql: OK
000003_accounting_model.down.sql: OK
000003_accounting_model.up.sql: OK
000004_accounting_commands.down.sql: OK
000004_accounting_commands.up.sql: OK
000005_settlement_outbox.down.sql: OK
000005_settlement_outbox.up.sql: OK
000006_ledger_cursor_order.down.sql: OK
000006_ledger_cursor_order.up.sql: OK
000007_betting_window.down.sql: OK
000007_betting_window.up.sql: OK
000008_early_win.down.sql: OK
000008_early_win.up.sql: OK
000009_settled_payment_rollback.down.sql: OK
000009_settled_payment_rollback.up.sql: OK
000010_rollback_any_stage.down.sql: OK
000010_rollback_any_stage.up.sql: OK
000011_rollback_liquidity.down.sql: OK
000011_rollback_liquidity.up.sql: OK
10/u rollback_any_stage (2.186667ms)
11/u rollback_liquidity (5.628541ms)
Migration roundtrip and schema equivalence verified.
11 versions; paired up/down files; SHA-256 verified
=== RUN   TestAccountingModelOpeningBETWINAndReplay
=== RUN   TestAccountingModelOpeningBETWINAndReplay/false
2026/09/30 14:42:04 INFO transaction handled correlationId="" messageId="" transactionId=d3053853-0cec-479d-9415-edc52556f5cb walletId=d70e58a7-0414-4e8b-88fb-71c3870eeaa0 providerId=model status=PROCESSED
2026/09/30 14:42:04 INFO transaction handled correlationId="" messageId="" transactionId=4e771da4-28a7-47ba-a0f9-c98be1895b94 walletId=d70e58a7-0414-4e8b-88fb-71c3870eeaa0 providerId=model status=PROCESSED
2026/09/30 14:42:04 INFO transaction handled correlationId="" messageId="" transactionId=d3053853-0cec-479d-9415-edc52556f5cb walletId=d70e58a7-0414-4e8b-88fb-71c3870eeaa0 providerId=model status=PROCESSED
2026/09/30 14:42:04 INFO transaction handled correlationId="" messageId="" transactionId=31e168d8-6504-42b4-8e62-8d3568619631 walletId=d70e58a7-0414-4e8b-88fb-71c3870eeaa0 providerId=model status=REJECTED
=== RUN   TestAccountingModelOpeningBETWINAndReplay/true
2026/09/30 14:42:04 INFO transaction handled correlationId="" messageId="" transactionId=0ee4520a-0768-49ac-92f3-2a6133ebe449 walletId=a2307dcd-2c22-47b6-86d7-ebe07a67ed2f providerId=model status=PROCESSED
2026/09/30 14:42:04 INFO transaction handled correlationId="" messageId="" transactionId=19e0ca22-89de-44af-adcb-95e392161b58 walletId=a2307dcd-2c22-47b6-86d7-ebe07a67ed2f providerId=model status=PROCESSED
2026/09/30 14:42:04 INFO transaction handled correlationId="" messageId="" transactionId=0ee4520a-0768-49ac-92f3-2a6133ebe449 walletId=a2307dcd-2c22-47b6-86d7-ebe07a67ed2f providerId=model status=PROCESSED
2026/09/30 14:42:04 INFO transaction handled correlationId="" messageId="" transactionId=0aac5712-bc39-4f64-bb8e-6ea56372bdb1 walletId=a2307dcd-2c22-47b6-86d7-ebe07a67ed2f providerId=model status=REJECTED
--- PASS: TestAccountingModelOpeningBETWINAndReplay (0.14s)
    --- PASS: TestAccountingModelOpeningBETWINAndReplay/false (0.08s)
    --- PASS: TestAccountingModelOpeningBETWINAndReplay/true (0.04s)
=== RUN   TestAccountingModelRejectsWINWithoutBETAndForeignFunds
2026/09/30 14:42:04 INFO transaction handled correlationId="" messageId="" transactionId=48c2036a-b97c-4720-bbbd-9676d090e798 walletId=98c828a0-9f7c-427e-8e58-a6a45d5aea86 providerId=model status=PROCESSED
2026/09/30 14:42:04 INFO transaction handled correlationId="" messageId="" transactionId=de33706c-9170-4fab-837f-72902d9bd15a walletId=98c828a0-9f7c-427e-8e58-a6a45d5aea86 providerId=model status=REJECTED
2026/09/30 14:42:04 INFO transaction handled correlationId="" messageId="" transactionId=4c3e2163-8805-4f3f-8f64-3281dad0f701 walletId=98c828a0-9f7c-427e-8e58-a6a45d5aea86 providerId=model status=REJECTED
--- PASS: TestAccountingModelRejectsWINWithoutBETAndForeignFunds (0.08s)
=== RUN   TestAccountingModelRefundRollbackAndInbox
2026/09/30 14:42:04 INFO transaction handled correlationId="" messageId="" transactionId=f0d1a916-a4d4-4f77-b47a-3e5276a9aecb walletId=ea9b8874-5589-49cd-8857-31f37fdb84b9 providerId=model status=PROCESSED
2026/09/30 14:42:04 INFO transaction handled correlationId="" messageId=2889d23f-e649-4ff1-b0bc-86492fecd9c1 transactionId=97c7ae35-5e9c-463d-90a1-df710e054e2e walletId=ea9b8874-5589-49cd-8857-31f37fdb84b9 providerId=model status=PROCESSED
2026/09/30 14:42:04 INFO transaction handled correlationId="" messageId=732ce5b3-1ed8-4ea2-a772-12b1c7b3e622 transactionId=97c7ae35-5e9c-463d-90a1-df710e054e2e walletId=ea9b8874-5589-49cd-8857-31f37fdb84b9 providerId=model status=PROCESSED
2026/09/30 14:42:04 INFO transaction handled correlationId="" messageId="" transactionId=571171e3-e4b7-4b8f-8a91-6089136b92aa walletId=ea9b8874-5589-49cd-8857-31f37fdb84b9 providerId=model status=PROCESSED
--- PASS: TestAccountingModelRefundRollbackAndInbox (0.09s)
=== RUN   TestAccountingModelConcurrentBETConservesFunds
2026/09/30 14:42:04 INFO transaction handled correlationId="" messageId="" transactionId=1846295e-da64-4edf-84ba-5d12567c92ed walletId=87e51d9e-41c3-43a0-a0f3-c878c0cc26d1 providerId=model status=PROCESSED
2026/09/30 14:42:04 INFO transaction handled correlationId="" messageId="" transactionId=b39b2385-2264-425a-9c9d-e575ecc0ebb7 walletId=87e51d9e-41c3-43a0-a0f3-c878c0cc26d1 providerId=model status=REJECTED
--- PASS: TestAccountingModelConcurrentBETConservesFunds (0.07s)
=== RUN   TestAccountingModelSQLGuards
2026/09/30 14:42:04 INFO transaction handled correlationId="" messageId="" transactionId=112d11da-df10-4def-bae9-7b1e2675de81 walletId=8b459abe-fa8c-419b-a56c-5d6856c20cc2 providerId=model status=PROCESSED
=== RUN   TestAccountingModelSQLGuards/explicit_identity_rejected
    accounting_model_integration_test.go:219: guard SQLSTATE=428C9
=== RUN   TestAccountingModelSQLGuards/event_amount
    accounting_model_integration_test.go:219: guard SQLSTATE=P0001
=== RUN   TestAccountingModelSQLGuards/terminal_rewrite
    accounting_model_integration_test.go:219: guard SQLSTATE=P0001
=== RUN   TestAccountingModelSQLGuards/account_without_posting
    accounting_model_integration_test.go:219: guard SQLSTATE=P0001
=== RUN   TestAccountingModelSQLGuards/wallet_without_pair
    accounting_model_integration_test.go:219: guard SQLSTATE=P0001
=== RUN   TestAccountingModelSQLGuards/rewrite_history
    accounting_model_integration_test.go:219: guard SQLSTATE=42501
=== RUN   TestAccountingModelSQLGuards/wrong_account_owner
    accounting_model_integration_test.go:219: guard SQLSTATE=P0001
=== RUN   TestAccountingModelSQLGuards/consumption_without_effect
    accounting_model_integration_test.go:219: guard SQLSTATE=P0001
--- PASS: TestAccountingModelSQLGuards (0.07s)
    --- PASS: TestAccountingModelSQLGuards/explicit_identity_rejected (0.00s)
    --- PASS: TestAccountingModelSQLGuards/event_amount (0.00s)
    --- PASS: TestAccountingModelSQLGuards/terminal_rewrite (0.00s)
    --- PASS: TestAccountingModelSQLGuards/account_without_posting (0.00s)
    --- PASS: TestAccountingModelSQLGuards/wallet_without_pair (0.00s)
    --- PASS: TestAccountingModelSQLGuards/rewrite_history (0.00s)
    --- PASS: TestAccountingModelSQLGuards/wrong_account_owner (0.00s)
    --- PASS: TestAccountingModelSQLGuards/consumption_without_effect (0.00s)
=== RUN   TestAccountingModelFundedSettlementByID
--- PASS: TestAccountingModelFundedSettlementByID (0.11s)
=== RUN   TestAccountingModelJournalGuardsHaveValidControl
=== RUN   TestAccountingModelJournalGuardsHaveValidControl/balanced_control
=== RUN   TestAccountingModelJournalGuardsHaveValidControl/single_leg
=== RUN   TestAccountingModelJournalGuardsHaveValidControl/different_currency
=== RUN   TestAccountingModelJournalGuardsHaveValidControl/same_account
=== RUN   TestAccountingModelJournalGuardsHaveValidControl/late_posting
=== RUN   TestAccountingModelJournalGuardsHaveValidControl/WIN_missing_BET
=== RUN   TestAccountingModelJournalGuardsHaveValidControl/negative_replay
--- PASS: TestAccountingModelJournalGuardsHaveValidControl (0.09s)
    --- PASS: TestAccountingModelJournalGuardsHaveValidControl/balanced_control (0.02s)
    --- PASS: TestAccountingModelJournalGuardsHaveValidControl/single_leg (0.01s)
    --- PASS: TestAccountingModelJournalGuardsHaveValidControl/different_currency (0.01s)
    --- PASS: TestAccountingModelJournalGuardsHaveValidControl/same_account (0.01s)
    --- PASS: TestAccountingModelJournalGuardsHaveValidControl/late_posting (0.01s)
    --- PASS: TestAccountingModelJournalGuardsHaveValidControl/WIN_missing_BET (0.01s)
    --- PASS: TestAccountingModelJournalGuardsHaveValidControl/negative_replay (0.01s)
=== RUN   TestAccountingModelPendingReferenceSurvivesRetry
2026/09/30 14:42:05 INFO transaction handled correlationId="" messageId="" transactionId=c2c34093-d2d8-4b6b-a932-3dc3fd489a3e walletId=0b5044d7-e5c4-463d-afac-20c096419d14 providerId=model status=PENDING_REFERENCE
2026/09/30 14:42:05 INFO transaction handled correlationId="" messageId="" transactionId=fc7f0ae6-c381-4622-b7c3-79d9112716fd walletId=0b5044d7-e5c4-463d-afac-20c096419d14 providerId=model status=PROCESSED
--- PASS: TestAccountingModelPendingReferenceSurvivesRetry (0.07s)
=== RUN   TestAccountingModelMigrationRefusesToInventLegacyFunding
--- PASS: TestAccountingModelMigrationRefusesToInventLegacyFunding (0.15s)
=== RUN   TestAccountingModelRejectsOlderPositiveCursor
--- PASS: TestAccountingModelRejectsOlderPositiveCursor (0.04s)
=== RUN   TestAccountingModelDomainRejectsCorruptRetrySnapshot
--- PASS: TestAccountingModelDomainRejectsCorruptRetrySnapshot (0.02s)
=== RUN   TestAccountingReviewReverseTwoPaymentsToSameWallet
--- PASS: TestAccountingReviewReverseTwoPaymentsToSameWallet (0.08s)
=== RUN   TestAccountingModelSettlementPaymentCurrency
=== RUN   TestAccountingModelSettlementPaymentCurrency/BRL
=== RUN   TestAccountingModelSettlementPaymentCurrency/USD
--- PASS: TestAccountingModelSettlementPaymentCurrency (0.13s)
    --- PASS: TestAccountingModelSettlementPaymentCurrency/BRL (0.08s)
    --- PASS: TestAccountingModelSettlementPaymentCurrency/USD (0.06s)
=== RUN   TestAccountingModelRejectedCurrencyStillAuditable
2026/09/30 14:42:05 INFO transaction handled correlationId="" messageId="" transactionId=8a057e5e-ba93-48c1-8d0b-568287454cc7 walletId=b4093273-7b9f-43d8-a86e-0de0ec3dab85 providerId=model status=REJECTED
--- PASS: TestAccountingModelRejectedCurrencyStillAuditable (0.04s)
=== RUN   TestSettlementApplicationConfirmsExecutesAndReplays
2026/09/30 14:42:05 INFO transaction handled correlationId="" messageId="" transactionId=eff61567-a0b5-44ad-b4c4-069834615eb4 walletId=9f4aceae-0e00-4c28-a6f6-cf15fe8ee9e2 providerId=model status=PROCESSED
2026/09/30 14:42:05 INFO transaction handled correlationId="" messageId="" transactionId=90dd59bf-2091-4cf9-8483-46a10f86636c walletId=2a537673-0fa8-4025-bb37-1f0b4fcc1e7d providerId=model status=PROCESSED
--- PASS: TestSettlementApplicationConfirmsExecutesAndReplays (0.09s)
=== RUN   TestSettlementApplicationHTTPAuthorizationAndExplicitBet
2026/09/30 14:42:05 INFO transaction handled correlationId=a0bd17a1-5eac-496a-a490-b2fc4f7fdde4 messageId="" transactionId=259927f1-c1c1-42aa-bbd8-34196d3dc808 walletId=26acb779-1fdb-4fbf-aa42-a56b51b4b61c providerId=p status=PROCESSED
2026/09/30 14:42:05 INFO transaction handled correlationId=7aa5a223-b2e1-4608-8caa-195a18ba6766 messageId="" transactionId=5699b556-8ea1-4033-a1b6-bc85c3e1caea walletId=aaeacf49-12f1-434a-9307-7ec2b4efeea6 providerId=p status=PROCESSED
2026/09/30 14:42:05 INFO transaction handled correlationId="" messageId="" transactionId=387b6e7a-6b5c-43eb-9b40-8d8ec10fb829 walletId=26acb779-1fdb-4fbf-aa42-a56b51b4b61c providerId=model status=PROCESSED
2026/09/30 14:42:05 INFO transaction handled correlationId="" messageId="" transactionId=8493b62d-dcdf-4fa9-917c-318b5991435c walletId=26acb779-1fdb-4fbf-aa42-a56b51b4b61c providerId=model status=PROCESSED
--- PASS: TestSettlementApplicationHTTPAuthorizationAndExplicitBet (0.28s)
=== RUN   TestSettlementApplicationReversesMultiplePaymentsAndReplaysConcurrently
--- PASS: TestSettlementApplicationReversesMultiplePaymentsAndReplaysConcurrently (0.12s)
PASS
ok  	github.com/alexandre/wagering/internal/infra/postgres	4.770s
