Starting...
Gathering coverage... done in 5.869109125s
      KILLED CONDITIONALS_NEGATION at dto.go:21:7
      KILLED INVERT_BITWISE at dto.go:25:9
      KILLED CONDITIONALS_NEGATION at dto.go:30:9
      KILLED CONDITIONALS_NEGATION at handlers.go:30:9
      KILLED ARITHMETIC_BASE at handlers.go:34:53
      KILLED INVERT_BITWISE at handlers.go:41:57
      KILLED INVERT_BITWISE at handlers.go:43:23
      KILLED CONDITIONALS_NEGATION at handlers.go:43:35
      KILLED INVERT_LOGICAL at handlers.go:48:20
      KILLED CONDITIONALS_NEGATION at handlers.go:48:15
      KILLED CONDITIONALS_NEGATION at handlers.go:48:31
      KILLED CONDITIONALS_NEGATION at handlers.go:51:26
      KILLED CONDITIONALS_NEGATION at handlers.go:57:34
      KILLED INVERT_BITWISE at handlers.go:65:25
      KILLED CONDITIONALS_NEGATION at handlers.go:65:36
      KILLED CONDITIONALS_NEGATION at handlers.go:70:9
      KILLED CONDITIONALS_NEGATION at handlers.go:75:9
      KILLED CONDITIONALS_NEGATION at handlers.go:84:9
      KILLED CONDITIONALS_NEGATION at handlers.go:93:40
      KILLED INVERT_LOGICAL at handlers.go:95:26
      KILLED INVERT_LOGICAL at handlers.go:95:17
      KILLED CONDITIONALS_NEGATION at handlers.go:95:10
      KILLED CONDITIONALS_BOUNDARY at handlers.go:95:22
      KILLED CONDITIONALS_NEGATION at handlers.go:95:22
      KILLED CONDITIONALS_BOUNDARY at handlers.go:95:31
      KILLED CONDITIONALS_NEGATION at handlers.go:95:31
      KILLED CONDITIONALS_NEGATION at handlers.go:102:9
      KILLED CONDITIONALS_NEGATION at handlers.go:116:9
      KILLED CONDITIONALS_NEGATION at handlers.go:126:9
      KILLED INVERT_BITWISE at handlers.go:131:25
      KILLED CONDITIONALS_NEGATION at handlers.go:131:36
      KILLED CONDITIONALS_NEGATION at handlers.go:144:9
      KILLED ARITHMETIC_BASE at handlers.go:156:55
      KILLED CONDITIONALS_NEGATION at handlers.go:173:9
      KILLED CONDITIONALS_NEGATION at handlers.go:182:9
      KILLED INVERT_NEGATIVES at module.go:37:20
      KILLED ARITHMETIC_BASE at module.go:37:20
      KILLED CONDITIONALS_BOUNDARY at module.go:37:27
      KILLED CONDITIONALS_NEGATION at module.go:37:27
      KILLED INCREMENT_DECREMENT at module.go:37:34
      KILLED ARITHMETIC_BASE at module.go:51:53
      KILLED CONDITIONALS_NEGATION at module.go:54:11
      KILLED INVERT_BITWISE at module.go:81:9
      KILLED ARITHMETIC_BASE at module.go:81:155
      KILLED ARITHMETIC_BASE at module.go:81:186
      KILLED ARITHMETIC_BASE at module.go:81:218
      KILLED ARITHMETIC_BASE at module.go:81:249
      KILLED CONDITIONALS_NEGATION at module.go:99:11
      KILLED CONDITIONALS_NEGATION at module.go:107:16
      KILLED CONDITIONALS_NEGATION at module.go:118:9

Mutation testing completed in 2 minutes 57 seconds
Killed: 50, Lived: 0, Not covered: 0
Timed out: 0, Not viable: 0, Skipped: 0
Test efficacy: 100.00%
Mutator coverage: 100.00%
