#1 [internal] load local bake definitions
#1 reading from stdin 493B done
#1 DONE 0.0s

#2 [internal] load build definition from Dockerfile
#2 transferring dockerfile: 351B done
#2 DONE 0.0s

#3 [internal] load metadata for docker.io/library/golang:1.23.12-alpine
#3 DONE 1.7s

#4 [internal] load metadata for gcr.io/distroless/static-debian12:nonroot
#4 DONE 3.4s

#5 [internal] load .dockerignore
#5 transferring context: 115B done
#5 DONE 0.0s

#6 [internal] load build context
#6 transferring context: 1.67MB 0.0s done
#6 DONE 0.0s

#7 [stage-1 1/3] FROM gcr.io/distroless/static-debian12:nonroot@sha256:afa5c872c891853ca7fcf1f12c3edb23f7eeef36189728842dd51042ff57f7ab
#7 resolve gcr.io/distroless/static-debian12:nonroot@sha256:afa5c872c891853ca7fcf1f12c3edb23f7eeef36189728842dd51042ff57f7ab 0.0s done
#7 DONE 0.1s

#8 [build 1/6] FROM docker.io/library/golang:1.23.12-alpine@sha256:383395b794dffa5b53012a212365d40c8e37109a626ca30d6151c8348d380b5f
#8 resolve docker.io/library/golang:1.23.12-alpine@sha256:383395b794dffa5b53012a212365d40c8e37109a626ca30d6151c8348d380b5f 0.0s done
#8 sha256:13eebdc497b76e3a8d650f3508406dd372001df44915970a80418896bf835077 0B / 126B 0.2s
#8 sha256:13eebdc497b76e3a8d650f3508406dd372001df44915970a80418896bf835077 126B / 126B 0.2s done
#8 sha256:382d65ac76ebcbc7ba7ee0d232ae7afbec48e2b3b673983ac8ced522dabe3abb 0B / 70.70MB 0.3s
#8 sha256:7d1a427e917c48b164eae3ec3692b4741f5de528261925d2e5efc62a43e5bfc4 0B / 284.71kB 0.2s
#8 sha256:6e174226ea690ced550e5641249a412cdbefd2d09871f3e64ab52137a54ba606 0B / 4.13MB 0.2s
#8 sha256:382d65ac76ebcbc7ba7ee0d232ae7afbec48e2b3b673983ac8ced522dabe3abb 4.19MB / 70.70MB 0.5s
#8 sha256:382d65ac76ebcbc7ba7ee0d232ae7afbec48e2b3b673983ac8ced522dabe3abb 10.49MB / 70.70MB 0.6s
#8 sha256:7d1a427e917c48b164eae3ec3692b4741f5de528261925d2e5efc62a43e5bfc4 284.71kB / 284.71kB 0.7s done
#8 sha256:6e174226ea690ced550e5641249a412cdbefd2d09871f3e64ab52137a54ba606 4.13MB / 4.13MB 0.7s done
#8 sha256:382d65ac76ebcbc7ba7ee0d232ae7afbec48e2b3b673983ac8ced522dabe3abb 25.17MB / 70.70MB 0.9s
#8 extracting sha256:6e174226ea690ced550e5641249a412cdbefd2d09871f3e64ab52137a54ba606 0.0s done
#8 extracting sha256:7d1a427e917c48b164eae3ec3692b4741f5de528261925d2e5efc62a43e5bfc4 0.0s done
#8 sha256:382d65ac76ebcbc7ba7ee0d232ae7afbec48e2b3b673983ac8ced522dabe3abb 32.51MB / 70.70MB 1.1s
#8 sha256:382d65ac76ebcbc7ba7ee0d232ae7afbec48e2b3b673983ac8ced522dabe3abb 42.99MB / 70.70MB 1.2s
#8 sha256:382d65ac76ebcbc7ba7ee0d232ae7afbec48e2b3b673983ac8ced522dabe3abb 51.38MB / 70.70MB 1.4s
#8 sha256:382d65ac76ebcbc7ba7ee0d232ae7afbec48e2b3b673983ac8ced522dabe3abb 60.82MB / 70.70MB 1.5s
#8 sha256:382d65ac76ebcbc7ba7ee0d232ae7afbec48e2b3b673983ac8ced522dabe3abb 70.70MB / 70.70MB 1.7s done
#8 extracting sha256:382d65ac76ebcbc7ba7ee0d232ae7afbec48e2b3b673983ac8ced522dabe3abb
#8 extracting sha256:382d65ac76ebcbc7ba7ee0d232ae7afbec48e2b3b673983ac8ced522dabe3abb 0.9s done
#8 extracting sha256:13eebdc497b76e3a8d650f3508406dd372001df44915970a80418896bf835077 done
#8 extracting sha256:4f4fb700ef54461cfa02571ae0db9a0dc1e0cdb5577484a6d75e68dc38e8acc1 done
#8 DONE 2.7s

#7 [stage-1 1/3] FROM gcr.io/distroless/static-debian12:nonroot@sha256:afa5c872c891853ca7fcf1f12c3edb23f7eeef36189728842dd51042ff57f7ab
#7 sha256:4db96f2c7ae9e90f3fd5e91cf947d19cced1d8a778d12923113f62c7fff3ec3e 0B / 143.35kB 2.6s
#7 sha256:dcaa5a89b0ccda4b283e16d0b4d0891cd93d5fe05c6798f7806781a6a2d84354 314B / 314B 1.3s done
#7 sha256:b839dfae01f66e15c6a8b63520557ed315bdfe036342fa7a0c537259f10d7a9a 351B / 351B 1.3s done
#7 sha256:dd64bf2dd177757451a98fcdc999a339c35dee5d9872d8f4dc69c8f3c4dd0112 80B / 80B 1.4s done
#7 sha256:52630fc75a18675c530ed9eba5f55eca09b03e91bd5bc15307918bbc1a7e7296 162B / 162B 0.4s done
#7 sha256:3214acf345c0cc6bbdb56b698a41ccdefc624a09d6beb0d38b5de0b2303ecaf4 123B / 123B 1.2s done
#7 sha256:7c12895b777bcaa8ccae0605b4de635b68fc32d60fa08f421dc3818bf55ee212 0B / 188B 1.2s
#7 sha256:2780920e5dbfbe103d03a583ed75345306e572ec5a48cb10361f046767d9f29a 67B / 67B 0.8s done
#7 sha256:bf7a4185f01524837d19abde915ffde84e64368b250f5b5e9f6f75aea62a11d4 0B / 29.00kB 0.2s
#7 sha256:7c12895b777bcaa8ccae0605b4de635b68fc32d60fa08f421dc3818bf55ee212 188B / 188B 1.4s done
#7 sha256:39dc083afc39bd8dc43d456fe7ff7d39292e593bb2769972c11bb2e5f9119386 0B / 445.71kB 0.2s
#7 ...

#9 [build 2/6] WORKDIR /src
#9 DONE 0.2s

#10 [build 3/6] COPY go.mod go.sum ./
#10 DONE 0.0s

#7 [stage-1 1/3] FROM gcr.io/distroless/static-debian12:nonroot@sha256:afa5c872c891853ca7fcf1f12c3edb23f7eeef36189728842dd51042ff57f7ab
#7 sha256:4db96f2c7ae9e90f3fd5e91cf947d19cced1d8a778d12923113f62c7fff3ec3e 143.35kB / 143.35kB 2.8s done
#7 sha256:990a9c434e5e0f11549a8d4a41a1991e621b04e30cd63269adbc97b1dc38fd7e 0B / 12.48kB 0.2s
#7 sha256:f7c03e5221c3717bfa68250498f74132c03d9d7271f301c9b2a9cfc00fc6e231 0B / 83.90kB 0.2s
#7 sha256:f7c03e5221c3717bfa68250498f74132c03d9d7271f301c9b2a9cfc00fc6e231 83.90kB / 83.90kB 1.0s done
#7 extracting sha256:f7c03e5221c3717bfa68250498f74132c03d9d7271f301c9b2a9cfc00fc6e231 0.0s done
#7 sha256:bf7a4185f01524837d19abde915ffde84e64368b250f5b5e9f6f75aea62a11d4 29.00kB / 29.00kB 1.7s done
#7 sha256:990a9c434e5e0f11549a8d4a41a1991e621b04e30cd63269adbc97b1dc38fd7e 12.48kB / 12.48kB 1.5s done
#7 extracting sha256:990a9c434e5e0f11549a8d4a41a1991e621b04e30cd63269adbc97b1dc38fd7e done
#7 sha256:39dc083afc39bd8dc43d456fe7ff7d39292e593bb2769972c11bb2e5f9119386 445.71kB / 445.71kB 2.2s done
#7 extracting sha256:39dc083afc39bd8dc43d456fe7ff7d39292e593bb2769972c11bb2e5f9119386 0.0s done
#7 DONE 4.9s

#11 [build 4/6] RUN go mod download
#11 ...

#7 [stage-1 1/3] FROM gcr.io/distroless/static-debian12:nonroot@sha256:afa5c872c891853ca7fcf1f12c3edb23f7eeef36189728842dd51042ff57f7ab
#7 extracting sha256:bf7a4185f01524837d19abde915ffde84e64368b250f5b5e9f6f75aea62a11d4 done
#7 extracting sha256:2780920e5dbfbe103d03a583ed75345306e572ec5a48cb10361f046767d9f29a done
#7 extracting sha256:7c12895b777bcaa8ccae0605b4de635b68fc32d60fa08f421dc3818bf55ee212 done
#7 extracting sha256:3214acf345c0cc6bbdb56b698a41ccdefc624a09d6beb0d38b5de0b2303ecaf4 done
#7 extracting sha256:52630fc75a18675c530ed9eba5f55eca09b03e91bd5bc15307918bbc1a7e7296 done
#7 extracting sha256:dd64bf2dd177757451a98fcdc999a339c35dee5d9872d8f4dc69c8f3c4dd0112 done
#7 extracting sha256:b839dfae01f66e15c6a8b63520557ed315bdfe036342fa7a0c537259f10d7a9a done
#7 extracting sha256:dcaa5a89b0ccda4b283e16d0b4d0891cd93d5fe05c6798f7806781a6a2d84354 done
#7 extracting sha256:4db96f2c7ae9e90f3fd5e91cf947d19cced1d8a778d12923113f62c7fff3ec3e done
#7 DONE 4.9s

#11 [build 4/6] RUN go mod download
#11 DONE 4.5s

#12 [build 5/6] COPY . .
#12 DONE 0.0s

#13 [build 6/6] RUN CGO_ENABLED=0 go build -trimpath -o /out/wagering ./cmd/wagering
#13 DONE 5.6s

#14 [stage-1 2/3] COPY --from=build /out/wagering /wagering
#14 DONE 0.0s

#15 [stage-1 3/3] COPY migrations /migrations
#15 DONE 0.0s

#16 exporting to image
#16 exporting layers
#16 exporting layers 0.5s done
#16 exporting manifest sha256:302cf764a75f1710f2c4c25061fa00578871a9dc45c093e7f9fce6d99359896f
#16 exporting manifest sha256:302cf764a75f1710f2c4c25061fa00578871a9dc45c093e7f9fce6d99359896f done
#16 exporting config sha256:83744af0bc99bc042b00f4ab39f5c53be69ed027ece3ec53b27f7c67317c6995 done
#16 exporting attestation manifest sha256:32998e43feea0e5c4f276943157e2e4e67f9f6b3a0046e4030d59ca67c946b63 done
#16 exporting manifest list sha256:09bc0d6bca9746f1bc06af4ef0bc3390598e818f52c0d9d3919e0ce5abaf61f3 done
#16 naming to docker.io/library/wagering-app:latest done
#16 unpacking to docker.io/library/wagering-app:latest 0.1s done
#16 DONE 0.6s

#17 resolving provenance for metadata file
#17 DONE 0.0s
 wagering-app  Built
